--- GNINA TRAINING (5-Loss Pipeline) ---
trainfile = 'data/types/ref_uff_train0.types'
testfile = 'data/types/ref_uff_test0.types'
data_root = 'data'
shuffle = True
label_pos = 0
affinity_pos = 1
rmsd_pos = None
flexlabel_pos = None
stratify_receptor = False
stratify_pos = 1
stratify_max = 0
stratify_min = 0
stratify_step = 0
ligmolcache = ''
recmolcache = ''
out_dir = 'results/models/tankbind'
log_file = 'training.log'
model = 'tankbind'
dimension: 2.35000E+01
resolution: 5.00000E-01
base_lr: 1.00000E-03
momentum: 9.00000E-01
weight_decay: 1.00000E-02
batch_size = 1024
random_rotation = True
random_translation: 1.00000E+00
iterations = 100
iteration_scheme = 'small'
lr_dynamic = True
lr_patience = 5
lr_reduce: 1.00000E-01
lr_min: 1.00000E-06
warmup_epochs = 2
clip_gradients: 5.00000E+00
use_sam = False
sam_rho: 5.00000E-02
use_amp = False
use_pose_to_affinity_gate = False
stop_grad_pose_to_affinity = False
metric_ema_alpha: 3.00000E-01
early_stop_metric = 'composite_cidx_balacc'
early_stop_composite_w_cidx: 5.00000E-01
early_stop_patience = 25
early_stop_min_delta: 1.00000E-04
scale_affinity_loss: 1.00000E+00
delta_affinity_loss: 1.00000E+00
scale_ranking: 5.00000E-02
ranking_num_pairs = 128
ranking_temperature: 1.00000E+00
hard_neg_fraction: 3.00000E-01
rank_warmup_epochs = 10
rank_rampup_epochs = 15
scale_pose_coupling: 0.00000E+00
lambda_pose: 1.20000E+00
pose_total_weight: 8.50000E-01
aff_total_weight: 1.50000E-01
pose_warmup_epochs = 0
pose_only_epochs = 4
pose_loss_scale: 5.00000E-01
pose_focal_gamma: 2.00000E+00
pose_focal_alpha: 7.50000E-01
pose_class_normalize = True
pose_balance_batch = True
pose_balance_target_per_class = 32
pose_prior_logit_scale: 2.50000E-01
disable_pose_prior_init = True
pose_loss_type = 'focal'
rmsd_good_max: 1.50000E+00
rmsd_bad_min: 3.00000E+00
use_gradient_alignment = False
scale_align: 1.00000E-01
full_loss_epoch = 15
scale_dist_constraint: 2.00000E-02
scale_anchor_loss: 1.00000E-02
normalize_targets = True
max_pseudo_atoms = 12
num_transformer_layers = 2
geoformer_uncertainty = False
scale_flexpose_loss: 1.00000E+00
test_every = 2
checkpoint_every = 100
num_checkpoints = 1
checkpoint_prefix = ''
checkpoint_dir = ''
progress_bar = False
gpu = 'cuda:0'
roc_auc = False
cache_structures = True
seed = 2026
silent = False
pytorch = '2.2.2+cu121'
ignite = '0.5.4'
cuda = '12.1'

=== TARGET STATISTICS ===
  [DEBUG] Affinity target stats (N=7758):
    mean=6.318  std=2.047
    p01=2.310      p05=3.020      p25=4.712      p50=6.400      p75=7.800      p95=9.700      p99=11.200  
  [DEBUG] Pose sample stats: total=62335, valid=62335, ignored=0, bad=54577, good=7758
          valid ratio: bad=0.8755, good=0.1245
  [NORM] pK mean=6.318, std=2.047
  Pose prior init: disabled by --disable_pose_prior_init
  Pose prior init: skipped (no final 2-logit pose layer found)
  Using eager mode for tankbind
  Model parameters: 214,062
  Optimizer: AdamW(lr=0.001, wd=0.01)
  Loss (Pose): Focal(γ=2.0, α_good=0.75, α_bad=0.25); λ_pose=1.2, pose_scale=0.5, w_pose=0.85, w_aff=0.15, warmup_epochs=0, pose_only_epochs=4, class_norm=True, batch_balance=True
  Loss 1 (Regression): ConfidenceAware(scale=1.0)
  Loss 2 (Ranking): SoftProbabilistic(scale=0.05, τ=1.0, pairs=128)
  Loss 3 (DistAlign): scale=0.02
  Loss 4 (Anchor): scale=0.01
  Early stopping: composite = 0.500*C-index + 0.500*Balanced Accuracy (min_delta=0.0001, patience=25)
  [DEBUG] Grad norms:
    rbf_centers: 0.0290
    rbf_widths: 0.0749
    stem: 0.0857
    pair_in: 0.0573
    blocks: 0.0654
    pool_att: 0.0063
    pair_proj: 0.0348
    pose_head: 0.1339
>>> Train Results - Epoch[2] <<<
    Balanced Accuracy: 0.49803
    Accuracy: 0.86977
    Pose Loss: 0.51207
    Pose Recall Neg: 0.99296
    Pose Recall Pos: 0.00309
    MCC: -0.01614
    PR AUC: 0.11826
    MAE: 11.53914
    RMSE: 11.78105
    Pearson R: 0.03329
    Spearman Rho: 0.03284
    C-index: 0.51190
    EF_1pct: 0.54081
    EF_5pct: 0.70116
    Success_at_1: 0.00000
    Success_at_5: 0.00000
    Success_at_10: 0.00000
    Affinity Loss: 11.45595
    Loss: 11.96802
    Epoch Time: 58.00435
    Elapsed Time: 119.15416
    lr: 0.001000
    train_ema: Pose=0.5121, BalAcc=0.4980, PR=0.1183, Rneg=0.9930, Rpos=0.0031, MAE=11.5391, RMSE=11.7810, r=0.0333, Cidx=0.5119
>>> Test Results - Epoch[2] <<<
    Balanced Accuracy: 0.49170
    Accuracy: 0.84604
    Pose Loss: 0.52413
    Pose Recall Neg: 0.97697
    Pose Recall Pos: 0.00642
    MCC: -0.03977
    PR AUC: 0.13003
    MAE: 11.68271
    RMSE: 11.96501
    Pearson R: -0.01826
    Spearman Rho: -0.01309
    C-index: 0.49520
    EF_1pct: 0.15771
    EF_5pct: 0.83431
    Success_at_1: 0.00000
    Success_at_5: 0.00000
    Success_at_10: 0.00000
    Affinity Loss: 11.60844
    Loss: 12.13257
    test_ema: Pose=0.5241, BalAcc=0.4917, PR=0.1300, Rneg=0.9770, Rpos=0.0064, MAE=11.6827, RMSE=11.9650, r=-0.0183, Cidx=0.4952
>>> Train Results - Epoch[4] <<<
    Balanced Accuracy: 0.49888
    Accuracy: 0.85965
    Pose Loss: 0.60055
    Pose Recall Neg: 0.97920
    Pose Recall Pos: 0.01856
    MCC: -0.00520
    PR AUC: 0.13387
    MAE: 12.32011
    RMSE: 12.59287
    Pearson R: -0.04190
    Spearman Rho: -0.04322
    C-index: 0.48530
    EF_1pct: 0.74684
    EF_5pct: 0.85067
    Success_at_1: 0.00000
    Success_at_5: 1.00000
    Success_at_10: 1.00000
    Affinity Loss: 12.25973
    Loss: 12.86028
    Epoch Time: 58.01323
    Elapsed Time: 235.00071
    lr: 0.001000
    train_ema: Pose=0.5386, BalAcc=0.4983, PR=0.1229, Rneg=0.9888, Rpos=0.0077, MAE=11.7734, RMSE=12.0246, r=0.0107, Cidx=0.5039
>>> Test Results - Epoch[4] <<<
    Balanced Accuracy: 0.49193
    Accuracy: 0.83824
    Pose Loss: 0.60607
    Pose Recall Neg: 0.96621
    Pose Recall Pos: 0.01766
    MCC: -0.03150
    PR AUC: 0.14249
    MAE: 12.45291
    RMSE: 12.79217
    Pearson R: -0.12792
    Spearman Rho: -0.14888
    C-index: 0.44826
    EF_1pct: 0.15771
    EF_5pct: 0.89849
    Success_at_1: 0.00000
    Success_at_5: 0.00000
    Success_at_10: 0.00000
    Affinity Loss: 12.38554
    Loss: 12.99161
    test_ema: Pose=0.5487, BalAcc=0.4918, PR=0.1338, Rneg=0.9737, Rpos=0.0098, MAE=11.9138, RMSE=12.2132, r=-0.0512, Cidx=0.4811
>>> Train Results - Epoch[6] <<<
    Balanced Accuracy: 0.50560
    Accuracy: 0.14491
    Pose Loss: 0.78788
    Pose Recall Neg: 0.02538
    Pose Recall Pos: 0.98582
    MCC: 0.02416
    PR AUC: 0.13750
    MAE: 1.91112
    RMSE: 2.36599
    Pearson R: 0.14181
    Spearman Rho: 0.16044
    C-index: 0.54534
    EF_1pct: 0.61807
    EF_5pct: 0.71662
    Success_at_1: 0.00000
    Success_at_5: 0.00000
    Success_at_10: 0.00000
    Affinity Loss: 1.57418
    Loss: 2.36206
    Epoch Time: 58.25139
    Elapsed Time: 351.47845
    lr: 0.001000
    train_ema: Pose=0.6134, BalAcc=0.5005, PR=0.1273, Rneg=0.6998, Rpos=0.3012, MAE=8.8147, RMSE=9.1270, r=0.0501, Cidx=0.5163
>>> Test Results - Epoch[6] <<<
    Balanced Accuracy: 0.51344
    Accuracy: 0.17692
    Pose Loss: 0.77049
    Pose Recall Neg: 0.05257
    Pose Recall Pos: 0.97432
    MCC: 0.04257
    PR AUC: 0.15292
    MAE: 1.99017
    RMSE: 2.43413
    Pearson R: 0.24858
    Spearman Rho: 0.23769
    C-index: 0.57932
    EF_1pct: 0.15771
    EF_5pct: 0.83431
    Success_at_1: 0.00000
    Success_at_5: 0.00000
    Success_at_10: 0.00000
    Affinity Loss: 1.63488
    Loss: 2.40537
    test_ema: Pose=0.6152, BalAcc=0.4983, PR=0.1395, Rneg=0.6974, Rpos=0.2991, MAE=8.9367, RMSE=9.2794, r=0.0388, Cidx=0.5106
>>> Train Results - Epoch[8] <<<
    Balanced Accuracy: 0.50136
    Accuracy: 0.12868
    Pose Loss: 0.84253
    Pose Recall Neg: 0.00517
    Pose Recall Pos: 0.99755
    MCC: 0.01294
    PR AUC: 0.15616
    MAE: 1.67224
    RMSE: 2.03010
    Pearson R: 0.22087
    Spearman Rho: 0.21318
    C-index: 0.56728
    EF_1pct: 0.77259
    EF_5pct: 0.88933
    Success_at_1: 0.00000
    Success_at_5: 0.00000
    Success_at_10: 0.00000
    Affinity Loss: 1.30321
    Loss: 2.14574
    Epoch Time: 58.15789
    Elapsed Time: 467.77057
    lr: 0.000999
    train_ema: Pose=0.6821, BalAcc=0.5007, PR=0.1360, Rneg=0.4914, Rpos=0.5101, MAE=6.6720, RMSE=6.9979, r=0.1013, Cidx=0.5316
>>> Test Results - Epoch[8] <<<
    Balanced Accuracy: 0.50550
    Accuracy: 0.15028
    Pose Loss: 0.82921
    Pose Recall Neg: 0.01902
    Pose Recall Pos: 0.99197
    MCC: 0.02862
    PR AUC: 0.15268
    MAE: 1.77269
    RMSE: 2.21627
    Pearson R: 0.13606
    Spearman Rho: 0.17167
    C-index: 0.55558
    EF_1pct: 0.15771
    EF_5pct: 0.48133
    Success_at_1: 0.00000
    Success_at_5: 1.00000
    Success_at_10: 1.00000
    Affinity Loss: 1.40311
    Loss: 2.23232
    test_ema: Pose=0.6794, BalAcc=0.5004, PR=0.1435, Rneg=0.4939, Rpos=0.5070, MAE=6.7875, RMSE=7.1605, r=0.0680, Cidx=0.5241
  [DEBUG] Grad norms:
    rbf_centers: 0.0416
    rbf_widths: 0.0647
    stem: 0.0590
    pair_in: 0.0888
    blocks: 0.1253
    pool_att: 0.0126
    pair_proj: 0.0654
    affinity_head: 0.3761
    pose_head: 0.0296
    calib: 0.0391
>>> Train Results - Epoch[10] <<<
    Balanced Accuracy: 0.50129
    Accuracy: 0.12720
    Pose Loss: 0.85894
    Pose Recall Neg: 0.00322
    Pose Recall Pos: 0.99936
    MCC: 0.01583
    PR AUC: 0.15438
    MAE: 1.66087
    RMSE: 2.04263
    Pearson R: 0.24442
    Spearman Rho: 0.22767
    C-index: 0.57632
    EF_1pct: 0.61807
    EF_5pct: 0.78364
    Success_at_1: 0.00000
    Success_at_5: 0.00000
    Success_at_10: 0.00000
    Affinity Loss: 1.29938
    Loss: 2.15832
    Epoch Time: 58.11321
    Elapsed Time: 583.90749
    lr: 0.000998
    train_ema: Pose=0.7352, BalAcc=0.5009, PR=0.1415, Rneg=0.3450, Rpos=0.6569, MAE=5.1687, RMSE=5.5113, r=0.1442, Cidx=0.5450
>>> Test Results - Epoch[10] <<<
    Balanced Accuracy: 0.50726
    Accuracy: 0.14747
    Pose Loss: 0.84634
    Pose Recall Neg: 0.01452
    Pose Recall Pos: 1.00000
    MCC: 0.04454
    PR AUC: 0.16528
    MAE: 1.79700
    RMSE: 2.18656
    Pearson R: 0.18915
    Spearman Rho: 0.16844
    C-index: 0.55844
    EF_1pct: 0.31543
    EF_5pct: 0.77013
    Success_at_1: 0.00000
    Success_at_5: 0.00000
    Success_at_10: 0.00000
    Affinity Loss: 1.41641
    Loss: 2.26275
    test_ema: Pose=0.7295, BalAcc=0.5025, PR=0.1500, Rneg=0.3501, Rpos=0.6549, MAE=5.2903, RMSE=5.6683, r=0.1043, Cidx=0.5344
>>> Train Results - Epoch[12] <<<
    Balanced Accuracy: 0.50153
    Accuracy: 0.12791
    Pose Loss: 0.88707
    Pose Recall Neg: 0.00409
    Pose Recall Pos: 0.99897
    MCC: 0.01660
    PR AUC: 0.14223
    MAE: 1.89013
    RMSE: 2.31451
    Pearson R: 0.28609
    Spearman Rho: 0.26827
    C-index: 0.58728
    EF_1pct: 0.72108
    EF_5pct: 0.88676
    Success_at_1: 0.00000
    Success_at_5: 0.00000
    Success_at_10: 0.00000
    Affinity Loss: 1.54050
    Loss: 2.42757
    Epoch Time: 58.13204
    Elapsed Time: 700.47991
    lr: 0.000996
    train_ema: Pose=0.7807, BalAcc=0.5011, PR=0.1417, Rneg=0.2427, Rpos=0.7595, MAE=4.1851, RMSE=4.5523, r=0.1868, Cidx=0.5577
>>> Test Results - Epoch[12] <<<
    Balanced Accuracy: 0.50683
    Accuracy: 0.14790
    Pose Loss: 0.87526
    Pose Recall Neg: 0.01527
    Pose Recall Pos: 0.99839
    MCC: 0.04056
    PR AUC: 0.15054
    MAE: 1.95968
    RMSE: 2.45897
    Pearson R: 0.21858
    Spearman Rho: 0.22108
    C-index: 0.57891
    EF_1pct: 0.15771
    EF_5pct: 0.67387
    Success_at_1: 0.00000
    Success_at_5: 0.00000
    Success_at_10: 0.00000
    Affinity Loss: 1.59776
    Loss: 2.47301
    test_ema: Pose=0.7732, BalAcc=0.5038, PR=0.1502, Rneg=0.2496, Rpos=0.7579, MAE=4.2911, RMSE=4.7055, r=0.1386, Cidx=0.5477
>>> Train Results - Epoch[14] <<<
    Balanced Accuracy: 0.50092
    Accuracy: 0.12637
    Pose Loss: 0.88173
    Pose Recall Neg: 0.00224
    Pose Recall Pos: 0.99961
    MCC: 0.01364
    PR AUC: 0.15434
    MAE: 1.63240
    RMSE: 1.98577
    Pearson R: 0.33676
    Spearman Rho: 0.32975
    C-index: 0.61468
    EF_1pct: 0.88848
    EF_5pct: 0.87129
    Success_at_1: 0.00000
    Success_at_5: 0.00000
    Success_at_10: 1.00000
    Affinity Loss: 1.26721
    Loss: 2.14895
    Epoch Time: 58.08324
    Elapsed Time: 816.67479
    lr: 0.000994
    train_ema: Pose=0.8110, BalAcc=0.5010, PR=0.1455, Rneg=0.1706, Rpos=0.8315, MAE=3.4193, RMSE=3.7823, r=0.2318, Cidx=0.5748
>>> Test Results - Epoch[14] <<<
    Balanced Accuracy: 0.50420
    Accuracy: 0.14335
    Pose Loss: 0.87503
    Pose Recall Neg: 0.01001
    Pose Recall Pos: 0.99839
    MCC: 0.03062
    PR AUC: 0.15011
    MAE: 1.75743
    RMSE: 2.20406
    Pearson R: 0.19506
    Spearman Rho: 0.20934
    C-index: 0.57432
    EF_1pct: 1.10399
    EF_5pct: 0.93058
    Success_at_1: 0.00000
    Success_at_5: 0.00000
    Success_at_10: 1.00000
    Affinity Loss: 1.38611
    Loss: 2.26114
    test_ema: Pose=0.8038, BalAcc=0.5039, PR=0.1501, Rneg=0.1777, Rpos=0.8301, MAE=3.5310, RMSE=3.9551, r=0.1555, Cidx=0.5557
>>> Train Results - Epoch[16] <<<
    Balanced Accuracy: 0.50102
    Accuracy: 0.12673
    Pose Loss: 0.85850
    Pose Recall Neg: 0.00269
    Pose Recall Pos: 0.99936
    MCC: 0.01371
    PR AUC: 0.14443
    MAE: 1.78220
    RMSE: 2.17503
    Pearson R: 0.28407
    Spearman Rho: 0.28905
    C-index: 0.59882
    EF_1pct: 0.55369
    EF_5pct: 0.67280
    Success_at_1: 1.00000
    Success_at_5: 1.00000
    Success_at_10: 1.00000
    Affinity Loss: 1.42630
    Loss: 2.28480
    Epoch Time: 58.06701
    Elapsed Time: 932.94729
    lr: 0.000991
    train_ema: Pose=0.8253, BalAcc=0.5010, PR=0.1452, Rneg=0.1202, Rpos=0.8819, MAE=2.9282, RMSE=3.3001, r=0.2475, Cidx=0.5820
>>> Test Results - Epoch[16] <<<
    Balanced Accuracy: 0.50195
    Accuracy: 0.13945
    Pose Loss: 0.85467
    Pose Recall Neg: 0.00551
    Pose Recall Pos: 0.99839
    MCC: 0.01893
    PR AUC: 0.14286
    MAE: 1.86679
    RMSE: 2.33249
    Pearson R: 0.17821
    Spearman Rho: 0.21831
    C-index: 0.57268
    EF_1pct: 0.15771
    EF_5pct: 0.48133
    Success_at_1: 0.00000
    Success_at_5: 1.00000
    Success_at_10: 1.00000
    Affinity Loss: 1.50331
    Loss: 2.35798
    test_ema: Pose=0.8190, BalAcc=0.5033, PR=0.1480, Rneg=0.1261, Rpos=0.8806, MAE=3.0318, RMSE=3.4683, r=0.1623, Cidx=0.5608
>>> Train Results - Epoch[18] <<<
    Balanced Accuracy: 0.50069
    Accuracy: 0.12624
    Pose Loss: 0.86394
    Pose Recall Neg: 0.00214
    Pose Recall Pos: 0.99923
    MCC: 0.01019
    PR AUC: 0.14880
    MAE: 1.63884
    RMSE: 1.99014
    Pearson R: 0.31496
    Spearman Rho: 0.29415
    C-index: 0.60190
    EF_1pct: 0.72108
    EF_5pct: 0.85067
    Success_at_1: 0.00000
    Success_at_5: 1.00000
    Success_at_10: 1.00000
    Affinity Loss: 1.27071
    Loss: 2.13465
    Epoch Time: 58.10562
    Elapsed Time: 1049.38240
    lr: 0.000987
    train_ema: Pose=0.8369, BalAcc=0.5009, PR=0.1463, Rneg=0.0848, Rpos=0.9171, MAE=2.5414, RMSE=2.9071, r=0.2677, Cidx=0.5880
>>> Test Results - Epoch[18] <<<
    Balanced Accuracy: 0.50250
    Accuracy: 0.13924
    Pose Loss: 0.85871
    Pose Recall Neg: 0.00501
    Pose Recall Pos: 1.00000
    MCC: 0.02604
    PR AUC: 0.15519
    MAE: 1.76721
    RMSE: 2.18562
    Pearson R: 0.21007
    Spearman Rho: 0.19604
    C-index: 0.56320
    EF_1pct: 0.47314
    EF_5pct: 0.96266
    Success_at_1: 0.00000
    Success_at_5: 0.00000
    Success_at_10: 0.00000
    Affinity Loss: 1.39495
    Loss: 2.25366
    test_ema: Pose=0.8309, BalAcc=0.5031, PR=0.1501, Rneg=0.0898, Rpos=0.9164, MAE=2.6524, RMSE=3.0835, r=0.1767, Cidx=0.5615
  [DEBUG] Grad norms:
    rbf_centers: 0.0755
    rbf_widths: 0.2623
    stem: 0.1548
    pair_in: 0.1554
    blocks: 0.2826
    pool_att: 0.0172
    pair_proj: 0.1552
    affinity_head: 1.2395
    pose_head: 0.0630
    calib: 0.1552
>>> Train Results - Epoch[20] <<<
    Balanced Accuracy: 0.50194
    Accuracy: 0.12882
    Pose Loss: 0.87951
    Pose Recall Neg: 0.00517
    Pose Recall Pos: 0.99871
    MCC: 0.01875
    PR AUC: 0.14788
    MAE: 1.60353
    RMSE: 1.95612
    Pearson R: 0.30933
    Spearman Rho: 0.28381
    C-index: 0.59654
    EF_1pct: 0.82410
    EF_5pct: 0.95893
    Success_at_1: 0.00000
    Success_at_5: 0.00000
    Success_at_10: 1.00000
    Affinity Loss: 1.23262
    Loss: 2.11213
    Epoch Time: 58.11878
    Elapsed Time: 1165.60202
    lr: 0.000984
    train_ema: Pose=0.8497, BalAcc=0.5012, PR=0.1467, Rneg=0.0609, Rpos=0.9416, MAE=2.2600, RMSE=2.6218, r=0.2802, Cidx=0.5905
>>> Test Results - Epoch[20] <<<
    Balanced Accuracy: 0.51341
    Accuracy: 0.16046
    Pose Loss: 0.86427
    Pose Recall Neg: 0.03004
    Pose Recall Pos: 0.99679
    MCC: 0.05715
    PR AUC: 0.15355
    MAE: 1.74082
    RMSE: 2.15690
    Pearson R: 0.20165
    Spearman Rho: 0.19738
    C-index: 0.56676
    EF_1pct: 0.31543
    EF_5pct: 0.70595
    Success_at_1: 0.00000
    Success_at_5: 0.00000
    Success_at_10: 0.00000
    Affinity Loss: 1.36779
    Loss: 2.23206
    test_ema: Pose=0.8409, BalAcc=0.5062, PR=0.1512, Rneg=0.0718, Rpos=0.9405, MAE=2.3789, RMSE=2.8055, r=0.1842, Cidx=0.5631
>>> Train Results - Epoch[22] <<<
    Balanced Accuracy: 0.50136
    Accuracy: 0.12733
    Pose Loss: 0.85841
    Pose Recall Neg: 0.00337
    Pose Recall Pos: 0.99936
    MCC: 0.01637
    PR AUC: 0.14997
    MAE: 1.60229
    RMSE: 1.94421
    Pearson R: 0.33204
    Spearman Rho: 0.30960
    C-index: 0.60804
    EF_1pct: 0.64382
    EF_5pct: 0.83004
    Success_at_1: 0.00000
    Success_at_5: 0.00000
    Success_at_10: 1.00000
    Affinity Loss: 1.23162
    Loss: 2.09003
    Epoch Time: 57.90641
    Elapsed Time: 1281.56898
    lr: 0.000979
    train_ema: Pose=0.8523, BalAcc=0.5013, PR=0.1477, Rneg=0.0436, Rpos=0.9589, MAE=2.0627, RMSE=2.4185, r=0.2958, Cidx=0.5958
>>> Test Results - Epoch[22] <<<
    Balanced Accuracy: 0.50638
    Accuracy: 0.14595
    Pose Loss: 0.85145
    Pose Recall Neg: 0.01277
    Pose Recall Pos: 1.00000
    MCC: 0.04173
    PR AUC: 0.16039
    MAE: 1.74775
    RMSE: 2.15403
    Pearson R: 0.20877
    Spearman Rho: 0.21820
    C-index: 0.57234
    EF_1pct: 0.47314
    EF_5pct: 0.64178
    Success_at_1: 0.00000
    Success_at_5: 0.00000
    Success_at_10: 0.00000
    Affinity Loss: 1.37504
    Loss: 2.22649
    test_ema: Pose=0.8441, BalAcc=0.5062, PR=0.1539, Rneg=0.0541, Rpos=0.9584, MAE=2.1896, RMSE=2.6101, r=0.1915, Cidx=0.5659
>>> Train Results - Epoch[24] <<<
    Balanced Accuracy: 0.50120
    Accuracy: 0.12656
    Pose Loss: 0.83560
    Pose Recall Neg: 0.00240
    Pose Recall Pos: 1.00000
    MCC: 0.01730
    PR AUC: 0.15591
    MAE: 1.64841
    RMSE: 1.99694
    Pearson R: 0.35263
    Spearman Rho: 0.30814
    C-index: 0.60186
    EF_1pct: 0.77259
    EF_5pct: 0.79653
    Success_at_1: 0.00000
    Success_at_5: 0.00000
    Success_at_10: 0.00000
    Affinity Loss: 1.28347
    Loss: 2.11907
    Epoch Time: 58.03573
    Elapsed Time: 1397.69674
    lr: 0.000975
    train_ema: Pose=0.8473, BalAcc=0.5013, PR=0.1502, Rneg=0.0313, Rpos=0.9712, MAE=1.9384, RMSE=2.2921, r=0.3128, Cidx=0.5976
>>> Test Results - Epoch[24] <<<
    Balanced Accuracy: 0.50676
    Accuracy: 0.14660
    Pose Loss: 0.83007
    Pose Recall Neg: 0.01352
    Pose Recall Pos: 1.00000
    MCC: 0.04295
    PR AUC: 0.16144
    MAE: 1.79927
    RMSE: 2.22303
    Pearson R: 0.22189
    Spearman Rho: 0.22798
    C-index: 0.57151
    EF_1pct: 0.78857
    EF_5pct: 0.77013
    Success_at_1: 0.00000
    Success_at_5: 1.00000
    Success_at_10: 1.00000
    Affinity Loss: 1.43425
    Loss: 2.26433
    test_ema: Pose=0.8399, BalAcc=0.5064, PR=0.1562, Rneg=0.0419, Rpos=0.9709, MAE=2.0725, RMSE=2.4940, r=0.2006, Cidx=0.5676
>>> Train Results - Epoch[26] <<<
    Balanced Accuracy: 0.50101
    Accuracy: 0.12670
    Pose Loss: 0.87166
    Pose Recall Neg: 0.00266
    Pose Recall Pos: 0.99936
    MCC: 0.01356
    PR AUC: 0.15449
    MAE: 1.56170
    RMSE: 1.89846
    Pearson R: 0.37643
    Spearman Rho: 0.31767
    C-index: 0.60706
    EF_1pct: 0.82410
    EF_5pct: 0.90222
    Success_at_1: 0.00000
    Success_at_5: 0.00000
    Success_at_10: 0.00000
    Affinity Loss: 1.18787
    Loss: 2.05952
    Epoch Time: 58.10779
    Elapsed Time: 1513.96930
    lr: 0.000969
    train_ema: Pose=0.8546, BalAcc=0.5012, PR=0.1515, Rneg=0.0227, Rpos=0.9797, MAE=1.8254, RMSE=2.1740, r=0.3319, Cidx=0.6004
>>> Test Results - Epoch[26] <<<
    Balanced Accuracy: 0.50896
    Accuracy: 0.15158
    Pose Loss: 0.85822
    Pose Recall Neg: 0.01952
    Pose Recall Pos: 0.99839
    MCC: 0.04721
    PR AUC: 0.16214
    MAE: 1.72794
    RMSE: 2.14234
    Pearson R: 0.21602
    Spearman Rho: 0.21082
    C-index: 0.57158
    EF_1pct: 0.47314
    EF_5pct: 0.86640
    Success_at_1: 0.00000
    Success_at_5: 1.00000
    Success_at_10: 1.00000
    Affinity Loss: 1.35427
    Loss: 2.21249
    test_ema: Pose=0.8454, BalAcc=0.5072, PR=0.1580, Rneg=0.0352, Rpos=0.9791, MAE=1.9691, RMSE=2.3885, r=0.2053, Cidx=0.5688
>>> Train Results - Epoch[28] <<<
    Balanced Accuracy: 0.50102
    Accuracy: 0.12633
    Pose Loss: 0.88159
    Pose Recall Neg: 0.00216
    Pose Recall Pos: 0.99987
    MCC: 0.01538
    PR AUC: 0.15688
    MAE: 1.57905
    RMSE: 1.91101
    Pearson R: 0.39259
    Spearman Rho: 0.34347
    C-index: 0.61532
    EF_1pct: 0.77259
    EF_5pct: 0.92800
    Success_at_1: 0.00000
    Success_at_5: 0.00000
    Success_at_10: 0.00000
    Affinity Loss: 1.20783
    Loss: 2.08943
    Epoch Time: 57.99677
    Elapsed Time: 1630.25612
    lr: 0.000963
    train_ema: Pose=0.8627, BalAcc=0.5011, PR=0.1531, Rneg=0.0165, Rpos=0.9857, MAE=1.7515, RMSE=2.0951, r=0.3501, Cidx=0.6049
>>> Test Results - Epoch[28] <<<
    Balanced Accuracy: 0.50508
    Accuracy: 0.14487
    Pose Loss: 0.87130
    Pose Recall Neg: 0.01176
    Pose Recall Pos: 0.99839
    MCC: 0.03422
    PR AUC: 0.16669
    MAE: 1.74123
    RMSE: 2.15652
    Pearson R: 0.23894
    Spearman Rho: 0.22783
    C-index: 0.57620
    EF_1pct: 0.94628
    EF_5pct: 0.57760
    Success_at_1: 0.00000
    Success_at_5: 0.00000
    Success_at_10: 0.00000
    Affinity Loss: 1.37322
    Loss: 2.24452
    test_ema: Pose=0.8532, BalAcc=0.5065, PR=0.1606, Rneg=0.0282, Rpos=0.9849, MAE=1.9008, RMSE=2.3189, r=0.2154, Cidx=0.5710
  [DEBUG] Grad norms:
    rbf_centers: 0.0771
    rbf_widths: 0.2294
    stem: 0.0597
    pair_in: 0.1115
    blocks: 0.1833
    pool_att: 0.0152
    pair_proj: 0.0595
    affinity_head: 0.6256
    pose_head: 0.0226
    calib: 0.0817
>>> Train Results - Epoch[30] <<<
    Balanced Accuracy: 0.50082
    Accuracy: 0.12638
    Pose Loss: 0.85534
    Pose Recall Neg: 0.00229
    Pose Recall Pos: 0.99936
    MCC: 0.01191
    PR AUC: 0.15256
    MAE: 1.56194
    RMSE: 1.89612
    Pearson R: 0.38852
    Spearman Rho: 0.34930
    C-index: 0.61618
    EF_1pct: 0.90135
    EF_5pct: 0.95893
    Success_at_1: 0.00000
    Success_at_5: 0.00000
    Success_at_10: 0.00000
    Affinity Loss: 1.19189
    Loss: 2.04723
    Epoch Time: 58.13154
    Elapsed Time: 1746.55224
    lr: 0.000957
    train_ema: Pose=0.8605, BalAcc=0.5010, PR=0.1529, Rneg=0.0123, Rpos=0.9898, MAE=1.6946, RMSE=2.0354, r=0.3616, Cidx=0.6083
>>> Test Results - Epoch[30] <<<
    Balanced Accuracy: 0.50458
    Accuracy: 0.14400
    Pose Loss: 0.85073
    Pose Recall Neg: 0.01076
    Pose Recall Pos: 0.99839
    MCC: 0.03221
    PR AUC: 0.15117
    MAE: 1.72603
    RMSE: 2.12806
    Pearson R: 0.26181
    Spearman Rho: 0.25145
    C-index: 0.58428
    EF_1pct: 0.00000
    EF_5pct: 0.73804
    Success_at_1: 0.00000
    Success_at_5: 0.00000
    Success_at_10: 0.00000
    Affinity Loss: 1.35604
    Loss: 2.20677
    test_ema: Pose=0.8524, BalAcc=0.5060, PR=0.1578, Rneg=0.0230, Rpos=0.9889, MAE=1.8483, RMSE=2.2616, r=0.2293, Cidx=0.5750
>>> Train Results - Epoch[32] <<<
    Balanced Accuracy: 0.50188
    Accuracy: 0.12930
    Pose Loss: 0.86598
    Pose Recall Neg: 0.00583
    Pose Recall Pos: 0.99794
    MCC: 0.01702
    PR AUC: 0.15783
    MAE: 1.56867
    RMSE: 1.90642
    Pearson R: 0.37506
    Spearman Rho: 0.33432
    C-index: 0.61532
    EF_1pct: 0.83697
    EF_5pct: 0.96151
    Success_at_1: 0.00000
    Success_at_5: 1.00000
    Success_at_10: 1.00000
    Affinity Loss: 1.19600
    Loss: 2.06198
    Epoch Time: 58.07932
    Elapsed Time: 1862.64712
    lr: 0.000950
    train_ema: Pose=0.8621, BalAcc=0.5013, PR=0.1544, Rneg=0.0103, Rpos=0.9923, MAE=1.6568, RMSE=1.9967, r=0.3657, Cidx=0.6104
>>> Test Results - Epoch[32] <<<
    Balanced Accuracy: 0.51104
    Accuracy: 0.15634
    Pose Loss: 0.85211
    Pose Recall Neg: 0.02528
    Pose Recall Pos: 0.99679
    MCC: 0.05106
    PR AUC: 0.16561
    MAE: 1.75393
    RMSE: 2.16362
    Pearson R: 0.20268
    Spearman Rho: 0.22025
    C-index: 0.57368
    EF_1pct: 0.47314
    EF_5pct: 0.54551
    Success_at_1: 0.00000
    Success_at_5: 1.00000
    Success_at_10: 1.00000
    Affinity Loss: 1.37780
    Loss: 2.22990
    test_ema: Pose=0.8523, BalAcc=0.5075, PR=0.1601, Rneg=0.0237, Rpos=0.9913, MAE=1.8200, RMSE=2.2322, r=0.2213, Cidx=0.5746
>>> Train Results - Epoch[34] <<<
    Balanced Accuracy: 0.50058
    Accuracy: 0.12576
    Pose Loss: 0.85653
    Pose Recall Neg: 0.00154
    Pose Recall Pos: 0.99961
    MCC: 0.01019
    PR AUC: 0.15665
    MAE: 1.61163
    RMSE: 1.95964
    Pearson R: 0.38891
    Spearman Rho: 0.34688
    C-index: 0.61942
    EF_1pct: 0.75971
    EF_5pct: 0.94862
    Success_at_1: 0.00000
    Success_at_5: 0.00000
    Success_at_10: 0.00000
    Affinity Loss: 1.24632
    Loss: 2.10285
    Epoch Time: 58.09690
    Elapsed Time: 1978.84451
    lr: 0.000943
    train_ema: Pose=0.8605, BalAcc=0.5011, PR=0.1551, Rneg=0.0077, Rpos=0.9945, MAE=1.6433, RMSE=1.9856, r=0.3726, Cidx=0.6131
>>> Test Results - Epoch[34] <<<
    Balanced Accuracy: 0.50135
    Accuracy: 0.14075
    Pose Loss: 0.85426
    Pose Recall Neg: 0.00751
    Pose Recall Pos: 0.99518
    MCC: 0.01093
    PR AUC: 0.15196
    MAE: 1.78521
    RMSE: 2.20717
    Pearson R: 0.24310
    Spearman Rho: 0.23752
    C-index: 0.57992
    EF_1pct: 0.15771
    EF_5pct: 0.41715
    Success_at_1: 0.00000
    Success_at_5: 0.00000
    Success_at_10: 0.00000
    Affinity Loss: 1.41186
    Loss: 2.26612
    test_ema: Pose=0.8529, BalAcc=0.5056, PR=0.1577, Rneg=0.0188, Rpos=0.9925, MAE=1.8096, RMSE=2.2247, r=0.2278, Cidx=0.5762
>>> Train Results - Epoch[36] <<<
    Balanced Accuracy: 0.50200
    Accuracy: 0.12989
    Pose Loss: 0.86234
    Pose Recall Neg: 0.00658
    Pose Recall Pos: 0.99742
    MCC: 0.01698
    PR AUC: 0.15752
    MAE: 1.64762
    RMSE: 1.99852
    Pearson R: 0.38326
    Spearman Rho: 0.32801
    C-index: 0.61208
    EF_1pct: 1.04300
    EF_5pct: 0.91511
    Success_at_1: 0.00000
    Success_at_5: 0.00000
    Success_at_10: 0.00000
    Affinity Loss: 1.28388
    Loss: 2.14622
    Epoch Time: 58.04988
    Elapsed Time: 2094.94493
    lr: 0.000936
    train_ema: Pose=0.8610, BalAcc=0.5014, PR=0.1558, Rneg=0.0074, Rpos=0.9953, MAE=1.6446, RMSE=1.9895, r=0.3758, Cidx=0.6128
>>> Test Results - Epoch[36] <<<
    Balanced Accuracy: 0.50710
    Accuracy: 0.15071
    Pose Loss: 0.85186
    Pose Recall Neg: 0.01902
    Pose Recall Pos: 0.99518
    MCC: 0.03743
    PR AUC: 0.15366
    MAE: 1.84607
    RMSE: 2.25856
    Pearson R: 0.21115
    Spearman Rho: 0.19679
    C-index: 0.56516
    EF_1pct: 0.63085
    EF_5pct: 0.70595
    Success_at_1: 0.00000
    Success_at_5: 1.00000
    Success_at_10: 1.00000
    Affinity Loss: 1.47607
    Loss: 2.32793
    test_ema: Pose=0.8526, BalAcc=0.5061, PR=0.1565, Rneg=0.0189, Rpos=0.9933, MAE=1.8205, RMSE=2.2349, r=0.2228, Cidx=0.5729
>>> Train Results - Epoch[38] <<<
    Balanced Accuracy: 0.50238
    Accuracy: 0.13036
    Pose Loss: 0.86054
    Pose Recall Neg: 0.00707
    Pose Recall Pos: 0.99768
    MCC: 0.01955
    PR AUC: 0.16383
    MAE: 1.55223
    RMSE: 1.89548
    Pearson R: 0.38658
    Spearman Rho: 0.35558
    C-index: 0.62480
    EF_1pct: 0.99149
    EF_5pct: 0.85840
    Success_at_1: 0.00000
    Success_at_5: 0.00000
    Success_at_10: 0.00000
    Affinity Loss: 1.18238
    Loss: 2.04292
    Epoch Time: 58.09672
    Elapsed Time: 2211.08932
    lr: 0.000928
    train_ema: Pose=0.8609, BalAcc=0.5017, PR=0.1582, Rneg=0.0073, Rpos=0.9960, MAE=1.6169, RMSE=1.9613, r=0.3790, Cidx=0.6164
>>> Test Results - Epoch[38] <<<
    Balanced Accuracy: 0.51311
    Accuracy: 0.16111
    Pose Loss: 0.84385
    Pose Recall Neg: 0.03104
    Pose Recall Pos: 0.99518
    MCC: 0.05478
    PR AUC: 0.17275
    MAE: 1.73357
    RMSE: 2.13617
    Pearson R: 0.21749
    Spearman Rho: 0.21078
    C-index: 0.57154
    EF_1pct: 1.26171
    EF_5pct: 0.67387
    Success_at_1: 0.00000
    Success_at_5: 1.00000
    Success_at_10: 1.00000
    Affinity Loss: 1.35137
    Loss: 2.19522
    test_ema: Pose=0.8500, BalAcc=0.5082, PR=0.1613, Rneg=0.0225, Rpos=0.9939, MAE=1.7944, RMSE=2.2053, r=0.2212, Cidx=0.5725
  [DEBUG] Grad norms:
    rbf_centers: 0.0482
    rbf_widths: 0.1494
    stem: 0.0496
    pair_in: 0.0759
    blocks: 0.1215
    pool_att: 0.0166
    pair_proj: 0.0398
    affinity_head: 0.4551
    pose_head: 0.0274
    calib: 0.0558
>>> Train Results - Epoch[40] <<<
    Balanced Accuracy: 0.50148
    Accuracy: 0.12802
    Pose Loss: 0.83545
    Pose Recall Neg: 0.00425
    Pose Recall Pos: 0.99871
    MCC: 0.01572
    PR AUC: 0.15984
    MAE: 1.54049
    RMSE: 1.87724
    Pearson R: 0.41800
    Spearman Rho: 0.38000
    C-index: 0.62920
    EF_1pct: 1.03012
    EF_5pct: 0.98729
    Success_at_1: 0.00000
    Success_at_5: 0.00000
    Success_at_10: 0.00000
    Affinity Loss: 1.17117
    Loss: 2.00663
    Epoch Time: 57.99804
    Elapsed Time: 2327.35142
    lr: 0.000919
    train_ema: Pose=0.8532, BalAcc=0.5016, PR=0.1587, Rneg=0.0064, Rpos=0.9968, MAE=1.5940, RMSE=1.9361, r=0.3907, Cidx=0.6202
>>> Test Results - Epoch[40] <<<
    Balanced Accuracy: 0.50360
    Accuracy: 0.14465
    Pose Loss: 0.82648
    Pose Recall Neg: 0.01202
    Pose Recall Pos: 0.99518
    MCC: 0.02353
    PR AUC: 0.18706
    MAE: 1.73203
    RMSE: 2.13898
    Pearson R: 0.25258
    Spearman Rho: 0.23426
    C-index: 0.57860
    EF_1pct: 0.78857
    EF_5pct: 0.60969
    Success_at_1: 0.00000
    Success_at_5: 0.00000
    Success_at_10: 0.00000
    Affinity Loss: 1.35853
    Loss: 2.18500
    test_ema: Pose=0.8429, BalAcc=0.5068, PR=0.1691, Rneg=0.0194, Rpos=0.9943, MAE=1.7757, RMSE=2.1854, r=0.2306, Cidx=0.5743
>>> Train Results - Epoch[42] <<<
    Balanced Accuracy: 0.50046
    Accuracy: 0.12535
    Pose Loss: 0.86547
    Pose Recall Neg: 0.00104
    Pose Recall Pos: 0.99987
    MCC: 0.00991
    PR AUC: 0.15988
    MAE: 1.58358
    RMSE: 1.92968
    Pearson R: 0.38967
    Spearman Rho: 0.35090
    C-index: 0.62178
    EF_1pct: 1.00437
    EF_5pct: 0.98987
    Success_at_1: 0.00000
    Success_at_5: 0.00000
    Success_at_10: 1.00000
    Affinity Loss: 1.21695
    Loss: 2.08242
    Epoch Time: 58.04856
    Elapsed Time: 2443.60600
    lr: 0.000910
    train_ema: Pose=0.8569, BalAcc=0.5013, PR=0.1591, Rneg=0.0048, Rpos=0.9978, MAE=1.5908, RMSE=1.9341, r=0.3904, Cidx=0.6207
>>> Test Results - Epoch[42] <<<
    Balanced Accuracy: 0.50038
    Accuracy: 0.13556
    Pose Loss: 0.85418
    Pose Recall Neg: 0.00075
    Pose Recall Pos: 1.00000
    MCC: 0.01007
    PR AUC: 0.16863
    MAE: 1.76514
    RMSE: 2.15995
    Pearson R: 0.28324
    Spearman Rho: 0.27135
    C-index: 0.59008
    EF_1pct: 0.78857
    EF_5pct: 0.73804
    Success_at_1: 0.00000
    Success_at_5: 1.00000
    Success_at_10: 1.00000
    Affinity Loss: 1.39244
    Loss: 2.24663
    test_ema: Pose=0.8463, BalAcc=0.5049, PR=0.1689, Rneg=0.0138, Rpos=0.9960, MAE=1.7725, RMSE=2.1777, r=0.2464, Cidx=0.5790
>>> Train Results - Epoch[44] <<<
    Balanced Accuracy: 0.50091
    Accuracy: 0.12664
    Pose Loss: 0.84929
    Pose Recall Neg: 0.00260
    Pose Recall Pos: 0.99923
    MCC: 0.01240
    PR AUC: 0.15749
    MAE: 1.52971
    RMSE: 1.86779
    Pearson R: 0.41027
    Spearman Rho: 0.35891
    C-index: 0.62478
    EF_1pct: 0.92711
    EF_5pct: 1.00018
    Success_at_1: 0.00000
    Success_at_5: 0.00000
    Success_at_10: 1.00000
    Affinity Loss: 1.15688
    Loss: 2.00617
    Epoch Time: 57.94919
    Elapsed Time: 2559.62935
    lr: 0.000901
    train_ema: Pose=0.8546, BalAcc=0.5012, PR=0.1586, Rneg=0.0041, Rpos=0.9982, MAE=1.5725, RMSE=1.9142, r=0.3964, Cidx=0.6219
>>> Test Results - Epoch[44] <<<
    Balanced Accuracy: 0.50350
    Accuracy: 0.14097
    Pose Loss: 0.83953
    Pose Recall Neg: 0.00701
    Pose Recall Pos: 1.00000
    MCC: 0.03084
    PR AUC: 0.17575
    MAE: 1.74357
    RMSE: 2.13569
    Pearson R: 0.21857
    Spearman Rho: 0.22811
    C-index: 0.57730
    EF_1pct: 1.26171
    EF_5pct: 0.80222
    Success_at_1: 0.00000
    Success_at_5: 0.00000
    Success_at_10: 0.00000
    Affinity Loss: 1.36785
    Loss: 2.20738
    test_ema: Pose=0.8443, BalAcc=0.5045, PR=0.1710, Rneg=0.0118, Rpos=0.9972, MAE=1.7639, RMSE=2.1651, r=0.2381, Cidx=0.5785
>>> Train Results - Epoch[46] <<<
    Balanced Accuracy: 0.50192
    Accuracy: 0.12879
    Pose Loss: 0.83929
    Pose Recall Neg: 0.00513
    Pose Recall Pos: 0.99871
    MCC: 0.01863
    PR AUC: 0.16214
    MAE: 1.64398
    RMSE: 2.01544
    Pearson R: 0.40387
    Spearman Rho: 0.35947
    C-index: 0.62246
    EF_1pct: 0.93998
    EF_5pct: 0.93831
    Success_at_1: 0.00000
    Success_at_5: 0.00000
    Success_at_10: 0.00000
    Affinity Loss: 1.28474
    Loss: 2.12404
    Epoch Time: 57.97374
    Elapsed Time: 2675.68197
    lr: 0.000891
    train_ema: Pose=0.8500, BalAcc=0.5014, PR=0.1597, Rneg=0.0044, Rpos=0.9984, MAE=1.5939, RMSE=1.9446, r=0.3986, Cidx=0.6221
>>> Test Results - Epoch[46] <<<
    Balanced Accuracy: 0.51204
    Accuracy: 0.15808
    Pose Loss: 0.82638
    Pose Recall Neg: 0.02728
    Pose Recall Pos: 0.99679
    MCC: 0.05370
    PR AUC: 0.16599
    MAE: 1.86107
    RMSE: 2.30030
    Pearson R: 0.21157
    Spearman Rho: 0.21929
    C-index: 0.57482
    EF_1pct: 0.31543
    EF_5pct: 0.54551
    Success_at_1: 0.00000
    Success_at_5: 0.00000
    Success_at_10: 0.00000
    Affinity Loss: 1.49563
    Loss: 2.32201
    test_ema: Pose=0.8389, BalAcc=0.5067, PR=0.1695, Rneg=0.0164, Rpos=0.9971, MAE=1.7930, RMSE=2.2057, r=0.2301, Cidx=0.5774
>>> Train Results - Epoch[48] <<<
    Balanced Accuracy: 0.50020
    Accuracy: 0.12491
    Pose Loss: 0.85533
    Pose Recall Neg: 0.00053
    Pose Recall Pos: 0.99987
    MCC: 0.00606
    PR AUC: 0.15501
    MAE: 1.53668
    RMSE: 1.87103
    Pearson R: 0.40600
    Spearman Rho: 0.36576
    C-index: 0.62702
    EF_1pct: 1.03012
    EF_5pct: 0.98213
    Success_at_1: 1.00000
    Success_at_5: 1.00000
    Success_at_10: 1.00000
    Affinity Loss: 1.16448
    Loss: 2.01981
    Epoch Time: 58.22268
    Elapsed Time: 2792.17489
    lr: 0.000881
    train_ema: Pose=0.8516, BalAcc=0.5010, PR=0.1583, Rneg=0.0033, Rpos=0.9988, MAE=1.5768, RMSE=1.9225, r=0.4008, Cidx=0.6236
>>> Test Results - Epoch[48] <<<
    Balanced Accuracy: 0.50163
    Accuracy: 0.13772
    Pose Loss: 0.84763
    Pose Recall Neg: 0.00325
    Pose Recall Pos: 1.00000
    MCC: 0.02098
    PR AUC: 0.16741
    MAE: 1.72858
    RMSE: 2.13584
    Pearson R: 0.21954
    Spearman Rho: 0.21191
    C-index: 0.56754
    EF_1pct: 1.10399
    EF_5pct: 0.83431
    Success_at_1: 0.00000
    Success_at_5: 1.00000
    Success_at_10: 1.00000
    Affinity Loss: 1.35155
    Loss: 2.19917
    test_ema: Pose=0.8415, BalAcc=0.5052, PR=0.1689, Rneg=0.0125, Rpos=0.9979, MAE=1.7737, RMSE=2.1847, r=0.2269, Cidx=0.5744
  [DEBUG] Grad norms:
    rbf_centers: 0.0327
    rbf_widths: 0.1272
    stem: 0.0314
    pair_in: 0.0692
    blocks: 0.0818
    pool_att: 0.0161
    pair_proj: 0.0257
    affinity_head: 0.3089
    pose_head: 0.0217
    calib: 0.0402
>>> Train Results - Epoch[50] <<<
    Balanced Accuracy: 0.50130
    Accuracy: 0.12722
    Pose Loss: 0.86955
    Pose Recall Neg: 0.00324
    Pose Recall Pos: 0.99936
    MCC: 0.01590
    PR AUC: 0.15562
    MAE: 1.65437
    RMSE: 2.01621
    Pearson R: 0.41539
    Spearman Rho: 0.37219
    C-index: 0.62944
    EF_1pct: 0.92711
    EF_5pct: 0.95636
    Success_at_1: 0.00000
    Success_at_5: 0.00000
    Success_at_10: 1.00000
    Affinity Loss: 1.29293
    Loss: 2.16248
    Epoch Time: 57.98213
    Elapsed Time: 2908.29185
    lr: 0.000870
    train_ema: Pose=0.8570, BalAcc=0.5011, PR=0.1575, Rneg=0.0033, Rpos=0.9990, MAE=1.6000, RMSE=1.9506, r=0.4052, Cidx=0.6253
>>> Test Results - Epoch[50] <<<
    Balanced Accuracy: 0.50558
    Accuracy: 0.14573
    Pose Loss: 0.85742
    Pose Recall Neg: 0.01277
    Pose Recall Pos: 0.99839
    MCC: 0.03614
    PR AUC: 0.18130
    MAE: 1.83713
    RMSE: 2.27141
    Pearson R: 0.25565
    Spearman Rho: 0.24104
    C-index: 0.58134
    EF_1pct: 1.57713
    EF_5pct: 0.93058
    Success_at_1: 0.00000
    Success_at_5: 0.00000
    Success_at_10: 1.00000
    Affinity Loss: 1.47474
    Loss: 2.33216
    test_ema: Pose=0.8463, BalAcc=0.5053, PR=0.1726, Rneg=0.0126, Rpos=0.9981, MAE=1.7927, RMSE=2.2107, r=0.2356, Cidx=0.5765
>>> Train Results - Epoch[52] <<<
    Balanced Accuracy: 0.50193
    Accuracy: 0.12880
    Pose Loss: 0.83416
    Pose Recall Neg: 0.00515
    Pose Recall Pos: 0.99871
    MCC: 0.01869
    PR AUC: 0.15631
    MAE: 1.52195
    RMSE: 1.86237
    Pearson R: 0.42231
    Spearman Rho: 0.37353
    C-index: 0.62690
    EF_1pct: 0.99149
    EF_5pct: 0.93573
    Success_at_1: 0.00000
    Success_at_5: 1.00000
    Success_at_10: 1.00000
    Affinity Loss: 1.15133
    Loss: 1.98548
    Epoch Time: 58.19959
    Elapsed Time: 3024.67707
    lr: 0.000859
    train_ema: Pose=0.8501, BalAcc=0.5014, PR=0.1571, Rneg=0.0038, Rpos=0.9989, MAE=1.5766, RMSE=1.9242, r=0.4103, Cidx=0.6258
>>> Test Results - Epoch[52] <<<
    Balanced Accuracy: 0.51111
    Accuracy: 0.15764
    Pose Loss: 0.82263
    Pose Recall Neg: 0.02703
    Pose Recall Pos: 0.99518
    MCC: 0.04956
    PR AUC: 0.17588
    MAE: 1.74156
    RMSE: 2.13189
    Pearson R: 0.22663
    Spearman Rho: 0.20098
    C-index: 0.56590
    EF_1pct: 1.10399
    EF_5pct: 0.86640
    Success_at_1: 0.00000
    Success_at_5: 1.00000
    Success_at_10: 1.00000
    Affinity Loss: 1.36127
    Loss: 2.18389
    test_ema: Pose=0.8392, BalAcc=0.5071, PR=0.1736, Rneg=0.0169, Rpos=0.9972, MAE=1.7774, RMSE=2.1871, r=0.2329, Cidx=0.5733
>>> Train Results - Epoch[54] <<<
    Balanced Accuracy: 0.50080
    Accuracy: 0.12604
    Pose Loss: 0.83233
    Pose Recall Neg: 0.00185
    Pose Recall Pos: 0.99974
    MCC: 0.01295
    PR AUC: 0.15758
    MAE: 1.53225
    RMSE: 1.86580
    Pearson R: 0.42504
    Spearman Rho: 0.37793
    C-index: 0.62756
    EF_1pct: 0.96574
    EF_5pct: 1.00533
    Success_at_1: 0.00000
    Success_at_5: 1.00000
    Success_at_10: 1.00000
    Affinity Loss: 1.15953
    Loss: 1.99185
    Epoch Time: 58.17736
    Elapsed Time: 3141.16669
    lr: 0.000848
    train_ema: Pose=0.8448, BalAcc=0.5012, PR=0.1573, Rneg=0.0032, Rpos=0.9991, MAE=1.5633, RMSE=1.9066, r=0.4147, Cidx=0.6263
>>> Test Results - Epoch[54] <<<
    Balanced Accuracy: 0.50195
    Accuracy: 0.13945
    Pose Loss: 0.82642
    Pose Recall Neg: 0.00551
    Pose Recall Pos: 0.99839
    MCC: 0.01893
    PR AUC: 0.17126
    MAE: 1.73976
    RMSE: 2.13556
    Pearson R: 0.25914
    Spearman Rho: 0.26733
    C-index: 0.58888
    EF_1pct: 1.26171
    EF_5pct: 1.05893
    Success_at_1: 0.00000
    Success_at_5: 1.00000
    Success_at_10: 1.00000
    Affinity Loss: 1.36295
    Loss: 2.18937
    test_ema: Pose=0.8354, BalAcc=0.5055, PR=0.1729, Rneg=0.0135, Rpos=0.9976, MAE=1.7661, RMSE=2.1716, r=0.2408, Cidx=0.5780
>>> Train Results - Epoch[56] <<<
    Balanced Accuracy: 0.50082
    Accuracy: 0.12609
    Pose Loss: 0.82782
    Pose Recall Neg: 0.00191
    Pose Recall Pos: 0.99974
    MCC: 0.01320
    PR AUC: 0.15374
    MAE: 1.55028
    RMSE: 1.90981
    Pearson R: 0.42644
    Spearman Rho: 0.37954
    C-index: 0.62828
    EF_1pct: 1.06875
    EF_5pct: 1.01564
    Success_at_1: 0.00000
    Success_at_5: 0.00000
    Success_at_10: 1.00000
    Affinity Loss: 1.18712
    Loss: 2.01494
    Epoch Time: 58.00260
    Elapsed Time: 3257.23705
    lr: 0.000836
    train_ema: Pose=0.8397, BalAcc=0.5011, PR=0.1562, Rneg=0.0028, Rpos=0.9993, MAE=1.5594, RMSE=1.9076, r=0.4183, Cidx=0.6269
>>> Test Results - Epoch[56] <<<
    Balanced Accuracy: 0.50558
    Accuracy: 0.14573
    Pose Loss: 0.81961
    Pose Recall Neg: 0.01277
    Pose Recall Pos: 0.99839
    MCC: 0.03614
    PR AUC: 0.16358
    MAE: 1.73555
    RMSE: 2.12617
    Pearson R: 0.28982
    Spearman Rho: 0.26459
    C-index: 0.59020
    EF_1pct: 0.78857
    EF_5pct: 0.96266
    Success_at_1: 0.00000
    Success_at_5: 0.00000
    Success_at_10: 0.00000
    Affinity Loss: 1.36319
    Loss: 2.18280
    test_ema: Pose=0.8306, BalAcc=0.5055, PR=0.1701, Rneg=0.0133, Rpos=0.9978, MAE=1.7569, RMSE=2.1580, r=0.2555, Cidx=0.5817
>>> Train Results - Epoch[58] <<<
    Balanced Accuracy: 0.50177
    Accuracy: 0.12842
    Pose Loss: 0.85549
    Pose Recall Neg: 0.00469
    Pose Recall Pos: 0.99884
    MCC: 0.01791
    PR AUC: 0.15591
    MAE: 1.52085
    RMSE: 1.86986
    Pearson R: 0.42282
    Spearman Rho: 0.36817
    C-index: 0.62744
    EF_1pct: 1.23614
    EF_5pct: 1.02853
    Success_at_1: 0.00000
    Success_at_5: 0.00000
    Success_at_10: 1.00000
    Affinity Loss: 1.15414
    Loss: 2.00963
    Epoch Time: 58.10282
    Elapsed Time: 3373.47451
    lr: 0.000824
    train_ema: Pose=0.8444, BalAcc=0.5013, PR=0.1561, Rneg=0.0034, Rpos=0.9992, MAE=1.5478, RMSE=1.8963, r=0.4196, Cidx=0.6271
>>> Test Results - Epoch[58] <<<
    Balanced Accuracy: 0.51054
    Accuracy: 0.15548
    Pose Loss: 0.84353
    Pose Recall Neg: 0.02428
    Pose Recall Pos: 0.99679
    MCC: 0.04970
    PR AUC: 0.17332
    MAE: 1.71140
    RMSE: 2.10960
    Pearson R: 0.26579
    Spearman Rho: 0.25169
    C-index: 0.58410
    EF_1pct: 1.10399
    EF_5pct: 0.89849
    Success_at_1: 0.00000
    Success_at_5: 1.00000
    Success_at_10: 1.00000
    Affinity Loss: 1.33173
    Loss: 2.17526
    test_ema: Pose=0.8345, BalAcc=0.5070, PR=0.1711, Rneg=0.0166, Rpos=0.9975, MAE=1.7433, RMSE=2.1435, r=0.2586, Cidx=0.5824
  [DEBUG] Grad norms:
    rbf_centers: 0.0257
    rbf_widths: 0.1037
    stem: 0.0232
    pair_in: 0.0458
    blocks: 0.0533
    pool_att: 0.0112
    pair_proj: 0.0168
    affinity_head: 0.2422
    pose_head: 0.0123
    calib: 0.0357
>>> Train Results - Epoch[60] <<<
    Balanced Accuracy: 0.50021
    Accuracy: 0.12502
    Pose Loss: 0.86219
    Pose Recall Neg: 0.00068
    Pose Recall Pos: 0.99974
    MCC: 0.00555
    PR AUC: 0.15879
    MAE: 1.53790
    RMSE: 1.87418
    Pearson R: 0.42271
    Spearman Rho: 0.38624
    C-index: 0.63330
    EF_1pct: 1.01724
    EF_5pct: 1.00018
    Success_at_1: 0.00000
    Success_at_5: 1.00000
    Success_at_10: 1.00000
    Affinity Loss: 1.16861
    Loss: 2.03080
    Epoch Time: 58.18094
    Elapsed Time: 3489.80058
    lr: 0.000812
    train_ema: Pose=0.8498, BalAcc=0.5010, PR=0.1569, Rneg=0.0026, Rpos=0.9993, MAE=1.5449, RMSE=1.8896, r=0.4206, Cidx=0.6289
>>> Test Results - Epoch[60] <<<
    Balanced Accuracy: 0.50025
    Accuracy: 0.13534
    Pose Loss: 0.86120
    Pose Recall Neg: 0.00050
    Pose Recall Pos: 1.00000
    MCC: 0.00822
    PR AUC: 0.16034
    MAE: 1.73377
    RMSE: 2.13268
    Pearson R: 0.27717
    Spearman Rho: 0.27497
    C-index: 0.59198
    EF_1pct: 0.63085
    EF_5pct: 0.73804
    Success_at_1: 0.00000
    Success_at_5: 0.00000
    Success_at_10: 1.00000
    Affinity Loss: 1.35645
    Loss: 2.21765
    test_ema: Pose=0.8425, BalAcc=0.5050, PR=0.1678, Rneg=0.0117, Rpos=0.9983, MAE=1.7404, RMSE=2.1402, r=0.2641, Cidx=0.5853
>>> Train Results - Epoch[62] <<<
    Balanced Accuracy: 0.50146
    Accuracy: 0.12760
    Pose Loss: 0.86512
    Pose Recall Neg: 0.00370
    Pose Recall Pos: 0.99923
    MCC: 0.01676
    PR AUC: 0.15552
    MAE: 1.56165
    RMSE: 1.91669
    Pearson R: 0.41877
    Spearman Rho: 0.37149
    C-index: 0.62250
    EF_1pct: 1.23614
    EF_5pct: 1.02080
    Success_at_1: 0.00000
    Success_at_5: 1.00000
    Success_at_10: 1.00000
    Affinity Loss: 1.19478
    Loss: 2.05990
    Epoch Time: 57.98575
    Elapsed Time: 3605.80543
    lr: 0.000799
    train_ema: Pose=0.8544, BalAcc=0.5011, PR=0.1565, Rneg=0.0029, Rpos=0.9993, MAE=1.5499, RMSE=1.8978, r=0.4200, Cidx=0.6270
>>> Test Results - Epoch[62] <<<
    Balanced Accuracy: 0.50465
    Accuracy: 0.14530
    Pose Loss: 0.85424
    Pose Recall Neg: 0.01252
    Pose Recall Pos: 0.99679
    MCC: 0.03013
    PR AUC: 0.17002
    MAE: 1.78480
    RMSE: 2.22149
    Pearson R: 0.20851
    Spearman Rho: 0.20530
    C-index: 0.56670
    EF_1pct: 0.47314
    EF_5pct: 0.80222
    Success_at_1: 0.00000
    Success_at_5: 0.00000
    Success_at_10: 0.00000
    Affinity Loss: 1.41637
    Loss: 2.27062
    test_ema: Pose=0.8460, BalAcc=0.5049, PR=0.1685, Rneg=0.0120, Rpos=0.9978, MAE=1.7537, RMSE=2.1646, r=0.2475, Cidx=0.5797
>>> Train Results - Epoch[64] <<<
    Balanced Accuracy: 0.50071
    Accuracy: 0.12579
    Pose Loss: 0.88693
    Pose Recall Neg: 0.00154
    Pose Recall Pos: 0.99987
    MCC: 0.01261
    PR AUC: 0.15958
    MAE: 1.51078
    RMSE: 1.86258
    Pearson R: 0.43026
    Spearman Rho: 0.38534
    C-index: 0.63290
    EF_1pct: 1.33916
    EF_5pct: 1.03627
    Success_at_1: 0.00000
    Success_at_5: 1.00000
    Success_at_10: 1.00000
    Affinity Loss: 1.14528
    Loss: 2.03220
    Epoch Time: 58.02148
    Elapsed Time: 3721.93827
    lr: 0.000786
    train_ema: Pose=0.8641, BalAcc=0.5010, PR=0.1574, Rneg=0.0025, Rpos=0.9995, MAE=1.5382, RMSE=1.8872, r=0.4231, Cidx=0.6288
>>> Test Results - Epoch[64] <<<
    Balanced Accuracy: 0.50350
    Accuracy: 0.14097
    Pose Loss: 0.87829
    Pose Recall Neg: 0.00701
    Pose Recall Pos: 1.00000
    MCC: 0.03084
    PR AUC: 0.17365
    MAE: 1.70643
    RMSE: 2.11180
    Pearson R: 0.26663
    Spearman Rho: 0.26500
    C-index: 0.58958
    EF_1pct: 0.94628
    EF_5pct: 0.77013
    Success_at_1: 0.00000
    Success_at_5: 0.00000
    Success_at_10: 1.00000
    Affinity Loss: 1.32663
    Loss: 2.20491
    test_ema: Pose=0.8557, BalAcc=0.5045, PR=0.1700, Rneg=0.0105, Rpos=0.9985, MAE=1.7395, RMSE=2.1488, r=0.2532, Cidx=0.5827
>>> Train Results - Epoch[66] <<<
    Balanced Accuracy: 0.50033
    Accuracy: 0.12513
    Pose Loss: 0.84326
    Pose Recall Neg: 0.00079
    Pose Recall Pos: 0.99987
    MCC: 0.00819
    PR AUC: 0.15586
    MAE: 1.57502
    RMSE: 1.94275
    Pearson R: 0.35370
    Spearman Rho: 0.35469
    C-index: 0.62220
    EF_1pct: 1.30053
    EF_5pct: 0.99760
    Success_at_1: 0.00000
    Success_at_5: 1.00000
    Success_at_10: 1.00000
    Affinity Loss: 1.20446
    Loss: 2.04772
    Epoch Time: 57.98415
    Elapsed Time: 3838.00356
    lr: 0.000773
    train_ema: Pose=0.8579, BalAcc=0.5008, PR=0.1570, Rneg=0.0020, Rpos=0.9996, MAE=1.5492, RMSE=1.9039, r=0.4023, Cidx=0.6268
>>> Test Results - Epoch[66] <<<
    Balanced Accuracy: 0.50215
    Accuracy: 0.14097
    Pose Loss: 0.83878
    Pose Recall Neg: 0.00751
    Pose Recall Pos: 0.99679
    MCC: 0.01770
    PR AUC: 0.16371
    MAE: 1.78952
    RMSE: 2.19114
    Pearson R: 0.17944
    Spearman Rho: 0.19242
    C-index: 0.56000
    EF_1pct: 1.10399
    EF_5pct: 1.05893
    Success_at_1: 0.00000
    Success_at_5: 0.00000
    Success_at_10: 0.00000
    Affinity Loss: 1.40335
    Loss: 2.24213
    test_ema: Pose=0.8506, BalAcc=0.5038, PR=0.1681, Rneg=0.0096, Rpos=0.9980, MAE=1.7545, RMSE=2.1615, r=0.2311, Cidx=0.5759
>>> Train Results - Epoch[68] <<<
    Balanced Accuracy: 0.50009
    Accuracy: 0.12462
    Pose Loss: 0.84430
    Pose Recall Neg: 0.00018
    Pose Recall Pos: 1.00000
    MCC: 0.00478
    PR AUC: 0.15776
    MAE: 1.55618
    RMSE: 1.89209
    Pearson R: 0.43461
    Spearman Rho: 0.40911
    C-index: 0.63824
    EF_1pct: 1.18464
    EF_5pct: 1.00533
    Success_at_1: 0.00000
    Success_at_5: 1.00000
    Success_at_10: 1.00000
    Affinity Loss: 1.18879
    Loss: 2.03310
    Epoch Time: 58.10846
    Elapsed Time: 3954.29022
    lr: 0.000759
    train_ema: Pose=0.8538, BalAcc=0.5006, PR=0.1572, Rneg=0.0014, Rpos=0.9997, MAE=1.5513, RMSE=1.9003, r=0.4120, Cidx=0.6302
>>> Test Results - Epoch[68] <<<
    Balanced Accuracy: 0.50175
    Accuracy: 0.13794
    Pose Loss: 0.83756
    Pose Recall Neg: 0.00350
    Pose Recall Pos: 1.00000
    MCC: 0.02178
    PR AUC: 0.17572
    MAE: 1.77411
    RMSE: 2.18159
    Pearson R: 0.23106
    Spearman Rho: 0.23115
    C-index: 0.57458
    EF_1pct: 0.31543
    EF_5pct: 0.83431
    Success_at_1: 0.00000
    Success_at_5: 0.00000
    Success_at_10: 0.00000
    Affinity Loss: 1.40304
    Loss: 2.24060
    test_ema: Pose=0.8467, BalAcc=0.5032, PR=0.1704, Rneg=0.0078, Rpos=0.9986, MAE=1.7604, RMSE=2.1675, r=0.2311, Cidx=0.5755
  [DEBUG] Grad norms:
    rbf_centers: 0.0496
    rbf_widths: 0.1768
    stem: 0.0364
    pair_in: 0.0914
    blocks: 0.0918
    pool_att: 0.0195
    pair_proj: 0.0191
    affinity_head: 0.1765
    pose_head: 0.0182
    calib: 0.0177
>>> Train Results - Epoch[70] <<<
    Balanced Accuracy: 0.50014
    Accuracy: 0.12499
    Pose Loss: 0.84670
    Pose Recall Neg: 0.00066
    Pose Recall Pos: 0.99961
    MCC: 0.00360
    PR AUC: 0.15340
    MAE: 1.52587
    RMSE: 1.86952
    Pearson R: 0.41864
    Spearman Rho: 0.39164
    C-index: 0.63336
    EF_1pct: 1.24902
    EF_5pct: 0.98213
    Success_at_1: 0.00000
    Success_at_5: 0.00000
    Success_at_10: 0.00000
    Affinity Loss: 1.15679
    Loss: 2.00349
    Epoch Time: 58.06831
    Elapsed Time: 4070.41838
    lr: 0.000745
    train_ema: Pose=0.8517, BalAcc=0.5004, PR=0.1561, Rneg=0.0012, Rpos=0.9997, MAE=1.5437, RMSE=1.8911, r=0.4140, Cidx=0.6312
>>> Test Results - Epoch[70] <<<
    Balanced Accuracy: 0.50013
    Accuracy: 0.13512
    Pose Loss: 0.83901
    Pose Recall Neg: 0.00025
    Pose Recall Pos: 1.00000
    MCC: 0.00581
    PR AUC: 0.16921
    MAE: 1.74262
    RMSE: 2.14492
    Pearson R: 0.23043
    Spearman Rho: 0.23099
    C-index: 0.57560
    EF_1pct: 0.94628
    EF_5pct: 0.86640
    Success_at_1: 0.00000
    Success_at_5: 0.00000
    Success_at_10: 1.00000
    Affinity Loss: 1.36297
    Loss: 2.20198
    test_ema: Pose=0.8444, BalAcc=0.5023, PR=0.1701, Rneg=0.0055, Rpos=0.9990, MAE=1.7551, RMSE=2.1607, r=0.2309, Cidx=0.5755
>>> Train Results - Epoch[72] <<<
    Balanced Accuracy: 0.50017
    Accuracy: 0.12476
    Pose Loss: 0.86044
    Pose Recall Neg: 0.00035
    Pose Recall Pos: 1.00000
    MCC: 0.00658
    PR AUC: 0.15699
    MAE: 1.68028
    RMSE: 2.06161
    Pearson R: 0.43559
    Spearman Rho: 0.41256
    C-index: 0.63610
    EF_1pct: 1.33916
    EF_5pct: 1.07751
    Success_at_1: 0.00000
    Success_at_5: 1.00000
    Success_at_10: 1.00000
    Affinity Loss: 1.32044
    Loss: 2.18088
    Epoch Time: 58.06833
    Elapsed Time: 4186.59277
    lr: 0.000731
    train_ema: Pose=0.8543, BalAcc=0.5004, PR=0.1563, Rneg=0.0010, Rpos=0.9998, MAE=1.5847, RMSE=1.9422, r=0.4205, Cidx=0.6327
>>> Test Results - Epoch[72] <<<
    Balanced Accuracy: 0.50100
    Accuracy: 0.13664
    Pose Loss: 0.85836
    Pose Recall Neg: 0.00200
    Pose Recall Pos: 1.00000
    MCC: 0.01645
    PR AUC: 0.16771
    MAE: 1.90830
    RMSE: 2.36366
    Pearson R: 0.18980
    Spearman Rho: 0.19459
    C-index: 0.56920
    EF_1pct: 0.63085
    EF_5pct: 0.70595
    Success_at_1: 0.00000
    Success_at_5: 0.00000
    Success_at_10: 0.00000
    Affinity Loss: 1.55040
    Loss: 2.40876
    test_ema: Pose=0.8486, BalAcc=0.5019, PR=0.1694, Rneg=0.0045, Rpos=0.9993, MAE=1.8010, RMSE=2.2216, r=0.2186, Cidx=0.5736
>>> Train Results - Epoch[74] <<<
    Balanced Accuracy: 0.50079
    Accuracy: 0.12651
    Pose Loss: 0.85729
    Pose Recall Neg: 0.00247
    Pose Recall Pos: 0.99910
    MCC: 0.01088
    PR AUC: 0.15235
    MAE: 1.51693
    RMSE: 1.85916
    Pearson R: 0.45005
    Spearman Rho: 0.42233
    C-index: 0.64674
    EF_1pct: 1.22327
    EF_5pct: 1.01822
    Success_at_1: 0.00000
    Success_at_5: 1.00000
    Success_at_10: 1.00000
    Affinity Loss: 1.14960
    Loss: 2.00689
    Epoch Time: 58.00961
    Elapsed Time: 4302.73828
    lr: 0.000717
    train_ema: Pose=0.8552, BalAcc=0.5005, PR=0.1551, Rneg=0.0014, Rpos=0.9996, MAE=1.5643, RMSE=1.9173, r=0.4293, Cidx=0.6369
>>> Test Results - Epoch[74] <<<
    Balanced Accuracy: 0.50671
    Accuracy: 0.14768
    Pose Loss: 0.85088
    Pose Recall Neg: 0.01502
    Pose Recall Pos: 0.99839
    MCC: 0.04014
    PR AUC: 0.18133
    MAE: 1.76264
    RMSE: 2.16257
    Pearson R: 0.23852
    Spearman Rho: 0.23414
    C-index: 0.57138
    EF_1pct: 0.94628
    EF_5pct: 0.96266
    Success_at_1: 0.00000
    Success_at_5: 0.00000
    Success_at_10: 1.00000
    Affinity Loss: 1.38723
    Loss: 2.23811
    test_ema: Pose=0.8493, BalAcc=0.5033, PR=0.1729, Rneg=0.0076, Rpos=0.9990, MAE=1.7895, RMSE=2.2039, r=0.2245, Cidx=0.5729
>>> Train Results - Epoch[76] <<<
    Balanced Accuracy: 0.50072
    Accuracy: 0.12630
    Pose Loss: 0.87201
    Pose Recall Neg: 0.00222
    Pose Recall Pos: 0.99923
    MCC: 0.01057
    PR AUC: 0.15647
    MAE: 1.58946
    RMSE: 1.94958
    Pearson R: 0.47058
    Spearman Rho: 0.44007
    C-index: 0.65178
    EF_1pct: 0.99149
    EF_5pct: 1.04400
    Success_at_1: 0.00000
    Success_at_5: 1.00000
    Success_at_10: 1.00000
    Affinity Loss: 1.22724
    Loss: 2.09925
    Epoch Time: 58.09319
    Elapsed Time: 4418.94594
    lr: 0.000702
    train_ema: Pose=0.8602, BalAcc=0.5006, PR=0.1555, Rneg=0.0017, Rpos=0.9995, MAE=1.5719, RMSE=1.9270, r=0.4417, Cidx=0.6413
>>> Test Results - Epoch[76] <<<
    Balanced Accuracy: 0.50778
    Accuracy: 0.15071
    Pose Loss: 0.86687
    Pose Recall Neg: 0.01877
    Pose Recall Pos: 0.99679
    MCC: 0.04152
    PR AUC: 0.16864
    MAE: 1.83657
    RMSE: 2.25824
    Pearson R: 0.25604
    Spearman Rho: 0.21832
    C-index: 0.57174
    EF_1pct: 0.78857
    EF_5pct: 0.86640
    Success_at_1: 0.00000
    Success_at_5: 0.00000
    Success_at_10: 1.00000
    Affinity Loss: 1.46936
    Loss: 2.33623
    test_ema: Pose=0.8546, BalAcc=0.5047, PR=0.1717, Rneg=0.0110, Rpos=0.9984, MAE=1.8036, RMSE=2.2202, r=0.2340, Cidx=0.5726
>>> Train Results - Epoch[78] <<<
    Balanced Accuracy: 0.50089
    Accuracy: 0.12669
    Pose Loss: 0.87324
    Pose Recall Neg: 0.00268
    Pose Recall Pos: 0.99910
    MCC: 0.01183
    PR AUC: 0.15475
    MAE: 1.47313
    RMSE: 1.81285
    Pearson R: 0.48029
    Spearman Rho: 0.45853
    C-index: 0.65542
    EF_1pct: 1.13313
    EF_5pct: 1.08524
    Success_at_1: 1.00000
    Success_at_5: 1.00000
    Success_at_10: 1.00000
    Affinity Loss: 1.10252
    Loss: 1.97576
    Epoch Time: 58.02301
    Elapsed Time: 4535.35394
    lr: 0.000688
    train_ema: Pose=0.8641, BalAcc=0.5007, PR=0.1553, Rneg=0.0020, Rpos=0.9994, MAE=1.5423, RMSE=1.8928, r=0.4533, Cidx=0.6456
>>> Test Results - Epoch[78] <<<
    Balanced Accuracy: 0.50753
    Accuracy: 0.15028
    Pose Loss: 0.86540
    Pose Recall Neg: 0.01827
    Pose Recall Pos: 0.99679
    MCC: 0.04071
    PR AUC: 0.16871
    MAE: 1.73841
    RMSE: 2.12416
    Pearson R: 0.26433
    Spearman Rho: 0.23907
    C-index: 0.58008
    EF_1pct: 1.57713
    EF_5pct: 1.09102
    Success_at_1: 0.00000
    Success_at_5: 0.00000
    Success_at_10: 0.00000
    Affinity Loss: 1.35447
    Loss: 2.21987
    test_ema: Pose=0.8578, BalAcc=0.5055, PR=0.1708, Rneg=0.0132, Rpos=0.9979, MAE=1.7841, RMSE=2.1914, r=0.2431, Cidx=0.5748
  [DEBUG] Grad norms:
    rbf_centers: 0.0706
    rbf_widths: 0.1347
    stem: 0.0729
    pair_in: 0.0894
    blocks: 0.1371
    pool_att: 0.0215
    pair_proj: 0.0432
    affinity_head: 0.7975
    pose_head: 0.0094
    calib: 0.1173
>>> Train Results - Epoch[80] <<<
    Balanced Accuracy: 0.50014
    Accuracy: 0.12479
    Pose Loss: 0.87590
    Pose Recall Neg: 0.00040
    Pose Recall Pos: 0.99987
    MCC: 0.00471
    PR AUC: 0.16012
    MAE: 1.50449
    RMSE: 1.84614
    Pearson R: 0.45477
    Spearman Rho: 0.44557
    C-index: 0.65332
    EF_1pct: 1.06875
    EF_5pct: 0.95636
    Success_at_1: 1.00000
    Success_at_5: 1.00000
    Success_at_10: 1.00000
    Affinity Loss: 1.13536
    Loss: 2.01126
    Epoch Time: 57.92794
    Elapsed Time: 4651.40465
    lr: 0.000673
    train_ema: Pose=0.8677, BalAcc=0.5005, PR=0.1567, Rneg=0.0015, Rpos=0.9995, MAE=1.5309, RMSE=1.8788, r=0.4537, Cidx=0.6479
>>> Test Results - Epoch[80] <<<
    Balanced Accuracy: 0.50000
    Accuracy: 0.13491
    Pose Loss: 0.87225
    Pose Recall Neg: 0.00000
    Pose Recall Pos: 1.00000
    MCC: 0.00000
    PR AUC: 0.17312
    MAE: 1.68287
    RMSE: 2.06820
    Pearson R: 0.34453
    Spearman Rho: 0.32639
    C-index: 0.60731
    EF_1pct: 1.10399
    EF_5pct: 0.83431
    Success_at_1: 0.00000
    Success_at_5: 1.00000
    Success_at_10: 1.00000
    Affinity Loss: 1.30428
    Loss: 2.17653
    test_ema: Pose=0.8621, BalAcc=0.5039, PR=0.1715, Rneg=0.0092, Rpos=0.9985, MAE=1.7537, RMSE=2.1544, r=0.2735, Cidx=0.5846
>>> Train Results - Epoch[82] <<<
    Balanced Accuracy: 0.50007
    Accuracy: 0.12458
    Pose Loss: 0.85673
    Pose Recall Neg: 0.00015
    Pose Recall Pos: 1.00000
    MCC: 0.00427
    PR AUC: 0.16228
    MAE: 1.45177
    RMSE: 1.79902
    Pearson R: 0.48520
    Spearman Rho: 0.46815
    C-index: 0.65730
    EF_1pct: 1.04300
    EF_5pct: 1.03369
    Success_at_1: 0.00000
    Success_at_5: 0.00000
    Success_at_10: 1.00000
    Affinity Loss: 1.07748
    Loss: 1.93421
    Epoch Time: 58.01360
    Elapsed Time: 4767.44217
    lr: 0.000658
    train_ema: Pose=0.8644, BalAcc=0.5004, PR=0.1584, Rneg=0.0011, Rpos=0.9997, MAE=1.5072, RMSE=1.8548, r=0.4632, Cidx=0.6507
>>> Test Results - Epoch[82] <<<
    Balanced Accuracy: 0.50013
    Accuracy: 0.13512
    Pose Loss: 0.85141
    Pose Recall Neg: 0.00025
    Pose Recall Pos: 1.00000
    MCC: 0.00581
    PR AUC: 0.17321
    MAE: 1.69868
    RMSE: 2.08240
    Pearson R: 0.31405
    Spearman Rho: 0.29301
    C-index: 0.59624
    EF_1pct: 1.26171
    EF_5pct: 1.02684
    Success_at_1: 0.00000
    Success_at_5: 0.00000
    Success_at_10: 1.00000
    Affinity Loss: 1.31966
    Loss: 2.17107
    test_ema: Pose=0.8589, BalAcc=0.5027, PR=0.1720, Rneg=0.0065, Rpos=0.9990, MAE=1.7372, RMSE=2.1328, r=0.2857, Cidx=0.5881
>>> Train Results - Epoch[84] <<<
    Balanced Accuracy: 0.50000
    Accuracy: 0.12446
    Pose Loss: 0.84735
    Pose Recall Neg: 0.00000
    Pose Recall Pos: 1.00000
    MCC: 0.00000
    PR AUC: 0.15364
    MAE: 1.49758
    RMSE: 1.84065
    Pearson R: 0.44070
    Spearman Rho: 0.41034
    C-index: 0.64504
    EF_1pct: 1.26190
    EF_5pct: 1.10071
    Success_at_1: 0.00000
    Success_at_5: 1.00000
    Success_at_10: 1.00000
    Affinity Loss: 1.12586
    Loss: 1.97320
    Epoch Time: 58.17697
    Elapsed Time: 4883.83274
    lr: 0.000642
    train_ema: Pose=0.8593, BalAcc=0.5003, PR=0.1570, Rneg=0.0008, Rpos=0.9998, MAE=1.5043, RMSE=1.8506, r=0.4564, Cidx=0.6490
>>> Test Results - Epoch[84] <<<
    Balanced Accuracy: 0.50000
    Accuracy: 0.13491
    Pose Loss: 0.84131
    Pose Recall Neg: 0.00000
    Pose Recall Pos: 1.00000
    MCC: 0.00000
    PR AUC: 0.17960
    MAE: 1.74355
    RMSE: 2.14982
    Pearson R: 0.21898
    Spearman Rho: 0.18911
    C-index: 0.56352
    EF_1pct: 0.47314
    EF_5pct: 1.09102
    Success_at_1: 0.00000
    Success_at_5: 0.00000
    Success_at_10: 0.00000
    Affinity Loss: 1.36415
    Loss: 2.20546
    test_ema: Pose=0.8536, BalAcc=0.5019, PR=0.1743, Rneg=0.0046, Rpos=0.9993, MAE=1.7391, RMSE=2.1379, r=0.2657, Cidx=0.5807
>>> Train Results - Epoch[86] <<<
    Balanced Accuracy: 0.49998
    Accuracy: 0.12452
    Pose Loss: 0.86147
    Pose Recall Neg: 0.00009
    Pose Recall Pos: 0.99987
    MCC: -0.00125
    PR AUC: 0.16157
    MAE: 1.58440
    RMSE: 1.98056
    Pearson R: 0.49094
    Spearman Rho: 0.47707
    C-index: 0.66178
    EF_1pct: 0.83697
    EF_5pct: 0.96409
    Success_at_1: 0.00000
    Success_at_5: 0.00000
    Success_at_10: 0.00000
    Affinity Loss: 1.23000
    Loss: 2.09147
    Epoch Time: 58.05436
    Elapsed Time: 4999.83925
    lr: 0.000627
    train_ema: Pose=0.8599, BalAcc=0.5002, PR=0.1584, Rneg=0.0006, Rpos=0.9998, MAE=1.5283, RMSE=1.8896, r=0.4668, Cidx=0.6528
>>> Test Results - Epoch[86] <<<
    Balanced Accuracy: 0.50013
    Accuracy: 0.13512
    Pose Loss: 0.85544
    Pose Recall Neg: 0.00025
    Pose Recall Pos: 1.00000
    MCC: 0.00581
    PR AUC: 0.17066
    MAE: 1.85221
    RMSE: 2.27333
    Pearson R: 0.32146
    Spearman Rho: 0.31577
    C-index: 0.60324
    EF_1pct: 1.41942
    EF_5pct: 1.05893
    Success_at_1: 0.00000
    Success_at_5: 0.00000
    Success_at_10: 1.00000
    Affinity Loss: 1.48159
    Loss: 2.33703
    test_ema: Pose=0.8542, BalAcc=0.5014, PR=0.1732, Rneg=0.0033, Rpos=0.9995, MAE=1.7730, RMSE=2.1785, r=0.2824, Cidx=0.5875
>>> Train Results - Epoch[88] <<<
    Balanced Accuracy: 0.50014
    Accuracy: 0.12470
    Pose Loss: 0.86504
    Pose Recall Neg: 0.00027
    Pose Recall Pos: 1.00000
    MCC: 0.00585
    PR AUC: 0.15514
    MAE: 1.49302
    RMSE: 1.82972
    Pearson R: 0.45071
    Spearman Rho: 0.41955
    C-index: 0.64454
    EF_1pct: 1.32628
    EF_5pct: 1.03884
    Success_at_1: 0.00000
    Success_at_5: 0.00000
    Success_at_10: 1.00000
    Affinity Loss: 1.11990
    Loss: 1.98495
    Epoch Time: 58.04667
    Elapsed Time: 5115.82538
    lr: 0.000611
    train_ema: Pose=0.8615, BalAcc=0.5002, PR=0.1574, Rneg=0.0005, Rpos=0.9999, MAE=1.5177, RMSE=1.8716, r=0.4620, Cidx=0.6504
>>> Test Results - Epoch[88] <<<
    Balanced Accuracy: 0.50025
    Accuracy: 0.13534
    Pose Loss: 0.85954
    Pose Recall Neg: 0.00050
    Pose Recall Pos: 1.00000
    MCC: 0.00822
    PR AUC: 0.16549
    MAE: 1.73171
    RMSE: 2.13018
    Pearson R: 0.24604
    Spearman Rho: 0.19987
    C-index: 0.56532
    EF_1pct: 1.41942
    EF_5pct: 1.25146
    Success_at_1: 0.00000
    Success_at_5: 1.00000
    Success_at_10: 1.00000
    Affinity Loss: 1.35751
    Loss: 2.21705
    test_ema: Pose=0.8558, BalAcc=0.5010, PR=0.1709, Rneg=0.0024, Rpos=0.9996, MAE=1.7606, RMSE=2.1640, r=0.2715, Cidx=0.5808
  [DEBUG] Grad norms:
    rbf_centers: 0.0274
    rbf_widths: 0.1134
    stem: 0.0289
    pair_in: 0.0388
    blocks: 0.0525
    pool_att: 0.0108
    pair_proj: 0.0155
    affinity_head: 0.2824
    pose_head: 0.0142
    calib: 0.0424
>>> Train Results - Epoch[90] <<<
    Balanced Accuracy: 0.50011
    Accuracy: 0.12484
    Pose Loss: 0.82596
    Pose Recall Neg: 0.00048
    Pose Recall Pos: 0.99974
    MCC: 0.00341
    PR AUC: 0.15904
    MAE: 1.49697
    RMSE: 1.85705
    Pearson R: 0.47351
    Spearman Rho: 0.44889
    C-index: 0.65348
    EF_1pct: 1.35203
    EF_5pct: 1.08524
    Success_at_1: 0.00000
    Success_at_5: 1.00000
    Success_at_10: 1.00000
    Affinity Loss: 1.13397
    Loss: 1.95993
    Epoch Time: 58.18761
    Elapsed Time: 5232.13996
    lr: 0.000596
    train_ema: Pose=0.8508, BalAcc=0.5001, PR=0.1579, Rneg=0.0005, Rpos=0.9998, MAE=1.5115, RMSE=1.8672, r=0.4654, Cidx=0.6513
>>> Test Results - Epoch[90] <<<
    Balanced Accuracy: 0.50025
    Accuracy: 0.13534
    Pose Loss: 0.81815
    Pose Recall Neg: 0.00050
    Pose Recall Pos: 1.00000
    MCC: 0.00822
    PR AUC: 0.16567
    MAE: 1.76758
    RMSE: 2.19200
    Pearson R: 0.23065
    Spearman Rho: 0.20221
    C-index: 0.56906
    EF_1pct: 1.41942
    EF_5pct: 1.28355
    Success_at_1: 0.00000
    Success_at_5: 0.00000
    Success_at_10: 0.00000
    Affinity Loss: 1.39608
    Loss: 2.21422
    test_ema: Pose=0.8445, BalAcc=0.5008, PR=0.1693, Rneg=0.0019, Rpos=0.9998, MAE=1.7627, RMSE=2.1724, r=0.2592, Cidx=0.5773
>>> Train Results - Epoch[92] <<<
    Balanced Accuracy: 0.50039
    Accuracy: 0.12534
    Pose Loss: 0.85633
    Pose Recall Neg: 0.00104
    Pose Recall Pos: 0.99974
    MCC: 0.00844
    PR AUC: 0.16521
    MAE: 1.43059
    RMSE: 1.77214
    Pearson R: 0.50140
    Spearman Rho: 0.48412
    C-index: 0.66860
    EF_1pct: 1.21039
    EF_5pct: 1.01049
    Success_at_1: 0.00000
    Success_at_5: 0.00000
    Success_at_10: 1.00000
    Affinity Loss: 1.06041
    Loss: 1.91674
    Epoch Time: 57.89892
    Elapsed Time: 5348.08166
    lr: 0.000580
    train_ema: Pose=0.8525, BalAcc=0.5002, PR=0.1601, Rneg=0.0006, Rpos=0.9998, MAE=1.4872, RMSE=1.8387, r=0.4762, Cidx=0.6565
>>> Test Results - Epoch[92] <<<
    Balanced Accuracy: 0.50358
    Accuracy: 0.14227
    Pose Loss: 0.84757
    Pose Recall Neg: 0.00876
    Pose Recall Pos: 0.99839
    MCC: 0.02780
    PR AUC: 0.16262
    MAE: 1.66418
    RMSE: 2.03901
    Pearson R: 0.35918
    Spearman Rho: 0.33426
    C-index: 0.61154
    EF_1pct: 1.41942
    EF_5pct: 0.93058
    Success_at_1: 1.00000
    Success_at_5: 1.00000
    Success_at_10: 1.00000
    Affinity Loss: 1.28308
    Loss: 2.13064
    test_ema: Pose=0.8454, BalAcc=0.5016, PR=0.1673, Rneg=0.0039, Rpos=0.9993, MAE=1.7332, RMSE=2.1324, r=0.2892, Cidx=0.5876
>>> Train Results - Epoch[94] <<<
    Balanced Accuracy: 0.50061
    Accuracy: 0.12611
    Pose Loss: 0.86867
    Pose Recall Neg: 0.00200
    Pose Recall Pos: 0.99923
    MCC: 0.00941
    PR AUC: 0.16594
    MAE: 1.43849
    RMSE: 1.78318
    Pearson R: 0.49877
    Spearman Rho: 0.48266
    C-index: 0.67228
    EF_1pct: 0.82410
    EF_5pct: 0.96151
    Success_at_1: 0.00000
    Success_at_5: 0.00000
    Success_at_10: 1.00000
    Affinity Loss: 1.07536
    Loss: 1.94403
    Epoch Time: 58.02100
    Elapsed Time: 5464.16321
    lr: 0.000564
    train_ema: Pose=0.8573, BalAcc=0.5003, PR=0.1618, Rneg=0.0011, Rpos=0.9996, MAE=1.4726, RMSE=1.8221, r=0.4830, Cidx=0.6612
>>> Test Results - Epoch[94] <<<
    Balanced Accuracy: 0.50558
    Accuracy: 0.14573
    Pose Loss: 0.86307
    Pose Recall Neg: 0.01277
    Pose Recall Pos: 0.99839
    MCC: 0.03614
    PR AUC: 0.17330
    MAE: 1.61795
    RMSE: 2.01175
    Pearson R: 0.40493
    Spearman Rho: 0.39354
    C-index: 0.63596
    EF_1pct: 1.10399
    EF_5pct: 0.83431
    Success_at_1: 0.00000
    Success_at_5: 1.00000
    Success_at_10: 1.00000
    Affinity Loss: 1.24692
    Loss: 2.11000
    test_ema: Pose=0.8507, BalAcc=0.5028, PR=0.1691, Rneg=0.0066, Rpos=0.9991, MAE=1.6986, RMSE=2.0962, r=0.3239, Cidx=0.6021
>>> Train Results - Epoch[96] <<<
    Balanced Accuracy: 0.50021
    Accuracy: 0.12511
    Pose Loss: 0.82846
    Pose Recall Neg: 0.00081
    Pose Recall Pos: 0.99961
    MCC: 0.00505
    PR AUC: 0.15906
    MAE: 1.46785
    RMSE: 1.81106
    Pearson R: 0.48220
    Spearman Rho: 0.45392
    C-index: 0.65738
    EF_1pct: 1.05587
    EF_5pct: 1.09813
    Success_at_1: 0.00000
    Success_at_5: 0.00000
    Success_at_10: 0.00000
    Affinity Loss: 1.09741
    Loss: 1.92587
    Epoch Time: 58.05046
    Elapsed Time: 5580.28157
    lr: 0.000548
    train_ema: Pose=0.8487, BalAcc=0.5003, PR=0.1610, Rneg=0.0010, Rpos=0.9996, MAE=1.4712, RMSE=1.8188, r=0.4827, Cidx=0.6601
>>> Test Results - Epoch[96] <<<
    Balanced Accuracy: 0.50000
    Accuracy: 0.13491
    Pose Loss: 0.82111
    Pose Recall Neg: 0.00000
    Pose Recall Pos: 1.00000
    MCC: 0.00000
    PR AUC: 0.16514
    MAE: 1.69898
    RMSE: 2.09849
    Pearson R: 0.30124
    Spearman Rho: 0.29474
    C-index: 0.60122
    EF_1pct: 0.94628
    EF_5pct: 0.89849
    Success_at_1: 0.00000
    Success_at_5: 0.00000
    Success_at_10: 0.00000
    Affinity Loss: 1.32210
    Loss: 2.14322
    test_ema: Pose=0.8418, BalAcc=0.5020, PR=0.1679, Rneg=0.0046, Rpos=0.9993, MAE=1.6987, RMSE=2.0969, r=0.3171, Cidx=0.6018
>>> Train Results - Epoch[98] <<<
    Balanced Accuracy: 0.50088
    Accuracy: 0.12677
    Pose Loss: 0.86527
    Pose Recall Neg: 0.00279
    Pose Recall Pos: 0.99897
    MCC: 0.01144
    PR AUC: 0.16488
    MAE: 1.44913
    RMSE: 1.78551
    Pearson R: 0.49001
    Spearman Rho: 0.47024
    C-index: 0.66346
    EF_1pct: 1.00437
    EF_5pct: 1.00533
    Success_at_1: 1.00000
    Success_at_5: 1.00000
    Success_at_10: 1.00000
    Affinity Loss: 1.08164
    Loss: 1.94692
    Epoch Time: 58.11002
    Elapsed Time: 5696.50661
    lr: 0.000532
    train_ema: Pose=0.8537, BalAcc=0.5005, PR=0.1622, Rneg=0.0015, Rpos=0.9994, MAE=1.4646, RMSE=1.8088, r=0.4849, Cidx=0.6611
>>> Test Results - Epoch[98] <<<
    Balanced Accuracy: 0.50508
    Accuracy: 0.14487
    Pose Loss: 0.85748
    Pose Recall Neg: 0.01176
    Pose Recall Pos: 0.99839
    MCC: 0.03422
    PR AUC: 0.18853
    MAE: 1.66606
    RMSE: 2.03672
    Pearson R: 0.36222
    Spearman Rho: 0.33615
    C-index: 0.61505
    EF_1pct: 1.26171
    EF_5pct: 1.12311
    Success_at_1: 0.00000
    Success_at_5: 1.00000
    Success_at_10: 1.00000
    Affinity Loss: 1.28390
    Loss: 2.14138
    test_ema: Pose=0.8465, BalAcc=0.5029, PR=0.1741, Rneg=0.0068, Rpos=0.9991, MAE=1.6889, RMSE=2.0788, r=0.3307, Cidx=0.6058
  [DEBUG] Grad norms:
    rbf_centers: 0.0844
    rbf_widths: 0.2078
    stem: 0.0749
    pair_in: 0.1143
    blocks: 0.1654
    pool_att: 0.0269
    pair_proj: 0.0431
    affinity_head: 0.8856
    pose_head: 0.0179
    calib: 0.1299
>>> Train Results - Epoch[100] <<<
    Balanced Accuracy: 0.50138
    Accuracy: 0.12755
    Pose Loss: 0.83934
    Pose Recall Neg: 0.00366
    Pose Recall Pos: 0.99910
    MCC: 0.01585
    PR AUC: 0.16570
    MAE: 1.48009
    RMSE: 1.82612
    Pearson R: 0.49908
    Spearman Rho: 0.48988
    C-index: 0.67080
    EF_1pct: 0.97861
    EF_5pct: 1.01307
    Success_at_1: 0.00000
    Success_at_5: 0.00000
    Success_at_10: 1.00000
    Affinity Loss: 1.11431
    Loss: 1.95365
    Epoch Time: 58.00935
    Elapsed Time: 5812.52442
    lr: 0.000516
    train_ema: Pose=0.8494, BalAcc=0.5007, PR=0.1632, Rneg=0.0022, Rpos=0.9993, MAE=1.4692, RMSE=1.8140, r=0.4892, Cidx=0.6640
>>> Test Results - Epoch[100] <<<
    Balanced Accuracy: 0.50388
    Accuracy: 0.14162
    Pose Loss: 0.83526
    Pose Recall Neg: 0.00776
    Pose Recall Pos: 1.00000
    MCC: 0.03246
    PR AUC: 0.16867
    MAE: 1.69737
    RMSE: 2.10351
    Pearson R: 0.33531
    Spearman Rho: 0.32780
    C-index: 0.60924
    EF_1pct: 1.41942
    EF_5pct: 1.05893
    Success_at_1: 0.00000
    Success_at_5: 1.00000
    Success_at_10: 1.00000
    Affinity Loss: 1.32838
    Loss: 2.16364
    test_ema: Pose=0.8431, BalAcc=0.5032, PR=0.1725, Rneg=0.0071, Rpos=0.9993, MAE=1.6915, RMSE=2.0862, r=0.3321, Cidx=0.6068
