==============================================================================
BIEN DO (spread = max - min) tren cac lan danh gia co Epoch >= 60
==============================================================================

--- Balanced Accuracy ---
  GeoFormerDock                n=21  [0.6258, 0.8295]  bien do=0.2037  mean=0.7702  std=0.0564
  Pafnucy                      n=21  [0.6949, 0.7897]  bien do=0.0948  mean=0.7566  std=0.0264
  GNINA-Ds                     n=21  [0.5860, 0.7871]  bien do=0.2011  mean=0.7326  std=0.0453
  GNINA-D18                    n=21  [0.6562, 0.7614]  bien do=0.1053  mean=0.7219  std=0.0288

--- PR AUC ---
  GeoFormerDock                n=21  [0.5630, 0.6459]  bien do=0.0829  mean=0.6158  std=0.0246
  Pafnucy                      n=21  [0.4954, 0.5622]  bien do=0.0668  mean=0.5413  std=0.0174
  GNINA-Ds                     n=21  [0.4430, 0.5192]  bien do=0.0762  mean=0.4864  std=0.0249
  GNINA-D18                    n=21  [0.4520, 0.4915]  bien do=0.0395  mean=0.4751  std=0.0120

==============================================================================
KIEM TRA ROI NHAU — moc: GeoFormerDock (primary model)
==============================================================================

--- Balanced Accuracy ---
  GeoFormerDock                [0.6258, 0.8295]  (moc)
  Pafnucy                      [0.6949, 0.7897]  -> CHỒNG LẤN
  GNINA-Ds                     [0.5860, 0.7871]  -> CHỒNG LẤN
  GNINA-D18                    [0.6562, 0.7614]  -> CHỒNG LẤN
  => CHỒNG LẤN VỚI ÍT NHẤT MỘT BASELINE — kết luận PHỤ THUỘC epoch được chọn (primary_min=0.6258 vs max(others)=0.7897)

--- PR AUC ---
  GeoFormerDock                [0.5630, 0.6459]  (moc)
  Pafnucy                      [0.4954, 0.5622]  -> RỜI NHAU (primary luôn cao hơn)
  GNINA-Ds                     [0.4430, 0.5192]  -> RỜI NHAU (primary luôn cao hơn)
  GNINA-D18                    [0.4520, 0.4915]  -> RỜI NHAU (primary luôn cao hơn)
  => RỜI NHAU KHỎI MỌI BASELINE — kết luận không phụ thuộc cách chọn checkpoint (primary_min=0.5630 vs max(others)=0.5622)

Da ghi: results/logs/checkpoint_robustness_e60.tsv
