--- GNINA TRAINING (5-Loss Pipeline): equibind ---

=== TARGET STATISTICS ===
  [DEBUG] Affinity target stats (N=7758):
    mean=6.318  std=2.047
    p01=2.310      p05=3.020      p25=4.712      p50=6.400      p75=7.800      p95=9.700      p99=11.200  
  [DEBUG] Pose sample stats: total=62335, valid=62335, ignored=0, bad=54577, good=7758
          valid ratio: bad=0.8755, good=0.1245
  [NORM] pK mean=6.318, std=2.047
  Pose prior init: disabled by --disable_pose_prior_init
  Pose prior init: skipped (no final 2-logit pose layer found)
  Calibration head: scale=1.0, bias=0.0 (z-space; frozen — no drift)
  Using eager mode for equibind
  Model parameters: 532,009
  Optimizer: AdamW(lr=0.0001, wd=0.01)
  Loss (Pose): Focal(γ=2.0, α_good=0.75, α_bad=0.25); λ_pose=1.2, pose_scale=0.5, w_pose=0.85, w_aff=0.15, warmup_epochs=0, pose_only_epochs=4, class_norm=True, batch_balance=True
  Loss 1 (Regression): ConfidenceAware(scale=1.0)
  Loss 2 (Ranking): SoftProbabilistic(scale=0.05, τ=1.0, pairs=128)
  Loss 3 (DistAlign): scale=0.02
  Loss 4 (Anchor): scale=0.01
  Early stopping: composite = 0.500*C-index + 0.500*Balanced Accuracy (min_delta=0.0005, patience=12)
------------------------------------------------------------------------------
  [Train Results  epoch 2]  epoch_t=62.91s  total_t=127s
  Pose=1.0624 | Aff=12.0000 | BalAcc=0.5095 | Acc=0.2198 | Rneg=0.1238 | Rpos=0.8953 | MAE=12.0669 | RMSE=12.3355 | r=-0.0169 | rho=-0.0028 | Cidx=0.5043 | PR=0.1264
    lr: 0.000100
    train_ema: Pose=1.0624, BalAcc=0.5095, PR=0.1264, Rneg=0.1238, Rpos=0.8953, MAE=12.0669, RMSE=12.3355, r=-0.0169, Cidx=0.5043
------------------------------------------------------------------------------
  [Test Results  epoch 2]
  Pose=1.1930 | Aff=11.7682 | BalAcc=0.5111 | Acc=0.2150 | Rneg=0.1056 | Rpos=0.9165 | MAE=11.8676 | RMSE=12.1479 | r=0.0624 | rho=0.0760 | Cidx=0.5235 | PR=0.1343
    test_ema: Pose=1.1930, BalAcc=0.5111, PR=0.1343, Rneg=0.1056, Rpos=0.9165, MAE=11.8676, RMSE=12.1479, r=0.0624, Cidx=0.5235
------------------------------------------------------------------------------
  [Train Results  epoch 4]  epoch_t=63.52s  total_t=253s
  Pose=0.8397 | Aff=12.2874 | BalAcc=0.5015 | Acc=0.1382 | Rneg=0.0178 | Rpos=0.9853 | MAE=12.3450 | RMSE=12.7017 | r=-0.1602 | rho=-0.1453 | Cidx=0.4512 | PR=0.1355
  ΔPose=-0.2227 | ΔAff=+0.2873 | ΔBalAcc=-0.0080 | ΔAcc=-0.0816 | ΔRneg=-0.1060 | ΔRpos=+0.0900 | ΔMAE=+0.2781 | ΔRMSE=+0.3661 | Δr=-0.1434 | Δrho=-0.1425 | ΔCidx=-0.0531 | ΔPR=+0.0091
    lr: 0.000100
    train_ema: Pose=0.9956, BalAcc=0.5071, PR=0.1291, Rneg=0.0920, Rpos=0.9223, MAE=12.1504, RMSE=12.4454, r=-0.0599, Cidx=0.4884
------------------------------------------------------------------------------
  [Test Results  epoch 4]
  Pose=0.8399 | Aff=11.9668 | BalAcc=0.5040 | Acc=0.1429 | Rneg=0.0095 | Rpos=0.9984 | MAE=12.0917 | RMSE=12.4970 | r=-0.2094 | rho=-0.2162 | Cidx=0.4264 | PR=0.1384
  ΔPose=-0.3531 | ΔAff=+0.1986 | ΔBalAcc=-0.0071 | ΔAcc=-0.0721 | ΔRneg=-0.0961 | ΔRpos=+0.0819 | ΔMAE=+0.2241 | ΔRMSE=+0.3491 | Δr=-0.2718 | Δrho=-0.2923 | ΔCidx=-0.0972 | ΔPR=+0.0042
    test_ema: Pose=1.0871, BalAcc=0.5089, PR=0.1355, Rneg=0.0768, Rpos=0.9411, MAE=11.9349, RMSE=12.2526, r=-0.0191, Cidx=0.4944
------------------------------------------------------------------------------
  [Train Results  epoch 6]  epoch_t=63.22s  total_t=380s
  Pose=0.8394 | Aff=1.2105 | BalAcc=0.5033 | Acc=0.1444 | Rneg=0.0254 | Rpos=0.9812 | MAE=1.5820 | RMSE=1.9378 | r=0.3828 | rho=0.3470 | Cidx=0.6205 | PR=0.1411
  ΔPose=-0.0003 | ΔAff=-11.0769 | ΔBalAcc=+0.0018 | ΔAcc=+0.0062 | ΔRneg=+0.0076 | ΔRpos=-0.0041 | ΔMAE=-10.7631 | ΔRMSE=-10.7639 | Δr=+0.5430 | Δrho=+0.4922 | ΔCidx=+0.1693 | ΔPR=+0.0056
    lr: 0.000100
    train_ema: Pose=0.9487, BalAcc=0.5060, PR=0.1327, Rneg=0.0720, Rpos=0.9400, MAE=8.9798, RMSE=9.2931, r=0.0729, Cidx=0.5280
------------------------------------------------------------------------------
  [Test Results  epoch 6]
  Pose=0.8465 | Aff=1.3897 | BalAcc=0.5021 | Acc=0.1455 | Rneg=0.0138 | Rpos=0.9904 | MAE=1.7812 | RMSE=2.1899 | r=0.2192 | rho=0.2335 | Cidx=0.5759 | PR=0.1564
  ΔPose=+0.0067 | ΔAff=-10.5771 | ΔBalAcc=-0.0019 | ΔAcc=+0.0026 | ΔRneg=+0.0043 | ΔRpos=-0.0080 | ΔMAE=-10.3105 | ΔRMSE=-10.3071 | Δr=+0.4286 | Δrho=+0.4497 | ΔCidx=+0.1496 | ΔPR=+0.0180
    test_ema: Pose=1.0149, BalAcc=0.5069, PR=0.1418, Rneg=0.0579, Rpos=0.9559, MAE=8.8888, RMSE=9.2338, r=0.0524, Cidx=0.5188
------------------------------------------------------------------------------
  [Train Results  epoch 8]  epoch_t=63.28s  total_t=507s
  Pose=0.8898 | Aff=1.1610 | BalAcc=0.5002 | Acc=0.1253 | Rneg=0.0010 | Rpos=0.9994 | MAE=1.5294 | RMSE=1.8817 | r=0.4236 | rho=0.4064 | Cidx=0.6373 | PR=0.1272
  ΔPose=+0.0504 | ΔAff=-0.0495 | ΔBalAcc=-0.0031 | ΔAcc=-0.0191 | ΔRneg=-0.0244 | ΔRpos=+0.0182 | ΔMAE=-0.0525 | ΔRMSE=-0.0561 | Δr=+0.0408 | Δrho=+0.0595 | ΔCidx=+0.0168 | ΔPR=-0.0139
    lr: 0.000100
    train_ema: Pose=0.9310, BalAcc=0.5043, PR=0.1311, Rneg=0.0507, Rpos=0.9578, MAE=6.7447, RMSE=7.0697, r=0.1781, Cidx=0.5608
------------------------------------------------------------------------------
  [Test Results  epoch 8]
  Pose=0.8874 | Aff=1.3849 | BalAcc=0.5006 | Acc=0.1360 | Rneg=0.0013 | Rpos=1.0000 | MAE=1.7840 | RMSE=2.2103 | r=0.2146 | rho=0.2273 | Cidx=0.5778 | PR=0.1396
  ΔPose=+0.0408 | ΔAff=-0.0048 | ΔBalAcc=-0.0014 | ΔAcc=-0.0095 | ΔRneg=-0.0125 | ΔRpos=+0.0096 | ΔMAE=+0.0028 | ΔRMSE=+0.0203 | Δr=-0.0045 | Δrho=-0.0062 | ΔCidx=+0.0019 | ΔPR=-0.0169
    test_ema: Pose=0.9766, BalAcc=0.5050, PR=0.1411, Rneg=0.0409, Rpos=0.9691, MAE=6.7573, RMSE=7.1268, r=0.1011, Cidx=0.5365
------------------------------------------------------------------------------
  [Train Results  epoch 10]  epoch_t=63.34s  total_t=634s
  Pose=0.8648 | Aff=1.2091 | BalAcc=0.4999 | Acc=0.1263 | Rneg=0.0025 | Rpos=0.9973 | MAE=1.5752 | RMSE=1.9283 | r=0.4321 | rho=0.3945 | Cidx=0.6357 | PR=0.1469
  ΔPose=-0.0250 | ΔAff=+0.0481 | ΔBalAcc=-0.0003 | ΔAcc=+0.0010 | ΔRneg=+0.0015 | ΔRpos=-0.0021 | ΔMAE=+0.0458 | ΔRMSE=+0.0466 | Δr=+0.0085 | Δrho=-0.0119 | ΔCidx=-0.0016 | ΔPR=+0.0197
    lr: 0.000100
    train_ema: Pose=0.9112, BalAcc=0.5029, PR=0.1358, Rneg=0.0362, Rpos=0.9696, MAE=5.1939, RMSE=5.5272, r=0.2543, Cidx=0.5833
------------------------------------------------------------------------------
  [Test Results  epoch 10]
  Pose=0.8700 | Aff=1.4328 | BalAcc=0.5005 | Acc=0.1358 | Rneg=0.0010 | Rpos=1.0000 | MAE=1.8201 | RMSE=2.2626 | r=0.2132 | rho=0.2154 | Cidx=0.5759 | PR=0.1616
  ΔPose=-0.0173 | ΔAff=+0.0479 | ΔBalAcc=-0.0001 | ΔAcc=-0.0002 | ΔRneg=-0.0003 | ΔMAE=+0.0361 | ΔRMSE=+0.0523 | Δr=-0.0015 | Δrho=-0.0119 | ΔCidx=-0.0019 | ΔPR=+0.0220
    test_ema: Pose=0.9447, BalAcc=0.5037, PR=0.1473, Rneg=0.0289, Rpos=0.9784, MAE=5.2762, RMSE=5.6675, r=0.1347, Cidx=0.5483
------------------------------------------------------------------------------
  [Train Results  epoch 12]  epoch_t=63.35s  total_t=761s
  Pose=0.8670 | Aff=1.1951 | BalAcc=0.5000 | Acc=0.1251 | Rneg=0.0009 | Rpos=0.9991 | MAE=1.5641 | RMSE=1.9200 | r=0.4614 | rho=0.4339 | Cidx=0.6488 | PR=0.1392
  ΔPose=+0.0022 | ΔAff=-0.0139 | ΔBalAcc=+0.0001 | ΔAcc=-0.0012 | ΔRneg=-0.0016 | ΔRpos=+0.0018 | ΔMAE=-0.0112 | ΔRMSE=-0.0083 | Δr=+0.0294 | Δrho=+0.0394 | ΔCidx=+0.0132 | ΔPR=-0.0077
    lr: 0.000100
    train_ema: Pose=0.8979, BalAcc=0.5021, PR=0.1368, Rneg=0.0256, Rpos=0.9785, MAE=4.1049, RMSE=4.4451, r=0.3164, Cidx=0.6029
------------------------------------------------------------------------------
  [Test Results  epoch 12]
  Pose=0.8704 | Aff=1.3673 | BalAcc=0.4999 | Acc=0.1360 | Rneg=0.0015 | Rpos=0.9984 | MAE=1.7390 | RMSE=2.1912 | r=0.2895 | rho=0.3046 | Cidx=0.6009 | PR=0.1477
  ΔPose=+0.0004 | ΔAff=-0.0655 | ΔBalAcc=-0.0006 | ΔAcc=+0.0002 | ΔRneg=+0.0005 | ΔRpos=-0.0016 | ΔMAE=-0.0811 | ΔRMSE=-0.0714 | Δr=+0.0763 | Δrho=+0.0893 | ΔCidx=+0.0250 | ΔPR=-0.0139
    test_ema: Pose=0.9224, BalAcc=0.5025, PR=0.1474, Rneg=0.0207, Rpos=0.9844, MAE=4.2150, RMSE=4.6246, r=0.1811, Cidx=0.5641
------------------------------------------------------------------------------
  [Train Results  epoch 14]  epoch_t=63.80s  total_t=888s
  Pose=0.8789 | Aff=1.1457 | BalAcc=0.5000 | Acc=0.1246 | Rneg=0.0002 | Rpos=0.9997 | MAE=1.5160 | RMSE=1.8599 | r=0.4550 | rho=0.4252 | Cidx=0.6459 | PR=0.1277
  ΔPose=+0.0119 | ΔAff=-0.0494 | ΔBalAcc=+0.0000 | ΔAcc=-0.0005 | ΔRneg=-0.0006 | ΔRpos=+0.0006 | ΔMAE=-0.0481 | ΔRMSE=-0.0601 | Δr=-0.0064 | Δrho=-0.0087 | ΔCidx=-0.0029 | ΔPR=-0.0115
    lr: 0.000099
    train_ema: Pose=0.8922, BalAcc=0.5014, PR=0.1341, Rneg=0.0180, Rpos=0.9849, MAE=3.3283, RMSE=3.6695, r=0.3580, Cidx=0.6158
------------------------------------------------------------------------------
  [Test Results  epoch 14]
  Pose=0.8815 | Aff=1.2918 | BalAcc=0.5015 | Acc=0.1375 | Rneg=0.0030 | Rpos=1.0000 | MAE=1.6845 | RMSE=2.0941 | r=0.3251 | rho=0.3553 | Cidx=0.6210 | PR=0.1349
  ΔPose=+0.0111 | ΔAff=-0.0755 | ΔBalAcc=+0.0016 | ΔAcc=+0.0015 | ΔRneg=+0.0015 | ΔRpos=+0.0016 | ΔMAE=-0.0545 | ΔRMSE=-0.0972 | Δr=+0.0356 | Δrho=+0.0506 | ΔCidx=+0.0202 | ΔPR=-0.0128
    test_ema: Pose=0.9101, BalAcc=0.5022, PR=0.1437, Rneg=0.0154, Rpos=0.9891, MAE=3.4559, RMSE=3.8655, r=0.2243, Cidx=0.5812
------------------------------------------------------------------------------
  [Train Results  epoch 16]  epoch_t=63.58s  total_t=1015s
  Pose=0.8680 | Aff=1.1055 | BalAcc=0.5000 | Acc=0.1245 | Rneg=0.0001 | Rpos=1.0000 | MAE=1.4756 | RMSE=1.8313 | r=0.4668 | rho=0.4590 | Cidx=0.6531 | PR=0.1373
  ΔPose=-0.0108 | ΔAff=-0.0402 | ΔBalAcc=+0.0001 | ΔAcc=-0.0001 | ΔRneg=-0.0001 | ΔRpos=+0.0003 | ΔMAE=-0.0404 | ΔRMSE=-0.0285 | Δr=+0.0118 | Δrho=+0.0338 | ΔCidx=+0.0072 | ΔPR=+0.0096
    lr: 0.000099
    train_ema: Pose=0.8849, BalAcc=0.5010, PR=0.1351, Rneg=0.0126, Rpos=0.9894, MAE=2.7724, RMSE=3.1181, r=0.3907, Cidx=0.6270
------------------------------------------------------------------------------
  [Test Results  epoch 16]
  Pose=0.8680 | Aff=1.2379 | BalAcc=0.5000 | Acc=0.1349 | Rneg=0.0000 | Rpos=1.0000 | MAE=1.6259 | RMSE=2.0691 | r=0.3396 | rho=0.3608 | Cidx=0.6255 | PR=0.1512
  ΔPose=-0.0136 | ΔAff=-0.0539 | ΔBalAcc=-0.0015 | ΔAcc=-0.0026 | ΔRneg=-0.0030 | ΔMAE=-0.0586 | ΔRMSE=-0.0250 | Δr=+0.0145 | Δrho=+0.0055 | ΔCidx=+0.0045 | ΔPR=+0.0163
    test_ema: Pose=0.8975, BalAcc=0.5016, PR=0.1459, Rneg=0.0108, Rpos=0.9923, MAE=2.9069, RMSE=3.3265, r=0.2589, Cidx=0.5945
------------------------------------------------------------------------------
  [Train Results  epoch 18]  epoch_t=63.49s  total_t=1142s
  Pose=0.8667 | Aff=1.0546 | BalAcc=0.5006 | Acc=0.1261 | Rneg=0.0020 | Rpos=0.9992 | MAE=1.4206 | RMSE=1.7621 | r=0.5237 | rho=0.5160 | Cidx=0.6771 | PR=0.1432
  ΔPose=-0.0014 | ΔAff=-0.0509 | ΔBalAcc=+0.0006 | ΔAcc=+0.0016 | ΔRneg=+0.0019 | ΔRpos=-0.0008 | ΔMAE=-0.0549 | ΔRMSE=-0.0692 | Δr=+0.0568 | Δrho=+0.0570 | ΔCidx=+0.0240 | ΔPR=+0.0058
    lr: 0.000099
    train_ema: Pose=0.8795, BalAcc=0.5009, PR=0.1375, Rneg=0.0094, Rpos=0.9923, MAE=2.3669, RMSE=2.7113, r=0.4306, Cidx=0.6420
------------------------------------------------------------------------------
  [Test Results  epoch 18]
  Pose=0.8677 | Aff=1.2463 | BalAcc=0.5001 | Acc=0.1351 | Rneg=0.0003 | Rpos=1.0000 | MAE=1.6303 | RMSE=2.0149 | r=0.4270 | rho=0.4491 | Cidx=0.6554 | PR=0.1448
  ΔPose=-0.0002 | ΔAff=+0.0084 | ΔBalAcc=+0.0001 | ΔAcc=+0.0002 | ΔRneg=+0.0003 | ΔMAE=+0.0044 | ΔRMSE=-0.0542 | Δr=+0.0874 | Δrho=+0.0883 | ΔCidx=+0.0298 | ΔPR=-0.0064
    test_ema: Pose=0.8886, BalAcc=0.5011, PR=0.1456, Rneg=0.0076, Rpos=0.9946, MAE=2.5239, RMSE=2.9330, r=0.3093, Cidx=0.6127
------------------------------------------------------------------------------
  [Train Results  epoch 20]  epoch_t=63.00s  total_t=1269s
  Pose=0.8635 | Aff=1.0465 | BalAcc=0.5009 | Acc=0.1273 | Rneg=0.0034 | Rpos=0.9985 | MAE=1.4126 | RMSE=1.7585 | r=0.5234 | rho=0.5207 | Cidx=0.6814 | PR=0.1489
  ΔPose=-0.0031 | ΔAff=-0.0081 | ΔBalAcc=+0.0003 | ΔAcc=+0.0012 | ΔRneg=+0.0014 | ΔRpos=-0.0008 | ΔMAE=-0.0080 | ΔRMSE=-0.0036 | Δr=-0.0002 | Δrho=+0.0047 | ΔCidx=+0.0044 | ΔPR=+0.0057
    lr: 0.000098
    train_ema: Pose=0.8747, BalAcc=0.5009, PR=0.1409, Rneg=0.0076, Rpos=0.9942, MAE=2.0806, RMSE=2.4254, r=0.4584, Cidx=0.6538
------------------------------------------------------------------------------
  [Test Results  epoch 20]
  Pose=0.8622 | Aff=1.2203 | BalAcc=0.5000 | Acc=0.1349 | Rneg=0.0000 | Rpos=1.0000 | MAE=1.6073 | RMSE=2.0200 | r=0.3864 | rho=0.4073 | Cidx=0.6415 | PR=0.1470
  ΔPose=-0.0055 | ΔAff=-0.0260 | ΔBalAcc=-0.0001 | ΔAcc=-0.0002 | ΔRneg=-0.0003 | ΔMAE=-0.0230 | ΔRMSE=+0.0052 | Δr=-0.0406 | Δrho=-0.0418 | ΔCidx=-0.0139 | ΔPR=+0.0022
    test_ema: Pose=0.8807, BalAcc=0.5008, PR=0.1460, Rneg=0.0053, Rpos=0.9963, MAE=2.2489, RMSE=2.6591, r=0.3324, Cidx=0.6214
------------------------------------------------------------------------------
  [Train Results  epoch 22]  epoch_t=63.02s  total_t=1395s
  Pose=0.8589 | Aff=1.0684 | BalAcc=0.4998 | Acc=0.1244 | Rneg=0.0000 | Rpos=0.9995 | MAE=1.4297 | RMSE=1.7826 | r=0.5147 | rho=0.5071 | Cidx=0.6735 | PR=0.1433
  ΔPose=-0.0046 | ΔAff=+0.0219 | ΔBalAcc=-0.0012 | ΔAcc=-0.0029 | ΔRneg=-0.0034 | ΔRpos=+0.0010 | ΔMAE=+0.0171 | ΔRMSE=+0.0241 | Δr=-0.0087 | Δrho=-0.0136 | ΔCidx=-0.0079 | ΔPR=-0.0056
    lr: 0.000098
    train_ema: Pose=0.8700, BalAcc=0.5006, PR=0.1416, Rneg=0.0054, Rpos=0.9958, MAE=1.8853, RMSE=2.2326, r=0.4753, Cidx=0.6597
------------------------------------------------------------------------------
  [Test Results  epoch 22]
  Pose=0.8570 | Aff=1.3204 | BalAcc=0.5000 | Acc=0.1349 | Rneg=0.0000 | Rpos=1.0000 | MAE=1.6987 | RMSE=2.1096 | r=0.3482 | rho=0.3676 | Cidx=0.6283 | PR=0.1484
  ΔPose=-0.0052 | ΔAff=+0.1002 | ΔMAE=+0.0914 | ΔRMSE=+0.0895 | Δr=-0.0382 | Δrho=-0.0397 | ΔCidx=-0.0132 | ΔPR=+0.0014
    test_ema: Pose=0.8735, BalAcc=0.5006, PR=0.1467, Rneg=0.0037, Rpos=0.9974, MAE=2.0839, RMSE=2.4943, r=0.3372, Cidx=0.6234
------------------------------------------------------------------------------
  [Train Results  epoch 24]  epoch_t=63.75s  total_t=1522s
  Pose=0.8628 | Aff=1.0266 | BalAcc=0.4999 | Acc=0.1245 | Rneg=0.0001 | Rpos=0.9996 | MAE=1.3879 | RMSE=1.7593 | r=0.5485 | rho=0.5447 | Cidx=0.6907 | PR=0.1493
  ΔPose=+0.0039 | ΔAff=-0.0418 | ΔBalAcc=+0.0001 | ΔAcc=+0.0001 | ΔRneg=+0.0001 | ΔRpos=+0.0001 | ΔMAE=-0.0418 | ΔRMSE=-0.0233 | Δr=+0.0337 | Δrho=+0.0376 | ΔCidx=+0.0172 | ΔPR=+0.0060
    lr: 0.000097
    train_ema: Pose=0.8678, BalAcc=0.5004, PR=0.1439, Rneg=0.0038, Rpos=0.9969, MAE=1.7361, RMSE=2.0906, r=0.4973, Cidx=0.6690
------------------------------------------------------------------------------
  [Test Results  epoch 24]
  Pose=0.8651 | Aff=1.3434 | BalAcc=0.5000 | Acc=0.1349 | Rneg=0.0000 | Rpos=1.0000 | MAE=1.7255 | RMSE=2.1362 | r=0.3664 | rho=0.3645 | Cidx=0.6237 | PR=0.1536
  ΔPose=+0.0081 | ΔAff=+0.0230 | ΔMAE=+0.0268 | ΔRMSE=+0.0266 | Δr=+0.0182 | Δrho=-0.0032 | ΔCidx=-0.0046 | ΔPR=+0.0052
    test_ema: Pose=0.8710, BalAcc=0.5004, PR=0.1488, Rneg=0.0026, Rpos=0.9982, MAE=1.9764, RMSE=2.3868, r=0.3459, Cidx=0.6235
------------------------------------------------------------------------------
  [Train Results  epoch 26]  epoch_t=63.54s  total_t=1649s
  Pose=0.8640 | Aff=1.0348 | BalAcc=0.5000 | Acc=0.1246 | Rneg=0.0002 | Rpos=0.9999 | MAE=1.3994 | RMSE=1.7680 | r=0.5687 | rho=0.5617 | Cidx=0.6949 | PR=0.1474
  ΔPose=+0.0012 | ΔAff=+0.0083 | ΔBalAcc=+0.0002 | ΔAcc=+0.0001 | ΔRneg=+0.0001 | ΔRpos=+0.0003 | ΔMAE=+0.0115 | ΔRMSE=+0.0087 | Δr=+0.0202 | Δrho=+0.0170 | ΔCidx=+0.0042 | ΔPR=-0.0019
    lr: 0.000097
    train_ema: Pose=0.8667, BalAcc=0.5003, PR=0.1450, Rneg=0.0027, Rpos=0.9978, MAE=1.6351, RMSE=1.9938, r=0.5187, Cidx=0.6768
------------------------------------------------------------------------------
  [Test Results  epoch 26]
  Pose=0.8612 | Aff=1.1734 | BalAcc=0.5004 | Acc=0.1356 | Rneg=0.0008 | Rpos=1.0000 | MAE=1.5387 | RMSE=1.9931 | r=0.4448 | rho=0.4463 | Cidx=0.6564 | PR=0.1562
  ΔPose=-0.0039 | ΔAff=-0.1700 | ΔBalAcc=+0.0004 | ΔAcc=+0.0006 | ΔRneg=+0.0008 | ΔMAE=-0.1868 | ΔRMSE=-0.1431 | Δr=+0.0784 | Δrho=+0.0818 | ΔCidx=+0.0328 | ΔPR=+0.0026
    test_ema: Pose=0.8681, BalAcc=0.5004, PR=0.1510, Rneg=0.0021, Rpos=0.9987, MAE=1.8451, RMSE=2.2687, r=0.3756, Cidx=0.6334
------------------------------------------------------------------------------
  [Train Results  epoch 28]  epoch_t=63.44s  total_t=1776s
  Pose=0.8626 | Aff=0.9554 | BalAcc=0.5000 | Acc=0.1246 | Rneg=0.0002 | Rpos=0.9997 | MAE=1.3180 | RMSE=1.6589 | r=0.5863 | rho=0.5781 | Cidx=0.7049 | PR=0.1501
  ΔPose=-0.0014 | ΔAff=-0.0795 | ΔBalAcc=-0.0001 | ΔAcc=-0.0000 | ΔRneg=-0.0000 | ΔRpos=-0.0001 | ΔMAE=-0.0813 | ΔRMSE=-0.1091 | Δr=+0.0176 | Δrho=+0.0163 | ΔCidx=+0.0100 | ΔPR=+0.0027
    lr: 0.000096
    train_ema: Pose=0.8654, BalAcc=0.5002, PR=0.1465, Rneg=0.0020, Rpos=0.9984, MAE=1.5400, RMSE=1.8933, r=0.5390, Cidx=0.6852
------------------------------------------------------------------------------
  [Test Results  epoch 28]
  Pose=0.8608 | Aff=1.1799 | BalAcc=0.5001 | Acc=0.1351 | Rneg=0.0003 | Rpos=1.0000 | MAE=1.5612 | RMSE=1.9536 | r=0.4485 | rho=0.4484 | Cidx=0.6491 | PR=0.1705
  ΔPose=-0.0004 | ΔAff=+0.0065 | ΔBalAcc=-0.0003 | ΔAcc=-0.0004 | ΔRneg=-0.0005 | ΔMAE=+0.0225 | ΔRMSE=-0.0394 | Δr=+0.0037 | Δrho=+0.0020 | ΔCidx=-0.0073 | ΔPR=+0.0142
    test_ema: Pose=0.8659, BalAcc=0.5003, PR=0.1569, Rneg=0.0015, Rpos=0.9991, MAE=1.7599, RMSE=2.1742, r=0.3975, Cidx=0.6381
------------------------------------------------------------------------------
  [Train Results  epoch 30]  epoch_t=63.27s  total_t=1903s
  Pose=0.8624 | Aff=1.0150 | BalAcc=0.4999 | Acc=0.1245 | Rneg=0.0001 | Rpos=0.9997 | MAE=1.3786 | RMSE=1.7208 | r=0.5459 | rho=0.5327 | Cidx=0.6833 | PR=0.1447
  ΔPose=-0.0002 | ΔAff=+0.0596 | ΔBalAcc=-0.0000 | ΔAcc=-0.0001 | ΔRneg=-0.0001 | ΔMAE=+0.0605 | ΔRMSE=+0.0619 | Δr=-0.0404 | Δrho=-0.0453 | ΔCidx=-0.0216 | ΔPR=-0.0054
    lr: 0.000096
    train_ema: Pose=0.8645, BalAcc=0.5001, PR=0.1460, Rneg=0.0014, Rpos=0.9988, MAE=1.4915, RMSE=1.8416, r=0.5410, Cidx=0.6846
------------------------------------------------------------------------------
  [Test Results  epoch 30]
  Pose=0.8567 | Aff=1.1746 | BalAcc=0.5000 | Acc=0.1349 | Rneg=0.0000 | Rpos=1.0000 | MAE=1.5487 | RMSE=1.9576 | r=0.4497 | rho=0.4688 | Cidx=0.6671 | PR=0.1649
  ΔPose=-0.0042 | ΔAff=-0.0053 | ΔBalAcc=-0.0001 | ΔAcc=-0.0002 | ΔRneg=-0.0003 | ΔMAE=-0.0125 | ΔRMSE=+0.0040 | Δr=+0.0012 | Δrho=+0.0204 | ΔCidx=+0.0180 | ΔPR=-0.0056
    test_ema: Pose=0.8631, BalAcc=0.5002, PR=0.1593, Rneg=0.0011, Rpos=0.9994, MAE=1.6965, RMSE=2.1092, r=0.4132, Cidx=0.6468
------------------------------------------------------------------------------
  [Train Results  epoch 32]  epoch_t=63.51s  total_t=2031s
  Pose=0.8633 | Aff=0.9844 | BalAcc=0.5008 | Acc=0.1262 | Rneg=0.0021 | Rpos=0.9996 | MAE=1.3491 | RMSE=1.7033 | r=0.5737 | rho=0.5633 | Cidx=0.7000 | PR=0.1464
  ΔPose=+0.0009 | ΔAff=-0.0306 | ΔBalAcc=+0.0009 | ΔAcc=+0.0017 | ΔRneg=+0.0020 | ΔRpos=-0.0001 | ΔMAE=-0.0295 | ΔRMSE=-0.0175 | Δr=+0.0279 | Δrho=+0.0305 | ΔCidx=+0.0168 | ΔPR=+0.0016
    lr: 0.000095
    train_ema: Pose=0.8641, BalAcc=0.5003, PR=0.1461, Rneg=0.0016, Rpos=0.9990, MAE=1.4488, RMSE=1.8001, r=0.5508, Cidx=0.6893
------------------------------------------------------------------------------
  [Test Results  epoch 32]
  Pose=0.8634 | Aff=1.2646 | BalAcc=0.5003 | Acc=0.1353 | Rneg=0.0005 | Rpos=1.0000 | MAE=1.6416 | RMSE=2.0630 | r=0.3785 | rho=0.3832 | Cidx=0.6307 | PR=0.1513
  ΔPose=+0.0067 | ΔAff=+0.0900 | ΔBalAcc=+0.0003 | ΔAcc=+0.0004 | ΔRneg=+0.0005 | ΔMAE=+0.0929 | ΔRMSE=+0.1054 | Δr=-0.0712 | Δrho=-0.0856 | ΔCidx=-0.0364 | ΔPR=-0.0136
    test_ema: Pose=0.8632, BalAcc=0.5002, PR=0.1569, Rneg=0.0009, Rpos=0.9996, MAE=1.6801, RMSE=2.0954, r=0.4027, Cidx=0.6420
------------------------------------------------------------------------------
  [Train Results  epoch 34]  epoch_t=63.55s  total_t=2158s
  Pose=0.8725 | Aff=0.9636 | BalAcc=0.4999 | Acc=0.1244 | Rneg=0.0000 | Rpos=0.9999 | MAE=1.3219 | RMSE=1.6757 | r=0.5893 | rho=0.5771 | Cidx=0.7047 | PR=0.1485
  ΔPose=+0.0092 | ΔAff=-0.0208 | ΔBalAcc=-0.0009 | ΔAcc=-0.0018 | ΔRneg=-0.0021 | ΔRpos=+0.0003 | ΔMAE=-0.0272 | ΔRMSE=-0.0275 | Δr=+0.0156 | Δrho=+0.0138 | ΔCidx=+0.0046 | ΔPR=+0.0021
    lr: 0.000094
    train_ema: Pose=0.8666, BalAcc=0.5002, PR=0.1468, Rneg=0.0011, Rpos=0.9993, MAE=1.4107, RMSE=1.7628, r=0.5624, Cidx=0.6939
------------------------------------------------------------------------------
  [Test Results  epoch 34]
  Pose=0.8681 | Aff=1.1417 | BalAcc=0.5000 | Acc=0.1349 | Rneg=0.0000 | Rpos=1.0000 | MAE=1.5190 | RMSE=1.9138 | r=0.4854 | rho=0.4816 | Cidx=0.6695 | PR=0.1523
  ΔPose=+0.0047 | ΔAff=-0.1228 | ΔBalAcc=-0.0003 | ΔAcc=-0.0004 | ΔRneg=-0.0005 | ΔMAE=-0.1226 | ΔRMSE=-0.1493 | Δr=+0.1070 | Δrho=+0.0983 | ΔCidx=+0.0387 | ΔPR=+0.0010
    test_ema: Pose=0.8647, BalAcc=0.5002, PR=0.1555, Rneg=0.0006, Rpos=0.9997, MAE=1.6317, RMSE=2.0409, r=0.4276, Cidx=0.6502
------------------------------------------------------------------------------
  [Train Results  epoch 36]  epoch_t=63.14s  total_t=2285s
  Pose=0.8679 | Aff=0.9913 | BalAcc=0.5002 | Acc=0.1248 | Rneg=0.0004 | Rpos=0.9999 | MAE=1.3497 | RMSE=1.7131 | r=0.5945 | rho=0.5923 | Cidx=0.7082 | PR=0.1448
  ΔPose=-0.0046 | ΔAff=+0.0277 | ΔBalAcc=+0.0002 | ΔAcc=+0.0004 | ΔRneg=+0.0004 | ΔMAE=+0.0278 | ΔRMSE=+0.0373 | Δr=+0.0052 | Δrho=+0.0152 | ΔCidx=+0.0035 | ΔPR=-0.0036
    lr: 0.000094
    train_ema: Pose=0.8670, BalAcc=0.5002, PR=0.1462, Rneg=0.0009, Rpos=0.9995, MAE=1.3924, RMSE=1.7479, r=0.5720, Cidx=0.6982
------------------------------------------------------------------------------
  [Test Results  epoch 36]
  Pose=0.8700 | Aff=1.1474 | BalAcc=0.5000 | Acc=0.1349 | Rneg=0.0000 | Rpos=1.0000 | MAE=1.5222 | RMSE=1.9382 | r=0.4872 | rho=0.4687 | Cidx=0.6656 | PR=0.1507
  ΔPose=+0.0019 | ΔAff=+0.0057 | ΔMAE=+0.0032 | ΔRMSE=+0.0244 | Δr=+0.0017 | Δrho=-0.0129 | ΔCidx=-0.0038 | ΔPR=-0.0016
    test_ema: Pose=0.8663, BalAcc=0.5001, PR=0.1540, Rneg=0.0004, Rpos=0.9998, MAE=1.5989, RMSE=2.0101, r=0.4454, Cidx=0.6548
------------------------------------------------------------------------------
  [Train Results  epoch 38]  epoch_t=63.52s  total_t=2412s
  Pose=0.8599 | Aff=0.9502 | BalAcc=0.5001 | Acc=0.1247 | Rneg=0.0003 | Rpos=0.9999 | MAE=1.3094 | RMSE=1.6643 | r=0.5964 | rho=0.5925 | Cidx=0.7096 | PR=0.1522
  ΔPose=-0.0080 | ΔAff=-0.0411 | ΔBalAcc=-0.0001 | ΔAcc=-0.0001 | ΔRneg=-0.0001 | ΔMAE=-0.0403 | ΔRMSE=-0.0488 | Δr=+0.0019 | Δrho=+0.0002 | ΔCidx=+0.0014 | ΔPR=+0.0073
    lr: 0.000093
    train_ema: Pose=0.8649, BalAcc=0.5002, PR=0.1480, Rneg=0.0007, Rpos=0.9996, MAE=1.3675, RMSE=1.7228, r=0.5793, Cidx=0.7016
------------------------------------------------------------------------------
  [Test Results  epoch 38]
  Pose=0.8640 | Aff=1.1333 | BalAcc=0.5000 | Acc=0.1349 | Rneg=0.0000 | Rpos=1.0000 | MAE=1.5147 | RMSE=1.8968 | r=0.4988 | rho=0.4901 | Cidx=0.6699 | PR=0.1484
  ΔPose=-0.0059 | ΔAff=-0.0141 | ΔMAE=-0.0075 | ΔRMSE=-0.0414 | Δr=+0.0117 | Δrho=+0.0215 | ΔCidx=+0.0043 | ΔPR=-0.0023
    test_ema: Pose=0.8656, BalAcc=0.5001, PR=0.1523, Rneg=0.0003, Rpos=0.9998, MAE=1.5736, RMSE=1.9761, r=0.4615, Cidx=0.6594
------------------------------------------------------------------------------
  [Train Results  epoch 40]  epoch_t=63.44s  total_t=2539s
  Pose=0.8632 | Aff=1.0330 | BalAcc=0.5000 | Acc=0.1245 | Rneg=0.0001 | Rpos=1.0000 | MAE=1.3939 | RMSE=1.7473 | r=0.5939 | rho=0.5895 | Cidx=0.7081 | PR=0.1511
  ΔPose=+0.0033 | ΔAff=+0.0828 | ΔBalAcc=-0.0000 | ΔAcc=-0.0002 | ΔRneg=-0.0002 | ΔRpos=+0.0001 | ΔMAE=+0.0845 | ΔRMSE=+0.0830 | Δr=-0.0024 | Δrho=-0.0031 | ΔCidx=-0.0015 | ΔPR=-0.0011
    lr: 0.000092
    train_ema: Pose=0.8644, BalAcc=0.5001, PR=0.1489, Rneg=0.0005, Rpos=0.9997, MAE=1.3755, RMSE=1.7302, r=0.5837, Cidx=0.7036
------------------------------------------------------------------------------
  [Test Results  epoch 40]
  Pose=0.8641 | Aff=1.2382 | BalAcc=0.5000 | Acc=0.1349 | Rneg=0.0000 | Rpos=1.0000 | MAE=1.6274 | RMSE=1.9904 | r=0.5092 | rho=0.5009 | Cidx=0.6749 | PR=0.1510
  ΔPose=+0.0001 | ΔAff=+0.1049 | ΔMAE=+0.1127 | ΔRMSE=+0.0935 | Δr=+0.0104 | Δrho=+0.0108 | ΔCidx=+0.0050 | ΔPR=+0.0026
    test_ema: Pose=0.8651, BalAcc=0.5001, PR=0.1519, Rneg=0.0002, Rpos=0.9999, MAE=1.5898, RMSE=1.9804, r=0.4758, Cidx=0.6640
------------------------------------------------------------------------------
  [Train Results  epoch 42]  epoch_t=63.34s  total_t=2666s
  Pose=0.8628 | Aff=0.9641 | BalAcc=0.5000 | Acc=0.1246 | Rneg=0.0001 | Rpos=0.9999 | MAE=1.3213 | RMSE=1.6681 | r=0.6078 | rho=0.6028 | Cidx=0.7137 | PR=0.1512
  ΔPose=-0.0003 | ΔAff=-0.0689 | ΔBalAcc=-0.0000 | ΔAcc=+0.0000 | ΔRneg=+0.0000 | ΔRpos=-0.0001 | ΔMAE=-0.0726 | ΔRMSE=-0.0792 | Δr=+0.0138 | Δrho=+0.0133 | ΔCidx=+0.0056 | ΔPR=+0.0001
    lr: 0.000091
    train_ema: Pose=0.8639, BalAcc=0.5001, PR=0.1496, Rneg=0.0004, Rpos=0.9998, MAE=1.3592, RMSE=1.7115, r=0.5909, Cidx=0.7066
------------------------------------------------------------------------------
  [Test Results  epoch 42]
  Pose=0.8673 | Aff=1.1837 | BalAcc=0.5000 | Acc=0.1349 | Rneg=0.0000 | Rpos=1.0000 | MAE=1.5725 | RMSE=1.9292 | r=0.5260 | rho=0.5015 | Cidx=0.6771 | PR=0.1530
  ΔPose=+0.0032 | ΔAff=-0.0545 | ΔMAE=-0.0550 | ΔRMSE=-0.0612 | Δr=+0.0168 | Δrho=+0.0005 | ΔCidx=+0.0022 | ΔPR=+0.0020
    test_ema: Pose=0.8658, BalAcc=0.5000, PR=0.1523, Rneg=0.0001, Rpos=0.9999, MAE=1.5846, RMSE=1.9650, r=0.4909, Cidx=0.6680
------------------------------------------------------------------------------
  [Train Results  epoch 44]  epoch_t=63.39s  total_t=2792s
  Pose=0.8596 | Aff=0.9266 | BalAcc=0.5028 | Acc=0.1322 | Rneg=0.0094 | Rpos=0.9961 | MAE=1.2854 | RMSE=1.6274 | r=0.6080 | rho=0.6000 | Cidx=0.7152 | PR=0.1510
  ΔPose=-0.0033 | ΔAff=-0.0375 | ΔBalAcc=+0.0028 | ΔAcc=+0.0077 | ΔRneg=+0.0093 | ΔRpos=-0.0037 | ΔMAE=-0.0359 | ΔRMSE=-0.0407 | Δr=+0.0002 | Δrho=-0.0028 | ΔCidx=+0.0015 | ΔPR=-0.0002
    lr: 0.000090
    train_ema: Pose=0.8626, BalAcc=0.5009, PR=0.1501, Rneg=0.0031, Rpos=0.9987, MAE=1.3371, RMSE=1.6863, r=0.5960, Cidx=0.7092
------------------------------------------------------------------------------
  [Test Results  epoch 44]
  Pose=0.8668 | Aff=1.1742 | BalAcc=0.5001 | Acc=0.1351 | Rneg=0.0003 | Rpos=1.0000 | MAE=1.5654 | RMSE=1.9261 | r=0.4731 | rho=0.4485 | Cidx=0.6534 | PR=0.1444
  ΔPose=-0.0006 | ΔAff=-0.0095 | ΔBalAcc=+0.0001 | ΔAcc=+0.0002 | ΔRneg=+0.0003 | ΔMAE=-0.0070 | ΔRMSE=-0.0031 | Δr=-0.0529 | Δrho=-0.0530 | ΔCidx=-0.0237 | ΔPR=-0.0085
    test_ema: Pose=0.8661, BalAcc=0.5001, PR=0.1499, Rneg=0.0002, Rpos=0.9999, MAE=1.5788, RMSE=1.9534, r=0.4855, Cidx=0.6636
------------------------------------------------------------------------------
  [Train Results  epoch 46]  epoch_t=63.63s  total_t=2919s
  Pose=0.8643 | Aff=0.9008 | BalAcc=0.5001 | Acc=0.1247 | Rneg=0.0003 | Rpos=0.9999 | MAE=1.2586 | RMSE=1.6018 | r=0.6268 | rho=0.6203 | Cidx=0.7203 | PR=0.1519
  ΔPose=+0.0047 | ΔAff=-0.0257 | ΔBalAcc=-0.0027 | ΔAcc=-0.0075 | ΔRneg=-0.0091 | ΔRpos=+0.0037 | ΔMAE=-0.0268 | ΔRMSE=-0.0256 | Δr=+0.0188 | Δrho=+0.0203 | ΔCidx=+0.0051 | ΔPR=+0.0008
    lr: 0.000089
    train_ema: Pose=0.8631, BalAcc=0.5006, PR=0.1506, Rneg=0.0023, Rpos=0.9990, MAE=1.3135, RMSE=1.6609, r=0.6053, Cidx=0.7125
------------------------------------------------------------------------------
  [Test Results  epoch 46]
  Pose=0.8719 | Aff=1.0931 | BalAcc=0.5000 | Acc=0.1349 | Rneg=0.0000 | Rpos=1.0000 | MAE=1.4867 | RMSE=1.8472 | r=0.5367 | rho=0.5238 | Cidx=0.6846 | PR=0.1512
  ΔPose=+0.0051 | ΔAff=-0.0812 | ΔBalAcc=-0.0001 | ΔAcc=-0.0002 | ΔRneg=-0.0003 | ΔMAE=-0.0787 | ΔRMSE=-0.0789 | Δr=+0.0636 | Δrho=+0.0753 | ΔCidx=+0.0312 | ΔPR=+0.0067
    test_ema: Pose=0.8678, BalAcc=0.5000, PR=0.1503, Rneg=0.0001, Rpos=1.0000, MAE=1.5512, RMSE=1.9215, r=0.5009, Cidx=0.6699
------------------------------------------------------------------------------
  [Train Results  epoch 48]  epoch_t=63.73s  total_t=3047s
  Pose=0.8618 | Aff=0.9033 | BalAcc=0.5001 | Acc=0.1247 | Rneg=0.0003 | Rpos=0.9999 | MAE=1.2648 | RMSE=1.6063 | r=0.6221 | rho=0.6145 | Cidx=0.7170 | PR=0.1536
  ΔPose=-0.0025 | ΔAff=+0.0025 | ΔBalAcc=+0.0000 | ΔAcc=+0.0000 | ΔRneg=+0.0001 | ΔMAE=+0.0061 | ΔRMSE=+0.0046 | Δr=-0.0047 | Δrho=-0.0058 | ΔCidx=-0.0033 | ΔPR=+0.0018
    lr: 0.000088
    train_ema: Pose=0.8627, BalAcc=0.5005, PR=0.1515, Rneg=0.0017, Rpos=0.9993, MAE=1.2989, RMSE=1.6445, r=0.6103, Cidx=0.7139
------------------------------------------------------------------------------
  [Test Results  epoch 48]
  Pose=0.8645 | Aff=1.0959 | BalAcc=0.5000 | Acc=0.1349 | Rneg=0.0000 | Rpos=1.0000 | MAE=1.4777 | RMSE=1.8372 | r=0.5437 | rho=0.5312 | Cidx=0.6845 | PR=0.1520
  ΔPose=-0.0074 | ΔAff=+0.0029 | ΔMAE=-0.0091 | ΔRMSE=-0.0100 | Δr=+0.0070 | Δrho=+0.0074 | ΔCidx=-0.0001 | ΔPR=+0.0008
    test_ema: Pose=0.8668, BalAcc=0.5000, PR=0.1508, Rneg=0.0001, Rpos=1.0000, MAE=1.5291, RMSE=1.8962, r=0.5137, Cidx=0.6743
------------------------------------------------------------------------------
  [Train Results  epoch 50]  epoch_t=63.40s  total_t=3173s
  Pose=0.8576 | Aff=0.9255 | BalAcc=0.5002 | Acc=0.1249 | Rneg=0.0005 | Rpos=0.9999 | MAE=1.2845 | RMSE=1.6338 | r=0.6059 | rho=0.6017 | Cidx=0.7135 | PR=0.1569
  ΔPose=-0.0041 | ΔAff=+0.0222 | ΔBalAcc=+0.0001 | ΔAcc=+0.0002 | ΔRneg=+0.0002 | ΔMAE=+0.0197 | ΔRMSE=+0.0274 | Δr=-0.0162 | Δrho=-0.0128 | ΔCidx=-0.0035 | ΔPR=+0.0032
    lr: 0.000087
    train_ema: Pose=0.8612, BalAcc=0.5004, PR=0.1531, Rneg=0.0013, Rpos=0.9995, MAE=1.2946, RMSE=1.6413, r=0.6090, Cidx=0.7138
------------------------------------------------------------------------------
  [Test Results  epoch 50]
  Pose=0.8603 | Aff=1.0670 | BalAcc=0.5000 | Acc=0.1349 | Rneg=0.0000 | Rpos=1.0000 | MAE=1.4491 | RMSE=1.8354 | r=0.5473 | rho=0.5209 | Cidx=0.6844 | PR=0.1570
  ΔPose=-0.0042 | ΔAff=-0.0289 | ΔMAE=-0.0285 | ΔRMSE=-0.0018 | Δr=+0.0036 | Δrho=-0.0103 | ΔCidx=-0.0002 | ΔPR=+0.0050
    test_ema: Pose=0.8649, BalAcc=0.5000, PR=0.1526, Rneg=0.0001, Rpos=1.0000, MAE=1.5051, RMSE=1.8780, r=0.5238, Cidx=0.6773
------------------------------------------------------------------------------
  [Train Results  epoch 52]  epoch_t=62.96s  total_t=3300s
  Pose=0.8611 | Aff=0.9200 | BalAcc=0.5000 | Acc=0.1245 | Rneg=0.0000 | Rpos=1.0000 | MAE=1.2803 | RMSE=1.6144 | r=0.6315 | rho=0.6228 | Cidx=0.7238 | PR=0.1550
  ΔPose=+0.0035 | ΔAff=-0.0055 | ΔBalAcc=-0.0002 | ΔAcc=-0.0004 | ΔRneg=-0.0005 | ΔRpos=+0.0001 | ΔMAE=-0.0042 | ΔRMSE=-0.0193 | Δr=+0.0256 | Δrho=+0.0211 | ΔCidx=+0.0103 | ΔPR=-0.0019
    lr: 0.000086
    train_ema: Pose=0.8612, BalAcc=0.5003, PR=0.1537, Rneg=0.0009, Rpos=0.9996, MAE=1.2903, RMSE=1.6332, r=0.6157, Cidx=0.7168
------------------------------------------------------------------------------
  [Test Results  epoch 52]
  Pose=0.8627 | Aff=1.0470 | BalAcc=0.5000 | Acc=0.1349 | Rneg=0.0000 | Rpos=1.0000 | MAE=1.4304 | RMSE=1.8090 | r=0.5818 | rho=0.5602 | Cidx=0.7049 | PR=0.1614
  ΔPose=+0.0024 | ΔAff=-0.0201 | ΔMAE=-0.0187 | ΔRMSE=-0.0264 | Δr=+0.0344 | Δrho=+0.0393 | ΔCidx=+0.0205 | ΔPR=+0.0045
    test_ema: Pose=0.8642, BalAcc=0.5000, PR=0.1553, Rneg=0.0000, Rpos=1.0000, MAE=1.4827, RMSE=1.8573, r=0.5412, Cidx=0.6856
------------------------------------------------------------------------------
  [Train Results  epoch 54]  epoch_t=63.41s  total_t=3427s
  Pose=0.8737 | Aff=0.8970 | BalAcc=0.5000 | Acc=0.1245 | Rneg=0.0000 | Rpos=1.0000 | MAE=1.2581 | RMSE=1.6120 | r=0.6257 | rho=0.6159 | Cidx=0.7228 | PR=0.1557
  ΔPose=+0.0126 | ΔAff=-0.0230 | ΔMAE=-0.0222 | ΔRMSE=-0.0024 | Δr=-0.0059 | Δrho=-0.0069 | ΔCidx=-0.0010 | ΔPR=+0.0008
    lr: 0.000085
    train_ema: Pose=0.8649, BalAcc=0.5002, PR=0.1543, Rneg=0.0007, Rpos=0.9997, MAE=1.2806, RMSE=1.6269, r=0.6187, Cidx=0.7186
------------------------------------------------------------------------------
  [Test Results  epoch 54]
  Pose=0.8716 | Aff=1.0852 | BalAcc=0.5000 | Acc=0.1349 | Rneg=0.0000 | Rpos=1.0000 | MAE=1.4674 | RMSE=1.8526 | r=0.5300 | rho=0.5120 | Cidx=0.6784 | PR=0.1560
  ΔPose=+0.0089 | ΔAff=+0.0382 | ΔMAE=+0.0369 | ΔRMSE=+0.0435 | Δr=-0.0517 | Δrho=-0.0483 | ΔCidx=-0.0265 | ΔPR=-0.0054
    test_ema: Pose=0.8664, BalAcc=0.5000, PR=0.1555, Rneg=0.0000, Rpos=1.0000, MAE=1.4781, RMSE=1.8559, r=0.5378, Cidx=0.6834
------------------------------------------------------------------------------
  [Train Results  epoch 56]  epoch_t=63.35s  total_t=3554s
  Pose=0.8551 | Aff=0.8766 | BalAcc=0.5000 | Acc=0.1245 | Rneg=0.0001 | Rpos=0.9999 | MAE=1.2325 | RMSE=1.5752 | r=0.6427 | rho=0.6368 | Cidx=0.7285 | PR=0.1565
  ΔPose=-0.0187 | ΔAff=-0.0204 | ΔBalAcc=-0.0000 | ΔAcc=+0.0000 | ΔRneg=+0.0000 | ΔRpos=-0.0001 | ΔMAE=-0.0256 | ΔRMSE=-0.0368 | Δr=+0.0171 | Δrho=+0.0209 | ΔCidx=+0.0057 | ΔPR=+0.0008
    lr: 0.000084
    train_ema: Pose=0.8620, BalAcc=0.5001, PR=0.1550, Rneg=0.0005, Rpos=0.9998, MAE=1.2662, RMSE=1.6114, r=0.6259, Cidx=0.7215
------------------------------------------------------------------------------
  [Test Results  epoch 56]
  Pose=0.8576 | Aff=1.0900 | BalAcc=0.5000 | Acc=0.1349 | Rneg=0.0000 | Rpos=1.0000 | MAE=1.4701 | RMSE=1.8285 | r=0.5705 | rho=0.5492 | Cidx=0.6950 | PR=0.1485
  ΔPose=-0.0140 | ΔAff=+0.0048 | ΔMAE=+0.0027 | ΔRMSE=-0.0240 | Δr=+0.0405 | Δrho=+0.0373 | ΔCidx=+0.0166 | ΔPR=-0.0075
    test_ema: Pose=0.8638, BalAcc=0.5000, PR=0.1534, Rneg=0.0000, Rpos=1.0000, MAE=1.4757, RMSE=1.8477, r=0.5477, Cidx=0.6869
------------------------------------------------------------------------------
  [Train Results  epoch 58]  epoch_t=63.18s  total_t=3681s
  Pose=0.8588 | Aff=0.9519 | BalAcc=0.5002 | Acc=0.1249 | Rneg=0.0005 | Rpos=1.0000 | MAE=1.3096 | RMSE=1.6514 | r=0.6367 | rho=0.6364 | Cidx=0.7279 | PR=0.1570
  ΔPose=+0.0038 | ΔAff=+0.0753 | ΔBalAcc=+0.0003 | ΔAcc=+0.0004 | ΔRneg=+0.0004 | ΔRpos=+0.0001 | ΔMAE=+0.0771 | ΔRMSE=+0.0762 | Δr=-0.0060 | Δrho=-0.0005 | ΔCidx=-0.0006 | ΔPR=+0.0004
    lr: 0.000082
    train_ema: Pose=0.8610, BalAcc=0.5002, PR=0.1556, Rneg=0.0005, Rpos=0.9998, MAE=1.2792, RMSE=1.6234, r=0.6292, Cidx=0.7234
------------------------------------------------------------------------------
  [Test Results  epoch 58]
  Pose=0.8574 | Aff=1.1357 | BalAcc=0.5000 | Acc=0.1349 | Rneg=0.0000 | Rpos=1.0000 | MAE=1.5224 | RMSE=1.9035 | r=0.5358 | rho=0.5349 | Cidx=0.6881 | PR=0.1570
  ΔPose=-0.0001 | ΔAff=+0.0457 | ΔMAE=+0.0523 | ΔRMSE=+0.0750 | Δr=-0.0347 | Δrho=-0.0144 | ΔCidx=-0.0069 | ΔPR=+0.0084
    test_ema: Pose=0.8619, BalAcc=0.5000, PR=0.1545, Rneg=0.0000, Rpos=1.0000, MAE=1.4897, RMSE=1.8644, r=0.5441, Cidx=0.6873
------------------------------------------------------------------------------
  [Train Results  epoch 60]  epoch_t=63.47s  total_t=3808s
  Pose=0.8676 | Aff=0.8771 | BalAcc=0.5000 | Acc=0.1245 | Rneg=0.0001 | Rpos=1.0000 | MAE=1.2302 | RMSE=1.5624 | r=0.6468 | rho=0.6456 | Cidx=0.7373 | PR=0.1564
  ΔPose=+0.0087 | ΔAff=-0.0748 | ΔBalAcc=-0.0002 | ΔAcc=-0.0004 | ΔRneg=-0.0004 | ΔMAE=-0.0794 | ΔRMSE=-0.0890 | Δr=+0.0101 | Δrho=+0.0092 | ΔCidx=+0.0094 | ΔPR=-0.0006
    lr: 0.000081
    train_ema: Pose=0.8630, BalAcc=0.5001, PR=0.1558, Rneg=0.0004, Rpos=0.9999, MAE=1.2645, RMSE=1.6051, r=0.6345, Cidx=0.7276
------------------------------------------------------------------------------
  [Test Results  epoch 60]
  Pose=0.8698 | Aff=1.0357 | BalAcc=0.5000 | Acc=0.1349 | Rneg=0.0000 | Rpos=1.0000 | MAE=1.4221 | RMSE=1.7849 | r=0.5885 | rho=0.5752 | Cidx=0.7069 | PR=0.1575
  ΔPose=+0.0124 | ΔAff=-0.1000 | ΔMAE=-0.1003 | ΔRMSE=-0.1186 | Δr=+0.0527 | Δrho=+0.0403 | ΔCidx=+0.0188 | ΔPR=+0.0005
    test_ema: Pose=0.8642, BalAcc=0.5000, PR=0.1554, Rneg=0.0000, Rpos=1.0000, MAE=1.4694, RMSE=1.8406, r=0.5574, Cidx=0.6932
------------------------------------------------------------------------------
  [Train Results  epoch 62]  epoch_t=63.30s  total_t=3935s
  Pose=0.8624 | Aff=0.8559 | BalAcc=0.4999 | Acc=0.1256 | Rneg=0.0015 | Rpos=0.9983 | MAE=1.2176 | RMSE=1.5413 | r=0.6606 | rho=0.6587 | Cidx=0.7358 | PR=0.1553
  ΔPose=-0.0052 | ΔAff=-0.0213 | ΔBalAcc=-0.0001 | ΔAcc=+0.0011 | ΔRneg=+0.0014 | ΔRpos=-0.0017 | ΔMAE=-0.0126 | ΔRMSE=-0.0211 | Δr=+0.0138 | Δrho=+0.0131 | ΔCidx=-0.0015 | ΔPR=-0.0010
    lr: 0.000080
    train_ema: Pose=0.8628, BalAcc=0.5001, PR=0.1557, Rneg=0.0007, Rpos=0.9994, MAE=1.2505, RMSE=1.5860, r=0.6423, Cidx=0.7301
------------------------------------------------------------------------------
  [Test Results  epoch 62]
  Pose=0.8617 | Aff=1.0593 | BalAcc=0.5000 | Acc=0.1349 | Rneg=0.0000 | Rpos=1.0000 | MAE=1.4502 | RMSE=1.8061 | r=0.5642 | rho=0.5547 | Cidx=0.6970 | PR=0.1505
  ΔPose=-0.0081 | ΔAff=+0.0236 | ΔMAE=+0.0281 | ΔRMSE=+0.0212 | Δr=-0.0243 | Δrho=-0.0205 | ΔCidx=-0.0099 | ΔPR=-0.0070
    test_ema: Pose=0.8635, BalAcc=0.5000, PR=0.1539, Rneg=0.0000, Rpos=1.0000, MAE=1.4637, RMSE=1.8302, r=0.5594, Cidx=0.6943
------------------------------------------------------------------------------
  [Train Results  epoch 64]  epoch_t=62.95s  total_t=4061s
  Pose=0.8603 | Aff=0.8635 | BalAcc=0.5000 | Acc=0.1245 | Rneg=0.0000 | Rpos=1.0000 | MAE=1.2186 | RMSE=1.5480 | r=0.6661 | rho=0.6614 | Cidx=0.7405 | PR=0.1577
  ΔPose=-0.0021 | ΔAff=+0.0076 | ΔBalAcc=+0.0001 | ΔAcc=-0.0011 | ΔRneg=-0.0015 | ΔRpos=+0.0017 | ΔMAE=+0.0010 | ΔRMSE=+0.0066 | Δr=+0.0054 | Δrho=+0.0027 | ΔCidx=+0.0047 | ΔPR=+0.0024
    lr: 0.000079
    train_ema: Pose=0.8621, BalAcc=0.5000, PR=0.1563, Rneg=0.0005, Rpos=0.9996, MAE=1.2409, RMSE=1.5746, r=0.6494, Cidx=0.7332
------------------------------------------------------------------------------
  [Test Results  epoch 64]
  Pose=0.8617 | Aff=1.0728 | BalAcc=0.5000 | Acc=0.1349 | Rneg=0.0000 | Rpos=1.0000 | MAE=1.4496 | RMSE=1.8261 | r=0.5739 | rho=0.5510 | Cidx=0.6967 | PR=0.1501
  ΔPose=+0.0001 | ΔAff=+0.0135 | ΔMAE=-0.0006 | ΔRMSE=+0.0201 | Δr=+0.0097 | Δrho=-0.0037 | ΔCidx=-0.0003 | ΔPR=-0.0004
    test_ema: Pose=0.8629, BalAcc=0.5000, PR=0.1528, Rneg=0.0000, Rpos=1.0000, MAE=1.4594, RMSE=1.8290, r=0.5638, Cidx=0.6950
------------------------------------------------------------------------------
  [Train Results  epoch 66]  epoch_t=63.81s  total_t=4188s
  Pose=0.8665 | Aff=0.8321 | BalAcc=0.5001 | Acc=0.1246 | Rneg=0.0001 | Rpos=1.0000 | MAE=1.1894 | RMSE=1.5070 | r=0.6778 | rho=0.6732 | Cidx=0.7382 | PR=0.1588
  ΔPose=+0.0062 | ΔAff=-0.0314 | ΔBalAcc=+0.0001 | ΔAcc=+0.0001 | ΔRneg=+0.0001 | ΔMAE=-0.0292 | ΔRMSE=-0.0409 | Δr=+0.0118 | Δrho=+0.0118 | ΔCidx=-0.0023 | ΔPR=+0.0011
    lr: 0.000077
    train_ema: Pose=0.8634, BalAcc=0.5000, PR=0.1570, Rneg=0.0004, Rpos=0.9997, MAE=1.2254, RMSE=1.5543, r=0.6579, Cidx=0.7347
------------------------------------------------------------------------------
  [Test Results  epoch 66]
  Pose=0.8734 | Aff=1.0236 | BalAcc=0.5000 | Acc=0.1349 | Rneg=0.0000 | Rpos=1.0000 | MAE=1.4047 | RMSE=1.7594 | r=0.6096 | rho=0.5992 | Cidx=0.7151 | PR=0.1516
  ΔPose=+0.0116 | ΔAff=-0.0493 | ΔMAE=-0.0449 | ΔRMSE=-0.0668 | Δr=+0.0357 | Δrho=+0.0482 | ΔCidx=+0.0184 | ΔPR=+0.0015
    test_ema: Pose=0.8661, BalAcc=0.5000, PR=0.1524, Rneg=0.0000, Rpos=1.0000, MAE=1.4430, RMSE=1.8081, r=0.5775, Cidx=0.7011
------------------------------------------------------------------------------
  [Train Results  epoch 68]  epoch_t=63.79s  total_t=4315s
  Pose=0.8664 | Aff=0.8518 | BalAcc=0.5001 | Acc=0.1248 | Rneg=0.0004 | Rpos=0.9999 | MAE=1.2044 | RMSE=1.5281 | r=0.6723 | rho=0.6692 | Cidx=0.7384 | PR=0.1564
  ΔPose=-0.0001 | ΔAff=+0.0198 | ΔBalAcc=+0.0001 | ΔAcc=+0.0002 | ΔRneg=+0.0003 | ΔRpos=-0.0001 | ΔMAE=+0.0150 | ΔRMSE=+0.0211 | Δr=-0.0055 | Δrho=-0.0040 | ΔCidx=+0.0002 | ΔPR=-0.0024
    lr: 0.000076
    train_ema: Pose=0.8643, BalAcc=0.5001, PR=0.1569, Rneg=0.0004, Rpos=0.9998, MAE=1.2191, RMSE=1.5464, r=0.6623, Cidx=0.7358
------------------------------------------------------------------------------
  [Test Results  epoch 68]
  Pose=0.8754 | Aff=1.0170 | BalAcc=0.5000 | Acc=0.1349 | Rneg=0.0000 | Rpos=1.0000 | MAE=1.3946 | RMSE=1.7504 | r=0.6165 | rho=0.6028 | Cidx=0.7198 | PR=0.1572
  ΔPose=+0.0020 | ΔAff=-0.0065 | ΔMAE=-0.0100 | ΔRMSE=-0.0089 | Δr=+0.0069 | Δrho=+0.0036 | ΔCidx=+0.0047 | ΔPR=+0.0056
    test_ema: Pose=0.8689, BalAcc=0.5000, PR=0.1539, Rneg=0.0000, Rpos=1.0000, MAE=1.4285, RMSE=1.7908, r=0.5892, Cidx=0.7067
------------------------------------------------------------------------------
  [Train Results  epoch 70]  epoch_t=63.45s  total_t=4442s
  Pose=0.8645 | Aff=0.8251 | BalAcc=0.5000 | Acc=0.1245 | Rneg=0.0000 | Rpos=1.0000 | MAE=1.1813 | RMSE=1.4989 | r=0.6815 | rho=0.6818 | Cidx=0.7491 | PR=0.1578
  ΔPose=-0.0018 | ΔAff=-0.0268 | ΔBalAcc=-0.0001 | ΔAcc=-0.0003 | ΔRneg=-0.0004 | ΔRpos=+0.0001 | ΔMAE=-0.0231 | ΔRMSE=-0.0292 | Δr=+0.0092 | Δrho=+0.0126 | ΔCidx=+0.0107 | ΔPR=+0.0013
    lr: 0.000075
    train_ema: Pose=0.8644, BalAcc=0.5001, PR=0.1571, Rneg=0.0003, Rpos=0.9998, MAE=1.2078, RMSE=1.5322, r=0.6680, Cidx=0.7398
------------------------------------------------------------------------------
  [Test Results  epoch 70]
  Pose=0.8651 | Aff=0.9878 | BalAcc=0.5000 | Acc=0.1349 | Rneg=0.0000 | Rpos=1.0000 | MAE=1.3610 | RMSE=1.7234 | r=0.6261 | rho=0.6062 | Cidx=0.7155 | PR=0.1533
  ΔPose=-0.0103 | ΔAff=-0.0292 | ΔMAE=-0.0336 | ΔRMSE=-0.0270 | Δr=+0.0095 | Δrho=+0.0034 | ΔCidx=-0.0044 | ΔPR=-0.0039
    test_ema: Pose=0.8677, BalAcc=0.5000, PR=0.1537, Rneg=0.0000, Rpos=1.0000, MAE=1.4083, RMSE=1.7706, r=0.6003, Cidx=0.7093
------------------------------------------------------------------------------
  [Train Results  epoch 72]  epoch_t=63.38s  total_t=4569s
  Pose=0.8556 | Aff=0.7999 | BalAcc=0.5000 | Acc=0.1245 | Rneg=0.0000 | Rpos=1.0000 | MAE=1.1585 | RMSE=1.4808 | r=0.6928 | rho=0.6880 | Cidx=0.7496 | PR=0.1561
  ΔPose=-0.0089 | ΔAff=-0.0252 | ΔBalAcc=-0.0000 | ΔAcc=-0.0000 | ΔRneg=-0.0000 | ΔMAE=-0.0228 | ΔRMSE=-0.0181 | Δr=+0.0113 | Δrho=+0.0062 | ΔCidx=+0.0005 | ΔPR=-0.0017
    lr: 0.000073
    train_ema: Pose=0.8617, BalAcc=0.5000, PR=0.1568, Rneg=0.0002, Rpos=0.9999, MAE=1.1930, RMSE=1.5168, r=0.6755, Cidx=0.7427
------------------------------------------------------------------------------
  [Test Results  epoch 72]
  Pose=0.8587 | Aff=0.9893 | BalAcc=0.5000 | Acc=0.1349 | Rneg=0.0000 | Rpos=1.0000 | MAE=1.3705 | RMSE=1.7407 | r=0.6060 | rho=0.5830 | Cidx=0.7139 | PR=0.1529
  ΔPose=-0.0064 | ΔAff=+0.0016 | ΔMAE=+0.0095 | ΔRMSE=+0.0173 | Δr=-0.0201 | Δrho=-0.0232 | ΔCidx=-0.0015 | ΔPR=-0.0005
    test_ema: Pose=0.8650, BalAcc=0.5000, PR=0.1535, Rneg=0.0000, Rpos=1.0000, MAE=1.3969, RMSE=1.7616, r=0.6020, Cidx=0.7107
------------------------------------------------------------------------------
  [Train Results  epoch 74]  epoch_t=63.37s  total_t=4696s
  Pose=0.8595 | Aff=0.8088 | BalAcc=0.5004 | Acc=0.1253 | Rneg=0.0010 | Rpos=0.9997 | MAE=1.1637 | RMSE=1.4879 | r=0.6906 | rho=0.6869 | Cidx=0.7492 | PR=0.1573
  ΔPose=+0.0039 | ΔAff=+0.0089 | ΔBalAcc=+0.0004 | ΔAcc=+0.0009 | ΔRneg=+0.0010 | ΔRpos=-0.0003 | ΔMAE=+0.0052 | ΔRMSE=+0.0071 | Δr=-0.0023 | Δrho=-0.0010 | ΔCidx=-0.0004 | ΔPR=+0.0012
    lr: 0.000072
    train_ema: Pose=0.8611, BalAcc=0.5001, PR=0.1570, Rneg=0.0004, Rpos=0.9998, MAE=1.1842, RMSE=1.5081, r=0.6800, Cidx=0.7447
------------------------------------------------------------------------------
  [Test Results  epoch 74]
  Pose=0.8625 | Aff=0.9765 | BalAcc=0.5001 | Acc=0.1351 | Rneg=0.0003 | Rpos=1.0000 | MAE=1.3600 | RMSE=1.7135 | r=0.6234 | rho=0.5937 | Cidx=0.7108 | PR=0.1572
  ΔPose=+0.0038 | ΔAff=-0.0128 | ΔBalAcc=+0.0001 | ΔAcc=+0.0002 | ΔRneg=+0.0003 | ΔMAE=-0.0105 | ΔRMSE=-0.0272 | Δr=+0.0174 | Δrho=+0.0106 | ΔCidx=-0.0031 | ΔPR=+0.0043
    test_ema: Pose=0.8642, BalAcc=0.5000, PR=0.1546, Rneg=0.0001, Rpos=1.0000, MAE=1.3859, RMSE=1.7472, r=0.6084, Cidx=0.7107
------------------------------------------------------------------------------
  [Train Results  epoch 76]  epoch_t=63.31s  total_t=4823s
  Pose=0.8608 | Aff=0.8076 | BalAcc=0.5000 | Acc=0.1245 | Rneg=0.0000 | Rpos=1.0000 | MAE=1.1604 | RMSE=1.4819 | r=0.6914 | rho=0.6898 | Cidx=0.7491 | PR=0.1569
  ΔPose=+0.0013 | ΔAff=-0.0012 | ΔBalAcc=-0.0004 | ΔAcc=-0.0009 | ΔRneg=-0.0010 | ΔRpos=+0.0003 | ΔMAE=-0.0034 | ΔRMSE=-0.0060 | Δr=+0.0009 | Δrho=+0.0029 | ΔCidx=-0.0002 | ΔPR=-0.0004
    lr: 0.000070
    train_ema: Pose=0.8610, BalAcc=0.5001, PR=0.1570, Rneg=0.0003, Rpos=0.9999, MAE=1.1771, RMSE=1.5003, r=0.6834, Cidx=0.7460
------------------------------------------------------------------------------
  [Test Results  epoch 76]
  Pose=0.8602 | Aff=0.9817 | BalAcc=0.5000 | Acc=0.1349 | Rneg=0.0000 | Rpos=1.0000 | MAE=1.3742 | RMSE=1.7136 | r=0.6296 | rho=0.6061 | Cidx=0.7188 | PR=0.1559
  ΔPose=-0.0023 | ΔAff=+0.0051 | ΔBalAcc=-0.0001 | ΔAcc=-0.0002 | ΔRneg=-0.0003 | ΔMAE=+0.0142 | ΔRMSE=+0.0002 | Δr=+0.0062 | Δrho=+0.0124 | ΔCidx=+0.0080 | ΔPR=-0.0013
    test_ema: Pose=0.8630, BalAcc=0.5000, PR=0.1550, Rneg=0.0001, Rpos=1.0000, MAE=1.3824, RMSE=1.7371, r=0.6148, Cidx=0.7131
------------------------------------------------------------------------------
  [Train Results  epoch 78]  epoch_t=63.20s  total_t=4950s
  Pose=0.8562 | Aff=0.8009 | BalAcc=0.5000 | Acc=0.1245 | Rneg=0.0000 | Rpos=1.0000 | MAE=1.1523 | RMSE=1.4823 | r=0.6944 | rho=0.6924 | Cidx=0.7511 | PR=0.1566
  ΔPose=-0.0046 | ΔAff=-0.0067 | ΔMAE=-0.0081 | ΔRMSE=+0.0004 | Δr=+0.0030 | Δrho=+0.0026 | ΔCidx=+0.0020 | ΔPR=-0.0003
    lr: 0.000069
    train_ema: Pose=0.8596, BalAcc=0.5001, PR=0.1569, Rneg=0.0002, Rpos=0.9999, MAE=1.1696, RMSE=1.4949, r=0.6867, Cidx=0.7475
------------------------------------------------------------------------------
  [Test Results  epoch 78]
  Pose=0.8558 | Aff=1.0112 | BalAcc=0.5000 | Acc=0.1349 | Rneg=0.0000 | Rpos=1.0000 | MAE=1.4032 | RMSE=1.7510 | r=0.6059 | rho=0.5814 | Cidx=0.7070 | PR=0.1543
  ΔPose=-0.0043 | ΔAff=+0.0296 | ΔMAE=+0.0290 | ΔRMSE=+0.0373 | Δr=-0.0237 | Δrho=-0.0247 | ΔCidx=-0.0118 | ΔPR=-0.0017
    test_ema: Pose=0.8609, BalAcc=0.5000, PR=0.1548, Rneg=0.0000, Rpos=1.0000, MAE=1.3886, RMSE=1.7413, r=0.6121, Cidx=0.7113
------------------------------------------------------------------------------
  [Train Results  epoch 80]  epoch_t=63.93s  total_t=5077s
  Pose=0.8602 | Aff=0.7949 | BalAcc=0.5000 | Acc=0.1245 | Rneg=0.0001 | Rpos=1.0000 | MAE=1.1480 | RMSE=1.4732 | r=0.6947 | rho=0.6933 | Cidx=0.7529 | PR=0.1550
  ΔPose=+0.0040 | ΔAff=-0.0059 | ΔBalAcc=+0.0000 | ΔAcc=+0.0001 | ΔRneg=+0.0001 | ΔMAE=-0.0042 | ΔRMSE=-0.0091 | Δr=+0.0003 | Δrho=+0.0008 | ΔCidx=+0.0018 | ΔPR=-0.0017
    lr: 0.000067
    train_ema: Pose=0.8598, BalAcc=0.5001, PR=0.1563, Rneg=0.0002, Rpos=0.9999, MAE=1.1631, RMSE=1.4884, r=0.6891, Cidx=0.7491
------------------------------------------------------------------------------
  [Test Results  epoch 80]
  Pose=0.8645 | Aff=0.9993 | BalAcc=0.5000 | Acc=0.1349 | Rneg=0.0000 | Rpos=1.0000 | MAE=1.3768 | RMSE=1.7410 | r=0.6045 | rho=0.5734 | Cidx=0.7062 | PR=0.1559
  ΔPose=+0.0087 | ΔAff=-0.0120 | ΔMAE=-0.0264 | ΔRMSE=-0.0099 | Δr=-0.0014 | Δrho=-0.0080 | ΔCidx=-0.0008 | ΔPR=+0.0016
    test_ema: Pose=0.8620, BalAcc=0.5000, PR=0.1551, Rneg=0.0000, Rpos=1.0000, MAE=1.3851, RMSE=1.7412, r=0.6098, Cidx=0.7098
------------------------------------------------------------------------------
  [Train Results  epoch 82]  epoch_t=63.28s  total_t=5205s
  Pose=0.8604 | Aff=0.7879 | BalAcc=0.5004 | Acc=0.1262 | Rneg=0.0022 | Rpos=0.9986 | MAE=1.1426 | RMSE=1.4614 | r=0.7017 | rho=0.7009 | Cidx=0.7546 | PR=0.1560
  ΔPose=+0.0002 | ΔAff=-0.0071 | ΔBalAcc=+0.0003 | ΔAcc=+0.0017 | ΔRneg=+0.0021 | ΔRpos=-0.0014 | ΔMAE=-0.0054 | ΔRMSE=-0.0119 | Δr=+0.0070 | Δrho=+0.0077 | ΔCidx=+0.0017 | ΔPR=+0.0010
    lr: 0.000066
    train_ema: Pose=0.8600, BalAcc=0.5002, PR=0.1562, Rneg=0.0008, Rpos=0.9995, MAE=1.1570, RMSE=1.4803, r=0.6929, Cidx=0.7508
------------------------------------------------------------------------------
  [Test Results  epoch 82]
  Pose=0.8632 | Aff=0.9942 | BalAcc=0.5009 | Acc=0.1364 | Rneg=0.0018 | Rpos=1.0000 | MAE=1.3686 | RMSE=1.7169 | r=0.6234 | rho=0.5927 | Cidx=0.7149 | PR=0.1545
  ΔPose=-0.0013 | ΔAff=-0.0051 | ΔBalAcc=+0.0009 | ΔAcc=+0.0015 | ΔRneg=+0.0018 | ΔMAE=-0.0082 | ΔRMSE=-0.0241 | Δr=+0.0189 | Δrho=+0.0193 | ΔCidx=+0.0087 | ΔPR=-0.0013
    test_ema: Pose=0.8623, BalAcc=0.5003, PR=0.1549, Rneg=0.0005, Rpos=1.0000, MAE=1.3801, RMSE=1.7339, r=0.6139, Cidx=0.7113
------------------------------------------------------------------------------
  [Train Results  epoch 84]  epoch_t=63.45s  total_t=5331s
  Pose=0.8609 | Aff=0.7679 | BalAcc=0.5000 | Acc=0.1245 | Rneg=0.0000 | Rpos=1.0000 | MAE=1.1227 | RMSE=1.4407 | r=0.7117 | rho=0.7091 | Cidx=0.7593 | PR=0.1590
  ΔPose=+0.0005 | ΔAff=-0.0199 | ΔBalAcc=-0.0004 | ΔAcc=-0.0017 | ΔRneg=-0.0022 | ΔRpos=+0.0014 | ΔMAE=-0.0199 | ΔRMSE=-0.0207 | Δr=+0.0100 | Δrho=+0.0082 | ΔCidx=+0.0047 | ΔPR=+0.0031
    lr: 0.000064
    train_ema: Pose=0.8603, BalAcc=0.5001, PR=0.1570, Rneg=0.0005, Rpos=0.9997, MAE=1.1467, RMSE=1.4684, r=0.6985, Cidx=0.7533
------------------------------------------------------------------------------
  [Test Results  epoch 84]
  Pose=0.8618 | Aff=0.9597 | BalAcc=0.5000 | Acc=0.1349 | Rneg=0.0000 | Rpos=1.0000 | MAE=1.3333 | RMSE=1.6852 | r=0.6420 | rho=0.6151 | Cidx=0.7201 | PR=0.1543
  ΔPose=-0.0014 | ΔAff=-0.0345 | ΔBalAcc=-0.0009 | ΔAcc=-0.0015 | ΔRneg=-0.0018 | ΔMAE=-0.0353 | ΔRMSE=-0.0317 | Δr=+0.0186 | Δrho=+0.0223 | ΔCidx=+0.0051 | ΔPR=-0.0002
    test_ema: Pose=0.8622, BalAcc=0.5002, PR=0.1548, Rneg=0.0004, Rpos=1.0000, MAE=1.3661, RMSE=1.7193, r=0.6223, Cidx=0.7139
------------------------------------------------------------------------------
  [Train Results  epoch 86]  epoch_t=64.54s  total_t=5459s
  Pose=0.8667 | Aff=0.7802 | BalAcc=0.5000 | Acc=0.1245 | Rneg=0.0000 | Rpos=1.0000 | MAE=1.1365 | RMSE=1.4470 | r=0.7100 | rho=0.7079 | Cidx=0.7573 | PR=0.1579
  ΔPose=+0.0058 | ΔAff=+0.0122 | ΔBalAcc=+0.0000 | ΔAcc=+0.0000 | ΔRneg=+0.0000 | ΔMAE=+0.0138 | ΔRMSE=+0.0063 | Δr=-0.0017 | Δrho=-0.0012 | ΔCidx=-0.0020 | ΔPR=-0.0011
    lr: 0.000063
    train_ema: Pose=0.8622, BalAcc=0.5001, PR=0.1573, Rneg=0.0004, Rpos=0.9998, MAE=1.1436, RMSE=1.4620, r=0.7020, Cidx=0.7545
------------------------------------------------------------------------------
  [Test Results  epoch 86]
  Pose=0.8696 | Aff=0.9881 | BalAcc=0.5000 | Acc=0.1349 | Rneg=0.0000 | Rpos=1.0000 | MAE=1.3737 | RMSE=1.7339 | r=0.6169 | rho=0.5980 | Cidx=0.7136 | PR=0.1596
  ΔPose=+0.0078 | ΔAff=+0.0284 | ΔMAE=+0.0404 | ΔRMSE=+0.0488 | Δr=-0.0251 | Δrho=-0.0171 | ΔCidx=-0.0065 | ΔPR=+0.0052
    test_ema: Pose=0.8644, BalAcc=0.5001, PR=0.1562, Rneg=0.0003, Rpos=1.0000, MAE=1.3684, RMSE=1.7237, r=0.6207, Cidx=0.7138
