--- results/predictions/geoformerdock.csv ---
Tong so mau: 4618
So mau y_aff > 0 (VD2 — dung cho MAE/RMSE/r/rho/C-index): 623
  MAE          = 1.2210
  RMSE         = 1.5247
  Pearson R    = 0.7522
  Spearman Rho = 0.7322
  C-index      = 0.7707  (dung du 192,796 cap, khong lay mau)

Chi so phan loai cau hinh (toan bo mau):
  Accuracy             = 0.8140
  Balanced Accuracy    = 0.8295
  Pose Recall Pos      = 0.8507
  Pose Recall Neg      = 0.8083
  N_pos                = 623
  N_neg                = 3995
  PR AUC               = 0.6306
--- results/predictions/geoformerdock_nobalance.csv ---
Tong so mau: 4618
So mau y_aff > 0 (VD2 — dung cho MAE/RMSE/r/rho/C-index): 623
  MAE          = 1.1565
  RMSE         = 1.4468
  Pearson R    = 0.7516
  Spearman Rho = 0.7415
  C-index      = 0.7769  (dung du 192,796 cap, khong lay mau)

Chi so phan loai cau hinh (toan bo mau):
  Accuracy             = 0.7971
  Balanced Accuracy    = 0.8380
  Pose Recall Pos      = 0.8941
  Pose Recall Neg      = 0.7820
  N_pos                = 623
  N_neg                = 3995
  PR AUC               = 0.6641
--- results/predictions/geoformerdock_uncertainty.csv ---
Tong so mau: 4618
So mau y_aff > 0 (VD2 — dung cho MAE/RMSE/r/rho/C-index): 623
  MAE          = 1.0817
  RMSE         = 1.3848
  Pearson R    = 0.7769
  Spearman Rho = 0.7496
  C-index      = 0.7829  (dung du 192,796 cap, khong lay mau)

Chi so phan loai cau hinh (toan bo mau):
  Accuracy             = 0.8064
  Balanced Accuracy    = 0.8326
  Pose Recall Pos      = 0.8684
  Pose Recall Neg      = 0.7967
  N_pos                = 623
  N_neg                = 3995
  PR AUC               = 0.6396
--- results/predictions/gnina_default2018.csv ---
Tong so mau: 4618
So mau y_aff > 0 (VD2 — dung cho MAE/RMSE/r/rho/C-index): 623
  MAE          = 1.0455
  RMSE         = 1.3814
  Pearson R    = 0.7752
  Spearman Rho = 0.7657
  C-index      = 0.7932  (dung du 192,796 cap, khong lay mau)

Chi so phan loai cau hinh (toan bo mau):
  Accuracy             = 0.6271
  Balanced Accuracy    = 0.7614
  Pose Recall Pos      = 0.9454
  Pose Recall Neg      = 0.5775
  N_pos                = 623
  N_neg                = 3995
  PR AUC               = 0.4862
--- results/predictions/gnina_dense.csv ---
Tong so mau: 4618
So mau y_aff > 0 (VD2 — dung cho MAE/RMSE/r/rho/C-index): 623
  MAE          = 1.0261
  RMSE         = 1.3240
  Pearson R    = 0.7987
  Spearman Rho = 0.7839
  C-index      = 0.8006  (dung du 192,796 cap, khong lay mau)

Chi so phan loai cau hinh (toan bo mau):
  Accuracy             = 0.7605
  Balanced Accuracy    = 0.7871
  Pose Recall Pos      = 0.8234
  Pose Recall Neg      = 0.7507
  N_pos                = 623
  N_neg                = 3995
  PR AUC               = 0.5099
--- results/predictions/pafnucy.csv ---
Tong so mau: 4618
So mau y_aff > 0 (VD2 — dung cho MAE/RMSE/r/rho/C-index): 623
  MAE          = 1.1494
  RMSE         = 1.4173
  Pearson R    = 0.7684
  Spearman Rho = 0.7562
  C-index      = 0.7817  (dung du 192,796 cap, khong lay mau)

Chi so phan loai cau hinh (toan bo mau):
  Accuracy             = 0.6888
  Balanced Accuracy    = 0.7897
  Pose Recall Pos      = 0.9278
  Pose Recall Neg      = 0.6516
  N_pos                = 623
  N_neg                = 3995
  PR AUC               = 0.5621
--- results/predictions/potentialnet.csv ---
Tong so mau: 4618
So mau y_aff > 0 (VD2 — dung cho MAE/RMSE/r/rho/C-index): 623
  MAE          = 1.4240
  RMSE         = 1.7602
  Pearson R    = 0.6140
  Spearman Rho = 0.6007
  C-index      = 0.7154  (dung du 192,796 cap, khong lay mau)

Chi so phan loai cau hinh (toan bo mau):
  Accuracy             = 0.1349
  Balanced Accuracy    = 0.5000
  Pose Recall Pos      = 1.0000
  Pose Recall Neg      = 0.0000
  N_pos                = 623
  N_neg                = 3995
  PR AUC               = 0.1498
--- results/predictions/tankbind.csv ---
Tong so mau: 4618
So mau y_aff > 0 (VD2 — dung cho MAE/RMSE/r/rho/C-index): 623
  MAE          = 1.6180
  RMSE         = 2.0117
  Pearson R    = 0.4049
  Spearman Rho = 0.3935
  C-index      = 0.6356  (dung du 192,796 cap, khong lay mau)

Chi so phan loai cau hinh (toan bo mau):
  Accuracy             = 0.1457
  Balanced Accuracy    = 0.5056
  Pose Recall Pos      = 0.9984
  Pose Recall Neg      = 0.0128
  N_pos                = 623
  N_neg                = 3995
  PR AUC               = 0.1733
