--- GNINA TRAINING (5-Loss Pipeline): geoformerdock ---

=== TARGET STATISTICS ===
  [DEBUG] Affinity target stats (N=7758):
    mean=6.318  std=2.047
    p01=2.310      p05=3.020      p25=4.712      p50=6.400      p75=7.800      p95=9.700      p99=11.200  
  [DEBUG] Pose sample stats: total=62335, valid=62335, ignored=0, bad=54577, good=7758
          valid ratio: bad=0.8755, good=0.1245
  [NORM] pK mean=6.318, std=2.047
  Pose prior init: disabled by --disable_pose_prior_init
  Pose prior init: skipped (no final 2-logit pose layer found)
  Calibration head: scale=1.0, bias=0.0 (z-space; frozen — no drift)
  Using eager mode for geoformerdock
  Model parameters: 1,594,573
  Optimizer: AdamW(lr=0.001, wd=0.01)
  Mixed-precision (AMP) enabled
  Loss (Pose): Focal(γ=2.0, α_good=0.75, α_bad=0.25); λ_pose=1.2, pose_scale=0.5, w_pose=0.85, w_aff=0.15, warmup_epochs=0, pose_only_epochs=4, class_norm=True, batch_balance=True
  Loss 1 (Regression): ConfidenceAware(scale=1.0)
  Loss 2 (Ranking): SoftProbabilistic(scale=0.05, τ=1.0, pairs=128)
  Loss 3 (DistAlign): scale=0.02
  Loss 4 (Anchor): scale=0.01
  Early stopping: composite = 0.500*C-index + 0.500*Balanced Accuracy (min_delta=0.0001, patience=25)
------------------------------------------------------------------------------
  [Train Results  epoch 2]  epoch_t=51.49s  total_t=104s
  Pose=1.8553 | Aff=1.5166 | BalAcc=0.5000 | Rneg=0.0000 | Rpos=1.0000 | PR=0.1762 | MCC=0.0000 | MAE=1.8798 | RMSE=2.2728 | r=-0.1925 | rho=-0.2037 | Cidx=0.4345 | EF1=1.3778 | EF5=1.2116 | S@1=0.0000 | S@5=0.0000 | S@10=1.0000 | Acc=0.1245
    lr: 0.001000
    train_ema: Pose=1.8553, BalAcc=0.5000, PR=0.1762, Rneg=0.0000, Rpos=1.0000, MAE=1.8798, RMSE=2.2728, r=-0.1925, Cidx=0.4345
------------------------------------------------------------------------------
  [Test Results  epoch 2]
  Pose=1.8296 | Aff=1.5241 | BalAcc=0.5000 | Rneg=0.0000 | Rpos=1.0000 | PR=0.1790 | MCC=0.0000 | MAE=1.8901 | RMSE=2.3324 | r=-0.0437 | rho=-0.0541 | Cidx=0.4818 | EF1=1.8926 | EF5=1.0910 | S@1=0.0000 | S@5=1.0000 | S@10=1.0000 | Acc=0.1349
    test_ema: Pose=1.8296, BalAcc=0.5000, PR=0.1790, Rneg=0.0000, Rpos=1.0000, MAE=1.8901, RMSE=2.3324, r=-0.0437, Cidx=0.4818
------------------------------------------------------------------------------
  [Train Results  epoch 4]  epoch_t=51.65s  total_t=207s
  Pose=0.7526 | Aff=1.7168 | BalAcc=0.5714 | Rneg=0.4091 | Rpos=0.7337 | PR=0.1556 | MCC=0.0966 | MAE=2.0605 | RMSE=2.5153 | r=-0.1972 | rho=-0.2009 | Cidx=0.4354 | EF1=0.9142 | EF5=1.0517 | S@1=0.0000 | S@5=0.0000 | S@10=0.0000 | Acc=0.4495
  ΔPose=-1.1028 | ΔAff=+0.2002 | ΔBalAcc=+0.0714 | ΔRneg=+0.4091 | ΔRpos=-0.2663 | ΔPR=-0.0206 | ΔMCC=+0.0966 | ΔMAE=+0.1807 | ΔRMSE=+0.2425 | Δr=-0.0046 | Δrho=+0.0029 | ΔCidx=+0.0009 | ΔEF1=-0.4636 | ΔEF5=-0.1598 | ΔS@10=-1.0000 | ΔAcc=+0.3250
    lr: 0.001000
    train_ema: Pose=1.5245, BalAcc=0.5214, PR=0.1700, Rneg=0.1227, Rpos=0.9201, MAE=1.9340, RMSE=2.3456, r=-0.1939, Cidx=0.4347
------------------------------------------------------------------------------
  [Test Results  epoch 4]
  Pose=0.7757 | Aff=1.7500 | BalAcc=0.5392 | Rneg=0.3096 | Rpos=0.7689 | PR=0.1686 | MCC=0.0586 | MAE=2.1121 | RMSE=2.5854 | r=-0.1087 | rho=-0.1479 | Cidx=0.4499 | EF1=1.1040 | EF5=1.1231 | S@1=1.0000 | S@5=1.0000 | S@10=1.0000 | Acc=0.3716
  ΔPose=-1.0539 | ΔAff=+0.2259 | ΔBalAcc=+0.0392 | ΔRneg=+0.3096 | ΔRpos=-0.2311 | ΔPR=-0.0104 | ΔMCC=+0.0586 | ΔMAE=+0.2219 | ΔRMSE=+0.2529 | Δr=-0.0649 | Δrho=-0.0938 | ΔCidx=-0.0318 | ΔEF1=-0.7886 | ΔEF5=+0.0321 | ΔS@1=+1.0000 | ΔAcc=+0.2367
    test_ema: Pose=1.5134, BalAcc=0.5118, PR=0.1759, Rneg=0.0929, Rpos=0.9307, MAE=1.9567, RMSE=2.4083, r=-0.0632, Cidx=0.4722
------------------------------------------------------------------------------
  [Train Results  epoch 6]  epoch_t=54.78s  total_t=317s
  Pose=0.6446 | Aff=0.9913 | BalAcc=0.5939 | Rneg=0.7683 | Rpos=0.4194 | PR=0.2069 | MCC=0.1422 | MAE=1.3491 | RMSE=1.6860 | r=0.6282 | rho=0.6359 | Cidx=0.7287 | EF1=1.1074 | EF5=1.0311 | S@1=0.0000 | S@5=1.0000 | S@10=1.0000 | Acc=0.7249
  ΔPose=-0.1080 | ΔAff=-0.7256 | ΔBalAcc=+0.0225 | ΔRneg=+0.3592 | ΔRpos=-0.3143 | ΔPR=+0.0513 | ΔMCC=+0.0456 | ΔMAE=-0.7114 | ΔRMSE=-0.8293 | Δr=+0.8254 | Δrho=+0.8368 | ΔCidx=+0.2933 | ΔEF1=+0.1931 | ΔEF5=-0.0206 | ΔS@5=+1.0000 | ΔS@10=+1.0000 | ΔAcc=+0.2754
    lr: 0.001000
    train_ema: Pose=1.2605, BalAcc=0.5432, PR=0.1811, Rneg=0.3164, Rpos=0.7699, MAE=1.7585, RMSE=2.1477, r=0.0527, Cidx=0.5229
------------------------------------------------------------------------------
  [Test Results  epoch 6]
  Pose=0.6596 | Aff=1.0391 | BalAcc=0.6188 | Rneg=0.6839 | Rpos=0.5538 | PR=0.2341 | MCC=0.1704 | MAE=1.4166 | RMSE=1.7431 | r=0.6733 | rho=0.6971 | Cidx=0.7516 | EF1=0.6309 | EF5=0.9627 | S@1=0.0000 | S@5=0.0000 | S@10=0.0000 | Acc=0.6663
  ΔPose=-0.1161 | ΔAff=-0.7108 | ΔBalAcc=+0.0796 | ΔRneg=+0.3742 | ΔRpos=-0.2151 | ΔPR=+0.0655 | ΔMCC=+0.1118 | ΔMAE=-0.6955 | ΔRMSE=-0.8422 | Δr=+0.7820 | Δrho=+0.8450 | ΔCidx=+0.3017 | ΔEF1=-0.4731 | ΔEF5=-0.1604 | ΔS@1=-1.0000 | ΔS@5=-1.0000 | ΔS@10=-1.0000 | ΔAcc=+0.2947
    test_ema: Pose=1.2573, BalAcc=0.5439, PR=0.1933, Rneg=0.2702, Rpos=0.8176, MAE=1.7947, RMSE=2.2088, r=0.1577, Cidx=0.5560
------------------------------------------------------------------------------
  [Train Results  epoch 8]  epoch_t=54.95s  total_t=427s
  Pose=0.6496 | Aff=0.8752 | BalAcc=0.5741 | Rneg=0.7700 | Rpos=0.3781 | PR=0.1839 | MCC=0.1132 | MAE=1.2370 | RMSE=1.5532 | r=0.6516 | rho=0.6602 | Cidx=0.7384 | EF1=1.3778 | EF5=1.2141 | S@1=0.0000 | S@5=0.0000 | S@10=0.0000 | Acc=0.7213
  ΔPose=+0.0050 | ΔAff=-0.1161 | ΔBalAcc=-0.0198 | ΔRneg=+0.0017 | ΔRpos=-0.0414 | ΔPR=-0.0230 | ΔMCC=-0.0290 | ΔMAE=-0.1121 | ΔRMSE=-0.1328 | Δr=+0.0234 | Δrho=+0.0243 | ΔCidx=+0.0098 | ΔEF1=+0.2704 | ΔEF5=+0.1830 | ΔS@5=-1.0000 | ΔS@10=-1.0000 | ΔAcc=-0.0036
    lr: 0.000999
    train_ema: Pose=1.0772, BalAcc=0.5524, PR=0.1819, Rneg=0.4525, Rpos=0.6524, MAE=1.6021, RMSE=1.9693, r=0.2324, Cidx=0.5876
------------------------------------------------------------------------------
  [Test Results  epoch 8]
  Pose=0.5939 | Aff=0.9831 | BalAcc=0.5510 | Rneg=0.7970 | Rpos=0.3050 | PR=0.1897 | MCC=0.0845 | MAE=1.3604 | RMSE=1.6856 | r=0.6734 | rho=0.6776 | Cidx=0.7432 | EF1=1.4194 | EF5=1.2194 | S@1=0.0000 | S@5=0.0000 | S@10=1.0000 | Acc=0.7306
  ΔPose=-0.0657 | ΔAff=-0.0560 | ΔBalAcc=-0.0678 | ΔRneg=+0.1131 | ΔRpos=-0.2488 | ΔPR=-0.0444 | ΔMCC=-0.0859 | ΔMAE=-0.0562 | ΔRMSE=-0.0575 | Δr=+0.0001 | Δrho=-0.0195 | ΔCidx=-0.0084 | ΔEF1=+0.7886 | ΔEF5=+0.2567 | ΔS@10=+1.0000 | ΔAcc=+0.0643
    test_ema: Pose=1.0583, BalAcc=0.5460, PR=0.1922, Rneg=0.4282, Rpos=0.6638, MAE=1.6644, RMSE=2.0518, r=0.3124, Cidx=0.6122
------------------------------------------------------------------------------
  [Train Results  epoch 10]  epoch_t=54.74s  total_t=537s
  Pose=1.1350 | Aff=1.1530 | BalAcc=0.5204 | Rneg=0.0470 | Rpos=0.9938 | PR=0.2978 | MCC=0.0673 | MAE=1.5084 | RMSE=1.8728 | r=0.6398 | rho=0.6498 | Cidx=0.7320 | EF1=1.7383 | EF5=1.4590 | S@1=0.0000 | S@5=0.0000 | S@10=1.0000 | Acc=0.1649
  ΔPose=+0.4854 | ΔAff=+0.2778 | ΔBalAcc=-0.0536 | ΔRneg=-0.7230 | ΔRpos=+0.6158 | ΔPR=+0.1140 | ΔMCC=-0.0459 | ΔMAE=+0.2713 | ΔRMSE=+0.3197 | Δr=-0.0117 | Δrho=-0.0105 | ΔCidx=-0.0064 | ΔEF1=+0.3605 | ΔEF5=+0.2449 | ΔS@10=+1.0000 | ΔAcc=-0.5564
    lr: 0.000998
    train_ema: Pose=1.0946, BalAcc=0.5428, PR=0.2167, Rneg=0.3309, Rpos=0.7548, MAE=1.5740, RMSE=1.9404, r=0.3546, Cidx=0.6309
------------------------------------------------------------------------------
  [Test Results  epoch 10]
  Pose=1.0974 | Aff=1.2713 | BalAcc=0.5333 | Rneg=0.0698 | Rpos=0.9968 | PR=0.3727 | MCC=0.0952 | MAE=1.6200 | RMSE=1.9885 | r=0.6873 | rho=0.6726 | Cidx=0.7451 | EF1=2.5234 | EF5=1.9253 | S@1=0.0000 | S@5=0.0000 | S@10=1.0000 | Acc=0.1949
  ΔPose=+0.5035 | ΔAff=+0.2882 | ΔBalAcc=-0.0177 | ΔRneg=-0.7272 | ΔRpos=+0.6918 | ΔPR=+0.1830 | ΔMCC=+0.0107 | ΔMAE=+0.2596 | ΔRMSE=+0.3029 | Δr=+0.0138 | Δrho=-0.0050 | ΔCidx=+0.0019 | ΔEF1=+1.1040 | ΔEF5=+0.7060 | ΔAcc=-0.5357
    test_ema: Pose=1.0700, BalAcc=0.5422, PR=0.2464, Rneg=0.3207, Rpos=0.7637, MAE=1.6511, RMSE=2.0328, r=0.4249, Cidx=0.6521
------------------------------------------------------------------------------
  [Train Results  epoch 12]  epoch_t=54.86s  total_t=646s
  Pose=0.7910 | Aff=1.0090 | BalAcc=0.6270 | Rneg=0.2966 | Rpos=0.9573 | PR=0.3261 | MCC=0.1899 | MAE=1.3623 | RMSE=1.7065 | r=0.6599 | rho=0.6759 | Cidx=0.7420 | EF1=1.9830 | EF5=1.4668 | S@1=1.0000 | S@5=1.0000 | S@10=1.0000 | Acc=0.3788
  ΔPose=-0.3439 | ΔAff=-0.1441 | ΔBalAcc=+0.1065 | ΔRneg=+0.2496 | ΔRpos=-0.0365 | ΔPR=+0.0283 | ΔMCC=+0.1227 | ΔMAE=-0.1461 | ΔRMSE=-0.1664 | Δr=+0.0201 | Δrho=+0.0262 | ΔCidx=+0.0100 | ΔEF1=+0.2447 | ΔEF5=+0.0077 | ΔS@1=+1.0000 | ΔS@5=+1.0000 | ΔAcc=+0.2140
    lr: 0.000996
    train_ema: Pose=1.0035, BalAcc=0.5681, PR=0.2495, Rneg=0.3206, Rpos=0.8156, MAE=1.5105, RMSE=1.8702, r=0.4462, Cidx=0.6642
------------------------------------------------------------------------------
  [Test Results  epoch 12]
  Pose=0.7802 | Aff=1.1937 | BalAcc=0.6424 | Rneg=0.3041 | Rpos=0.9807 | PR=0.4021 | MCC=0.2203 | MAE=1.5522 | RMSE=1.9119 | r=0.7054 | rho=0.6987 | Cidx=0.7535 | EF1=2.2080 | EF5=2.1179 | S@1=1.0000 | S@5=1.0000 | S@10=1.0000 | Acc=0.3954
  ΔPose=-0.3173 | ΔAff=-0.0776 | ΔBalAcc=+0.1091 | ΔRneg=+0.2343 | ΔRpos=-0.0161 | ΔPR=+0.0294 | ΔMCC=+0.1251 | ΔMAE=-0.0679 | ΔRMSE=-0.0766 | Δr=+0.0182 | Δrho=+0.0261 | ΔCidx=+0.0083 | ΔEF1=-0.3154 | ΔEF5=+0.1925 | ΔS@1=+1.0000 | ΔS@5=+1.0000 | ΔAcc=+0.2005
    test_ema: Pose=0.9831, BalAcc=0.5723, PR=0.2931, Rneg=0.3157, Rpos=0.8288, MAE=1.6214, RMSE=1.9965, r=0.5091, Cidx=0.6825
------------------------------------------------------------------------------
  [Train Results  epoch 14]  epoch_t=55.02s  total_t=756s
  Pose=0.7351 | Aff=0.8614 | BalAcc=0.6624 | Rneg=0.3840 | Rpos=0.9408 | PR=0.3556 | MCC=0.2258 | MAE=1.2163 | RMSE=1.5428 | r=0.6875 | rho=0.6974 | Cidx=0.7524 | EF1=1.9572 | EF5=1.7220 | S@1=0.0000 | S@5=1.0000 | S@10=1.0000 | Acc=0.4533
  ΔPose=-0.0559 | ΔAff=-0.1476 | ΔBalAcc=+0.0354 | ΔRneg=+0.0874 | ΔRpos=-0.0165 | ΔPR=+0.0294 | ΔMCC=+0.0358 | ΔMAE=-0.1461 | ΔRMSE=-0.1636 | Δr=+0.0276 | Δrho=+0.0215 | ΔCidx=+0.0104 | ΔEF1=-0.0258 | ΔEF5=+0.2552 | ΔS@1=-1.0000 | ΔAcc=+0.0744
    lr: 0.000994
    train_ema: Pose=0.9230, BalAcc=0.5964, PR=0.2813, Rneg=0.3396, Rpos=0.8531, MAE=1.4222, RMSE=1.7720, r=0.5186, Cidx=0.6907
------------------------------------------------------------------------------
  [Test Results  epoch 14]
  Pose=0.7245 | Aff=0.9504 | BalAcc=0.6741 | Rneg=0.3915 | Rpos=0.9567 | PR=0.4157 | MCC=0.2503 | MAE=1.3123 | RMSE=1.6435 | r=0.7074 | rho=0.7053 | Cidx=0.7549 | EF1=2.3657 | EF5=1.7328 | S@1=0.0000 | S@5=1.0000 | S@10=1.0000 | Acc=0.4677
  ΔPose=-0.0556 | ΔAff=-0.2433 | ΔBalAcc=+0.0316 | ΔRneg=+0.0874 | ΔRpos=-0.0241 | ΔPR=+0.0136 | ΔMCC=+0.0300 | ΔMAE=-0.2399 | ΔRMSE=-0.2684 | Δr=+0.0019 | Δrho=+0.0066 | ΔCidx=+0.0014 | ΔEF1=+0.1577 | ΔEF5=-0.3851 | ΔS@1=-1.0000 | ΔAcc=+0.0723
    test_ema: Pose=0.9055, BalAcc=0.6028, PR=0.3299, Rneg=0.3385, Rpos=0.8672, MAE=1.5287, RMSE=1.8906, r=0.5685, Cidx=0.7042
------------------------------------------------------------------------------
  [Train Results  epoch 16]  epoch_t=54.75s  total_t=866s
  Pose=0.5280 | Aff=1.0250 | BalAcc=0.7038 | Rneg=0.8257 | Rpos=0.5819 | PR=0.3416 | MCC=0.3222 | MAE=1.3798 | RMSE=1.7279 | r=0.6755 | rho=0.6812 | Cidx=0.7420 | EF1=2.4208 | EF5=1.9256 | S@1=1.0000 | S@5=1.0000 | S@10=1.0000 | Acc=0.7954
  ΔPose=-0.2072 | ΔAff=+0.1636 | ΔBalAcc=+0.0414 | ΔRneg=+0.4418 | ΔRpos=-0.3590 | ΔPR=-0.0140 | ΔMCC=+0.0964 | ΔMAE=+0.1636 | ΔRMSE=+0.1851 | Δr=-0.0120 | Δrho=-0.0162 | ΔCidx=-0.0104 | ΔEF1=+0.4636 | ΔEF5=+0.2036 | ΔS@1=+1.0000 | ΔAcc=+0.3421
    lr: 0.000991
    train_ema: Pose=0.8045, BalAcc=0.6286, PR=0.2994, Rneg=0.4854, Rpos=0.7718, MAE=1.4095, RMSE=1.7588, r=0.5657, Cidx=0.7061
------------------------------------------------------------------------------
  [Test Results  epoch 16]
  Pose=0.5085 | Aff=1.1363 | BalAcc=0.7187 | Rneg=0.8596 | Rpos=0.5778 | PR=0.4047 | MCC=0.3740 | MAE=1.5154 | RMSE=1.8319 | r=0.6701 | rho=0.6703 | Cidx=0.7409 | EF1=1.7348 | EF5=1.9895 | S@1=0.0000 | S@5=1.0000 | S@10=1.0000 | Acc=0.8216
  ΔPose=-0.2161 | ΔAff=+0.1859 | ΔBalAcc=+0.0446 | ΔRneg=+0.4681 | ΔRpos=-0.3788 | ΔPR=-0.0110 | ΔMCC=+0.1237 | ΔMAE=+0.2031 | ΔRMSE=+0.1884 | Δr=-0.0372 | Δrho=-0.0350 | ΔCidx=-0.0140 | ΔEF1=-0.6309 | ΔEF5=+0.2567 | ΔAcc=+0.3538
    test_ema: Pose=0.7864, BalAcc=0.6376, PR=0.3523, Rneg=0.4948, Rpos=0.7804, MAE=1.5247, RMSE=1.8730, r=0.5990, Cidx=0.7152
------------------------------------------------------------------------------
  [Train Results  epoch 18]  epoch_t=54.93s  total_t=976s
  Pose=0.6884 | Aff=0.8569 | BalAcc=0.7179 | Rneg=0.5925 | Rpos=0.8433 | PR=0.3669 | MCC=0.2885 | MAE=1.2083 | RMSE=1.5350 | r=0.7044 | rho=0.7153 | Cidx=0.7581 | EF1=2.2276 | EF5=1.5028 | S@1=0.0000 | S@5=1.0000 | S@10=1.0000 | Acc=0.6237
  ΔPose=+0.1604 | ΔAff=-0.1681 | ΔBalAcc=+0.0141 | ΔRneg=-0.2332 | ΔRpos=+0.2614 | ΔPR=+0.0253 | ΔMCC=-0.0337 | ΔMAE=-0.1715 | ΔRMSE=-0.1929 | Δr=+0.0289 | Δrho=+0.0341 | ΔCidx=+0.0161 | ΔEF1=-0.1931 | ΔEF5=-0.4228 | ΔS@1=-1.0000 | ΔAcc=-0.1717
    lr: 0.000987
    train_ema: Pose=0.7697, BalAcc=0.6554, PR=0.3197, Rneg=0.5175, Rpos=0.7932, MAE=1.3491, RMSE=1.6916, r=0.6073, Cidx=0.7217
------------------------------------------------------------------------------
  [Test Results  epoch 18]
  Pose=0.6982 | Aff=0.9795 | BalAcc=0.7215 | Rneg=0.5522 | Rpos=0.8909 | PR=0.4258 | MCC=0.3027 | MAE=1.3389 | RMSE=1.6769 | r=0.7287 | rho=0.7219 | Cidx=0.7658 | EF1=2.2080 | EF5=2.3104 | S@1=1.0000 | S@5=1.0000 | S@10=1.0000 | Acc=0.5979
  ΔPose=+0.1897 | ΔAff=-0.1568 | ΔBalAcc=+0.0028 | ΔRneg=-0.3074 | ΔRpos=+0.3130 | ΔPR=+0.0211 | ΔMCC=-0.0712 | ΔMAE=-0.1764 | ΔRMSE=-0.1549 | Δr=+0.0586 | Δrho=+0.0516 | ΔCidx=+0.0249 | ΔEF1=+0.4731 | ΔEF5=+0.3209 | ΔS@1=+1.0000 | ΔAcc=-0.2237
    test_ema: Pose=0.7599, BalAcc=0.6628, PR=0.3744, Rneg=0.5120, Rpos=0.8135, MAE=1.4690, RMSE=1.8142, r=0.6379, Cidx=0.7304
------------------------------------------------------------------------------
  [Train Results  epoch 20]  epoch_t=55.17s  total_t=1086s
  Pose=0.8730 | Aff=0.8222 | BalAcc=0.5933 | Rneg=0.2053 | Rpos=0.9813 | PR=0.3683 | MCC=0.1596 | MAE=1.1712 | RMSE=1.4849 | r=0.7128 | rho=0.7231 | Cidx=0.7650 | EF1=2.5495 | EF5=1.4384 | S@1=0.0000 | S@5=1.0000 | S@10=1.0000 | Acc=0.3019
  ΔPose=+0.1846 | ΔAff=-0.0348 | ΔBalAcc=-0.1246 | ΔRneg=-0.3872 | ΔRpos=+0.1381 | ΔPR=+0.0014 | ΔMCC=-0.1289 | ΔMAE=-0.0371 | ΔRMSE=-0.0500 | Δr=+0.0085 | Δrho=+0.0078 | ΔCidx=+0.0069 | ΔEF1=+0.3219 | ΔEF5=-0.0644 | ΔAcc=-0.3218
    lr: 0.000984
    train_ema: Pose=0.8007, BalAcc=0.6368, PR=0.3343, Rneg=0.4239, Rpos=0.8496, MAE=1.2958, RMSE=1.6296, r=0.6389, Cidx=0.7347
------------------------------------------------------------------------------
  [Test Results  epoch 20]
  Pose=0.8691 | Aff=0.9104 | BalAcc=0.6029 | Rneg=0.2090 | Rpos=0.9968 | PR=0.4093 | MCC=0.1825 | MAE=1.2878 | RMSE=1.5828 | r=0.7372 | rho=0.7369 | Cidx=0.7723 | EF1=2.2080 | EF5=2.3425 | S@1=1.0000 | S@5=1.0000 | S@10=1.0000 | Acc=0.3153
  ΔPose=+0.1709 | ΔAff=-0.0692 | ΔBalAcc=-0.1186 | ΔRneg=-0.3432 | ΔRpos=+0.1059 | ΔPR=-0.0165 | ΔMCC=-0.1202 | ΔMAE=-0.0511 | ΔRMSE=-0.0942 | Δr=+0.0085 | Δrho=+0.0151 | ΔCidx=+0.0065 | ΔEF5=+0.0321 | ΔAcc=-0.2826
    test_ema: Pose=0.7927, BalAcc=0.6448, PR=0.3849, Rneg=0.4211, Rpos=0.8685, MAE=1.4146, RMSE=1.7447, r=0.6677, Cidx=0.7430
------------------------------------------------------------------------------
  [Train Results  epoch 22]  epoch_t=54.86s  total_t=1196s
  Pose=0.5409 | Aff=0.8280 | BalAcc=0.7149 | Rneg=0.8333 | Rpos=0.5965 | PR=0.3708 | MCC=0.3424 | MAE=1.1830 | RMSE=1.4954 | r=0.7140 | rho=0.7195 | Cidx=0.7600 | EF1=3.0904 | EF5=1.8869 | S@1=0.0000 | S@5=0.0000 | S@10=1.0000 | Acc=0.8039
  ΔPose=-0.3321 | ΔAff=+0.0059 | ΔBalAcc=+0.1216 | ΔRneg=+0.6280 | ΔRpos=-0.3848 | ΔPR=+0.0025 | ΔMCC=+0.1828 | ΔMAE=+0.0118 | ΔRMSE=+0.0105 | Δr=+0.0012 | Δrho=-0.0037 | ΔCidx=-0.0050 | ΔEF1=+0.5408 | ΔEF5=+0.4485 | ΔS@5=-1.0000 | ΔAcc=+0.5020
    lr: 0.000979
    train_ema: Pose=0.7227, BalAcc=0.6602, PR=0.3452, Rneg=0.5467, Rpos=0.7737, MAE=1.2619, RMSE=1.5894, r=0.6615, Cidx=0.7423
------------------------------------------------------------------------------
  [Test Results  epoch 22]
  Pose=0.5351 | Aff=0.9428 | BalAcc=0.7196 | Rneg=0.8406 | Rpos=0.5987 | PR=0.4366 | MCC=0.3630 | MAE=1.3191 | RMSE=1.6119 | r=0.7000 | rho=0.6928 | Cidx=0.7525 | EF1=3.4697 | EF5=2.1179 | S@1=1.0000 | S@5=1.0000 | S@10=1.0000 | Acc=0.8079
  ΔPose=-0.3340 | ΔAff=+0.0325 | ΔBalAcc=+0.1167 | ΔRneg=+0.6315 | ΔRpos=-0.3981 | ΔPR=+0.0273 | ΔMCC=+0.1805 | ΔMAE=+0.0312 | ΔRMSE=+0.0291 | Δr=-0.0372 | Δrho=-0.0441 | ΔCidx=-0.0198 | ΔEF1=+1.2617 | ΔEF5=-0.2246 | ΔAcc=+0.4926
    test_ema: Pose=0.7154, BalAcc=0.6673, PR=0.4004, Rneg=0.5469, Rpos=0.7876, MAE=1.3860, RMSE=1.7049, r=0.6774, Cidx=0.7458
------------------------------------------------------------------------------
  [Train Results  epoch 24]  epoch_t=54.94s  total_t=1306s
  Pose=1.1218 | Aff=1.0455 | BalAcc=0.5044 | Rneg=0.0090 | Rpos=0.9999 | PR=0.3437 | MCC=0.0331 | MAE=1.4064 | RMSE=1.7379 | r=0.5799 | rho=0.5590 | Cidx=0.6954 | EF1=2.4079 | EF5=1.6730 | S@1=1.0000 | S@5=1.0000 | S@10=1.0000 | Acc=0.1323
  ΔPose=+0.5809 | ΔAff=+0.2174 | ΔBalAcc=-0.2105 | ΔRneg=-0.8243 | ΔRpos=+0.4033 | ΔPR=-0.0270 | ΔMCC=-0.3093 | ΔMAE=+0.2234 | ΔRMSE=+0.2425 | Δr=-0.1342 | Δrho=-0.1605 | ΔCidx=-0.0646 | ΔEF1=-0.6825 | ΔEF5=-0.2140 | ΔS@1=+1.0000 | ΔS@5=+1.0000 | ΔAcc=-0.6715
    lr: 0.000975
    train_ema: Pose=0.8425, BalAcc=0.6135, PR=0.3448, Rneg=0.3854, Rpos=0.8416, MAE=1.3053, RMSE=1.6339, r=0.6370, Cidx=0.7282
------------------------------------------------------------------------------
  [Test Results  epoch 24]
  Pose=1.0942 | Aff=1.2743 | BalAcc=0.5039 | Rneg=0.0078 | Rpos=1.0000 | PR=0.3610 | MCC=0.0325 | MAE=1.6539 | RMSE=2.0223 | r=0.5184 | rho=0.5002 | Cidx=0.6715 | EF1=1.5771 | EF5=1.4119 | S@1=1.0000 | S@5=1.0000 | S@10=1.0000 | Acc=0.1416
  ΔPose=+0.5591 | ΔAff=+0.3315 | ΔBalAcc=-0.2158 | ΔRneg=-0.8328 | ΔRpos=+0.4013 | ΔPR=-0.0757 | ΔMCC=-0.3306 | ΔMAE=+0.3348 | ΔRMSE=+0.4104 | Δr=-0.1816 | Δrho=-0.1926 | ΔCidx=-0.0810 | ΔEF1=-1.8926 | ΔEF5=-0.7060 | ΔAcc=-0.6663
    test_ema: Pose=0.8290, BalAcc=0.6182, PR=0.3886, Rneg=0.3852, Rpos=0.8513, MAE=1.4663, RMSE=1.8001, r=0.6297, Cidx=0.7235
------------------------------------------------------------------------------
  [Train Results  epoch 26]  epoch_t=54.85s  total_t=1415s
  Pose=0.5260 | Aff=0.9934 | BalAcc=0.6788 | Rneg=0.8945 | Rpos=0.4631 | PR=0.3720 | MCC=0.3307 | MAE=1.3481 | RMSE=1.6841 | r=0.7042 | rho=0.7125 | Cidx=0.7624 | EF1=3.3994 | EF5=2.1086 | S@1=1.0000 | S@5=1.0000 | S@10=1.0000 | Acc=0.8408
  ΔPose=-0.5959 | ΔAff=-0.0521 | ΔBalAcc=+0.1744 | ΔRneg=+0.8855 | ΔRpos=-0.5367 | ΔPR=+0.0282 | ΔMCC=+0.2976 | ΔMAE=-0.0583 | ΔRMSE=-0.0537 | Δr=+0.1243 | Δrho=+0.1535 | ΔCidx=+0.0670 | ΔEF1=+0.9915 | ΔEF5=+0.4356 | ΔAcc=+0.7085
    lr: 0.000969
    train_ema: Pose=0.7475, BalAcc=0.6331, PR=0.3529, Rneg=0.5381, Rpos=0.7280, MAE=1.3181, RMSE=1.6490, r=0.6572, Cidx=0.7385
------------------------------------------------------------------------------
  [Test Results  epoch 26]
  Pose=0.5304 | Aff=1.0995 | BalAcc=0.6885 | Rneg=0.8971 | Rpos=0.4799 | PR=0.4169 | MCC=0.3571 | MAE=1.4771 | RMSE=1.7834 | r=0.6854 | rho=0.6802 | Cidx=0.7475 | EF1=4.2583 | EF5=2.3746 | S@1=1.0000 | S@5=1.0000 | S@10=1.0000 | Acc=0.8408
  ΔPose=-0.5638 | ΔAff=-0.1748 | ΔBalAcc=+0.1846 | ΔRneg=+0.8894 | ΔRpos=-0.5201 | ΔPR=+0.0559 | ΔMCC=+0.3246 | ΔMAE=-0.1768 | ΔRMSE=-0.2389 | Δr=+0.1670 | Δrho=+0.1800 | ΔCidx=+0.0760 | ΔEF1=+2.6811 | ΔEF5=+0.9627 | ΔAcc=+0.6992
    test_ema: Pose=0.7394, BalAcc=0.6393, PR=0.3971, Rneg=0.5388, Rpos=0.7399, MAE=1.4696, RMSE=1.7951, r=0.6464, Cidx=0.7307
------------------------------------------------------------------------------
  [Train Results  epoch 28]  epoch_t=54.93s  total_t=1526s
  Pose=0.7401 | Aff=0.7516 | BalAcc=0.6966 | Rneg=0.4587 | Rpos=0.9344 | PR=0.3911 | MCC=0.2639 | MAE=1.1054 | RMSE=1.4063 | r=0.7420 | rho=0.7458 | Cidx=0.7747 | EF1=2.8586 | EF5=2.0004 | S@1=1.0000 | S@5=1.0000 | S@10=1.0000 | Acc=0.5179
  ΔPose=+0.2142 | ΔAff=-0.2418 | ΔBalAcc=+0.0177 | ΔRneg=-0.4358 | ΔRpos=+0.4713 | ΔPR=+0.0192 | ΔMCC=-0.0668 | ΔMAE=-0.2427 | ΔRMSE=-0.2778 | Δr=+0.0378 | Δrho=+0.0333 | ΔCidx=+0.0123 | ΔEF1=-0.5408 | ΔEF5=-0.1083 | ΔAcc=-0.3229
    lr: 0.000963
    train_ema: Pose=0.7453, BalAcc=0.6521, PR=0.3644, Rneg=0.5143, Rpos=0.7899, MAE=1.2543, RMSE=1.5762, r=0.6826, Cidx=0.7493
------------------------------------------------------------------------------
  [Test Results  epoch 28]
  Pose=0.7131 | Aff=0.8496 | BalAcc=0.7321 | Rneg=0.5076 | Rpos=0.9567 | PR=0.4613 | MCC=0.3192 | MAE=1.2247 | RMSE=1.5128 | r=0.7277 | rho=0.7205 | Cidx=0.7640 | EF1=3.1543 | EF5=2.9843 | S@1=0.0000 | S@5=1.0000 | S@10=1.0000 | Acc=0.5682
  ΔPose=+0.1827 | ΔAff=-0.2499 | ΔBalAcc=+0.0436 | ΔRneg=-0.3895 | ΔRpos=+0.4767 | ΔPR=+0.0444 | ΔMCC=-0.0379 | ΔMAE=-0.2524 | ΔRMSE=-0.2706 | Δr=+0.0423 | Δrho=+0.0403 | ΔCidx=+0.0165 | ΔEF1=-1.1040 | ΔEF5=+0.6097 | ΔS@1=-1.0000 | ΔAcc=-0.2726
    test_ema: Pose=0.7315, BalAcc=0.6672, PR=0.4163, Rneg=0.5294, Rpos=0.8049, MAE=1.3961, RMSE=1.7104, r=0.6708, Cidx=0.7407
------------------------------------------------------------------------------
  [Train Results  epoch 30]  epoch_t=54.82s  total_t=1635s
  Pose=1.1547 | Aff=0.8208 | BalAcc=0.5063 | Rneg=0.0135 | Rpos=0.9991 | PR=0.3273 | MCC=0.0382 | MAE=1.1746 | RMSE=1.4809 | r=0.7170 | rho=0.7259 | Cidx=0.7669 | EF1=2.8328 | EF5=1.7116 | S@1=1.0000 | S@5=1.0000 | S@10=1.0000 | Acc=0.1361
  ΔPose=+0.4145 | ΔAff=+0.0693 | ΔBalAcc=-0.1903 | ΔRneg=-0.4453 | ΔRpos=+0.0647 | ΔPR=-0.0638 | ΔMCC=-0.2256 | ΔMAE=+0.0693 | ΔRMSE=+0.0746 | Δr=-0.0250 | Δrho=-0.0199 | ΔCidx=-0.0078 | ΔEF1=-0.0258 | ΔEF5=-0.2887 | ΔAcc=-0.3818
    lr: 0.000957
    train_ema: Pose=0.8681, BalAcc=0.6084, PR=0.3533, Rneg=0.3641, Rpos=0.8527, MAE=1.2304, RMSE=1.5476, r=0.6929, Cidx=0.7546
------------------------------------------------------------------------------
  [Test Results  epoch 30]
  Pose=1.1470 | Aff=0.9320 | BalAcc=0.5096 | Rneg=0.0193 | Rpos=1.0000 | PR=0.3835 | MCC=0.0514 | MAE=1.3081 | RMSE=1.6070 | r=0.7093 | rho=0.7115 | Cidx=0.7615 | EF1=2.8388 | EF5=1.9895 | S@1=1.0000 | S@5=1.0000 | S@10=1.0000 | Acc=0.1516
  ΔPose=+0.4339 | ΔAff=+0.0824 | ΔBalAcc=-0.2225 | ΔRneg=-0.4884 | ΔRpos=+0.0433 | ΔPR=-0.0778 | ΔMCC=-0.2677 | ΔMAE=+0.0834 | ΔRMSE=+0.0942 | Δr=-0.0184 | Δrho=-0.0090 | ΔCidx=-0.0025 | ΔEF1=-0.3154 | ΔEF5=-0.9948 | ΔS@1=+1.0000 | ΔAcc=-0.4166
    test_ema: Pose=0.8562, BalAcc=0.6199, PR=0.4065, Rneg=0.3764, Rpos=0.8634, MAE=1.3697, RMSE=1.6794, r=0.6823, Cidx=0.7469
------------------------------------------------------------------------------
  [Train Results  epoch 32]  epoch_t=55.00s  total_t=1745s
  Pose=0.6891 | Aff=0.9277 | BalAcc=0.7159 | Rneg=0.5059 | Rpos=0.9259 | PR=0.4157 | MCC=0.2864 | MAE=1.2883 | RMSE=1.6129 | r=0.6921 | rho=0.6958 | Cidx=0.7497 | EF1=2.5367 | EF5=1.8173 | S@1=0.0000 | S@5=1.0000 | S@10=1.0000 | Acc=0.5582
  ΔPose=-0.4655 | ΔAff=+0.1069 | ΔBalAcc=+0.2096 | ΔRneg=+0.4924 | ΔRpos=-0.0732 | ΔPR=+0.0884 | ΔMCC=+0.2481 | ΔMAE=+0.1137 | ΔRMSE=+0.1320 | Δr=-0.0249 | Δrho=-0.0300 | ΔCidx=-0.0172 | ΔEF1=-0.2962 | ΔEF5=+0.1057 | ΔS@1=-1.0000 | ΔAcc=+0.4220
    lr: 0.000950
    train_ema: Pose=0.8144, BalAcc=0.6406, PR=0.3720, Rneg=0.4066, Rpos=0.8746, MAE=1.2478, RMSE=1.5672, r=0.6927, Cidx=0.7531
------------------------------------------------------------------------------
  [Test Results  epoch 32]
  Pose=0.6644 | Aff=1.0714 | BalAcc=0.7499 | Rneg=0.5752 | Rpos=0.9246 | PR=0.4647 | MCC=0.3415 | MAE=1.4465 | RMSE=1.7678 | r=0.6537 | rho=0.6466 | Cidx=0.7291 | EF1=3.1543 | EF5=2.0537 | S@1=1.0000 | S@5=1.0000 | S@10=1.0000 | Acc=0.6223
  ΔPose=-0.4825 | ΔAff=+0.1394 | ΔBalAcc=+0.2403 | ΔRneg=+0.5559 | ΔRpos=-0.0754 | ΔPR=+0.0811 | ΔMCC=+0.2901 | ΔMAE=+0.1384 | ΔRMSE=+0.1608 | Δr=-0.0556 | Δrho=-0.0649 | ΔCidx=-0.0324 | ΔEF1=+0.3154 | ΔEF5=+0.0642 | ΔAcc=+0.4708
    test_ema: Pose=0.7987, BalAcc=0.6589, PR=0.4240, Rneg=0.4360, Rpos=0.8818, MAE=1.3927, RMSE=1.7059, r=0.6737, Cidx=0.7416
------------------------------------------------------------------------------
  [Train Results  epoch 34]  epoch_t=55.00s  total_t=1855s
  Pose=1.0321 | Aff=0.7169 | BalAcc=0.5611 | Rneg=0.1280 | Rpos=0.9942 | PR=0.3319 | MCC=0.1275 | MAE=1.0698 | RMSE=1.3659 | r=0.7488 | rho=0.7548 | Cidx=0.7780 | EF1=2.8328 | EF5=1.3688 | S@1=1.0000 | S@5=1.0000 | S@10=1.0000 | Acc=0.2358
  ΔPose=+0.3429 | ΔAff=-0.2108 | ΔBalAcc=-0.1548 | ΔRneg=-0.3779 | ΔRpos=+0.0683 | ΔPR=-0.0838 | ΔMCC=-0.1589 | ΔMAE=-0.2185 | ΔRMSE=-0.2469 | Δr=+0.0567 | Δrho=+0.0589 | ΔCidx=+0.0283 | ΔEF1=+0.2962 | ΔEF5=-0.4485 | ΔS@1=+1.0000 | ΔAcc=-0.3224
    lr: 0.000943
    train_ema: Pose=0.8797, BalAcc=0.6168, PR=0.3600, Rneg=0.3230, Rpos=0.9105, MAE=1.1944, RMSE=1.5068, r=0.7095, Cidx=0.7606
------------------------------------------------------------------------------
  [Test Results  epoch 34]
  Pose=1.0308 | Aff=0.7804 | BalAcc=0.5559 | Rneg=0.1166 | Rpos=0.9952 | PR=0.4097 | MCC=0.1265 | MAE=1.1597 | RMSE=1.4357 | r=0.7639 | rho=0.7622 | Cidx=0.7849 | EF1=2.8388 | EF5=2.0537 | S@1=1.0000 | S@5=1.0000 | S@10=1.0000 | Acc=0.2352
  ΔPose=+0.3663 | ΔAff=-0.2911 | ΔBalAcc=-0.1940 | ΔRneg=-0.4586 | ΔRpos=+0.0706 | ΔPR=-0.0550 | ΔMCC=-0.2150 | ΔMAE=-0.2868 | ΔRMSE=-0.3321 | Δr=+0.1103 | Δrho=+0.1155 | ΔCidx=+0.0558 | ΔEF1=-0.3154 | ΔAcc=-0.3872
    test_ema: Pose=0.8683, BalAcc=0.6280, PR=0.4197, Rneg=0.3402, Rpos=0.9158, MAE=1.3228, RMSE=1.6249, r=0.7008, Cidx=0.7546
------------------------------------------------------------------------------
  [Train Results  epoch 36]  epoch_t=54.79s  total_t=1965s
  Pose=0.5121 | Aff=1.2004 | BalAcc=0.6892 | Rneg=0.8938 | Rpos=0.4847 | PR=0.3947 | MCC=0.3467 | MAE=1.5586 | RMSE=1.9148 | r=0.6807 | rho=0.6800 | Cidx=0.7440 | EF1=2.4337 | EF5=2.0107 | S@1=1.0000 | S@5=1.0000 | S@10=1.0000 | Acc=0.8428
  ΔPose=-0.5199 | ΔAff=+0.4835 | ΔBalAcc=+0.1281 | ΔRneg=+0.7658 | ΔRpos=-0.5095 | ΔPR=+0.0628 | ΔMCC=+0.2192 | ΔMAE=+0.4888 | ΔRMSE=+0.5488 | Δr=-0.0681 | Δrho=-0.0747 | ΔCidx=-0.0339 | ΔEF1=-0.3992 | ΔEF5=+0.6419 | ΔAcc=+0.6071
    lr: 0.000936
    train_ema: Pose=0.7694, BalAcc=0.6385, PR=0.3704, Rneg=0.4942, Rpos=0.7828, MAE=1.3036, RMSE=1.6292, r=0.7009, Cidx=0.7556
------------------------------------------------------------------------------
  [Test Results  epoch 36]
  Pose=0.5248 | Aff=1.2970 | BalAcc=0.7032 | Rneg=0.9104 | Rpos=0.4960 | PR=0.4629 | MCC=0.3949 | MAE=1.6702 | RMSE=2.0325 | r=0.6342 | rho=0.6129 | Cidx=0.7235 | EF1=4.5737 | EF5=2.4067 | S@1=1.0000 | S@5=1.0000 | S@10=1.0000 | Acc=0.8545
  ΔPose=-0.5060 | ΔAff=+0.5166 | ΔBalAcc=+0.1473 | ΔRneg=+0.7937 | ΔRpos=-0.4992 | ΔPR=+0.0532 | ΔMCC=+0.2684 | ΔMAE=+0.5105 | ΔRMSE=+0.5967 | Δr=-0.1297 | Δrho=-0.1493 | ΔCidx=-0.0613 | ΔEF1=+1.7348 | ΔEF5=+0.3530 | ΔAcc=+0.6193
    test_ema: Pose=0.7652, BalAcc=0.6506, PR=0.4326, Rneg=0.5113, Rpos=0.7899, MAE=1.4270, RMSE=1.7471, r=0.6808, Cidx=0.7452
------------------------------------------------------------------------------
  [Train Results  epoch 38]  epoch_t=54.98s  total_t=2075s
  Pose=1.0506 | Aff=0.8713 | BalAcc=0.5707 | Rneg=0.1476 | Rpos=0.9938 | PR=0.3688 | MCC=0.1388 | MAE=1.2247 | RMSE=1.5419 | r=0.7147 | rho=0.7247 | Cidx=0.7644 | EF1=3.4767 | EF5=2.0519 | S@1=1.0000 | S@5=1.0000 | S@10=1.0000 | Acc=0.2530
  ΔPose=+0.5384 | ΔAff=-0.3291 | ΔBalAcc=-0.1185 | ΔRneg=-0.7461 | ΔRpos=+0.5092 | ΔPR=-0.0259 | ΔMCC=-0.2079 | ΔMAE=-0.3339 | ΔRMSE=-0.3728 | Δr=+0.0340 | Δrho=+0.0446 | ΔCidx=+0.0203 | ΔEF1=+1.0430 | ΔEF5=+0.0412 | ΔAcc=-0.5899
    lr: 0.000928
    train_ema: Pose=0.8538, BalAcc=0.6182, PR=0.3699, Rneg=0.3903, Rpos=0.8461, MAE=1.2799, RMSE=1.6030, r=0.7050, Cidx=0.7582
------------------------------------------------------------------------------
  [Test Results  epoch 38]
  Pose=1.0300 | Aff=1.0230 | BalAcc=0.5776 | Rneg=0.1584 | Rpos=0.9968 | PR=0.4608 | MCC=0.1540 | MAE=1.4052 | RMSE=1.7293 | r=0.6881 | rho=0.6691 | Cidx=0.7454 | EF1=2.2080 | EF5=1.8291 | S@1=0.0000 | S@5=1.0000 | S@10=1.0000 | Acc=0.2715
  ΔPose=+0.5052 | ΔAff=-0.2740 | ΔBalAcc=-0.1256 | ΔRneg=-0.7519 | ΔRpos=+0.5008 | ΔPR=-0.0021 | ΔMCC=-0.2409 | ΔMAE=-0.2650 | ΔRMSE=-0.3032 | Δr=+0.0539 | Δrho=+0.0562 | ΔCidx=+0.0219 | ΔEF1=-2.3657 | ΔEF5=-0.5776 | ΔS@1=-1.0000 | ΔAcc=-0.5829
    test_ema: Pose=0.8447, BalAcc=0.6287, PR=0.4411, Rneg=0.4054, Rpos=0.8519, MAE=1.4205, RMSE=1.7418, r=0.6830, Cidx=0.7453
------------------------------------------------------------------------------
  [Train Results  epoch 40]  epoch_t=54.80s  total_t=2184s
  Pose=0.4304 | Aff=1.4726 | BalAcc=0.6005 | Rneg=0.9477 | Rpos=0.2533 | PR=0.3248 | MCC=0.2484 | MAE=1.8242 | RMSE=2.2308 | r=0.6595 | rho=0.6662 | Cidx=0.7381 | EF1=2.2663 | EF5=2.2427 | S@1=1.0000 | S@5=1.0000 | S@10=1.0000 | Acc=0.8613
  ΔPose=-0.6202 | ΔAff=+0.6013 | ΔBalAcc=+0.0298 | ΔRneg=+0.8000 | ΔRpos=-0.7405 | ΔPR=-0.0440 | ΔMCC=+0.1095 | ΔMAE=+0.5995 | ΔRMSE=+0.6889 | Δr=-0.0552 | Δrho=-0.0584 | ΔCidx=-0.0262 | ΔEF1=-1.2104 | ΔEF5=+0.1908 | ΔAcc=+0.6083
    lr: 0.000919
    train_ema: Pose=0.7268, BalAcc=0.6129, PR=0.3564, Rneg=0.5575, Rpos=0.6682, MAE=1.4432, RMSE=1.7913, r=0.6914, Cidx=0.7522
------------------------------------------------------------------------------
  [Test Results  epoch 40]
  Pose=0.4525 | Aff=1.6233 | BalAcc=0.6029 | Rneg=0.9217 | Rpos=0.2841 | PR=0.3089 | MCC=0.2282 | MAE=1.9792 | RMSE=2.3812 | r=0.6415 | rho=0.6284 | Cidx=0.7297 | EF1=1.8926 | EF5=2.0216 | S@1=1.0000 | S@5=1.0000 | S@10=1.0000 | Acc=0.8356
  ΔPose=-0.5775 | ΔAff=+0.6003 | ΔBalAcc=+0.0253 | ΔRneg=+0.7632 | ΔRpos=-0.7127 | ΔPR=-0.1519 | ΔMCC=+0.0742 | ΔMAE=+0.5740 | ΔRMSE=+0.6519 | Δr=-0.0466 | Δrho=-0.0407 | ΔCidx=-0.0157 | ΔEF1=-0.3154 | ΔEF5=+0.1925 | ΔS@1=+1.0000 | ΔAcc=+0.5641
    test_ema: Pose=0.7270, BalAcc=0.6209, PR=0.4014, Rneg=0.5603, Rpos=0.6816, MAE=1.5881, RMSE=1.9336, r=0.6706, Cidx=0.7406
------------------------------------------------------------------------------
  [Train Results  epoch 42]  epoch_t=54.90s  total_t=2294s
  Pose=0.7147 | Aff=0.7685 | BalAcc=0.7305 | Rneg=0.5144 | Rpos=0.9466 | PR=0.4926 | MCC=0.3055 | MAE=1.1221 | RMSE=1.4238 | r=0.7434 | rho=0.7519 | Cidx=0.7778 | EF1=3.1419 | EF5=2.3870 | S@1=1.0000 | S@5=1.0000 | S@10=1.0000 | Acc=0.5682
  ΔPose=+0.2843 | ΔAff=-0.7041 | ΔBalAcc=+0.1300 | ΔRneg=-0.4333 | ΔRpos=+0.6933 | ΔPR=+0.1679 | ΔMCC=+0.0571 | ΔMAE=-0.7020 | ΔRMSE=-0.8069 | Δr=+0.0839 | Δrho=+0.0857 | ΔCidx=+0.0397 | ΔEF1=+0.8756 | ΔEF5=+0.1444 | ΔAcc=-0.2931
    lr: 0.000910
    train_ema: Pose=0.7231, BalAcc=0.6482, PR=0.3972, Rneg=0.5446, Rpos=0.7518, MAE=1.3469, RMSE=1.6811, r=0.7070, Cidx=0.7599
------------------------------------------------------------------------------
  [Test Results  epoch 42]
  Pose=0.7003 | Aff=0.8244 | BalAcc=0.7417 | Rneg=0.5299 | Rpos=0.9535 | PR=0.5475 | MCC=0.3311 | MAE=1.1946 | RMSE=1.5175 | r=0.7239 | rho=0.7145 | Cidx=0.7634 | EF1=4.2583 | EF5=3.5939 | S@1=1.0000 | S@5=1.0000 | S@10=1.0000 | Acc=0.5871
  ΔPose=+0.2478 | ΔAff=-0.7990 | ΔBalAcc=+0.1388 | ΔRneg=-0.3917 | ΔRpos=+0.6693 | ΔPR=+0.2387 | ΔMCC=+0.1028 | ΔMAE=-0.7846 | ΔRMSE=-0.8636 | Δr=+0.0823 | Δrho=+0.0862 | ΔCidx=+0.0337 | ΔEF1=+2.3657 | ΔEF5=+1.5724 | ΔAcc=-0.2486
    test_ema: Pose=0.7190, BalAcc=0.6572, PR=0.4453, Rneg=0.5512, Rpos=0.7631, MAE=1.4700, RMSE=1.8088, r=0.6865, Cidx=0.7475
------------------------------------------------------------------------------
  [Train Results  epoch 44]  epoch_t=55.32s  total_t=2405s
  Pose=0.6098 | Aff=1.0677 | BalAcc=0.7694 | Rneg=0.6644 | Rpos=0.8745 | PR=0.5016 | MCC=0.3627 | MAE=1.4254 | RMSE=1.7743 | r=0.6663 | rho=0.6724 | Cidx=0.7418 | EF1=2.4594 | EF5=2.1267 | S@1=0.0000 | S@5=1.0000 | S@10=1.0000 | Acc=0.6905
  ΔPose=-0.1049 | ΔAff=+0.2992 | ΔBalAcc=+0.0389 | ΔRneg=+0.1500 | ΔRpos=-0.0722 | ΔPR=+0.0090 | ΔMCC=+0.0571 | ΔMAE=+0.3033 | ΔRMSE=+0.3505 | Δr=-0.0771 | Δrho=-0.0795 | ΔCidx=-0.0361 | ΔEF1=-0.6825 | ΔEF5=-0.2604 | ΔS@1=-1.0000 | ΔAcc=+0.1223
    lr: 0.000901
    train_ema: Pose=0.6891, BalAcc=0.6845, PR=0.4286, Rneg=0.5805, Rpos=0.7886, MAE=1.3705, RMSE=1.7091, r=0.6948, Cidx=0.7545
------------------------------------------------------------------------------
  [Test Results  epoch 44]
  Pose=0.6252 | Aff=1.1813 | BalAcc=0.7855 | Rneg=0.6608 | Rpos=0.9101 | PR=0.5531 | MCC=0.3957 | MAE=1.5502 | RMSE=1.9027 | r=0.6114 | rho=0.6065 | Cidx=0.7193 | EF1=3.7851 | EF5=3.1126 | S@1=1.0000 | S@5=1.0000 | S@10=1.0000 | Acc=0.6945
  ΔPose=-0.0751 | ΔAff=+0.3569 | ΔBalAcc=+0.0438 | ΔRneg=+0.1309 | ΔRpos=-0.0433 | ΔPR=+0.0055 | ΔMCC=+0.0646 | ΔMAE=+0.3556 | ΔRMSE=+0.3852 | Δr=-0.1125 | Δrho=-0.1080 | ΔCidx=-0.0442 | ΔEF1=-0.4731 | ΔEF5=-0.4813 | ΔAcc=+0.1074
    test_ema: Pose=0.6909, BalAcc=0.6957, PR=0.4776, Rneg=0.5841, Rpos=0.8072, MAE=1.4941, RMSE=1.8370, r=0.6640, Cidx=0.7390
------------------------------------------------------------------------------
  [Train Results  epoch 46]  epoch_t=54.89s  total_t=2514s
  Pose=0.7005 | Aff=0.7216 | BalAcc=0.7309 | Rneg=0.5064 | Rpos=0.9554 | PR=0.5101 | MCC=0.3065 | MAE=1.0750 | RMSE=1.3633 | r=0.7636 | rho=0.7671 | Cidx=0.7863 | EF1=2.8586 | EF5=2.1292 | S@1=1.0000 | S@5=1.0000 | S@10=1.0000 | Acc=0.5623
  ΔPose=+0.0907 | ΔAff=-0.3462 | ΔBalAcc=-0.0385 | ΔRneg=-0.1580 | ΔRpos=+0.0809 | ΔPR=+0.0084 | ΔMCC=-0.0562 | ΔMAE=-0.3505 | ΔRMSE=-0.4110 | Δr=+0.0973 | Δrho=+0.0947 | ΔCidx=+0.0445 | ΔEF1=+0.3992 | ΔEF5=+0.0026 | ΔS@1=+1.0000 | ΔAcc=-0.1283
    lr: 0.000891
    train_ema: Pose=0.6925, BalAcc=0.6984, PR=0.4530, Rneg=0.5583, Rpos=0.8386, MAE=1.2818, RMSE=1.6053, r=0.7154, Cidx=0.7640
------------------------------------------------------------------------------
  [Test Results  epoch 46]
  Pose=0.6858 | Aff=0.8378 | BalAcc=0.7415 | Rneg=0.5151 | Rpos=0.9679 | PR=0.5711 | MCC=0.3317 | MAE=1.2086 | RMSE=1.5260 | r=0.7168 | rho=0.7030 | Cidx=0.7583 | EF1=2.9966 | EF5=2.9522 | S@1=1.0000 | S@5=1.0000 | S@10=1.0000 | Acc=0.5762
  ΔPose=+0.0606 | ΔAff=-0.3434 | ΔBalAcc=-0.0439 | ΔRneg=-0.1457 | ΔRpos=+0.0578 | ΔPR=+0.0180 | ΔMCC=-0.0640 | ΔMAE=-0.3416 | ΔRMSE=-0.3767 | Δr=+0.1054 | Δrho=+0.0965 | ΔCidx=+0.0390 | ΔEF1=-0.7886 | ΔEF5=-0.1604 | ΔAcc=-0.1182
    test_ema: Pose=0.6893, BalAcc=0.7094, PR=0.5057, Rneg=0.5634, Rpos=0.8554, MAE=1.4084, RMSE=1.7437, r=0.6798, Cidx=0.7448
------------------------------------------------------------------------------
  [Train Results  epoch 48]  epoch_t=55.13s  total_t=2625s
  Pose=0.6271 | Aff=0.7245 | BalAcc=0.7670 | Rneg=0.6033 | Rpos=0.9307 | PR=0.5446 | MCC=0.3535 | MAE=1.0698 | RMSE=1.3652 | r=0.7679 | rho=0.7786 | Cidx=0.7893 | EF1=2.5238 | EF5=1.8637 | S@1=1.0000 | S@5=1.0000 | S@10=1.0000 | Acc=0.6441
  ΔPose=-0.0734 | ΔAff=+0.0029 | ΔBalAcc=+0.0361 | ΔRneg=+0.0970 | ΔRpos=-0.0247 | ΔPR=+0.0346 | ΔMCC=+0.0470 | ΔMAE=-0.0052 | ΔRMSE=+0.0019 | Δr=+0.0043 | Δrho=+0.0115 | ΔCidx=+0.0030 | ΔEF1=-0.3348 | ΔEF5=-0.2655 | ΔAcc=+0.0818
    lr: 0.000881
    train_ema: Pose=0.6729, BalAcc=0.7190, PR=0.4805, Rneg=0.5718, Rpos=0.8662, MAE=1.2182, RMSE=1.5333, r=0.7312, Cidx=0.7716
------------------------------------------------------------------------------
  [Test Results  epoch 48]
  Pose=0.6149 | Aff=0.8161 | BalAcc=0.7794 | Rneg=0.6230 | Rpos=0.9358 | PR=0.5769 | MCC=0.3836 | MAE=1.1840 | RMSE=1.4868 | r=0.7788 | rho=0.7726 | Cidx=0.7890 | EF1=2.2080 | EF5=2.3746 | S@1=1.0000 | S@5=1.0000 | S@10=1.0000 | Acc=0.6652
  ΔPose=-0.0709 | ΔAff=-0.0217 | ΔBalAcc=+0.0379 | ΔRneg=+0.1079 | ΔRpos=-0.0321 | ΔPR=+0.0058 | ΔMCC=+0.0519 | ΔMAE=-0.0246 | ΔRMSE=-0.0393 | Δr=+0.0620 | Δrho=+0.0695 | ΔCidx=+0.0307 | ΔEF1=-0.7886 | ΔEF5=-0.5776 | ΔAcc=+0.0890
    test_ema: Pose=0.6670, BalAcc=0.7304, PR=0.5270, Rneg=0.5813, Rpos=0.8795, MAE=1.3411, RMSE=1.6666, r=0.7095, Cidx=0.7581
------------------------------------------------------------------------------
  [Train Results  epoch 50]  epoch_t=55.05s  total_t=2735s
  Pose=0.7307 | Aff=0.6760 | BalAcc=0.7023 | Rneg=0.4388 | Rpos=0.9658 | PR=0.5192 | MCC=0.2741 | MAE=1.0252 | RMSE=1.3122 | r=0.7683 | rho=0.7753 | Cidx=0.7895 | EF1=2.9230 | EF5=1.7039 | S@1=1.0000 | S@5=1.0000 | S@10=1.0000 | Acc=0.5044
  ΔPose=+0.1036 | ΔAff=-0.0484 | ΔBalAcc=-0.0647 | ΔRneg=-0.1645 | ΔRpos=+0.0352 | ΔPR=-0.0254 | ΔMCC=-0.0795 | ΔMAE=-0.0446 | ΔRMSE=-0.0530 | Δr=+0.0004 | Δrho=-0.0033 | ΔCidx=+0.0002 | ΔEF1=+0.3992 | ΔEF5=-0.1598 | ΔAcc=-0.1397
    lr: 0.000870
    train_ema: Pose=0.6903, BalAcc=0.7140, PR=0.4921, Rneg=0.5319, Rpos=0.8961, MAE=1.1603, RMSE=1.4670, r=0.7423, Cidx=0.7770
------------------------------------------------------------------------------
  [Test Results  epoch 50]
  Pose=0.7475 | Aff=0.7977 | BalAcc=0.6857 | Rneg=0.3987 | Rpos=0.9727 | PR=0.5670 | MCC=0.2663 | MAE=1.1703 | RMSE=1.4875 | r=0.7414 | rho=0.7424 | Cidx=0.7755 | EF1=2.5234 | EF5=2.8559 | S@1=1.0000 | S@5=1.0000 | S@10=1.0000 | Acc=0.4762
  ΔPose=+0.1327 | ΔAff=-0.0184 | ΔBalAcc=-0.0937 | ΔRneg=-0.2243 | ΔRpos=+0.0369 | ΔPR=-0.0099 | ΔMCC=-0.1173 | ΔMAE=-0.0137 | ΔRMSE=+0.0007 | Δr=-0.0374 | Δrho=-0.0302 | ΔCidx=-0.0135 | ΔEF1=+0.3154 | ΔEF5=+0.4813 | ΔAcc=-0.1890
    test_ema: Pose=0.6912, BalAcc=0.7170, PR=0.5390, Rneg=0.5265, Rpos=0.9075, MAE=1.2899, RMSE=1.6129, r=0.7191, Cidx=0.7633
------------------------------------------------------------------------------
  [Train Results  epoch 52]  epoch_t=54.84s  total_t=2845s
  Pose=0.8007 | Aff=0.7225 | BalAcc=0.6508 | Rneg=0.3168 | Rpos=0.9849 | PR=0.5293 | MCC=0.2220 | MAE=1.0738 | RMSE=1.3673 | r=0.7636 | rho=0.7704 | Cidx=0.7884 | EF1=2.5495 | EF5=2.0493 | S@1=1.0000 | S@5=1.0000 | S@10=1.0000 | Acc=0.3999
  ΔPose=+0.0700 | ΔAff=+0.0465 | ΔBalAcc=-0.0515 | ΔRneg=-0.1220 | ΔRpos=+0.0191 | ΔPR=+0.0100 | ΔMCC=-0.0521 | ΔMAE=+0.0487 | ΔRMSE=+0.0550 | Δr=-0.0047 | Δrho=-0.0049 | ΔCidx=-0.0011 | ΔEF1=-0.3734 | ΔEF5=+0.3454 | ΔAcc=-0.1045
    lr: 0.000859
    train_ema: Pose=0.7234, BalAcc=0.6951, PR=0.5033, Rneg=0.4674, Rpos=0.9228, MAE=1.1344, RMSE=1.4371, r=0.7487, Cidx=0.7804
------------------------------------------------------------------------------
  [Test Results  epoch 52]
  Pose=0.8142 | Aff=0.8111 | BalAcc=0.6350 | Rneg=0.2876 | Rpos=0.9823 | PR=0.5829 | MCC=0.2126 | MAE=1.1854 | RMSE=1.4798 | r=0.7385 | rho=0.7399 | Cidx=0.7732 | EF1=3.1543 | EF5=2.7917 | S@1=1.0000 | S@5=1.0000 | S@10=1.0000 | Acc=0.3813
  ΔPose=+0.0667 | ΔAff=+0.0135 | ΔBalAcc=-0.0508 | ΔRneg=-0.1111 | ΔRpos=+0.0096 | ΔPR=+0.0159 | ΔMCC=-0.0537 | ΔMAE=+0.0151 | ΔRMSE=-0.0077 | Δr=-0.0029 | Δrho=-0.0024 | ΔCidx=-0.0023 | ΔEF1=+0.6309 | ΔEF5=-0.0642 | ΔAcc=-0.0948
    test_ema: Pose=0.7281, BalAcc=0.6924, PR=0.5522, Rneg=0.4548, Rpos=0.9299, MAE=1.2585, RMSE=1.5729, r=0.7249, Cidx=0.7662
------------------------------------------------------------------------------
  [Train Results  epoch 54]  epoch_t=54.89s  total_t=2955s
  Pose=0.4605 | Aff=0.7696 | BalAcc=0.7625 | Rneg=0.8745 | Rpos=0.6504 | PR=0.5034 | MCC=0.4410 | MAE=1.1245 | RMSE=1.4386 | r=0.7425 | rho=0.7417 | Cidx=0.7687 | EF1=3.0260 | EF5=1.2992 | S@1=1.0000 | S@5=1.0000 | S@10=1.0000 | Acc=0.8467
  ΔPose=-0.3402 | ΔAff=+0.0471 | ΔBalAcc=+0.1116 | ΔRneg=+0.5578 | ΔRpos=-0.3345 | ΔPR=-0.0259 | ΔMCC=+0.2190 | ΔMAE=+0.0507 | ΔRMSE=+0.0714 | Δr=-0.0211 | Δrho=-0.0286 | ΔCidx=-0.0197 | ΔEF1=+0.4764 | ΔEF5=-0.7501 | ΔAcc=+0.4467
    lr: 0.000848
    train_ema: Pose=0.6445, BalAcc=0.7153, PR=0.5033, Rneg=0.5895, Rpos=0.8411, MAE=1.1314, RMSE=1.4375, r=0.7468, Cidx=0.7769
------------------------------------------------------------------------------
  [Test Results  epoch 54]
  Pose=0.4591 | Aff=0.9146 | BalAcc=0.7737 | Rneg=0.8748 | Rpos=0.6726 | PR=0.5622 | MCC=0.4684 | MAE=1.2909 | RMSE=1.6231 | r=0.7278 | rho=0.7199 | Cidx=0.7651 | EF1=2.6811 | EF5=2.9843 | S@1=1.0000 | S@5=1.0000 | S@10=1.0000 | Acc=0.8476
  ΔPose=-0.3551 | ΔAff=+0.1035 | ΔBalAcc=+0.1387 | ΔRneg=+0.5872 | ΔRpos=-0.3098 | ΔPR=-0.0207 | ΔMCC=+0.2557 | ΔMAE=+0.1055 | ΔRMSE=+0.1433 | Δr=-0.0108 | Δrho=-0.0200 | ΔCidx=-0.0081 | ΔEF1=-0.4731 | ΔEF5=+0.1925 | ΔAcc=+0.4662
    test_ema: Pose=0.6474, BalAcc=0.7168, PR=0.5552, Rneg=0.5808, Rpos=0.8527, MAE=1.2682, RMSE=1.5880, r=0.7258, Cidx=0.7659
------------------------------------------------------------------------------
  [Train Results  epoch 56]  epoch_t=54.87s  total_t=3064s
  Pose=0.6935 | Aff=0.8619 | BalAcc=0.7118 | Rneg=0.4550 | Rpos=0.9687 | PR=0.5335 | MCC=0.2852 | MAE=1.2131 | RMSE=1.5325 | r=0.7460 | rho=0.7512 | Cidx=0.7798 | EF1=3.8501 | EF5=2.4953 | S@1=1.0000 | S@5=1.0000 | S@10=1.0000 | Acc=0.5189
  ΔPose=+0.2330 | ΔAff=+0.0923 | ΔBalAcc=-0.0507 | ΔRneg=-0.4196 | ΔRpos=+0.3183 | ΔPR=+0.0301 | ΔMCC=-0.1558 | ΔMAE=+0.0886 | ΔRMSE=+0.0938 | Δr=+0.0035 | Δrho=+0.0095 | ΔCidx=+0.0111 | ΔEF1=+0.8241 | ΔEF5=+1.1961 | ΔAcc=-0.3277
    lr: 0.000836
    train_ema: Pose=0.6592, BalAcc=0.7142, PR=0.5124, Rneg=0.5492, Rpos=0.8793, MAE=1.1559, RMSE=1.4660, r=0.7466, Cidx=0.7778
------------------------------------------------------------------------------
  [Test Results  epoch 56]
  Pose=0.7177 | Aff=1.0030 | BalAcc=0.6893 | Rneg=0.3995 | Rpos=0.9791 | PR=0.5912 | MCC=0.2715 | MAE=1.3724 | RMSE=1.6942 | r=0.6997 | rho=0.6914 | Cidx=0.7528 | EF1=2.3657 | EF5=2.7276 | S@1=1.0000 | S@5=1.0000 | S@10=1.0000 | Acc=0.4777
  ΔPose=+0.2586 | ΔAff=+0.0884 | ΔBalAcc=-0.0844 | ΔRneg=-0.4753 | ΔRpos=+0.3066 | ΔPR=+0.0289 | ΔMCC=-0.1969 | ΔMAE=+0.0814 | ΔRMSE=+0.0711 | Δr=-0.0280 | Δrho=-0.0286 | ΔCidx=-0.0123 | ΔEF1=-0.3154 | ΔEF5=-0.2567 | ΔAcc=-0.3699
    test_ema: Pose=0.6685, BalAcc=0.7085, PR=0.5660, Rneg=0.5264, Rpos=0.8907, MAE=1.2995, RMSE=1.6198, r=0.7180, Cidx=0.7620
------------------------------------------------------------------------------
  [Train Results  epoch 58]  epoch_t=55.01s  total_t=3175s
  Pose=0.5577 | Aff=0.6340 | BalAcc=0.7785 | Rneg=0.6999 | Rpos=0.8571 | PR=0.5162 | MCC=0.3809 | MAE=0.9799 | RMSE=1.2629 | r=0.7942 | rho=0.7964 | Cidx=0.8043 | EF1=2.9230 | EF5=1.4951 | S@1=1.0000 | S@5=1.0000 | S@10=1.0000 | Acc=0.7195
  ΔPose=-0.1358 | ΔAff=-0.2279 | ΔBalAcc=+0.0667 | ΔRneg=+0.2450 | ΔRpos=-0.1116 | ΔPR=-0.0173 | ΔMCC=+0.0957 | ΔMAE=-0.2332 | ΔRMSE=-0.2696 | Δr=+0.0482 | Δrho=+0.0453 | ΔCidx=+0.0245 | ΔEF1=-0.9271 | ΔEF5=-1.0002 | ΔAcc=+0.2006
    lr: 0.000824
    train_ema: Pose=0.6288, BalAcc=0.7335, PR=0.5135, Rneg=0.5944, Rpos=0.8727, MAE=1.1031, RMSE=1.4051, r=0.7609, Cidx=0.7857
------------------------------------------------------------------------------
  [Test Results  epoch 58]
  Pose=0.5955 | Aff=0.7746 | BalAcc=0.7691 | Rneg=0.6120 | Rpos=0.9262 | PR=0.5758 | MCC=0.3689 | MAE=1.1343 | RMSE=1.4292 | r=0.7630 | rho=0.7491 | Cidx=0.7791 | EF1=2.0503 | EF5=2.4708 | S@1=1.0000 | S@5=1.0000 | S@10=1.0000 | Acc=0.6544
  ΔPose=-0.1222 | ΔAff=-0.2284 | ΔBalAcc=+0.0798 | ΔRneg=+0.2125 | ΔRpos=-0.0530 | ΔPR=-0.0154 | ΔMCC=+0.0974 | ΔMAE=-0.2380 | ΔRMSE=-0.2649 | Δr=+0.0633 | Δrho=+0.0577 | ΔCidx=+0.0263 | ΔEF1=-0.3154 | ΔEF5=-0.2567 | ΔAcc=+0.1767
    test_ema: Pose=0.6466, BalAcc=0.7267, PR=0.5689, Rneg=0.5521, Rpos=0.9013, MAE=1.2499, RMSE=1.5627, r=0.7315, Cidx=0.7671
------------------------------------------------------------------------------
  [Train Results  epoch 60]  epoch_t=54.83s  total_t=3284s
  Pose=0.6701 | Aff=0.7394 | BalAcc=0.7423 | Rneg=0.5358 | Rpos=0.9488 | PR=0.5234 | MCC=0.3203 | MAE=1.0850 | RMSE=1.3871 | r=0.7773 | rho=0.7817 | Cidx=0.7968 | EF1=3.1032 | EF5=1.5183 | S@1=1.0000 | S@5=1.0000 | S@10=1.0000 | Acc=0.5872
  ΔPose=+0.1124 | ΔAff=+0.1055 | ΔBalAcc=-0.0362 | ΔRneg=-0.1641 | ΔRpos=+0.0918 | ΔPR=+0.0072 | ΔMCC=-0.0606 | ΔMAE=+0.1051 | ΔRMSE=+0.1243 | Δr=-0.0169 | Δrho=-0.0147 | ΔCidx=-0.0075 | ΔEF1=+0.1803 | ΔEF5=+0.0232 | ΔAcc=-0.1323
    lr: 0.000812
    train_ema: Pose=0.6412, BalAcc=0.7362, PR=0.5165, Rneg=0.5768, Rpos=0.8955, MAE=1.0977, RMSE=1.3997, r=0.7658, Cidx=0.7891
------------------------------------------------------------------------------
  [Test Results  epoch 60]
  Pose=0.6742 | Aff=0.9782 | BalAcc=0.7498 | Rneg=0.5237 | Rpos=0.9759 | PR=0.5630 | MCC=0.3426 | MAE=1.3413 | RMSE=1.7085 | r=0.7020 | rho=0.6903 | Cidx=0.7588 | EF1=2.3657 | EF5=2.6955 | S@1=1.0000 | S@5=1.0000 | S@10=1.0000 | Acc=0.5847
  ΔPose=+0.0787 | ΔAff=+0.2035 | ΔBalAcc=-0.0193 | ΔRneg=-0.0884 | ΔRpos=+0.0498 | ΔPR=-0.0128 | ΔMCC=-0.0262 | ΔMAE=+0.2069 | ΔRMSE=+0.2793 | Δr=-0.0610 | Δrho=-0.0588 | ΔCidx=-0.0203 | ΔEF1=+0.3154 | ΔEF5=+0.2246 | ΔAcc=-0.0697
    test_ema: Pose=0.6549, BalAcc=0.7336, PR=0.5672, Rneg=0.5436, Rpos=0.9237, MAE=1.2773, RMSE=1.6064, r=0.7226, Cidx=0.7646
------------------------------------------------------------------------------
  [Train Results  epoch 62]  epoch_t=54.91s  total_t=3394s
  Pose=0.5409 | Aff=0.6566 | BalAcc=0.7980 | Rneg=0.7536 | Rpos=0.8424 | PR=0.5433 | MCC=0.4215 | MAE=1.0023 | RMSE=1.3048 | r=0.7986 | rho=0.8021 | Cidx=0.8047 | EF1=2.8071 | EF5=1.5364 | S@1=0.0000 | S@5=1.0000 | S@10=1.0000 | Acc=0.7646
  ΔPose=-0.1292 | ΔAff=-0.0828 | ΔBalAcc=+0.0557 | ΔRneg=+0.2178 | ΔRpos=-0.1065 | ΔPR=+0.0199 | ΔMCC=+0.1012 | ΔMAE=-0.0826 | ΔRMSE=-0.0824 | Δr=+0.0213 | Δrho=+0.0204 | ΔCidx=+0.0079 | ΔEF1=-0.2962 | ΔEF5=+0.0180 | ΔS@1=-1.0000 | ΔAcc=+0.1774
    lr: 0.000799
    train_ema: Pose=0.6111, BalAcc=0.7547, PR=0.5245, Rneg=0.6298, Rpos=0.8796, MAE=1.0691, RMSE=1.3712, r=0.7756, Cidx=0.7937
------------------------------------------------------------------------------
  [Test Results  epoch 62]
  Pose=0.5663 | Aff=0.7872 | BalAcc=0.8093 | Rneg=0.7134 | Rpos=0.9053 | PR=0.6062 | MCC=0.4378 | MAE=1.1507 | RMSE=1.4621 | r=0.7591 | rho=0.7557 | Cidx=0.7819 | EF1=2.8388 | EF5=2.7917 | S@1=1.0000 | S@5=1.0000 | S@10=1.0000 | Acc=0.7393
  ΔPose=-0.1079 | ΔAff=-0.1909 | ΔBalAcc=+0.0596 | ΔRneg=+0.1897 | ΔRpos=-0.0706 | ΔPR=+0.0432 | ΔMCC=+0.0951 | ΔMAE=-0.1906 | ΔRMSE=-0.2464 | Δr=+0.0571 | Δrho=+0.0655 | ΔCidx=+0.0231 | ΔEF1=+0.4731 | ΔEF5=+0.0963 | ΔAcc=+0.1546
    test_ema: Pose=0.6283, BalAcc=0.7563, PR=0.5789, Rneg=0.5945, Rpos=0.9182, MAE=1.2393, RMSE=1.5631, r=0.7336, Cidx=0.7698
------------------------------------------------------------------------------
  [Train Results  epoch 64]  epoch_t=54.95s  total_t=3504s
  Pose=0.5944 | Aff=0.8098 | BalAcc=0.7899 | Rneg=0.6592 | Rpos=0.9206 | PR=0.5580 | MCC=0.3887 | MAE=1.1594 | RMSE=1.4554 | r=0.7870 | rho=0.7965 | Cidx=0.7983 | EF1=2.4852 | EF5=1.4796 | S@1=1.0000 | S@5=1.0000 | S@10=1.0000 | Acc=0.6917
  ΔPose=+0.0535 | ΔAff=+0.1532 | ΔBalAcc=-0.0081 | ΔRneg=-0.0944 | ΔRpos=+0.0782 | ΔPR=+0.0147 | ΔMCC=-0.0328 | ΔMAE=+0.1571 | ΔRMSE=+0.1506 | Δr=-0.0116 | Δrho=-0.0056 | ΔCidx=-0.0064 | ΔEF1=-0.3219 | ΔEF5=-0.0567 | ΔS@1=+1.0000 | ΔAcc=-0.0729
    lr: 0.000786
    train_ema: Pose=0.6061, BalAcc=0.7653, PR=0.5346, Rneg=0.6386, Rpos=0.8919, MAE=1.0962, RMSE=1.3965, r=0.7790, Cidx=0.7951
------------------------------------------------------------------------------
  [Test Results  epoch 64]
  Pose=0.5852 | Aff=1.0701 | BalAcc=0.7991 | Rneg=0.6688 | Rpos=0.9294 | PR=0.6197 | MCC=0.4152 | MAE=1.4362 | RMSE=1.7683 | r=0.7283 | rho=0.7190 | Cidx=0.7634 | EF1=2.9966 | EF5=2.3746 | S@1=1.0000 | S@5=1.0000 | S@10=1.0000 | Acc=0.7040
  ΔPose=+0.0189 | ΔAff=+0.2829 | ΔBalAcc=-0.0102 | ΔRneg=-0.0446 | ΔRpos=+0.0241 | ΔPR=+0.0135 | ΔMCC=-0.0225 | ΔMAE=+0.2855 | ΔRMSE=+0.3062 | Δr=-0.0307 | Δrho=-0.0367 | ΔCidx=-0.0185 | ΔEF1=+0.1577 | ΔEF5=-0.4172 | ΔAcc=-0.0353
    test_ema: Pose=0.6154, BalAcc=0.7692, PR=0.5911, Rneg=0.6168, Rpos=0.9215, MAE=1.2984, RMSE=1.6247, r=0.7320, Cidx=0.7679
------------------------------------------------------------------------------
  [Train Results  epoch 66]  epoch_t=55.12s  total_t=3614s
  Pose=0.7834 | Aff=0.7652 | BalAcc=0.6325 | Rneg=0.2728 | Rpos=0.9921 | PR=0.5449 | MCC=0.2048 | MAE=1.1140 | RMSE=1.4122 | r=0.8091 | rho=0.8136 | Cidx=0.8085 | EF1=2.5882 | EF5=1.8328 | S@1=1.0000 | S@5=1.0000 | S@10=1.0000 | Acc=0.3623
  ΔPose=+0.1890 | ΔAff=-0.0446 | ΔBalAcc=-0.1574 | ΔRneg=-0.3864 | ΔRpos=+0.0715 | ΔPR=-0.0130 | ΔMCC=-0.1839 | ΔMAE=-0.0454 | ΔRMSE=-0.0432 | Δr=+0.0221 | Δrho=+0.0171 | ΔCidx=+0.0102 | ΔEF1=+0.1030 | ΔEF5=+0.3532 | ΔAcc=-0.3294
    lr: 0.000773
    train_ema: Pose=0.6593, BalAcc=0.7254, PR=0.5377, Rneg=0.5289, Rpos=0.9220, MAE=1.1015, RMSE=1.4012, r=0.7880, Cidx=0.7991
------------------------------------------------------------------------------
  [Test Results  epoch 66]
  Pose=0.7832 | Aff=0.9605 | BalAcc=0.6258 | Rneg=0.2563 | Rpos=0.9952 | PR=0.5886 | MCC=0.2066 | MAE=1.3305 | RMSE=1.6483 | r=0.7130 | rho=0.7021 | Cidx=0.7651 | EF1=2.0503 | EF5=2.7917 | S@1=1.0000 | S@5=1.0000 | S@10=1.0000 | Acc=0.3560
  ΔPose=+0.1981 | ΔAff=-0.1096 | ΔBalAcc=-0.1734 | ΔRneg=-0.4125 | ΔRpos=+0.0658 | ΔPR=-0.0311 | ΔMCC=-0.2086 | ΔMAE=-0.1057 | ΔRMSE=-0.1199 | Δr=-0.0154 | Δrho=-0.0169 | ΔCidx=+0.0017 | ΔEF1=-0.9463 | ΔEF5=+0.4172 | ΔAcc=-0.3480
    test_ema: Pose=0.6657, BalAcc=0.7261, PR=0.5904, Rneg=0.5087, Rpos=0.9436, MAE=1.3080, RMSE=1.6318, r=0.7263, Cidx=0.7671
------------------------------------------------------------------------------
  [Train Results  epoch 68]  epoch_t=54.93s  total_t=3724s
  Pose=0.5699 | Aff=0.6465 | BalAcc=0.7911 | Rneg=0.7406 | Rpos=0.8417 | PR=0.5344 | MCC=0.4082 | MAE=0.9892 | RMSE=1.2656 | r=0.8116 | rho=0.8156 | Cidx=0.8103 | EF1=3.0775 | EF5=1.4796 | S@1=1.0000 | S@5=1.0000 | S@10=1.0000 | Acc=0.7531
  ΔPose=-0.2135 | ΔAff=-0.1187 | ΔBalAcc=+0.1587 | ΔRneg=+0.4678 | ΔRpos=-0.1504 | ΔPR=-0.0106 | ΔMCC=+0.2033 | ΔMAE=-0.1249 | ΔRMSE=-0.1466 | Δr=+0.0025 | Δrho=+0.0020 | ΔCidx=+0.0018 | ΔEF1=+0.4893 | ΔEF5=-0.3532 | ΔAcc=+0.3908
    lr: 0.000759
    train_ema: Pose=0.6325, BalAcc=0.7451, PR=0.5367, Rneg=0.5924, Rpos=0.8979, MAE=1.0678, RMSE=1.3605, r=0.7951, Cidx=0.8025
------------------------------------------------------------------------------
  [Test Results  epoch 68]
  Pose=0.5703 | Aff=0.9526 | BalAcc=0.7989 | Rneg=0.7327 | Rpos=0.8652 | PR=0.5810 | MCC=0.4288 | MAE=1.3188 | RMSE=1.6406 | r=0.7301 | rho=0.7141 | Cidx=0.7618 | EF1=2.0503 | EF5=2.2462 | S@1=1.0000 | S@5=1.0000 | S@10=1.0000 | Acc=0.7505
  ΔPose=-0.2129 | ΔAff=-0.0080 | ΔBalAcc=+0.1732 | ΔRneg=+0.4763 | ΔRpos=-0.1300 | ΔPR=-0.0076 | ΔMCC=+0.2222 | ΔMAE=-0.0117 | ΔRMSE=-0.0077 | Δr=+0.0172 | Δrho=+0.0120 | ΔCidx=-0.0033 | ΔEF5=-0.5455 | ΔAcc=+0.3945
    test_ema: Pose=0.6371, BalAcc=0.7480, PR=0.5875, Rneg=0.5759, Rpos=0.9201, MAE=1.3113, RMSE=1.6344, r=0.7274, Cidx=0.7655
------------------------------------------------------------------------------
  [Train Results  epoch 70]  epoch_t=54.96s  total_t=3834s
  Pose=0.5941 | Aff=0.7142 | BalAcc=0.7894 | Rneg=0.6587 | Rpos=0.9201 | PR=0.5569 | MCC=0.3880 | MAE=1.0667 | RMSE=1.3534 | r=0.7503 | rho=0.7568 | Cidx=0.7782 | EF1=3.1032 | EF5=2.0493 | S@1=1.0000 | S@5=1.0000 | S@10=1.0000 | Acc=0.6912
  ΔPose=+0.0242 | ΔAff=+0.0677 | ΔBalAcc=-0.0017 | ΔRneg=-0.0819 | ΔRpos=+0.0784 | ΔPR=+0.0225 | ΔMCC=-0.0202 | ΔMAE=+0.0776 | ΔRMSE=+0.0878 | Δr=-0.0613 | Δrho=-0.0588 | ΔCidx=-0.0321 | ΔEF1=+0.0258 | ΔEF5=+0.5697 | ΔAcc=-0.0619
    lr: 0.000745
    train_ema: Pose=0.6210, BalAcc=0.7584, PR=0.5428, Rneg=0.6123, Rpos=0.9045, MAE=1.0675, RMSE=1.3584, r=0.7817, Cidx=0.7952
------------------------------------------------------------------------------
  [Test Results  epoch 70]
  Pose=0.5767 | Aff=0.8694 | BalAcc=0.7966 | Rneg=0.6671 | Rpos=0.9262 | PR=0.6012 | MCC=0.4116 | MAE=1.2402 | RMSE=1.5533 | r=0.7066 | rho=0.6977 | Cidx=0.7569 | EF1=2.3657 | EF5=2.2462 | S@1=1.0000 | S@5=1.0000 | S@10=1.0000 | Acc=0.7020
  ΔPose=+0.0064 | ΔAff=-0.0831 | ΔBalAcc=-0.0023 | ΔRneg=-0.0656 | ΔRpos=+0.0610 | ΔPR=+0.0202 | ΔMCC=-0.0171 | ΔMAE=-0.0786 | ΔRMSE=-0.0873 | Δr=-0.0235 | Δrho=-0.0165 | ΔCidx=-0.0049 | ΔEF1=+0.3154 | ΔAcc=-0.0485
    test_ema: Pose=0.6190, BalAcc=0.7626, PR=0.5916, Rneg=0.6032, Rpos=0.9219, MAE=1.2899, RMSE=1.6101, r=0.7212, Cidx=0.7629
------------------------------------------------------------------------------
  [Train Results  epoch 72]  epoch_t=55.01s  total_t=3944s
  Pose=0.4892 | Aff=0.6771 | BalAcc=0.8178 | Rneg=0.7951 | Rpos=0.8406 | PR=0.5840 | MCC=0.4654 | MAE=1.0249 | RMSE=1.3152 | r=0.7867 | rho=0.7919 | Cidx=0.7996 | EF1=2.6268 | EF5=1.6704 | S@1=0.0000 | S@5=0.0000 | S@10=0.0000 | Acc=0.8008
  ΔPose=-0.1048 | ΔAff=-0.0371 | ΔBalAcc=+0.0285 | ΔRneg=+0.1364 | ΔRpos=-0.0795 | ΔPR=+0.0271 | ΔMCC=+0.0774 | ΔMAE=-0.0418 | ΔRMSE=-0.0381 | Δr=+0.0364 | Δrho=+0.0351 | ΔCidx=+0.0214 | ΔEF1=-0.4764 | ΔEF5=-0.3789 | ΔS@1=-1.0000 | ΔS@5=-1.0000 | ΔS@10=-1.0000 | ΔAcc=+0.1096
    lr: 0.000731
    train_ema: Pose=0.5814, BalAcc=0.7762, PR=0.5551, Rneg=0.6671, Rpos=0.8853, MAE=1.0547, RMSE=1.3454, r=0.7832, Cidx=0.7965
------------------------------------------------------------------------------
  [Test Results  epoch 72]
  Pose=0.5086 | Aff=0.8629 | BalAcc=0.8277 | Rneg=0.7564 | Rpos=0.8989 | PR=0.6428 | MCC=0.4754 | MAE=1.2346 | RMSE=1.5578 | r=0.7111 | rho=0.7084 | Cidx=0.7584 | EF1=1.7348 | EF5=1.8291 | S@1=0.0000 | S@5=0.0000 | S@10=1.0000 | Acc=0.7757
  ΔPose=-0.0681 | ΔAff=-0.0065 | ΔBalAcc=+0.0310 | ΔRneg=+0.0894 | ΔRpos=-0.0273 | ΔPR=+0.0416 | ΔMCC=+0.0638 | ΔMAE=-0.0056 | ΔRMSE=+0.0045 | Δr=+0.0044 | Δrho=+0.0108 | ΔCidx=+0.0015 | ΔEF1=-0.6309 | ΔEF5=-0.4172 | ΔS@1=-1.0000 | ΔS@5=-1.0000 | ΔAcc=+0.0736
    test_ema: Pose=0.5859, BalAcc=0.7821, PR=0.6070, Rneg=0.6492, Rpos=0.9150, MAE=1.2733, RMSE=1.5944, r=0.7182, Cidx=0.7616
------------------------------------------------------------------------------
  [Train Results  epoch 74]  epoch_t=54.82s  total_t=4054s
  Pose=0.6006 | Aff=0.5934 | BalAcc=0.7766 | Rneg=0.6122 | Rpos=0.9410 | PR=0.5734 | MCC=0.3666 | MAE=0.9266 | RMSE=1.2079 | r=0.8266 | rho=0.8308 | Cidx=0.8200 | EF1=2.2920 | EF5=1.9411 | S@1=1.0000 | S@5=1.0000 | S@10=1.0000 | Acc=0.6531
  ΔPose=+0.1114 | ΔAff=-0.0837 | ΔBalAcc=-0.0413 | ΔRneg=-0.1830 | ΔRpos=+0.1004 | ΔPR=-0.0106 | ΔMCC=-0.0988 | ΔMAE=-0.0983 | ΔRMSE=-0.1073 | Δr=+0.0399 | Δrho=+0.0389 | ΔCidx=+0.0203 | ΔEF1=-0.3348 | ΔEF5=+0.2707 | ΔS@1=+1.0000 | ΔS@5=+1.0000 | ΔS@10=+1.0000 | ΔAcc=-0.1477
    lr: 0.000717
    train_ema: Pose=0.5872, BalAcc=0.7763, PR=0.5606, Rneg=0.6506, Rpos=0.9020, MAE=1.0163, RMSE=1.3042, r=0.7962, Cidx=0.8036
------------------------------------------------------------------------------
  [Test Results  epoch 74]
  Pose=0.5821 | Aff=0.8952 | BalAcc=0.7962 | Rneg=0.6438 | Rpos=0.9486 | PR=0.6139 | MCC=0.4081 | MAE=1.2434 | RMSE=1.6134 | r=0.7419 | rho=0.7343 | Cidx=0.7709 | EF1=2.9966 | EF5=2.9201 | S@1=1.0000 | S@5=1.0000 | S@10=1.0000 | Acc=0.6849
  ΔPose=+0.0735 | ΔAff=+0.0323 | ΔBalAcc=-0.0314 | ΔRneg=-0.1126 | ΔRpos=+0.0498 | ΔPR=-0.0288 | ΔMCC=-0.0673 | ΔMAE=+0.0089 | ΔRMSE=+0.0556 | Δr=+0.0308 | Δrho=+0.0259 | ΔCidx=+0.0125 | ΔEF1=+1.2617 | ΔEF5=+1.0910 | ΔS@1=+1.0000 | ΔS@5=+1.0000 | ΔAcc=-0.0907
    test_ema: Pose=0.5847, BalAcc=0.7863, PR=0.6091, Rneg=0.6476, Rpos=0.9251, MAE=1.2643, RMSE=1.6001, r=0.7253, Cidx=0.7644
------------------------------------------------------------------------------
  [Train Results  epoch 76]  epoch_t=54.88s  total_t=4164s
  Pose=0.4620 | Aff=0.8468 | BalAcc=0.8036 | Rneg=0.8205 | Rpos=0.7867 | PR=0.5404 | MCC=0.4598 | MAE=1.1992 | RMSE=1.5121 | r=0.7518 | rho=0.7545 | Cidx=0.7768 | EF1=2.3822 | EF5=1.8715 | S@1=1.0000 | S@5=1.0000 | S@10=1.0000 | Acc=0.8163
  ΔPose=-0.1387 | ΔAff=+0.2534 | ΔBalAcc=+0.0270 | ΔRneg=+0.2083 | ΔRpos=-0.1543 | ΔPR=-0.0330 | ΔMCC=+0.0932 | ΔMAE=+0.2726 | ΔRMSE=+0.3042 | Δr=-0.0748 | Δrho=-0.0763 | ΔCidx=-0.0432 | ΔEF1=+0.0901 | ΔEF5=-0.0696 | ΔAcc=+0.1632
    lr: 0.000702
    train_ema: Pose=0.5496, BalAcc=0.7845, PR=0.5546, Rneg=0.7016, Rpos=0.8674, MAE=1.0712, RMSE=1.3665, r=0.7829, Cidx=0.7955
------------------------------------------------------------------------------
  [Test Results  epoch 76]
  Pose=0.4916 | Aff=1.0175 | BalAcc=0.8049 | Rneg=0.7815 | Rpos=0.8283 | PR=0.5878 | MCC=0.4542 | MAE=1.3960 | RMSE=1.7306 | r=0.6666 | rho=0.6690 | Cidx=0.7423 | EF1=3.6274 | EF5=2.5992 | S@1=1.0000 | S@5=1.0000 | S@10=1.0000 | Acc=0.7878
  ΔPose=-0.0904 | ΔAff=+0.1223 | ΔBalAcc=+0.0086 | ΔRneg=+0.1377 | ΔRpos=-0.1204 | ΔPR=-0.0262 | ΔMCC=+0.0461 | ΔMAE=+0.1525 | ΔRMSE=+0.1171 | Δr=-0.0753 | Δrho=-0.0654 | ΔCidx=-0.0286 | ΔEF1=+0.6309 | ΔEF5=-0.3209 | ΔAcc=+0.1029
    test_ema: Pose=0.5568, BalAcc=0.7919, PR=0.6027, Rneg=0.6877, Rpos=0.8960, MAE=1.3038, RMSE=1.6392, r=0.7077, Cidx=0.7578
------------------------------------------------------------------------------
  [Train Results  epoch 78]  epoch_t=54.86s  total_t=4273s
  Pose=0.3959 | Aff=0.6410 | BalAcc=0.7325 | Rneg=0.9208 | Rpos=0.5442 | PR=0.5433 | MCC=0.4464 | MAE=0.9825 | RMSE=1.2668 | r=0.8177 | rho=0.8248 | Cidx=0.8136 | EF1=2.5238 | EF5=2.0210 | S@1=0.0000 | S@5=0.0000 | S@10=0.0000 | Acc=0.8740
  ΔPose=-0.0661 | ΔAff=-0.2058 | ΔBalAcc=-0.0710 | ΔRneg=+0.1004 | ΔRpos=-0.2425 | ΔPR=+0.0029 | ΔMCC=-0.0134 | ΔMAE=-0.2167 | ΔRMSE=-0.2454 | Δr=+0.0659 | Δrho=+0.0703 | ΔCidx=+0.0367 | ΔEF1=+0.1416 | ΔEF5=+0.1495 | ΔS@1=-1.0000 | ΔS@5=-1.0000 | ΔS@10=-1.0000 | ΔAcc=+0.0577
    lr: 0.000688
    train_ema: Pose=0.5035, BalAcc=0.7689, PR=0.5512, Rneg=0.7674, Rpos=0.7705, MAE=1.0446, RMSE=1.3366, r=0.7933, Cidx=0.8010
------------------------------------------------------------------------------
  [Test Results  epoch 78]
  Pose=0.3895 | Aff=0.8227 | BalAcc=0.7281 | Rneg=0.9474 | Rpos=0.5088 | PR=0.5928 | MCC=0.4902 | MAE=1.1989 | RMSE=1.4989 | r=0.7386 | rho=0.7209 | Cidx=0.7661 | EF1=2.2080 | EF5=1.8291 | S@1=0.0000 | S@5=1.0000 | S@10=1.0000 | Acc=0.8883
  ΔPose=-0.1021 | ΔAff=-0.1948 | ΔBalAcc=-0.0767 | ΔRneg=+0.1660 | ΔRpos=-0.3194 | ΔPR=+0.0050 | ΔMCC=+0.0360 | ΔMAE=-0.1971 | ΔRMSE=-0.2317 | Δr=+0.0720 | Δrho=+0.0520 | ΔCidx=+0.0237 | ΔEF1=-1.4194 | ΔEF5=-0.7701 | ΔS@1=-1.0000 | ΔAcc=+0.1005
    test_ema: Pose=0.5066, BalAcc=0.7728, PR=0.5997, Rneg=0.7657, Rpos=0.7799, MAE=1.2723, RMSE=1.5971, r=0.7170, Cidx=0.7603
------------------------------------------------------------------------------
  [Train Results  epoch 80]  epoch_t=54.87s  total_t=4383s
  Pose=0.5940 | Aff=0.6842 | BalAcc=0.7730 | Rneg=0.5980 | Rpos=0.9481 | PR=0.5750 | MCC=0.3612 | MAE=1.0240 | RMSE=1.3138 | r=0.8040 | rho=0.8079 | Cidx=0.8055 | EF1=3.4251 | EF5=2.0029 | S@1=1.0000 | S@5=1.0000 | S@10=1.0000 | Acc=0.6416
  ΔPose=+0.1982 | ΔAff=+0.0432 | ΔBalAcc=+0.0405 | ΔRneg=-0.3228 | ΔRpos=+0.4038 | ΔPR=+0.0317 | ΔMCC=-0.0853 | ΔMAE=+0.0415 | ΔRMSE=+0.0470 | Δr=-0.0138 | Δrho=-0.0169 | ΔCidx=-0.0081 | ΔEF1=+0.9014 | ΔEF5=-0.0180 | ΔS@1=+1.0000 | ΔS@5=+1.0000 | ΔS@10=+1.0000 | ΔAcc=-0.2324
    lr: 0.000673
    train_ema: Pose=0.5307, BalAcc=0.7701, PR=0.5583, Rneg=0.7166, Rpos=0.8237, MAE=1.0384, RMSE=1.3298, r=0.7965, Cidx=0.8023
------------------------------------------------------------------------------
  [Test Results  epoch 80]
  Pose=0.5751 | Aff=0.9790 | BalAcc=0.7847 | Rneg=0.6143 | Rpos=0.9551 | PR=0.6152 | MCC=0.3901 | MAE=1.3494 | RMSE=1.6935 | r=0.7283 | rho=0.7182 | Cidx=0.7706 | EF1=3.4697 | EF5=2.6955 | S@1=1.0000 | S@5=1.0000 | S@10=1.0000 | Acc=0.6602
  ΔPose=+0.1856 | ΔAff=+0.1563 | ΔBalAcc=+0.0565 | ΔRneg=-0.3332 | ΔRpos=+0.4462 | ΔPR=+0.0224 | ΔMCC=-0.1001 | ΔMAE=+0.1505 | ΔRMSE=+0.1946 | Δr=-0.0103 | Δrho=-0.0027 | ΔCidx=+0.0045 | ΔEF1=+1.2617 | ΔEF5=+0.8664 | ΔS@1=+1.0000 | ΔAcc=-0.2280
    test_ema: Pose=0.5272, BalAcc=0.7763, PR=0.6044, Rneg=0.7202, Rpos=0.8324, MAE=1.2955, RMSE=1.6260, r=0.7204, Cidx=0.7633
------------------------------------------------------------------------------
  [Train Results  epoch 82]  epoch_t=54.91s  total_t=4493s
  Pose=0.4885 | Aff=0.7931 | BalAcc=0.8001 | Rneg=0.7943 | Rpos=0.8059 | PR=0.5623 | MCC=0.4411 | MAE=1.1412 | RMSE=1.4516 | r=0.7387 | rho=0.7264 | Cidx=0.7696 | EF1=3.1032 | EF5=1.5982 | S@1=1.0000 | S@5=1.0000 | S@10=1.0000 | Acc=0.7958
  ΔPose=-0.1055 | ΔAff=+0.1089 | ΔBalAcc=+0.0271 | ΔRneg=+0.1963 | ΔRpos=-0.1422 | ΔPR=-0.0127 | ΔMCC=+0.0799 | ΔMAE=+0.1173 | ΔRMSE=+0.1378 | Δr=-0.0652 | Δrho=-0.0815 | ΔCidx=-0.0359 | ΔEF1=-0.3219 | ΔEF5=-0.4047 | ΔAcc=+0.1542
    lr: 0.000658
    train_ema: Pose=0.5180, BalAcc=0.7791, PR=0.5595, Rneg=0.7399, Rpos=0.8184, MAE=1.0692, RMSE=1.3663, r=0.7792, Cidx=0.7925
------------------------------------------------------------------------------
  [Test Results  epoch 82]
  Pose=0.5056 | Aff=0.9499 | BalAcc=0.8190 | Rneg=0.7760 | Rpos=0.8620 | PR=0.6409 | MCC=0.4712 | MAE=1.3373 | RMSE=1.6435 | r=0.6959 | rho=0.6683 | Cidx=0.7448 | EF1=1.7348 | EF5=2.0216 | S@1=1.0000 | S@5=1.0000 | S@10=1.0000 | Acc=0.7876
  ΔPose=-0.0696 | ΔAff=-0.0292 | ΔBalAcc=+0.0343 | ΔRneg=+0.1617 | ΔRpos=-0.0931 | ΔPR=+0.0257 | ΔMCC=+0.0811 | ΔMAE=-0.0121 | ΔRMSE=-0.0500 | Δr=-0.0324 | Δrho=-0.0499 | ΔCidx=-0.0258 | ΔEF1=-1.7348 | ΔEF5=-0.6739 | ΔAcc=+0.1273
    test_ema: Pose=0.5207, BalAcc=0.7891, PR=0.6153, Rneg=0.7370, Rpos=0.8413, MAE=1.3080, RMSE=1.6313, r=0.7130, Cidx=0.7578
------------------------------------------------------------------------------
  [Train Results  epoch 84]  epoch_t=54.97s  total_t=4603s
  Pose=0.5635 | Aff=0.5200 | BalAcc=0.7967 | Rneg=0.6628 | Rpos=0.9307 | PR=0.5963 | MCC=0.3981 | MAE=0.8535 | RMSE=1.1025 | r=0.8436 | rho=0.8469 | Cidx=0.8264 | EF1=3.1161 | EF5=1.8354 | S@1=0.0000 | S@5=1.0000 | S@10=1.0000 | Acc=0.6961
  ΔPose=+0.0750 | ΔAff=-0.2731 | ΔBalAcc=-0.0034 | ΔRneg=-0.1315 | ΔRpos=+0.1248 | ΔPR=+0.0339 | ΔMCC=-0.0429 | ΔMAE=-0.2877 | ΔRMSE=-0.3491 | Δr=+0.1049 | Δrho=+0.1205 | ΔCidx=+0.0568 | ΔEF1=+0.0129 | ΔEF5=+0.2372 | ΔS@1=-1.0000 | ΔAcc=-0.0996
    lr: 0.000642
    train_ema: Pose=0.5317, BalAcc=0.7844, PR=0.5706, Rneg=0.7168, Rpos=0.8521, MAE=1.0045, RMSE=1.2872, r=0.7985, Cidx=0.8027
------------------------------------------------------------------------------
  [Test Results  epoch 84]
  Pose=0.5544 | Aff=0.8281 | BalAcc=0.8041 | Rneg=0.6676 | Rpos=0.9406 | PR=0.6190 | MCC=0.4218 | MAE=1.2000 | RMSE=1.5329 | r=0.7124 | rho=0.7019 | Cidx=0.7548 | EF1=2.0503 | EF5=2.4708 | S@1=1.0000 | S@5=1.0000 | S@10=1.0000 | Acc=0.7044
  ΔPose=+0.0489 | ΔAff=-0.1218 | ΔBalAcc=-0.0149 | ΔRneg=-0.1084 | ΔRpos=+0.0787 | ΔPR=-0.0218 | ΔMCC=-0.0494 | ΔMAE=-0.1373 | ΔRMSE=-0.1106 | Δr=+0.0165 | Δrho=+0.0336 | ΔCidx=+0.0100 | ΔEF1=+0.3154 | ΔEF5=+0.4492 | ΔAcc=-0.0832
    test_ema: Pose=0.5308, BalAcc=0.7936, PR=0.6164, Rneg=0.7161, Rpos=0.8711, MAE=1.2756, RMSE=1.6018, r=0.7129, Cidx=0.7569
------------------------------------------------------------------------------
  [Train Results  epoch 86]  epoch_t=54.89s  total_t=4713s
  Pose=0.5339 | Aff=0.5324 | BalAcc=0.7885 | Rneg=0.6783 | Rpos=0.8986 | PR=0.5951 | MCC=0.3898 | MAE=0.8664 | RMSE=1.1207 | r=0.8389 | rho=0.8416 | Cidx=0.8283 | EF1=3.1805 | EF5=2.2014 | S@1=1.0000 | S@5=1.0000 | S@10=1.0000 | Acc=0.7058
  ΔPose=-0.0296 | ΔAff=+0.0123 | ΔBalAcc=-0.0083 | ΔRneg=+0.0156 | ΔRpos=-0.0321 | ΔPR=-0.0012 | ΔMCC=-0.0083 | ΔMAE=+0.0129 | ΔRMSE=+0.0182 | Δr=-0.0047 | Δrho=-0.0053 | ΔCidx=+0.0019 | ΔEF1=+0.0644 | ΔEF5=+0.3660 | ΔS@1=+1.0000 | ΔAcc=+0.0096
    lr: 0.000627
    train_ema: Pose=0.5323, BalAcc=0.7856, PR=0.5779, Rneg=0.7052, Rpos=0.8660, MAE=0.9631, RMSE=1.2372, r=0.8106, Cidx=0.8103
------------------------------------------------------------------------------
  [Test Results  epoch 86]
  Pose=0.5432 | Aff=0.8313 | BalAcc=0.7851 | Rneg=0.6553 | Rpos=0.9149 | PR=0.6397 | MCC=0.3945 | MAE=1.2055 | RMSE=1.5297 | r=0.7153 | rho=0.6973 | Cidx=0.7542 | EF1=2.3657 | EF5=2.7917 | S@1=1.0000 | S@5=1.0000 | S@10=1.0000 | Acc=0.6903
  ΔPose=-0.0113 | ΔAff=+0.0032 | ΔBalAcc=-0.0190 | ΔRneg=-0.0123 | ΔRpos=-0.0257 | ΔPR=+0.0207 | ΔMCC=-0.0273 | ΔMAE=+0.0055 | ΔRMSE=-0.0032 | Δr=+0.0028 | Δrho=-0.0046 | ΔCidx=-0.0006 | ΔEF1=+0.3154 | ΔEF5=+0.3209 | ΔAcc=-0.0141
    test_ema: Pose=0.5345, BalAcc=0.7911, PR=0.6234, Rneg=0.6979, Rpos=0.8842, MAE=1.2546, RMSE=1.5801, r=0.7136, Cidx=0.7561
------------------------------------------------------------------------------
  [Train Results  epoch 88]  epoch_t=54.99s  total_t=4823s
  Pose=0.7573 | Aff=0.6565 | BalAcc=0.7029 | Rneg=0.4252 | Rpos=0.9807 | PR=0.5063 | MCC=0.2768 | MAE=1.0012 | RMSE=1.2802 | r=0.8154 | rho=0.8228 | Cidx=0.8111 | EF1=2.3950 | EF5=1.6627 | S@1=1.0000 | S@5=1.0000 | S@10=1.0000 | Acc=0.4943
  ΔPose=+0.2234 | ΔAff=+0.1242 | ΔBalAcc=-0.0855 | ΔRneg=-0.2531 | ΔRpos=+0.0821 | ΔPR=-0.0888 | ΔMCC=-0.1130 | ΔMAE=+0.1347 | ΔRMSE=+0.1594 | Δr=-0.0235 | Δrho=-0.0188 | ΔCidx=-0.0172 | ΔEF1=-0.7855 | ΔEF5=-0.5388 | ΔAcc=-0.2114
    lr: 0.000611
    train_ema: Pose=0.5998, BalAcc=0.7608, PR=0.5564, Rneg=0.6212, Rpos=0.9004, MAE=0.9745, RMSE=1.2501, r=0.8120, Cidx=0.8106
------------------------------------------------------------------------------
  [Test Results  epoch 88]
  Pose=0.7506 | Aff=0.8914 | BalAcc=0.7004 | Rneg=0.4248 | Rpos=0.9759 | PR=0.5858 | MCC=0.2834 | MAE=1.2558 | RMSE=1.5970 | r=0.7060 | rho=0.7191 | Cidx=0.7703 | EF1=3.7851 | EF5=2.8238 | S@1=1.0000 | S@5=1.0000 | S@10=1.0000 | Acc=0.4991
  ΔPose=+0.2074 | ΔAff=+0.0601 | ΔBalAcc=-0.0848 | ΔRneg=-0.2305 | ΔRpos=+0.0610 | ΔPR=-0.0540 | ΔMCC=-0.1111 | ΔMAE=+0.0503 | ΔRMSE=+0.0673 | Δr=-0.0093 | Δrho=+0.0218 | ΔCidx=+0.0161 | ΔEF1=+1.4194 | ΔEF5=+0.0321 | ΔAcc=-0.1912
    test_ema: Pose=0.5993, BalAcc=0.7639, PR=0.6121, Rneg=0.6160, Rpos=0.9117, MAE=1.2549, RMSE=1.5852, r=0.7113, Cidx=0.7603
------------------------------------------------------------------------------
  [Train Results  epoch 90]  epoch_t=55.20s  total_t=4933s
  Pose=0.6006 | Aff=0.5719 | BalAcc=0.7903 | Rneg=0.6295 | Rpos=0.9510 | PR=0.6053 | MCC=0.3858 | MAE=0.9141 | RMSE=1.1791 | r=0.8253 | rho=0.8305 | Cidx=0.8204 | EF1=3.1032 | EF5=1.3636 | S@1=1.0000 | S@5=1.0000 | S@10=1.0000 | Acc=0.6695
  ΔPose=-0.1567 | ΔAff=-0.0846 | ΔBalAcc=+0.0873 | ΔRneg=+0.2043 | ΔRpos=-0.0296 | ΔPR=+0.0990 | ΔMCC=+0.1090 | ΔMAE=-0.0871 | ΔRMSE=-0.1011 | Δr=+0.0099 | Δrho=+0.0077 | ΔCidx=+0.0093 | ΔEF1=+0.7082 | ΔEF5=-0.2990 | ΔAcc=+0.1752
    lr: 0.000596
    train_ema: Pose=0.6000, BalAcc=0.7697, PR=0.5711, Rneg=0.6237, Rpos=0.9156, MAE=0.9564, RMSE=1.2288, r=0.8160, Cidx=0.8135
------------------------------------------------------------------------------
  [Test Results  epoch 90]
  Pose=0.5927 | Aff=0.8112 | BalAcc=0.7981 | Rneg=0.6443 | Rpos=0.9518 | PR=0.6451 | MCC=0.4107 | MAE=1.1708 | RMSE=1.4789 | r=0.7526 | rho=0.7381 | Cidx=0.7733 | EF1=2.8388 | EF5=2.0537 | S@1=1.0000 | S@5=1.0000 | S@10=1.0000 | Acc=0.6858
  ΔPose=-0.1579 | ΔAff=-0.0802 | ΔBalAcc=+0.0977 | ΔRneg=+0.2195 | ΔRpos=-0.0241 | ΔPR=+0.0593 | ΔMCC=+0.1273 | ΔMAE=-0.0850 | ΔRMSE=-0.1181 | Δr=+0.0466 | Δrho=+0.0190 | ΔCidx=+0.0030 | ΔEF1=-0.9463 | ΔEF5=-0.7701 | ΔAcc=+0.1867
    test_ema: Pose=0.5973, BalAcc=0.7741, PR=0.6220, Rneg=0.6245, Rpos=0.9238, MAE=1.2297, RMSE=1.5533, r=0.7237, Cidx=0.7642
------------------------------------------------------------------------------
  [Train Results  epoch 92]  epoch_t=55.21s  total_t=5043s
  Pose=0.7491 | Aff=0.6674 | BalAcc=0.7013 | Rneg=0.4197 | Rpos=0.9829 | PR=0.5893 | MCC=0.2753 | MAE=1.0122 | RMSE=1.2966 | r=0.7906 | rho=0.7942 | Cidx=0.8012 | EF1=3.2320 | EF5=2.2092 | S@1=1.0000 | S@5=1.0000 | S@10=1.0000 | Acc=0.4898
  ΔPose=+0.1485 | ΔAff=+0.0954 | ΔBalAcc=-0.0890 | ΔRneg=-0.2098 | ΔRpos=+0.0318 | ΔPR=-0.0160 | ΔMCC=-0.1105 | ΔMAE=+0.0982 | ΔRMSE=+0.1176 | Δr=-0.0347 | Δrho=-0.0363 | ΔCidx=-0.0192 | ΔEF1=+0.1288 | ΔEF5=+0.8455 | ΔAcc=-0.1797
    lr: 0.000580
    train_ema: Pose=0.6448, BalAcc=0.7491, PR=0.5765, Rneg=0.5625, Rpos=0.9358, MAE=0.9731, RMSE=1.2491, r=0.8084, Cidx=0.8098
------------------------------------------------------------------------------
  [Test Results  epoch 92]
  Pose=0.7286 | Aff=0.9726 | BalAcc=0.7063 | Rneg=0.4335 | Rpos=0.9791 | PR=0.6459 | MCC=0.2908 | MAE=1.3535 | RMSE=1.6918 | r=0.6498 | rho=0.6392 | Cidx=0.7297 | EF1=2.8388 | EF5=2.1500 | S@1=1.0000 | S@5=1.0000 | S@10=1.0000 | Acc=0.5071
  ΔPose=+0.1359 | ΔAff=+0.1614 | ΔBalAcc=-0.0917 | ΔRneg=-0.2108 | ΔRpos=+0.0273 | ΔPR=+0.0008 | ΔMCC=-0.1199 | ΔMAE=+0.1828 | ΔRMSE=+0.2129 | Δr=-0.1028 | Δrho=-0.0989 | ΔCidx=-0.0436 | ΔEF5=+0.0963 | ΔAcc=-0.1786
    test_ema: Pose=0.6367, BalAcc=0.7538, PR=0.6292, Rneg=0.5672, Rpos=0.9404, MAE=1.2668, RMSE=1.5949, r=0.7015, Cidx=0.7539
------------------------------------------------------------------------------
  [Train Results  epoch 94]  epoch_t=55.10s  total_t=5153s
  Pose=0.4480 | Aff=0.5335 | BalAcc=0.8116 | Rneg=0.8032 | Rpos=0.8199 | PR=0.5817 | MCC=0.4610 | MAE=0.8650 | RMSE=1.1216 | r=0.8487 | rho=0.8532 | Cidx=0.8284 | EF1=2.1890 | EF5=1.6317 | S@1=1.0000 | S@5=1.0000 | S@10=1.0000 | Acc=0.8053
  ΔPose=-0.3011 | ΔAff=-0.1339 | ΔBalAcc=+0.1103 | ΔRneg=+0.3835 | ΔRpos=-0.1629 | ΔPR=-0.0076 | ΔMCC=+0.1857 | ΔMAE=-0.1473 | ΔRMSE=-0.1751 | Δr=+0.0580 | Δrho=+0.0590 | ΔCidx=+0.0272 | ΔEF1=-1.0430 | ΔEF5=-0.5774 | ΔAcc=+0.3155
    lr: 0.000564
    train_ema: Pose=0.5857, BalAcc=0.7679, PR=0.5781, Rneg=0.6347, Rpos=0.9010, MAE=0.9407, RMSE=1.2109, r=0.8205, Cidx=0.8154
------------------------------------------------------------------------------
  [Test Results  epoch 94]
  Pose=0.4461 | Aff=0.8507 | BalAcc=0.8295 | Rneg=0.8083 | Rpos=0.8507 | PR=0.6306 | MCC=0.5010 | MAE=1.2210 | RMSE=1.5247 | r=0.7522 | rho=0.7322 | Cidx=0.7707 | EF1=1.7348 | EF5=1.8932 | S@1=1.0000 | S@5=1.0000 | S@10=1.0000 | Acc=0.8140
  ΔPose=-0.2824 | ΔAff=-0.1219 | ΔBalAcc=+0.1232 | ΔRneg=+0.3747 | ΔRpos=-0.1284 | ΔPR=-0.0153 | ΔMCC=+0.2103 | ΔMAE=-0.1325 | ΔRMSE=-0.1671 | Δr=+0.1024 | Δrho=+0.0930 | ΔCidx=+0.0409 | ΔEF1=-1.1040 | ΔEF5=-0.2567 | ΔAcc=+0.3068
    test_ema: Pose=0.5795, BalAcc=0.7765, PR=0.6296, Rneg=0.6395, Rpos=0.9135, MAE=1.2531, RMSE=1.5738, r=0.7167, Cidx=0.7589
------------------------------------------------------------------------------
  [Train Results  epoch 96]  epoch_t=55.10s  total_t=5263s
  Pose=0.6225 | Aff=0.4788 | BalAcc=0.7619 | Rneg=0.5558 | Rpos=0.9680 | PR=0.6110 | MCC=0.3459 | MAE=0.8026 | RMSE=1.0427 | r=0.8703 | rho=0.8734 | Cidx=0.8435 | EF1=2.5109 | EF5=1.8173 | S@1=1.0000 | S@5=1.0000 | S@10=1.0000 | Acc=0.6071
  ΔPose=+0.1745 | ΔAff=-0.0547 | ΔBalAcc=-0.0496 | ΔRneg=-0.2474 | ΔRpos=+0.1481 | ΔPR=+0.0293 | ΔMCC=-0.1151 | ΔMAE=-0.0624 | ΔRMSE=-0.0789 | Δr=+0.0216 | Δrho=+0.0202 | ΔCidx=+0.0151 | ΔEF1=+0.3219 | ΔEF5=+0.1856 | ΔAcc=-0.1981
    lr: 0.000548
    train_ema: Pose=0.5968, BalAcc=0.7661, PR=0.5880, Rneg=0.6110, Rpos=0.9211, MAE=0.8992, RMSE=1.1604, r=0.8354, Cidx=0.8238
------------------------------------------------------------------------------
  [Test Results  epoch 96]
  Pose=0.6226 | Aff=0.7674 | BalAcc=0.7618 | Rneg=0.5557 | Rpos=0.9679 | PR=0.6369 | MCC=0.3579 | MAE=1.1356 | RMSE=1.4296 | r=0.7574 | rho=0.7385 | Cidx=0.7752 | EF1=2.0503 | EF5=2.7276 | S@1=1.0000 | S@5=1.0000 | S@10=1.0000 | Acc=0.6113
  ΔPose=+0.1764 | ΔAff=-0.0833 | ΔBalAcc=-0.0677 | ΔRneg=-0.2526 | ΔRpos=+0.1172 | ΔPR=+0.0063 | ΔMCC=-0.1431 | ΔMAE=-0.0855 | ΔRMSE=-0.0951 | Δr=+0.0053 | Δrho=+0.0063 | ΔCidx=+0.0046 | ΔEF1=+0.3154 | ΔEF5=+0.8343 | ΔAcc=-0.2027
    test_ema: Pose=0.5924, BalAcc=0.7721, PR=0.6318, Rneg=0.6144, Rpos=0.9298, MAE=1.2178, RMSE=1.5306, r=0.7289, Cidx=0.7638
------------------------------------------------------------------------------
  [Train Results  epoch 98]  epoch_t=54.85s  total_t=5373s
  Pose=0.5275 | Aff=0.4901 | BalAcc=0.8165 | Rneg=0.7376 | Rpos=0.8953 | PR=0.6042 | MCC=0.4407 | MAE=0.8217 | RMSE=1.0699 | r=0.8559 | rho=0.8574 | Cidx=0.8351 | EF1=2.7684 | EF5=1.4436 | S@1=1.0000 | S@5=1.0000 | S@10=1.0000 | Acc=0.7572
  ΔPose=-0.0950 | ΔAff=+0.0112 | ΔBalAcc=+0.0545 | ΔRneg=+0.1818 | ΔRpos=-0.0727 | ΔPR=-0.0067 | ΔMCC=+0.0948 | ΔMAE=+0.0192 | ΔRMSE=+0.0272 | Δr=-0.0144 | Δrho=-0.0160 | ΔCidx=-0.0084 | ΔEF1=+0.2575 | ΔEF5=-0.3738 | ΔAcc=+0.1501
    lr: 0.000532
    train_ema: Pose=0.5760, BalAcc=0.7812, PR=0.5928, Rneg=0.6490, Rpos=0.9134, MAE=0.8760, RMSE=1.1333, r=0.8416, Cidx=0.8272
------------------------------------------------------------------------------
  [Test Results  epoch 98]
  Pose=0.5497 | Aff=0.8396 | BalAcc=0.8055 | Rneg=0.6929 | Rpos=0.9181 | PR=0.6431 | MCC=0.4280 | MAE=1.2019 | RMSE=1.5329 | r=0.7203 | rho=0.7165 | Cidx=0.7605 | EF1=2.5234 | EF5=2.4708 | S@1=1.0000 | S@5=1.0000 | S@10=1.0000 | Acc=0.7233
  ΔPose=-0.0728 | ΔAff=+0.0722 | ΔBalAcc=+0.0437 | ΔRneg=+0.1372 | ΔRpos=-0.0498 | ΔPR=+0.0062 | ΔMCC=+0.0701 | ΔMAE=+0.0663 | ΔRMSE=+0.1032 | Δr=-0.0371 | Δrho=-0.0220 | ΔCidx=-0.0148 | ΔEF1=+0.4731 | ΔEF5=-0.2567 | ΔAcc=+0.1120
    test_ema: Pose=0.5796, BalAcc=0.7821, PR=0.6352, Rneg=0.6379, Rpos=0.9263, MAE=1.2130, RMSE=1.5313, r=0.7263, Cidx=0.7628
------------------------------------------------------------------------------
  [Train Results  epoch 100]  epoch_t=54.79s  total_t=5483s
  Pose=0.8934 | Aff=0.5979 | BalAcc=0.6278 | Rneg=0.2599 | Rpos=0.9957 | PR=0.5752 | MCC=0.2011 | MAE=0.9360 | RMSE=1.2117 | r=0.8371 | rho=0.8397 | Cidx=0.8258 | EF1=2.6526 | EF5=1.4152 | S@1=1.0000 | S@5=1.0000 | S@10=1.0000 | Acc=0.3515
  ΔPose=+0.3659 | ΔAff=+0.1078 | ΔBalAcc=-0.1886 | ΔRneg=-0.4777 | ΔRpos=+0.1004 | ΔPR=-0.0291 | ΔMCC=-0.2396 | ΔMAE=+0.1143 | ΔRMSE=+0.1417 | Δr=-0.0188 | Δrho=-0.0177 | ΔCidx=-0.0093 | ΔEF1=-0.1159 | ΔEF5=-0.0284 | ΔAcc=-0.4058
    lr: 0.000516
    train_ema: Pose=0.6712, BalAcc=0.7352, PR=0.5875, Rneg=0.5323, Rpos=0.9381, MAE=0.8940, RMSE=1.1568, r=0.8402, Cidx=0.8268
------------------------------------------------------------------------------
  [Test Results  epoch 100]
  Pose=0.8743 | Aff=0.8239 | BalAcc=0.6428 | Rneg=0.2936 | Rpos=0.9920 | PR=0.6321 | MCC=0.2238 | MAE=1.2010 | RMSE=1.4912 | r=0.7385 | rho=0.7235 | Cidx=0.7643 | EF1=2.0503 | EF5=1.9253 | S@1=1.0000 | S@5=1.0000 | S@10=1.0000 | Acc=0.3878
  ΔPose=+0.3246 | ΔAff=-0.0157 | ΔBalAcc=-0.1627 | ΔRneg=-0.3992 | ΔRpos=+0.0738 | ΔPR=-0.0111 | ΔMCC=-0.2042 | ΔMAE=-0.0008 | ΔRMSE=-0.0416 | Δr=+0.0181 | Δrho=+0.0070 | ΔCidx=+0.0039 | ΔEF1=-0.4731 | ΔEF5=-0.5455 | ΔAcc=-0.3354
    test_ema: Pose=0.6680, BalAcc=0.7403, PR=0.6343, Rneg=0.5346, Rpos=0.9460, MAE=1.2094, RMSE=1.5193, r=0.7300, Cidx=0.7633
