--- GNINA TRAINING (5-Loss Pipeline): gnina_default2018 ---

=== TARGET STATISTICS ===
  [DEBUG] Affinity target stats (N=7758):
    mean=6.318  std=2.047
    p01=2.310      p05=3.020      p25=4.712      p50=6.400      p75=7.800      p95=9.700      p99=11.200  
  [DEBUG] Pose sample stats: total=62335, valid=62335, ignored=0, bad=54577, good=7758
          valid ratio: bad=0.8755, good=0.1245
  [NORM] pK mean=6.318, std=2.047
  Pose prior init: disabled by --disable_pose_prior_init
  Pose prior init: skipped (no final 2-logit pose layer found)
  Calibration head: scale=1.0, bias=0.0 (z-space; frozen — no drift)
  Using eager mode for gnina_default2018
  Model parameters: 2,158,662
  Optimizer: AdamW(lr=0.001, wd=0.01)
  Mixed-precision (AMP) enabled
  Loss (Pose): Focal(γ=2.0, α_good=0.75, α_bad=0.25); λ_pose=1.2, pose_scale=0.5, w_pose=0.85, w_aff=0.15, warmup_epochs=0, pose_only_epochs=4, class_norm=True, batch_balance=True
  Loss 1 (Regression): ConfidenceAware(scale=1.0)
  Loss 2 (Ranking): SoftProbabilistic(scale=0.05, τ=1.0, pairs=128)
  Loss 3 (DistAlign): scale=0.02
  Loss 4 (Anchor): scale=0.01
  Early stopping: composite = 0.500*C-index + 0.500*Balanced Accuracy (min_delta=0.0001, patience=25)
------------------------------------------------------------------------------
  [Train Results  epoch 2]  epoch_t=14.10s  total_t=29s
  Pose=0.9000 | Aff=1.3272 | BalAcc=0.5187 | Rneg=0.0503 | Rpos=0.9871 | PR=0.2509 | MCC=0.0592 | MAE=1.6899 | RMSE=2.0523 | r=0.0094 | rho=0.0116 | Cidx=0.5078 | EF1=2.5367 | EF5=2.3355 | S@1=0.0000 | S@5=1.0000 | S@10=1.0000 | Acc=0.1669
    lr: 0.001000
    train_ema: Pose=0.9000, BalAcc=0.5187, PR=0.2509, Rneg=0.0503, Rpos=0.9871, MAE=1.6899, RMSE=2.0523, r=0.0094, Cidx=0.5078
------------------------------------------------------------------------------
  [Test Results  epoch 2]
  Pose=0.9028 | Aff=1.3987 | BalAcc=0.5323 | Rneg=0.0678 | Rpos=0.9968 | PR=0.2932 | MCC=0.0936 | MAE=1.7729 | RMSE=2.1822 | r=0.1846 | rho=0.1856 | Cidx=0.5645 | EF1=2.2080 | EF5=2.5671 | S@1=0.0000 | S@5=1.0000 | S@10=1.0000 | Acc=0.1932
    test_ema: Pose=0.9028, BalAcc=0.5323, PR=0.2932, Rneg=0.0678, Rpos=0.9968, MAE=1.7729, RMSE=2.1822, r=0.1846, Cidx=0.5645
------------------------------------------------------------------------------
  [Train Results  epoch 4]  epoch_t=14.03s  total_t=57s
  Pose=0.8260 | Aff=1.3258 | BalAcc=0.5359 | Rneg=0.0880 | Rpos=0.9838 | PR=0.2815 | MCC=0.0878 | MAE=1.6886 | RMSE=2.0459 | r=0.0719 | rho=0.0746 | Cidx=0.5281 | EF1=2.6268 | EF5=2.3226 | S@1=0.0000 | S@5=1.0000 | S@10=1.0000 | Acc=0.1995
  ΔPose=-0.0740 | ΔAff=-0.0014 | ΔBalAcc=+0.0172 | ΔRneg=+0.0377 | ΔRpos=-0.0034 | ΔPR=+0.0306 | ΔMCC=+0.0286 | ΔMAE=-0.0014 | ΔRMSE=-0.0064 | Δr=+0.0625 | Δrho=+0.0629 | ΔCidx=+0.0203 | ΔEF1=+0.0901 | ΔEF5=-0.0129 | ΔAcc=+0.0326
    lr: 0.001000
    train_ema: Pose=0.8778, BalAcc=0.5239, PR=0.2601, Rneg=0.0616, Rpos=0.9861, MAE=1.6895, RMSE=2.0504, r=0.0282, Cidx=0.5138
------------------------------------------------------------------------------
  [Test Results  epoch 4]
  Pose=0.8200 | Aff=1.3963 | BalAcc=0.5495 | Rneg=0.1086 | Rpos=0.9904 | PR=0.3333 | MCC=0.1152 | MAE=1.7721 | RMSE=2.1809 | r=0.1705 | rho=0.1688 | Cidx=0.5504 | EF1=4.5737 | EF5=2.7917 | S@1=1.0000 | S@5=1.0000 | S@10=1.0000 | Acc=0.2276
  ΔPose=-0.0828 | ΔAff=-0.0024 | ΔBalAcc=+0.0172 | ΔRneg=+0.0408 | ΔRpos=-0.0064 | ΔPR=+0.0400 | ΔMCC=+0.0216 | ΔMAE=-0.0007 | ΔRMSE=-0.0013 | Δr=-0.0141 | Δrho=-0.0168 | ΔCidx=-0.0141 | ΔEF1=+2.3657 | ΔEF5=+0.2246 | ΔS@1=+1.0000 | ΔAcc=+0.0344
    test_ema: Pose=0.8780, BalAcc=0.5375, PR=0.3052, Rneg=0.0801, Rpos=0.9949, MAE=1.7726, RMSE=2.1818, r=0.1804, Cidx=0.5603
------------------------------------------------------------------------------
  [Train Results  epoch 6]  epoch_t=14.21s  total_t=86s
  Pose=0.7995 | Aff=0.9090 | BalAcc=0.5509 | Rneg=0.1289 | Rpos=0.9729 | PR=0.2838 | MCC=0.1049 | MAE=1.2693 | RMSE=1.5841 | r=0.6393 | rho=0.6465 | Cidx=0.7318 | EF1=1.3520 | EF5=0.9924 | S@1=0.0000 | S@5=0.0000 | S@10=0.0000 | Acc=0.2339
  ΔPose=-0.0266 | ΔAff=-0.4168 | ΔBalAcc=+0.0150 | ΔRneg=+0.0408 | ΔRpos=-0.0108 | ΔPR=+0.0023 | ΔMCC=+0.0171 | ΔMAE=-0.4193 | ΔRMSE=-0.4618 | Δr=+0.5674 | Δrho=+0.5719 | ΔCidx=+0.2037 | ΔEF1=-1.2748 | ΔEF5=-1.3301 | ΔS@5=-1.0000 | ΔS@10=-1.0000 | ΔAcc=+0.0344
    lr: 0.001000
    train_ema: Pose=0.8543, BalAcc=0.5320, PR=0.2672, Rneg=0.0818, Rpos=0.9822, MAE=1.5635, RMSE=1.9105, r=0.2115, Cidx=0.5792
------------------------------------------------------------------------------
  [Test Results  epoch 6]
  Pose=0.8045 | Aff=0.9987 | BalAcc=0.5513 | Rneg=0.1139 | Rpos=0.9888 | PR=0.3216 | MCC=0.1169 | MAE=1.3583 | RMSE=1.6806 | r=0.6810 | rho=0.7050 | Cidx=0.7545 | EF1=1.2617 | EF5=1.0589 | S@1=1.0000 | S@5=1.0000 | S@10=1.0000 | Acc=0.2319
  ΔPose=-0.0155 | ΔAff=-0.3976 | ΔBalAcc=+0.0018 | ΔRneg=+0.0053 | ΔRpos=-0.0016 | ΔPR=-0.0117 | ΔMCC=+0.0017 | ΔMAE=-0.4139 | ΔRMSE=-0.5002 | Δr=+0.5105 | Δrho=+0.5363 | ΔCidx=+0.2041 | ΔEF1=-3.3120 | ΔEF5=-1.7328 | ΔAcc=+0.0043
    test_ema: Pose=0.8559, BalAcc=0.5416, PR=0.3101, Rneg=0.0902, Rpos=0.9930, MAE=1.6483, RMSE=2.0314, r=0.3306, Cidx=0.6185
------------------------------------------------------------------------------
  [Train Results  epoch 8]  epoch_t=14.24s  total_t=114s
  Pose=0.7866 | Aff=0.8484 | BalAcc=0.5916 | Rneg=0.2352 | Rpos=0.9481 | PR=0.2929 | MCC=0.1479 | MAE=1.2077 | RMSE=1.5109 | r=0.6853 | rho=0.6918 | Cidx=0.7479 | EF1=2.0474 | EF5=1.6730 | S@1=0.0000 | S@5=1.0000 | S@10=1.0000 | Acc=0.3239
  ΔPose=-0.0128 | ΔAff=-0.0605 | ΔBalAcc=+0.0407 | ΔRneg=+0.1063 | ΔRpos=-0.0249 | ΔPR=+0.0091 | ΔMCC=+0.0430 | ΔMAE=-0.0616 | ΔRMSE=-0.0732 | Δr=+0.0461 | Δrho=+0.0453 | ΔCidx=+0.0162 | ΔEF1=+0.6953 | ΔEF5=+0.6805 | ΔS@5=+1.0000 | ΔS@10=+1.0000 | ΔAcc=+0.0900
    lr: 0.000999
    train_ema: Pose=0.8340, BalAcc=0.5499, PR=0.2749, Rneg=0.1278, Rpos=0.9719, MAE=1.4568, RMSE=1.7906, r=0.3536, Cidx=0.6298
------------------------------------------------------------------------------
  [Test Results  epoch 8]
  Pose=0.8111 | Aff=0.8995 | BalAcc=0.5671 | Rneg=0.1647 | Rpos=0.9695 | PR=0.3500 | MCC=0.1296 | MAE=1.2689 | RMSE=1.5693 | r=0.7207 | rho=0.7460 | Cidx=0.7764 | EF1=2.0503 | EF5=1.5082 | S@1=1.0000 | S@5=1.0000 | S@10=1.0000 | Acc=0.2733
  ΔPose=+0.0066 | ΔAff=-0.0992 | ΔBalAcc=+0.0158 | ΔRneg=+0.0508 | ΔRpos=-0.0193 | ΔPR=+0.0284 | ΔMCC=+0.0127 | ΔMAE=-0.0894 | ΔRMSE=-0.1113 | Δr=+0.0397 | Δrho=+0.0410 | ΔCidx=+0.0220 | ΔEF1=+0.7886 | ΔEF5=+0.4492 | ΔAcc=+0.0414
    test_ema: Pose=0.8425, BalAcc=0.5493, PR=0.3221, Rneg=0.1126, Rpos=0.9860, MAE=1.5345, RMSE=1.8928, r=0.4476, Cidx=0.6659
------------------------------------------------------------------------------
  [Train Results  epoch 10]  epoch_t=14.22s  total_t=143s
  Pose=0.7474 | Aff=0.7981 | BalAcc=0.6271 | Rneg=0.3321 | Rpos=0.9220 | PR=0.3253 | MCC=0.1830 | MAE=1.1562 | RMSE=1.4430 | r=0.7117 | rho=0.7121 | Cidx=0.7576 | EF1=3.0389 | EF5=2.0596 | S@1=0.0000 | S@5=1.0000 | S@10=1.0000 | Acc=0.4056
  ΔPose=-0.0392 | ΔAff=-0.0504 | ΔBalAcc=+0.0355 | ΔRneg=+0.0970 | ΔRpos=-0.0260 | ΔPR=+0.0324 | ΔMCC=+0.0351 | ΔMAE=-0.0515 | ΔRMSE=-0.0678 | Δr=+0.0264 | Δrho=+0.0203 | ΔCidx=+0.0096 | ΔEF1=+0.9915 | ΔEF5=+0.3867 | ΔAcc=+0.0817
    lr: 0.000998
    train_ema: Pose=0.8080, BalAcc=0.5730, PR=0.2901, Rneg=0.1891, Rpos=0.9570, MAE=1.3666, RMSE=1.6863, r=0.4611, Cidx=0.6681
------------------------------------------------------------------------------
  [Test Results  epoch 10]
  Pose=0.7593 | Aff=0.8712 | BalAcc=0.6333 | Rneg=0.3066 | Rpos=0.9599 | PR=0.3798 | MCC=0.2049 | MAE=1.2278 | RMSE=1.5374 | r=0.7402 | rho=0.7434 | Cidx=0.7760 | EF1=2.6811 | EF5=2.2141 | S@1=1.0000 | S@5=1.0000 | S@10=1.0000 | Acc=0.3948
  ΔPose=-0.0518 | ΔAff=-0.0283 | ΔBalAcc=+0.0661 | ΔRneg=+0.1419 | ΔRpos=-0.0096 | ΔPR=+0.0298 | ΔMCC=+0.0753 | ΔMAE=-0.0411 | ΔRMSE=-0.0319 | Δr=+0.0194 | Δrho=-0.0026 | ΔCidx=-0.0005 | ΔEF1=+0.6309 | ΔEF5=+0.7060 | ΔAcc=+0.1215
    test_ema: Pose=0.8176, BalAcc=0.5745, PR=0.3394, Rneg=0.1708, Rpos=0.9781, MAE=1.4425, RMSE=1.7862, r=0.5354, Cidx=0.6989
------------------------------------------------------------------------------
  [Train Results  epoch 12]  epoch_t=14.12s  total_t=171s
  Pose=0.8317 | Aff=0.8529 | BalAcc=0.5375 | Rneg=0.0854 | Rpos=0.9897 | PR=0.3394 | MCC=0.0935 | MAE=1.2097 | RMSE=1.5100 | r=0.7194 | rho=0.7192 | Cidx=0.7629 | EF1=2.9487 | EF5=1.7890 | S@1=1.0000 | S@5=1.0000 | S@10=1.0000 | Acc=0.1979
  ΔPose=+0.0842 | ΔAff=+0.0548 | ΔBalAcc=-0.0895 | ΔRneg=-0.2468 | ΔRpos=+0.0677 | ΔPR=+0.0141 | ΔMCC=-0.0895 | ΔMAE=+0.0535 | ΔRMSE=+0.0669 | Δr=+0.0076 | Δrho=+0.0071 | ΔCidx=+0.0054 | ΔEF1=-0.0901 | ΔEF5=-0.2707 | ΔS@1=+1.0000 | ΔAcc=-0.2076
    lr: 0.000996
    train_ema: Pose=0.8151, BalAcc=0.5624, PR=0.3049, Rneg=0.1580, Rpos=0.9668, MAE=1.3195, RMSE=1.6334, r=0.5386, Cidx=0.6966
------------------------------------------------------------------------------
  [Test Results  epoch 12]
  Pose=0.8399 | Aff=0.9189 | BalAcc=0.5352 | Rneg=0.0703 | Rpos=1.0000 | PR=0.3929 | MCC=0.1005 | MAE=1.3009 | RMSE=1.5833 | r=0.7552 | rho=0.7571 | Cidx=0.7830 | EF1=2.3657 | EF5=1.9253 | S@1=1.0000 | S@5=1.0000 | S@10=1.0000 | Acc=0.1958
  ΔPose=+0.0806 | ΔAff=+0.0477 | ΔBalAcc=-0.0981 | ΔRneg=-0.2363 | ΔRpos=+0.0401 | ΔPR=+0.0131 | ΔMCC=-0.1044 | ΔMAE=+0.0731 | ΔRMSE=+0.0459 | Δr=+0.0151 | Δrho=+0.0137 | ΔCidx=+0.0070 | ΔEF1=-0.3154 | ΔEF5=-0.2888 | ΔAcc=-0.1990
    test_ema: Pose=0.8243, BalAcc=0.5627, PR=0.3554, Rneg=0.1407, Rpos=0.9847, MAE=1.4000, RMSE=1.7253, r=0.6013, Cidx=0.7241
------------------------------------------------------------------------------
  [Train Results  epoch 14]  epoch_t=14.27s  total_t=199s
  Pose=0.7589 | Aff=0.7652 | BalAcc=0.6400 | Rneg=0.3401 | Rpos=0.9399 | PR=0.3574 | MCC=0.2007 | MAE=1.1193 | RMSE=1.4101 | r=0.7351 | rho=0.7332 | Cidx=0.7685 | EF1=3.4123 | EF5=1.9540 | S@1=0.0000 | S@5=1.0000 | S@10=1.0000 | Acc=0.4147
  ΔPose=-0.0728 | ΔAff=-0.0877 | ΔBalAcc=+0.1025 | ΔRneg=+0.2547 | ΔRpos=-0.0498 | ΔPR=+0.0179 | ΔMCC=+0.1072 | ΔMAE=-0.0904 | ΔRMSE=-0.0999 | Δr=+0.0158 | Δrho=+0.0140 | ΔCidx=+0.0055 | ΔEF1=+0.4636 | ΔEF5=+0.1650 | ΔS@1=-1.0000 | ΔAcc=+0.2168
    lr: 0.000994
    train_ema: Pose=0.7983, BalAcc=0.5857, PR=0.3206, Rneg=0.2126, Rpos=0.9587, MAE=1.2594, RMSE=1.5664, r=0.5975, Cidx=0.7181
------------------------------------------------------------------------------
  [Test Results  epoch 14]
  Pose=0.7598 | Aff=0.8194 | BalAcc=0.6413 | Rneg=0.3099 | Rpos=0.9727 | PR=0.4215 | MCC=0.2170 | MAE=1.2033 | RMSE=1.4566 | r=0.7651 | rho=0.7540 | Cidx=0.7816 | EF1=2.6811 | EF5=1.9895 | S@1=0.0000 | S@5=1.0000 | S@10=1.0000 | Acc=0.3993
  ΔPose=-0.0801 | ΔAff=-0.0995 | ΔBalAcc=+0.1061 | ΔRneg=+0.2395 | ΔRpos=-0.0273 | ΔPR=+0.0286 | ΔMCC=+0.1165 | ΔMAE=-0.0976 | ΔRMSE=-0.1268 | Δr=+0.0099 | Δrho=-0.0031 | ΔCidx=-0.0013 | ΔEF1=+0.3154 | ΔEF5=+0.0642 | ΔS@1=-1.0000 | ΔAcc=+0.2036
    test_ema: Pose=0.8049, BalAcc=0.5863, PR=0.3753, Rneg=0.1914, Rpos=0.9811, MAE=1.3410, RMSE=1.6447, r=0.6505, Cidx=0.7414
------------------------------------------------------------------------------
  [Train Results  epoch 16]  epoch_t=14.01s  total_t=228s
  Pose=0.7576 | Aff=0.7568 | BalAcc=0.6408 | Rneg=0.3477 | Rpos=0.9339 | PR=0.3687 | MCC=0.2005 | MAE=1.1130 | RMSE=1.3952 | r=0.7401 | rho=0.7376 | Cidx=0.7705 | EF1=3.8501 | EF5=2.1860 | S@1=0.0000 | S@5=1.0000 | S@10=1.0000 | Acc=0.4207
  ΔPose=-0.0013 | ΔAff=-0.0084 | ΔBalAcc=+0.0008 | ΔRneg=+0.0077 | ΔRpos=-0.0061 | ΔPR=+0.0113 | ΔMCC=-0.0002 | ΔMAE=-0.0063 | ΔRMSE=-0.0148 | Δr=+0.0049 | Δrho=+0.0044 | ΔCidx=+0.0020 | ΔEF1=+0.4378 | ΔEF5=+0.2320 | ΔAcc=+0.0060
    lr: 0.000991
    train_ema: Pose=0.7861, BalAcc=0.6022, PR=0.3350, Rneg=0.2532, Rpos=0.9513, MAE=1.2155, RMSE=1.5151, r=0.6403, Cidx=0.7338
------------------------------------------------------------------------------
  [Test Results  epoch 16]
  Pose=0.7689 | Aff=0.8234 | BalAcc=0.6401 | Rneg=0.3091 | Rpos=0.9711 | PR=0.4120 | MCC=0.2153 | MAE=1.1992 | RMSE=1.4867 | r=0.7679 | rho=0.7622 | Cidx=0.7872 | EF1=2.6811 | EF5=2.4708 | S@1=0.0000 | S@5=1.0000 | S@10=1.0000 | Acc=0.3984
  ΔPose=+0.0091 | ΔAff=+0.0040 | ΔBalAcc=-0.0012 | ΔRneg=-0.0008 | ΔRpos=-0.0016 | ΔPR=-0.0095 | ΔMCC=-0.0017 | ΔMAE=-0.0041 | ΔRMSE=+0.0302 | Δr=+0.0028 | Δrho=+0.0082 | ΔCidx=+0.0055 | ΔEF5=+0.4813 | ΔAcc=-0.0009
    test_ema: Pose=0.7941, BalAcc=0.6024, PR=0.3863, Rneg=0.2267, Rpos=0.9781, MAE=1.2985, RMSE=1.5973, r=0.6857, Cidx=0.7551
------------------------------------------------------------------------------
  [Train Results  epoch 18]  epoch_t=14.10s  total_t=256s
  Pose=0.7158 | Aff=0.7203 | BalAcc=0.6823 | Rneg=0.4596 | Rpos=0.9050 | PR=0.3848 | MCC=0.2444 | MAE=1.0752 | RMSE=1.3566 | r=0.7494 | rho=0.7471 | Cidx=0.7769 | EF1=3.4895 | EF5=1.8457 | S@1=1.0000 | S@5=1.0000 | S@10=1.0000 | Acc=0.5151
  ΔPose=-0.0418 | ΔAff=-0.0365 | ΔBalAcc=+0.0415 | ΔRneg=+0.1119 | ΔRpos=-0.0289 | ΔPR=+0.0161 | ΔMCC=+0.0438 | ΔMAE=-0.0378 | ΔRMSE=-0.0386 | Δr=+0.0093 | Δrho=+0.0094 | ΔCidx=+0.0064 | ΔEF1=-0.3605 | ΔEF5=-0.3403 | ΔS@1=+1.0000 | ΔAcc=+0.0944
    lr: 0.000987
    train_ema: Pose=0.7650, BalAcc=0.6262, PR=0.3500, Rneg=0.3151, Rpos=0.9374, MAE=1.1734, RMSE=1.4675, r=0.6730, Cidx=0.7467
------------------------------------------------------------------------------
  [Test Results  epoch 18]
  Pose=0.7150 | Aff=0.7746 | BalAcc=0.7048 | Rneg=0.4819 | Rpos=0.9278 | PR=0.4289 | MCC=0.2829 | MAE=1.1519 | RMSE=1.4099 | r=0.7788 | rho=0.7617 | Cidx=0.7875 | EF1=3.1543 | EF5=2.6313 | S@1=1.0000 | S@5=1.0000 | S@10=1.0000 | Acc=0.5420
  ΔPose=-0.0539 | ΔAff=-0.0488 | ΔBalAcc=+0.0647 | ΔRneg=+0.1727 | ΔRpos=-0.0433 | ΔPR=+0.0169 | ΔMCC=+0.0676 | ΔMAE=-0.0474 | ΔRMSE=-0.0769 | Δr=+0.0109 | Δrho=-0.0005 | ΔCidx=+0.0003 | ΔEF1=+0.4731 | ΔEF5=+0.1604 | ΔS@1=+1.0000 | ΔAcc=+0.1436
    test_ema: Pose=0.7704, BalAcc=0.6331, PR=0.3991, Rneg=0.3033, Rpos=0.9630, MAE=1.2545, RMSE=1.5411, r=0.7136, Cidx=0.7648
------------------------------------------------------------------------------
  [Train Results  epoch 20]  epoch_t=14.14s  total_t=284s
  Pose=0.8391 | Aff=0.7213 | BalAcc=0.5783 | Rneg=0.1745 | Rpos=0.9822 | PR=0.3850 | MCC=0.1429 | MAE=1.0736 | RMSE=1.3521 | r=0.7534 | rho=0.7505 | Cidx=0.7776 | EF1=3.5410 | EF5=1.9411 | S@1=0.0000 | S@5=1.0000 | S@10=1.0000 | Acc=0.2750
  ΔPose=+0.1232 | ΔAff=+0.0010 | ΔBalAcc=-0.1040 | ΔRneg=-0.2852 | ΔRpos=+0.0772 | ΔPR=+0.0001 | ΔMCC=-0.1014 | ΔMAE=-0.0016 | ΔRMSE=-0.0045 | Δr=+0.0040 | Δrho=+0.0034 | ΔCidx=+0.0007 | ΔEF1=+0.0515 | ΔEF5=+0.0954 | ΔS@1=-1.0000 | ΔAcc=-0.2401
    lr: 0.000984
    train_ema: Pose=0.7872, BalAcc=0.6119, PR=0.3605, Rneg=0.2729, Rpos=0.9508, MAE=1.1435, RMSE=1.4329, r=0.6971, Cidx=0.7560
------------------------------------------------------------------------------
  [Test Results  epoch 20]
  Pose=0.8468 | Aff=0.8030 | BalAcc=0.5654 | Rneg=0.1357 | Rpos=0.9952 | PR=0.4428 | MCC=0.1386 | MAE=1.1686 | RMSE=1.4557 | r=0.7666 | rho=0.7481 | Cidx=0.7862 | EF1=2.0503 | EF5=2.4708 | S@1=0.0000 | S@5=1.0000 | S@10=1.0000 | Acc=0.2516
  ΔPose=+0.1319 | ΔAff=+0.0284 | ΔBalAcc=-0.1394 | ΔRneg=-0.3462 | ΔRpos=+0.0674 | ΔPR=+0.0138 | ΔMCC=-0.1444 | ΔMAE=+0.0168 | ΔRMSE=+0.0458 | Δr=-0.0122 | Δrho=-0.0136 | ΔCidx=-0.0013 | ΔEF1=-1.1040 | ΔEF5=-0.1604 | ΔS@1=-1.0000 | ΔAcc=-0.2904
    test_ema: Pose=0.7933, BalAcc=0.6128, PR=0.4122, Rneg=0.2530, Rpos=0.9727, MAE=1.2287, RMSE=1.5155, r=0.7295, Cidx=0.7712
------------------------------------------------------------------------------
  [Train Results  epoch 22]  epoch_t=14.24s  total_t=313s
  Pose=0.7293 | Aff=0.7309 | BalAcc=0.6655 | Rneg=0.3959 | Rpos=0.9352 | PR=0.3977 | MCC=0.2284 | MAE=1.0854 | RMSE=1.3614 | r=0.7567 | rho=0.7556 | Cidx=0.7785 | EF1=3.5797 | EF5=2.0236 | S@1=1.0000 | S@5=1.0000 | S@10=1.0000 | Acc=0.4630
  ΔPose=-0.1098 | ΔAff=+0.0096 | ΔBalAcc=+0.0872 | ΔRneg=+0.2214 | ΔRpos=-0.0470 | ΔPR=+0.0127 | ΔMCC=+0.0855 | ΔMAE=+0.0118 | ΔRMSE=+0.0093 | Δr=+0.0033 | Δrho=+0.0051 | ΔCidx=+0.0009 | ΔEF1=+0.0386 | ΔEF5=+0.0825 | ΔS@1=+1.0000 | ΔAcc=+0.1880
    lr: 0.000979
    train_ema: Pose=0.7698, BalAcc=0.6280, PR=0.3716, Rneg=0.3098, Rpos=0.9461, MAE=1.1260, RMSE=1.4115, r=0.7150, Cidx=0.7627
------------------------------------------------------------------------------
  [Test Results  epoch 22]
  Pose=0.7386 | Aff=0.7943 | BalAcc=0.6706 | Rneg=0.3685 | Rpos=0.9727 | PR=0.4451 | MCC=0.2494 | MAE=1.1685 | RMSE=1.4355 | r=0.7876 | rho=0.7693 | Cidx=0.7964 | EF1=2.3657 | EF5=2.4067 | S@1=1.0000 | S@5=1.0000 | S@10=1.0000 | Acc=0.4500
  ΔPose=-0.1082 | ΔAff=-0.0087 | ΔBalAcc=+0.1052 | ΔRneg=+0.2328 | ΔRpos=-0.0225 | ΔPR=+0.0023 | ΔMCC=+0.1108 | ΔMAE=-0.0001 | ΔRMSE=-0.0202 | Δr=+0.0210 | Δrho=+0.0212 | ΔCidx=+0.0102 | ΔEF1=+0.3154 | ΔEF5=-0.0642 | ΔS@1=+1.0000 | ΔAcc=+0.1984
    test_ema: Pose=0.7769, BalAcc=0.6302, PR=0.4220, Rneg=0.2876, Rpos=0.9727, MAE=1.2107, RMSE=1.4915, r=0.7469, Cidx=0.7788
------------------------------------------------------------------------------
  [Train Results  epoch 24]  epoch_t=14.19s  total_t=341s
  Pose=0.6949 | Aff=0.6947 | BalAcc=0.6982 | Rneg=0.4918 | Rpos=0.9045 | PR=0.4053 | MCC=0.2634 | MAE=1.0449 | RMSE=1.3258 | r=0.7639 | rho=0.7598 | Cidx=0.7806 | EF1=3.7986 | EF5=1.9514 | S@1=1.0000 | S@5=1.0000 | S@10=1.0000 | Acc=0.5432
  ΔPose=-0.0343 | ΔAff=-0.0362 | ΔBalAcc=+0.0326 | ΔRneg=+0.0959 | ΔRpos=-0.0307 | ΔPR=+0.0077 | ΔMCC=+0.0350 | ΔMAE=-0.0404 | ΔRMSE=-0.0356 | Δr=+0.0072 | Δrho=+0.0043 | ΔCidx=+0.0022 | ΔEF1=+0.2189 | ΔEF5=-0.0722 | ΔAcc=+0.0802
    lr: 0.000975
    train_ema: Pose=0.7474, BalAcc=0.6490, PR=0.3817, Rneg=0.3644, Rpos=0.9336, MAE=1.1017, RMSE=1.3858, r=0.7297, Cidx=0.7681
------------------------------------------------------------------------------
  [Test Results  epoch 24]
  Pose=0.6972 | Aff=0.7698 | BalAcc=0.7043 | Rneg=0.4856 | Rpos=0.9230 | PR=0.4494 | MCC=0.2819 | MAE=1.1274 | RMSE=1.4232 | r=0.7838 | rho=0.7676 | Cidx=0.7910 | EF1=3.3120 | EF5=2.5992 | S@1=1.0000 | S@5=1.0000 | S@10=1.0000 | Acc=0.5446
  ΔPose=-0.0414 | ΔAff=-0.0245 | ΔBalAcc=+0.0337 | ΔRneg=+0.1171 | ΔRpos=-0.0498 | ΔPR=+0.0043 | ΔMCC=+0.0325 | ΔMAE=-0.0412 | ΔRMSE=-0.0123 | Δr=-0.0038 | Δrho=-0.0017 | ΔCidx=-0.0054 | ΔEF1=+0.9463 | ΔEF5=+0.1925 | ΔAcc=+0.0946
    test_ema: Pose=0.7530, BalAcc=0.6524, PR=0.4302, Rneg=0.3470, Rpos=0.9578, MAE=1.1857, RMSE=1.4710, r=0.7580, Cidx=0.7825
------------------------------------------------------------------------------
  [Train Results  epoch 26]  epoch_t=14.25s  total_t=370s
  Pose=0.7529 | Aff=0.6782 | BalAcc=0.6499 | Rneg=0.3417 | Rpos=0.9581 | PR=0.4152 | MCC=0.2151 | MAE=1.0313 | RMSE=1.3049 | r=0.7727 | rho=0.7717 | Cidx=0.7856 | EF1=3.4509 | EF5=1.6601 | S@1=1.0000 | S@5=1.0000 | S@10=1.0000 | Acc=0.4184
  ΔPose=+0.0580 | ΔAff=-0.0165 | ΔBalAcc=-0.0482 | ΔRneg=-0.1501 | ΔRpos=+0.0536 | ΔPR=+0.0099 | ΔMCC=-0.0483 | ΔMAE=-0.0136 | ΔRMSE=-0.0210 | Δr=+0.0088 | Δrho=+0.0119 | ΔCidx=+0.0050 | ΔEF1=-0.3477 | ΔEF5=-0.2913 | ΔAcc=-0.1247
    lr: 0.000969
    train_ema: Pose=0.7490, BalAcc=0.6493, PR=0.3918, Rneg=0.3576, Rpos=0.9410, MAE=1.0806, RMSE=1.3615, r=0.7426, Cidx=0.7734
------------------------------------------------------------------------------
  [Test Results  epoch 26]
  Pose=0.7575 | Aff=0.7701 | BalAcc=0.6428 | Rneg=0.3096 | Rpos=0.9759 | PR=0.4546 | MCC=0.2195 | MAE=1.1375 | RMSE=1.4127 | r=0.7850 | rho=0.7587 | Cidx=0.7868 | EF1=2.0503 | EF5=2.0537 | S@1=1.0000 | S@5=1.0000 | S@10=1.0000 | Acc=0.3995
  ΔPose=+0.0603 | ΔAff=+0.0003 | ΔBalAcc=-0.0615 | ΔRneg=-0.1760 | ΔRpos=+0.0530 | ΔPR=+0.0053 | ΔMCC=-0.0624 | ΔMAE=+0.0101 | ΔRMSE=-0.0105 | Δr=+0.0012 | Δrho=-0.0089 | ΔCidx=-0.0042 | ΔEF1=-1.2617 | ΔEF5=-0.5455 | ΔAcc=-0.1451
    test_ema: Pose=0.7543, BalAcc=0.6495, PR=0.4376, Rneg=0.3358, Rpos=0.9632, MAE=1.1712, RMSE=1.4535, r=0.7661, Cidx=0.7838
------------------------------------------------------------------------------
  [Train Results  epoch 28]  epoch_t=14.35s  total_t=398s
  Pose=0.6798 | Aff=0.6633 | BalAcc=0.7178 | Rneg=0.5425 | Rpos=0.8930 | PR=0.4094 | MCC=0.2876 | MAE=1.0133 | RMSE=1.2906 | r=0.7770 | rho=0.7740 | Cidx=0.7888 | EF1=3.2320 | EF5=1.6936 | S@1=1.0000 | S@5=1.0000 | S@10=1.0000 | Acc=0.5861
  ΔPose=-0.0731 | ΔAff=-0.0149 | ΔBalAcc=+0.0678 | ΔRneg=+0.2008 | ΔRpos=-0.0651 | ΔPR=-0.0058 | ΔMCC=+0.0725 | ΔMAE=-0.0180 | ΔRMSE=-0.0142 | Δr=+0.0042 | Δrho=+0.0023 | ΔCidx=+0.0031 | ΔEF1=-0.2189 | ΔEF5=+0.0335 | ΔAcc=+0.1677
    lr: 0.000963
    train_ema: Pose=0.7283, BalAcc=0.6698, PR=0.3971, Rneg=0.4131, Rpos=0.9266, MAE=1.0604, RMSE=1.3402, r=0.7529, Cidx=0.7780
------------------------------------------------------------------------------
  [Test Results  epoch 28]
  Pose=0.6903 | Aff=0.7356 | BalAcc=0.7225 | Rneg=0.5284 | Rpos=0.9165 | PR=0.4569 | MCC=0.3046 | MAE=1.1078 | RMSE=1.3807 | r=0.7802 | rho=0.7586 | Cidx=0.7884 | EF1=2.8388 | EF5=2.2783 | S@1=1.0000 | S@5=1.0000 | S@10=1.0000 | Acc=0.5808
  ΔPose=-0.0672 | ΔAff=-0.0345 | ΔBalAcc=+0.0797 | ΔRneg=+0.2188 | ΔRpos=-0.0594 | ΔPR=+0.0023 | ΔMCC=+0.0852 | ΔMAE=-0.0297 | ΔRMSE=-0.0320 | Δr=-0.0047 | Δrho=-0.0001 | ΔCidx=+0.0016 | ΔEF1=+0.7886 | ΔEF5=+0.2246 | ΔAcc=+0.1812
    test_ema: Pose=0.7351, BalAcc=0.6714, PR=0.4434, Rneg=0.3936, Rpos=0.9492, MAE=1.1522, RMSE=1.4317, r=0.7703, Cidx=0.7852
------------------------------------------------------------------------------
  [Train Results  epoch 30]  epoch_t=14.14s  total_t=427s
  Pose=0.7253 | Aff=0.6585 | BalAcc=0.6869 | Rneg=0.4397 | Rpos=0.9340 | PR=0.4209 | MCC=0.2526 | MAE=1.0074 | RMSE=1.2791 | r=0.7839 | rho=0.7806 | Cidx=0.7879 | EF1=3.3865 | EF5=1.7142 | S@1=1.0000 | S@5=1.0000 | S@10=1.0000 | Acc=0.5012
  ΔPose=+0.0454 | ΔAff=-0.0048 | ΔBalAcc=-0.0309 | ΔRneg=-0.1028 | ΔRpos=+0.0410 | ΔPR=+0.0115 | ΔMCC=-0.0350 | ΔMAE=-0.0059 | ΔRMSE=-0.0115 | Δr=+0.0070 | Δrho=+0.0066 | ΔCidx=-0.0008 | ΔEF1=+0.1545 | ΔEF5=+0.0206 | ΔAcc=-0.0849
    lr: 0.000957
    train_ema: Pose=0.7274, BalAcc=0.6749, PR=0.4042, Rneg=0.4211, Rpos=0.9288, MAE=1.0445, RMSE=1.3219, r=0.7622, Cidx=0.7810
------------------------------------------------------------------------------
  [Test Results  epoch 30]
  Pose=0.7335 | Aff=0.7376 | BalAcc=0.6978 | Rneg=0.4293 | Rpos=0.9663 | PR=0.4717 | MCC=0.2790 | MAE=1.1078 | RMSE=1.3801 | r=0.7897 | rho=0.7675 | Cidx=0.7905 | EF1=2.6811 | EF5=2.2783 | S@1=0.0000 | S@5=1.0000 | S@10=1.0000 | Acc=0.5017
  ΔPose=+0.0432 | ΔAff=+0.0020 | ΔBalAcc=-0.0247 | ΔRneg=-0.0991 | ΔRpos=+0.0498 | ΔPR=+0.0148 | ΔMCC=-0.0256 | ΔMAE=-0.0000 | ΔRMSE=-0.0005 | Δr=+0.0095 | Δrho=+0.0089 | ΔCidx=+0.0021 | ΔEF1=-0.1577 | ΔS@1=-1.0000 | ΔAcc=-0.0790
    test_ema: Pose=0.7346, BalAcc=0.6793, PR=0.4519, Rneg=0.4043, Rpos=0.9543, MAE=1.1389, RMSE=1.4162, r=0.7761, Cidx=0.7868
------------------------------------------------------------------------------
  [Train Results  epoch 32]  epoch_t=14.26s  total_t=455s
  Pose=0.6435 | Aff=0.6383 | BalAcc=0.7252 | Rneg=0.5838 | Rpos=0.8666 | PR=0.4122 | MCC=0.2978 | MAE=0.9868 | RMSE=1.2530 | r=0.7932 | rho=0.7910 | Cidx=0.7973 | EF1=3.6440 | EF5=1.7452 | S@1=1.0000 | S@5=1.0000 | S@10=1.0000 | Acc=0.6190
  ΔPose=-0.0817 | ΔAff=-0.0202 | ΔBalAcc=+0.0383 | ΔRneg=+0.1441 | ΔRpos=-0.0674 | ΔPR=-0.0087 | ΔMCC=+0.0453 | ΔMAE=-0.0206 | ΔRMSE=-0.0261 | Δr=+0.0092 | Δrho=+0.0105 | ΔCidx=+0.0094 | ΔEF1=+0.2575 | ΔEF5=+0.0309 | ΔAcc=+0.1178
    lr: 0.000950
    train_ema: Pose=0.7022, BalAcc=0.6900, PR=0.4066, Rneg=0.4699, Rpos=0.9101, MAE=1.0272, RMSE=1.3012, r=0.7715, Cidx=0.7859
------------------------------------------------------------------------------
  [Test Results  epoch 32]
  Pose=0.6394 | Aff=0.7584 | BalAcc=0.7370 | Rneg=0.5880 | Rpos=0.8860 | PR=0.4598 | MCC=0.3242 | MAE=1.1319 | RMSE=1.4125 | r=0.7746 | rho=0.7497 | Cidx=0.7841 | EF1=2.6811 | EF5=2.5029 | S@1=0.0000 | S@5=1.0000 | S@10=1.0000 | Acc=0.6282
  ΔPose=-0.0941 | ΔAff=+0.0208 | ΔBalAcc=+0.0392 | ΔRneg=+0.1587 | ΔRpos=-0.0803 | ΔPR=-0.0119 | ΔMCC=+0.0452 | ΔMAE=+0.0242 | ΔRMSE=+0.0324 | Δr=-0.0151 | Δrho=-0.0178 | ΔCidx=-0.0064 | ΔEF5=+0.2246 | ΔAcc=+0.1265
    test_ema: Pose=0.7061, BalAcc=0.6966, PR=0.4543, Rneg=0.4594, Rpos=0.9338, MAE=1.1368, RMSE=1.4151, r=0.7757, Cidx=0.7860
------------------------------------------------------------------------------
  [Train Results  epoch 34]  epoch_t=14.14s  total_t=484s
  Pose=0.7021 | Aff=0.6232 | BalAcc=0.7038 | Rneg=0.4845 | Rpos=0.9230 | PR=0.4233 | MCC=0.2715 | MAE=0.9688 | RMSE=1.2401 | r=0.7956 | rho=0.7914 | Cidx=0.7977 | EF1=3.9402 | EF5=1.9514 | S@1=1.0000 | S@5=1.0000 | S@10=1.0000 | Acc=0.5391
  ΔPose=+0.0585 | ΔAff=-0.0151 | ΔBalAcc=-0.0214 | ΔRneg=-0.0993 | ΔRpos=+0.0565 | ΔPR=+0.0111 | ΔMCC=-0.0263 | ΔMAE=-0.0180 | ΔRMSE=-0.0129 | Δr=+0.0024 | Δrho=+0.0004 | ΔCidx=+0.0004 | ΔEF1=+0.2962 | ΔEF5=+0.2062 | ΔAcc=-0.0799
    lr: 0.000943
    train_ema: Pose=0.7022, BalAcc=0.6942, PR=0.4116, Rneg=0.4743, Rpos=0.9140, MAE=1.0097, RMSE=1.2829, r=0.7787, Cidx=0.7894
------------------------------------------------------------------------------
  [Test Results  epoch 34]
  Pose=0.7173 | Aff=0.7178 | BalAcc=0.7107 | Rneg=0.4631 | Rpos=0.9583 | PR=0.4665 | MCC=0.2931 | MAE=1.0853 | RMSE=1.3661 | r=0.7881 | rho=0.7636 | Cidx=0.7906 | EF1=2.8388 | EF5=2.5992 | S@1=0.0000 | S@5=1.0000 | S@10=1.0000 | Acc=0.5299
  ΔPose=+0.0779 | ΔAff=-0.0406 | ΔBalAcc=-0.0263 | ΔRneg=-0.1249 | ΔRpos=+0.0722 | ΔPR=+0.0067 | ΔMCC=-0.0312 | ΔMAE=-0.0466 | ΔRMSE=-0.0464 | Δr=+0.0135 | Δrho=+0.0139 | ΔCidx=+0.0065 | ΔEF1=+0.1577 | ΔEF5=+0.0963 | ΔAcc=-0.0983
    test_ema: Pose=0.7094, BalAcc=0.7008, PR=0.4580, Rneg=0.4605, Rpos=0.9412, MAE=1.1213, RMSE=1.4004, r=0.7794, Cidx=0.7874
------------------------------------------------------------------------------
  [Train Results  epoch 36]  epoch_t=13.91s  total_t=512s
  Pose=0.7127 | Aff=0.6810 | BalAcc=0.6931 | Rneg=0.4461 | Rpos=0.9402 | PR=0.4248 | MCC=0.2605 | MAE=1.0276 | RMSE=1.3004 | r=0.7944 | rho=0.7947 | Cidx=0.7985 | EF1=3.6183 | EF5=1.8405 | S@1=1.0000 | S@5=1.0000 | S@10=1.0000 | Acc=0.5076
  ΔPose=+0.0106 | ΔAff=+0.0578 | ΔBalAcc=-0.0107 | ΔRneg=-0.0385 | ΔRpos=+0.0171 | ΔPR=+0.0014 | ΔMCC=-0.0110 | ΔMAE=+0.0588 | ΔRMSE=+0.0602 | Δr=-0.0013 | Δrho=+0.0033 | ΔCidx=+0.0008 | ΔEF1=-0.3219 | ΔEF5=-0.1108 | ΔAcc=-0.0316
    lr: 0.000936
    train_ema: Pose=0.7053, BalAcc=0.6938, PR=0.4156, Rneg=0.4658, Rpos=0.9219, MAE=1.0151, RMSE=1.2881, r=0.7834, Cidx=0.7921
------------------------------------------------------------------------------
  [Test Results  epoch 36]
  Pose=0.7163 | Aff=0.8043 | BalAcc=0.7002 | Rneg=0.4453 | Rpos=0.9551 | PR=0.4581 | MCC=0.2803 | MAE=1.1599 | RMSE=1.4747 | r=0.7765 | rho=0.7538 | Cidx=0.7873 | EF1=1.8926 | EF5=2.0858 | S@1=1.0000 | S@5=1.0000 | S@10=1.0000 | Acc=0.5141
  ΔPose=-0.0010 | ΔAff=+0.0865 | ΔBalAcc=-0.0105 | ΔRneg=-0.0178 | ΔRpos=-0.0032 | ΔPR=-0.0084 | ΔMCC=-0.0128 | ΔMAE=+0.0746 | ΔRMSE=+0.1085 | Δr=-0.0117 | Δrho=-0.0098 | ΔCidx=-0.0034 | ΔEF1=-0.9463 | ΔEF5=-0.5134 | ΔS@1=+1.0000 | ΔAcc=-0.0158
    test_ema: Pose=0.7115, BalAcc=0.7006, PR=0.4580, Rneg=0.4559, Rpos=0.9453, MAE=1.1329, RMSE=1.4227, r=0.7785, Cidx=0.7873
------------------------------------------------------------------------------
  [Train Results  epoch 38]  epoch_t=13.86s  total_t=540s
  Pose=0.6956 | Aff=0.6101 | BalAcc=0.7043 | Rneg=0.4742 | Rpos=0.9344 | PR=0.4408 | MCC=0.2730 | MAE=0.9542 | RMSE=1.2187 | r=0.8044 | rho=0.8026 | Cidx=0.8027 | EF1=3.8114 | EF5=2.0287 | S@1=1.0000 | S@5=1.0000 | S@10=1.0000 | Acc=0.5315
  ΔPose=-0.0171 | ΔAff=-0.0708 | ΔBalAcc=+0.0112 | ΔRneg=+0.0281 | ΔRpos=-0.0058 | ΔPR=+0.0161 | ΔMCC=+0.0125 | ΔMAE=-0.0734 | ΔRMSE=-0.0817 | Δr=+0.0100 | Δrho=+0.0080 | ΔCidx=+0.0042 | ΔEF1=+0.1931 | ΔEF5=+0.1882 | ΔAcc=+0.0239
    lr: 0.000928
    train_ema: Pose=0.7024, BalAcc=0.6970, PR=0.4231, Rneg=0.4683, Rpos=0.9256, MAE=0.9968, RMSE=1.2673, r=0.7897, Cidx=0.7953
------------------------------------------------------------------------------
  [Test Results  epoch 38]
  Pose=0.6996 | Aff=0.7593 | BalAcc=0.7092 | Rneg=0.4601 | Rpos=0.9583 | PR=0.4826 | MCC=0.2913 | MAE=1.1232 | RMSE=1.4312 | r=0.7657 | rho=0.7427 | Cidx=0.7813 | EF1=2.3657 | EF5=2.7276 | S@1=1.0000 | S@5=1.0000 | S@10=1.0000 | Acc=0.5273
  ΔPose=-0.0167 | ΔAff=-0.0450 | ΔBalAcc=+0.0090 | ΔRneg=+0.0148 | ΔRpos=+0.0032 | ΔPR=+0.0245 | ΔMCC=+0.0110 | ΔMAE=-0.0367 | ΔRMSE=-0.0434 | Δr=-0.0107 | Δrho=-0.0112 | ΔCidx=-0.0060 | ΔEF1=+0.4731 | ΔEF5=+0.6418 | ΔAcc=+0.0132
    test_ema: Pose=0.7079, BalAcc=0.7032, PR=0.4654, Rneg=0.4572, Rpos=0.9492, MAE=1.1300, RMSE=1.4253, r=0.7747, Cidx=0.7855
------------------------------------------------------------------------------
  [Train Results  epoch 40]  epoch_t=14.44s  total_t=568s
  Pose=0.7954 | Aff=0.6050 | BalAcc=0.6524 | Rneg=0.3350 | Rpos=0.9698 | PR=0.4393 | MCC=0.2202 | MAE=0.9462 | RMSE=1.2120 | r=0.8064 | rho=0.8047 | Cidx=0.8057 | EF1=3.7857 | EF5=2.0751 | S@1=1.0000 | S@5=1.0000 | S@10=1.0000 | Acc=0.4140
  ΔPose=+0.0997 | ΔAff=-0.0051 | ΔBalAcc=-0.0519 | ΔRneg=-0.1392 | ΔRpos=+0.0354 | ΔPR=-0.0015 | ΔMCC=-0.0527 | ΔMAE=-0.0081 | ΔRMSE=-0.0067 | Δr=+0.0020 | Δrho=+0.0020 | ΔCidx=+0.0030 | ΔEF1=-0.0258 | ΔEF5=+0.0464 | ΔAcc=-0.1174
    lr: 0.000919
    train_ema: Pose=0.7303, BalAcc=0.6836, PR=0.4280, Rneg=0.4283, Rpos=0.9389, MAE=0.9816, RMSE=1.2507, r=0.7947, Cidx=0.7984
------------------------------------------------------------------------------
  [Test Results  epoch 40]
  Pose=0.8090 | Aff=0.7318 | BalAcc=0.6496 | Rneg=0.3202 | Rpos=0.9791 | PR=0.4676 | MCC=0.2278 | MAE=1.0928 | RMSE=1.4107 | r=0.7704 | rho=0.7461 | Cidx=0.7827 | EF1=2.6811 | EF5=2.9522 | S@1=1.0000 | S@5=1.0000 | S@10=1.0000 | Acc=0.4091
  ΔPose=+0.1094 | ΔAff=-0.0275 | ΔBalAcc=-0.0595 | ΔRneg=-0.1399 | ΔRpos=+0.0209 | ΔPR=-0.0150 | ΔMCC=-0.0635 | ΔMAE=-0.0304 | ΔRMSE=-0.0206 | Δr=+0.0047 | Δrho=+0.0034 | ΔCidx=+0.0014 | ΔEF1=+0.3154 | ΔEF5=+0.2246 | ΔAcc=-0.1182
    test_ema: Pose=0.7382, BalAcc=0.6871, PR=0.4660, Rneg=0.4161, Rpos=0.9582, MAE=1.1188, RMSE=1.4209, r=0.7734, Cidx=0.7847
------------------------------------------------------------------------------
  [Train Results  epoch 42]  epoch_t=13.93s  total_t=596s
  Pose=0.6938 | Aff=0.6008 | BalAcc=0.7151 | Rneg=0.4976 | Rpos=0.9325 | PR=0.4447 | MCC=0.2857 | MAE=0.9419 | RMSE=1.2053 | r=0.8117 | rho=0.8098 | Cidx=0.8087 | EF1=3.5668 | EF5=2.0081 | S@1=1.0000 | S@5=1.0000 | S@10=1.0000 | Acc=0.5518
  ΔPose=-0.1016 | ΔAff=-0.0043 | ΔBalAcc=+0.0626 | ΔRneg=+0.1626 | ΔRpos=-0.0374 | ΔPR=+0.0053 | ΔMCC=+0.0655 | ΔMAE=-0.0042 | ΔRMSE=-0.0067 | Δr=+0.0053 | Δrho=+0.0051 | ΔCidx=+0.0030 | ΔEF1=-0.2189 | ΔEF5=-0.0670 | ΔAcc=+0.1377
    lr: 0.000910
    train_ema: Pose=0.7193, BalAcc=0.6930, PR=0.4330, Rneg=0.4491, Rpos=0.9370, MAE=0.9697, RMSE=1.2371, r=0.7998, Cidx=0.8015
------------------------------------------------------------------------------
  [Test Results  epoch 42]
  Pose=0.7044 | Aff=0.7573 | BalAcc=0.7104 | Rneg=0.4931 | Rpos=0.9278 | PR=0.4778 | MCC=0.2899 | MAE=1.1306 | RMSE=1.4326 | r=0.7604 | rho=0.7370 | Cidx=0.7821 | EF1=2.8388 | EF5=2.7276 | S@1=0.0000 | S@5=1.0000 | S@10=1.0000 | Acc=0.5518
  ΔPose=-0.1046 | ΔAff=+0.0255 | ΔBalAcc=+0.0608 | ΔRneg=+0.1730 | ΔRpos=-0.0514 | ΔPR=+0.0102 | ΔMCC=+0.0622 | ΔMAE=+0.0378 | ΔRMSE=+0.0219 | Δr=-0.0100 | Δrho=-0.0091 | ΔCidx=-0.0006 | ΔEF1=+0.1577 | ΔEF5=-0.2246 | ΔS@1=-1.0000 | ΔAcc=+0.1427
    test_ema: Pose=0.7281, BalAcc=0.6941, PR=0.4696, Rneg=0.4392, Rpos=0.9491, MAE=1.1224, RMSE=1.4244, r=0.7695, Cidx=0.7839
------------------------------------------------------------------------------
  [Train Results  epoch 44]  epoch_t=14.08s  total_t=625s
  Pose=0.6686 | Aff=0.5808 | BalAcc=0.7303 | Rneg=0.5459 | Rpos=0.9147 | PR=0.4421 | MCC=0.3042 | MAE=0.9196 | RMSE=1.1863 | r=0.8168 | rho=0.8147 | Cidx=0.8104 | EF1=3.1290 | EF5=1.8534 | S@1=1.0000 | S@5=1.0000 | S@10=1.0000 | Acc=0.5918
  ΔPose=-0.0251 | ΔAff=-0.0200 | ΔBalAcc=+0.0152 | ΔRneg=+0.0483 | ΔRpos=-0.0178 | ΔPR=-0.0026 | ΔMCC=+0.0184 | ΔMAE=-0.0223 | ΔRMSE=-0.0190 | Δr=+0.0052 | Δrho=+0.0050 | ΔCidx=+0.0016 | ΔEF1=-0.4378 | ΔEF5=-0.1547 | ΔAcc=+0.0401
    lr: 0.000901
    train_ema: Pose=0.7041, BalAcc=0.7042, PR=0.4357, Rneg=0.4782, Rpos=0.9303, MAE=0.9547, RMSE=1.2219, r=0.8049, Cidx=0.8042
------------------------------------------------------------------------------
  [Test Results  epoch 44]
  Pose=0.6782 | Aff=0.7163 | BalAcc=0.7299 | Rneg=0.5111 | Rpos=0.9486 | PR=0.4921 | MCC=0.3158 | MAE=1.0851 | RMSE=1.3660 | r=0.7879 | rho=0.7613 | Cidx=0.7895 | EF1=2.0503 | EF5=2.2141 | S@1=0.0000 | S@5=1.0000 | S@10=1.0000 | Acc=0.5702
  ΔPose=-0.0262 | ΔAff=-0.0410 | ΔBalAcc=+0.0194 | ΔRneg=+0.0180 | ΔRpos=+0.0209 | ΔPR=+0.0142 | ΔMCC=+0.0259 | ΔMAE=-0.0455 | ΔRMSE=-0.0666 | Δr=+0.0275 | Δrho=+0.0244 | ΔCidx=+0.0074 | ΔEF1=-0.7886 | ΔEF5=-0.5134 | ΔAcc=+0.0184
    test_ema: Pose=0.7131, BalAcc=0.7049, PR=0.4763, Rneg=0.4608, Rpos=0.9489, MAE=1.1112, RMSE=1.4069, r=0.7750, Cidx=0.7856
------------------------------------------------------------------------------
  [Train Results  epoch 46]  epoch_t=14.44s  total_t=653s
  Pose=0.7098 | Aff=0.6051 | BalAcc=0.7110 | Rneg=0.4763 | Rpos=0.9456 | PR=0.4534 | MCC=0.2818 | MAE=0.9436 | RMSE=1.2080 | r=0.8149 | rho=0.8118 | Cidx=0.8113 | EF1=3.1419 | EF5=1.7606 | S@1=1.0000 | S@5=1.0000 | S@10=1.0000 | Acc=0.5347
  ΔPose=+0.0411 | ΔAff=+0.0243 | ΔBalAcc=-0.0193 | ΔRneg=-0.0696 | ΔRpos=+0.0309 | ΔPR=+0.0113 | ΔMCC=-0.0223 | ΔMAE=+0.0240 | ΔRMSE=+0.0217 | Δr=-0.0019 | Δrho=-0.0030 | ΔCidx=+0.0009 | ΔEF1=+0.0129 | ΔEF5=-0.0928 | ΔAcc=-0.0571
    lr: 0.000891
    train_ema: Pose=0.7058, BalAcc=0.7062, PR=0.4410, Rneg=0.4776, Rpos=0.9349, MAE=0.9514, RMSE=1.2177, r=0.8079, Cidx=0.8063
------------------------------------------------------------------------------
  [Test Results  epoch 46]
  Pose=0.7155 | Aff=0.7725 | BalAcc=0.7060 | Rneg=0.4506 | Rpos=0.9615 | PR=0.4912 | MCC=0.2879 | MAE=1.1344 | RMSE=1.4435 | r=0.7713 | rho=0.7472 | Cidx=0.7853 | EF1=1.7348 | EF5=2.1500 | S@1=0.0000 | S@5=1.0000 | S@10=1.0000 | Acc=0.5195
  ΔPose=+0.0373 | ΔAff=+0.0562 | ΔBalAcc=-0.0239 | ΔRneg=-0.0606 | ΔRpos=+0.0128 | ΔPR=-0.0009 | ΔMCC=-0.0278 | ΔMAE=+0.0493 | ΔRMSE=+0.0775 | Δr=-0.0166 | Δrho=-0.0141 | ΔCidx=-0.0041 | ΔEF1=-0.3154 | ΔEF5=-0.0642 | ΔAcc=-0.0507
    test_ema: Pose=0.7139, BalAcc=0.7052, PR=0.4808, Rneg=0.4577, Rpos=0.9527, MAE=1.1181, RMSE=1.4179, r=0.7739, Cidx=0.7855
------------------------------------------------------------------------------
  [Train Results  epoch 48]  epoch_t=14.22s  total_t=682s
  Pose=0.6846 | Aff=0.5852 | BalAcc=0.7190 | Rneg=0.5045 | Rpos=0.9335 | PR=0.4587 | MCC=0.2906 | MAE=0.9225 | RMSE=1.1926 | r=0.8213 | rho=0.8181 | Cidx=0.8134 | EF1=3.2062 | EF5=1.8405 | S@1=1.0000 | S@5=1.0000 | S@10=1.0000 | Acc=0.5579
  ΔPose=-0.0252 | ΔAff=-0.0199 | ΔBalAcc=+0.0080 | ΔRneg=+0.0282 | ΔRpos=-0.0121 | ΔPR=+0.0053 | ΔMCC=+0.0088 | ΔMAE=-0.0211 | ΔRMSE=-0.0154 | Δr=+0.0064 | Δrho=+0.0063 | ΔCidx=+0.0021 | ΔEF1=+0.0644 | ΔEF5=+0.0799 | ΔAcc=+0.0231
    lr: 0.000881
    train_ema: Pose=0.6994, BalAcc=0.7101, PR=0.4463, Rneg=0.4857, Rpos=0.9345, MAE=0.9427, RMSE=1.2102, r=0.8119, Cidx=0.8084
------------------------------------------------------------------------------
  [Test Results  epoch 48]
  Pose=0.7080 | Aff=0.7367 | BalAcc=0.7118 | Rneg=0.4588 | Rpos=0.9647 | PR=0.5015 | MCC=0.2951 | MAE=1.1144 | RMSE=1.3944 | r=0.7783 | rho=0.7505 | Cidx=0.7854 | EF1=2.0503 | EF5=2.5350 | S@1=0.0000 | S@5=1.0000 | S@10=1.0000 | Acc=0.5271
  ΔPose=-0.0075 | ΔAff=-0.0358 | ΔBalAcc=+0.0057 | ΔRneg=+0.0083 | ΔRpos=+0.0032 | ΔPR=+0.0103 | ΔMCC=+0.0072 | ΔMAE=-0.0200 | ΔRMSE=-0.0492 | Δr=+0.0070 | Δrho=+0.0033 | ΔCidx=+0.0001 | ΔEF1=+0.3154 | ΔEF5=+0.3851 | ΔAcc=+0.0076
    test_ema: Pose=0.7121, BalAcc=0.7072, PR=0.4870, Rneg=0.4580, Rpos=0.9563, MAE=1.1170, RMSE=1.4108, r=0.7752, Cidx=0.7855
------------------------------------------------------------------------------
  [Train Results  epoch 50]  epoch_t=14.41s  total_t=710s
  Pose=0.7481 | Aff=0.5961 | BalAcc=0.6788 | Rneg=0.3921 | Rpos=0.9656 | PR=0.4625 | MCC=0.2479 | MAE=0.9309 | RMSE=1.2041 | r=0.8247 | rho=0.8216 | Cidx=0.8130 | EF1=2.8972 | EF5=1.7606 | S@1=1.0000 | S@5=1.0000 | S@10=1.0000 | Acc=0.4635
  ΔPose=+0.0635 | ΔAff=+0.0108 | ΔBalAcc=-0.0401 | ΔRneg=-0.1124 | ΔRpos=+0.0321 | ΔPR=+0.0038 | ΔMCC=-0.0427 | ΔMAE=+0.0084 | ΔRMSE=+0.0114 | Δr=+0.0034 | Δrho=+0.0035 | ΔCidx=-0.0004 | ΔEF1=-0.3090 | ΔEF5=-0.0799 | ΔAcc=-0.0944
    lr: 0.000870
    train_ema: Pose=0.7140, BalAcc=0.7007, PR=0.4512, Rneg=0.4576, Rpos=0.9438, MAE=0.9392, RMSE=1.2083, r=0.8158, Cidx=0.8098
------------------------------------------------------------------------------
  [Test Results  epoch 50]
  Pose=0.7619 | Aff=0.7114 | BalAcc=0.6673 | Rneg=0.3620 | Rpos=0.9727 | PR=0.4694 | MCC=0.2457 | MAE=1.0839 | RMSE=1.3675 | r=0.7885 | rho=0.7691 | Cidx=0.7922 | EF1=1.8926 | EF5=2.4388 | S@1=0.0000 | S@5=1.0000 | S@10=1.0000 | Acc=0.4443
  ΔPose=+0.0539 | ΔAff=-0.0252 | ΔBalAcc=-0.0444 | ΔRneg=-0.0969 | ΔRpos=+0.0080 | ΔPR=-0.0320 | ΔMCC=-0.0494 | ΔMAE=-0.0305 | ΔRMSE=-0.0269 | Δr=+0.0102 | Δrho=+0.0185 | ΔCidx=+0.0068 | ΔEF1=-0.1577 | ΔEF5=-0.0963 | ΔAcc=-0.0827
    test_ema: Pose=0.7270, BalAcc=0.6952, PR=0.4817, Rneg=0.4292, Rpos=0.9612, MAE=1.1071, RMSE=1.3978, r=0.7792, Cidx=0.7875
------------------------------------------------------------------------------
  [Train Results  epoch 52]  epoch_t=14.32s  total_t=739s
  Pose=0.7122 | Aff=0.5507 | BalAcc=0.7056 | Rneg=0.4549 | Rpos=0.9563 | PR=0.4651 | MCC=0.2767 | MAE=0.8837 | RMSE=1.1445 | r=0.8304 | rho=0.8273 | Cidx=0.8172 | EF1=3.0904 | EF5=1.8405 | S@1=1.0000 | S@5=1.0000 | S@10=1.0000 | Acc=0.5173
  ΔPose=-0.0358 | ΔAff=-0.0453 | ΔBalAcc=+0.0268 | ΔRneg=+0.0628 | ΔRpos=-0.0093 | ΔPR=+0.0027 | ΔMCC=+0.0287 | ΔMAE=-0.0472 | ΔRMSE=-0.0595 | Δr=+0.0056 | Δrho=+0.0056 | ΔCidx=+0.0042 | ΔEF1=+0.1931 | ΔEF5=+0.0799 | ΔAcc=+0.0538
    lr: 0.000859
    train_ema: Pose=0.7135, BalAcc=0.7022, PR=0.4554, Rneg=0.4568, Rpos=0.9475, MAE=0.9225, RMSE=1.1892, r=0.8202, Cidx=0.8120
------------------------------------------------------------------------------
  [Test Results  epoch 52]
  Pose=0.7190 | Aff=0.7061 | BalAcc=0.6922 | Rneg=0.4245 | Rpos=0.9599 | PR=0.4589 | MCC=0.2716 | MAE=1.0790 | RMSE=1.3620 | r=0.7909 | rho=0.7654 | Cidx=0.7922 | EF1=1.5771 | EF5=2.2141 | S@1=1.0000 | S@5=1.0000 | S@10=1.0000 | Acc=0.4968
  ΔPose=-0.0429 | ΔAff=-0.0054 | ΔBalAcc=+0.0249 | ΔRneg=+0.0626 | ΔRpos=-0.0128 | ΔPR=-0.0106 | ΔMCC=+0.0258 | ΔMAE=-0.0049 | ΔRMSE=-0.0055 | Δr=+0.0024 | Δrho=-0.0036 | ΔCidx=-0.0001 | ΔEF1=-0.3154 | ΔEF5=-0.2246 | ΔS@1=+1.0000 | ΔAcc=+0.0524
    test_ema: Pose=0.7246, BalAcc=0.6943, PR=0.4749, Rneg=0.4278, Rpos=0.9608, MAE=1.0986, RMSE=1.3871, r=0.7827, Cidx=0.7889
------------------------------------------------------------------------------
  [Train Results  epoch 54]  epoch_t=14.21s  total_t=767s
  Pose=0.6893 | Aff=0.5344 | BalAcc=0.7247 | Rneg=0.5116 | Rpos=0.9379 | PR=0.4548 | MCC=0.2979 | MAE=0.8684 | RMSE=1.1307 | r=0.8336 | rho=0.8324 | Cidx=0.8224 | EF1=2.9745 | EF5=1.5338 | S@1=0.0000 | S@5=1.0000 | S@10=1.0000 | Acc=0.5646
  ΔPose=-0.0230 | ΔAff=-0.0163 | ΔBalAcc=+0.0191 | ΔRneg=+0.0567 | ΔRpos=-0.0184 | ΔPR=-0.0103 | ΔMCC=+0.0212 | ΔMAE=-0.0153 | ΔRMSE=-0.0139 | Δr=+0.0032 | Δrho=+0.0051 | ΔCidx=+0.0053 | ΔEF1=-0.1159 | ΔEF5=-0.3068 | ΔS@1=-1.0000 | ΔAcc=+0.0473
    lr: 0.000848
    train_ema: Pose=0.7062, BalAcc=0.7089, PR=0.4552, Rneg=0.4732, Rpos=0.9446, MAE=0.9063, RMSE=1.1716, r=0.8242, Cidx=0.8151
------------------------------------------------------------------------------
  [Test Results  epoch 54]
  Pose=0.7053 | Aff=0.7114 | BalAcc=0.7156 | Rneg=0.4633 | Rpos=0.9679 | PR=0.4865 | MCC=0.3001 | MAE=1.0820 | RMSE=1.3845 | r=0.7741 | rho=0.7470 | Cidx=0.7836 | EF1=1.8926 | EF5=2.2141 | S@1=0.0000 | S@5=1.0000 | S@10=1.0000 | Acc=0.5314
  ΔPose=-0.0137 | ΔAff=+0.0053 | ΔBalAcc=+0.0234 | ΔRneg=+0.0388 | ΔRpos=+0.0080 | ΔPR=+0.0277 | ΔMCC=+0.0285 | ΔMAE=+0.0031 | ΔRMSE=+0.0225 | Δr=-0.0168 | Δrho=-0.0184 | ΔCidx=-0.0086 | ΔEF1=+0.3154 | ΔS@1=-1.0000 | ΔAcc=+0.0346
    test_ema: Pose=0.7188, BalAcc=0.7007, PR=0.4784, Rneg=0.4385, Rpos=0.9629, MAE=1.0937, RMSE=1.3863, r=0.7801, Cidx=0.7873
------------------------------------------------------------------------------
  [Train Results  epoch 56]  epoch_t=14.40s  total_t=796s
  Pose=0.6586 | Aff=0.5322 | BalAcc=0.7410 | Rneg=0.5495 | Rpos=0.9326 | PR=0.4791 | MCC=0.3183 | MAE=0.8631 | RMSE=1.1224 | r=0.8398 | rho=0.8359 | Cidx=0.8229 | EF1=2.9358 | EF5=1.7967 | S@1=1.0000 | S@5=1.0000 | S@10=1.0000 | Acc=0.5972
  ΔPose=-0.0306 | ΔAff=-0.0023 | ΔBalAcc=+0.0163 | ΔRneg=+0.0379 | ΔRpos=-0.0053 | ΔPR=+0.0243 | ΔMCC=+0.0205 | ΔMAE=-0.0053 | ΔRMSE=-0.0083 | Δr=+0.0062 | Δrho=+0.0036 | ΔCidx=+0.0005 | ΔEF1=-0.0386 | ΔEF5=+0.2629 | ΔS@1=+1.0000 | ΔAcc=+0.0326
    lr: 0.000836
    train_ema: Pose=0.6919, BalAcc=0.7186, PR=0.4624, Rneg=0.4961, Rpos=0.9410, MAE=0.8933, RMSE=1.1569, r=0.8289, Cidx=0.8175
------------------------------------------------------------------------------
  [Test Results  epoch 56]
  Pose=0.6745 | Aff=0.7185 | BalAcc=0.7324 | Rneg=0.5194 | Rpos=0.9454 | PR=0.4842 | MCC=0.3188 | MAE=1.0928 | RMSE=1.3850 | r=0.7756 | rho=0.7537 | Cidx=0.7848 | EF1=2.2080 | EF5=2.4708 | S@1=0.0000 | S@5=1.0000 | S@10=1.0000 | Acc=0.5769
  ΔPose=-0.0308 | ΔAff=+0.0071 | ΔBalAcc=+0.0168 | ΔRneg=+0.0561 | ΔRpos=-0.0225 | ΔPR=-0.0023 | ΔMCC=+0.0187 | ΔMAE=+0.0107 | ΔRMSE=+0.0005 | Δr=+0.0015 | Δrho=+0.0067 | ΔCidx=+0.0012 | ΔEF1=+0.3154 | ΔEF5=+0.2567 | ΔAcc=+0.0455
    test_ema: Pose=0.7055, BalAcc=0.7102, PR=0.4801, Rneg=0.4627, Rpos=0.9577, MAE=1.0934, RMSE=1.3859, r=0.7788, Cidx=0.7865
------------------------------------------------------------------------------
  [Train Results  epoch 58]  epoch_t=14.28s  total_t=825s
  Pose=0.6967 | Aff=0.5155 | BalAcc=0.7179 | Rneg=0.4837 | Rpos=0.9520 | PR=0.4733 | MCC=0.2906 | MAE=0.8423 | RMSE=1.1013 | r=0.8434 | rho=0.8408 | Cidx=0.8250 | EF1=3.1161 | EF5=1.8740 | S@1=1.0000 | S@5=1.0000 | S@10=1.0000 | Acc=0.5420
  ΔPose=+0.0380 | ΔAff=-0.0166 | ΔBalAcc=-0.0232 | ΔRneg=-0.0658 | ΔRpos=+0.0195 | ΔPR=-0.0058 | ΔMCC=-0.0277 | ΔMAE=-0.0208 | ΔRMSE=-0.0210 | Δr=+0.0036 | Δrho=+0.0048 | ΔCidx=+0.0020 | ΔEF1=+0.1803 | ΔEF5=+0.0773 | ΔAcc=-0.0552
    lr: 0.000824
    train_ema: Pose=0.6934, BalAcc=0.7184, PR=0.4656, Rneg=0.4924, Rpos=0.9443, MAE=0.8780, RMSE=1.1402, r=0.8332, Cidx=0.8197
------------------------------------------------------------------------------
  [Test Results  epoch 58]
  Pose=0.7049 | Aff=0.7073 | BalAcc=0.7045 | Rneg=0.4571 | Rpos=0.9518 | PR=0.4815 | MCC=0.2849 | MAE=1.0786 | RMSE=1.3804 | r=0.7767 | rho=0.7588 | Cidx=0.7892 | EF1=1.8926 | EF5=2.6313 | S@1=0.0000 | S@5=1.0000 | S@10=1.0000 | Acc=0.5238
  ΔPose=+0.0304 | ΔAff=-0.0112 | ΔBalAcc=-0.0280 | ΔRneg=-0.0623 | ΔRpos=+0.0064 | ΔPR=-0.0027 | ΔMCC=-0.0339 | ΔMAE=-0.0142 | ΔRMSE=-0.0045 | Δr=+0.0011 | Δrho=+0.0051 | ΔCidx=+0.0044 | ΔEF1=-0.3154 | ΔEF5=+0.1604 | ΔAcc=-0.0531
    test_ema: Pose=0.7053, BalAcc=0.7085, PR=0.4805, Rneg=0.4610, Rpos=0.9559, MAE=1.0890, RMSE=1.3843, r=0.7781, Cidx=0.7873
------------------------------------------------------------------------------
  [Train Results  epoch 60]  epoch_t=14.17s  total_t=854s
  Pose=0.6589 | Aff=0.5192 | BalAcc=0.7395 | Rneg=0.5477 | Rpos=0.9313 | PR=0.4722 | MCC=0.3163 | MAE=0.8497 | RMSE=1.1077 | r=0.8420 | rho=0.8415 | Cidx=0.8264 | EF1=3.0260 | EF5=1.8560 | S@1=1.0000 | S@5=1.0000 | S@10=1.0000 | Acc=0.5954
  ΔPose=-0.0377 | ΔAff=+0.0036 | ΔBalAcc=+0.0216 | ΔRneg=+0.0639 | ΔRpos=-0.0208 | ΔPR=-0.0011 | ΔMCC=+0.0257 | ΔMAE=+0.0074 | ΔRMSE=+0.0063 | Δr=-0.0014 | Δrho=+0.0008 | ΔCidx=+0.0014 | ΔEF1=-0.0901 | ΔEF5=-0.0180 | ΔAcc=+0.0534
    lr: 0.000812
    train_ema: Pose=0.6830, BalAcc=0.7247, PR=0.4676, Rneg=0.5090, Rpos=0.9404, MAE=0.8695, RMSE=1.1304, r=0.8358, Cidx=0.8217
------------------------------------------------------------------------------
  [Test Results  epoch 60]
  Pose=0.6683 | Aff=0.7264 | BalAcc=0.7321 | Rneg=0.5204 | Rpos=0.9438 | PR=0.4837 | MCC=0.3183 | MAE=1.0944 | RMSE=1.4177 | r=0.7634 | rho=0.7474 | Cidx=0.7791 | EF1=2.0503 | EF5=2.4388 | S@1=0.0000 | S@5=1.0000 | S@10=1.0000 | Acc=0.5775
  ΔPose=-0.0366 | ΔAff=+0.0190 | ΔBalAcc=+0.0277 | ΔRneg=+0.0633 | ΔRpos=-0.0080 | ΔPR=+0.0022 | ΔMCC=+0.0334 | ΔMAE=+0.0158 | ΔRMSE=+0.0372 | Δr=-0.0132 | Δrho=-0.0114 | ΔCidx=-0.0101 | ΔEF1=+0.1577 | ΔEF5=-0.1925 | ΔAcc=+0.0537
    test_ema: Pose=0.6942, BalAcc=0.7156, PR=0.4815, Rneg=0.4789, Rpos=0.9523, MAE=1.0906, RMSE=1.3943, r=0.7737, Cidx=0.7849
------------------------------------------------------------------------------
  [Train Results  epoch 62]  epoch_t=14.21s  total_t=882s
  Pose=0.6255 | Aff=0.5095 | BalAcc=0.7571 | Rneg=0.6154 | Rpos=0.8988 | PR=0.4805 | MCC=0.3413 | MAE=0.8361 | RMSE=1.0989 | r=0.8439 | rho=0.8438 | Cidx=0.8272 | EF1=3.0389 | EF5=1.5879 | S@1=0.0000 | S@5=1.0000 | S@10=1.0000 | Acc=0.6507
  ΔPose=-0.0335 | ΔAff=-0.0097 | ΔBalAcc=+0.0176 | ΔRneg=+0.0677 | ΔRpos=-0.0325 | ΔPR=+0.0083 | ΔMCC=+0.0250 | ΔMAE=-0.0136 | ΔRMSE=-0.0087 | Δr=+0.0020 | Δrho=+0.0023 | ΔCidx=+0.0008 | ΔEF1=+0.0129 | ΔEF5=-0.2681 | ΔS@1=-1.0000 | ΔAcc=+0.0553
    lr: 0.000799
    train_ema: Pose=0.6658, BalAcc=0.7344, PR=0.4715, Rneg=0.5409, Rpos=0.9279, MAE=0.8595, RMSE=1.1210, r=0.8383, Cidx=0.8234
------------------------------------------------------------------------------
  [Test Results  epoch 62]
  Pose=0.6420 | Aff=0.7130 | BalAcc=0.7548 | Rneg=0.5755 | Rpos=0.9342 | PR=0.4826 | MCC=0.3483 | MAE=1.0622 | RMSE=1.3922 | r=0.7723 | rho=0.7505 | Cidx=0.7841 | EF1=1.8926 | EF5=2.1179 | S@1=0.0000 | S@5=1.0000 | S@10=1.0000 | Acc=0.6239
  ΔPose=-0.0263 | ΔAff=-0.0134 | ΔBalAcc=+0.0227 | ΔRneg=+0.0551 | ΔRpos=-0.0096 | ΔPR=-0.0012 | ΔMCC=+0.0299 | ΔMAE=-0.0322 | ΔRMSE=-0.0254 | Δr=+0.0089 | Δrho=+0.0030 | ΔCidx=+0.0049 | ΔEF1=-0.1577 | ΔEF5=-0.3209 | ΔAcc=+0.0463
    test_ema: Pose=0.6786, BalAcc=0.7274, PR=0.4818, Rneg=0.5078, Rpos=0.9469, MAE=1.0821, RMSE=1.3937, r=0.7733, Cidx=0.7846
------------------------------------------------------------------------------
  [Train Results  epoch 64]  epoch_t=14.10s  total_t=910s
  Pose=0.7363 | Aff=0.5035 | BalAcc=0.6962 | Rneg=0.4309 | Rpos=0.9615 | PR=0.4761 | MCC=0.2666 | MAE=0.8256 | RMSE=1.0838 | r=0.8509 | rho=0.8490 | Cidx=0.8317 | EF1=3.2191 | EF5=1.9978 | S@1=1.0000 | S@5=1.0000 | S@10=1.0000 | Acc=0.4969
  ΔPose=+0.1109 | ΔAff=-0.0060 | ΔBalAcc=-0.0609 | ΔRneg=-0.1845 | ΔRpos=+0.0626 | ΔPR=-0.0043 | ΔMCC=-0.0747 | ΔMAE=-0.0105 | ΔRMSE=-0.0151 | Δr=+0.0070 | Δrho=+0.0052 | ΔCidx=+0.0045 | ΔEF1=+0.1803 | ΔEF5=+0.4099 | ΔS@1=+1.0000 | ΔAcc=-0.1537
    lr: 0.000786
    train_ema: Pose=0.6869, BalAcc=0.7229, PR=0.4729, Rneg=0.5079, Rpos=0.9380, MAE=0.8493, RMSE=1.1098, r=0.8421, Cidx=0.8258
------------------------------------------------------------------------------
  [Test Results  epoch 64]
  Pose=0.7606 | Aff=0.7071 | BalAcc=0.6799 | Rneg=0.3790 | Rpos=0.9807 | PR=0.4732 | MCC=0.2613 | MAE=1.0604 | RMSE=1.3746 | r=0.7856 | rho=0.7661 | Cidx=0.7972 | EF1=2.3657 | EF5=2.6313 | S@1=0.0000 | S@5=1.0000 | S@10=1.0000 | Acc=0.4602
  ΔPose=+0.1185 | ΔAff=-0.0059 | ΔBalAcc=-0.0750 | ΔRneg=-0.1965 | ΔRpos=+0.0465 | ΔPR=-0.0093 | ΔMCC=-0.0870 | ΔMAE=-0.0018 | ΔRMSE=-0.0176 | Δr=+0.0133 | Δrho=+0.0156 | ΔCidx=+0.0132 | ΔEF1=+0.4731 | ΔEF5=+0.5134 | ΔAcc=-0.1637
    test_ema: Pose=0.7032, BalAcc=0.7131, PR=0.4792, Rneg=0.4692, Rpos=0.9570, MAE=1.0756, RMSE=1.3879, r=0.7770, Cidx=0.7884
------------------------------------------------------------------------------
  [Train Results  epoch 66]  epoch_t=14.10s  total_t=938s
  Pose=0.6724 | Aff=0.4981 | BalAcc=0.7319 | Rneg=0.5232 | Rpos=0.9407 | PR=0.4833 | MCC=0.3070 | MAE=0.8241 | RMSE=1.0781 | r=0.8549 | rho=0.8529 | Cidx=0.8315 | EF1=2.7169 | EF5=1.5905 | S@1=0.0000 | S@5=1.0000 | S@10=1.0000 | Acc=0.5752
  ΔPose=-0.0640 | ΔAff=-0.0054 | ΔBalAcc=+0.0358 | ΔRneg=+0.0923 | ΔRpos=-0.0208 | ΔPR=+0.0071 | ΔMCC=+0.0404 | ΔMAE=-0.0015 | ΔRMSE=-0.0057 | Δr=+0.0040 | Δrho=+0.0039 | ΔCidx=-0.0002 | ΔEF1=-0.5022 | ΔEF5=-0.4073 | ΔS@1=-1.0000 | ΔAcc=+0.0782
    lr: 0.000773
    train_ema: Pose=0.6826, BalAcc=0.7256, PR=0.4760, Rneg=0.5125, Rpos=0.9388, MAE=0.8418, RMSE=1.1003, r=0.8459, Cidx=0.8275
------------------------------------------------------------------------------
  [Test Results  epoch 66]
  Pose=0.7028 | Aff=0.7257 | BalAcc=0.7028 | Rneg=0.4538 | Rpos=0.9518 | PR=0.4658 | MCC=0.2830 | MAE=1.0788 | RMSE=1.4040 | r=0.7797 | rho=0.7612 | Cidx=0.7929 | EF1=1.5771 | EF5=1.9895 | S@1=0.0000 | S@5=0.0000 | S@10=1.0000 | Acc=0.5210
  ΔPose=-0.0577 | ΔAff=+0.0186 | ΔBalAcc=+0.0230 | ΔRneg=+0.0748 | ΔRpos=-0.0289 | ΔPR=-0.0075 | ΔMCC=+0.0217 | ΔMAE=+0.0184 | ΔRMSE=+0.0294 | Δr=-0.0060 | Δrho=-0.0049 | ΔCidx=-0.0043 | ΔEF1=-0.7886 | ΔEF5=-0.6418 | ΔS@5=-1.0000 | ΔAcc=+0.0608
    test_ema: Pose=0.7031, BalAcc=0.7100, PR=0.4752, Rneg=0.4646, Rpos=0.9555, MAE=1.0766, RMSE=1.3928, r=0.7778, Cidx=0.7898
------------------------------------------------------------------------------
  [Train Results  epoch 68]  epoch_t=14.17s  total_t=967s
  Pose=0.6295 | Aff=0.4961 | BalAcc=0.7506 | Rneg=0.5867 | Rpos=0.9144 | PR=0.4780 | MCC=0.3313 | MAE=0.8210 | RMSE=1.0751 | r=0.8531 | rho=0.8519 | Cidx=0.8342 | EF1=2.5109 | EF5=1.5080 | S@1=1.0000 | S@5=1.0000 | S@10=1.0000 | Acc=0.6275
  ΔPose=-0.0429 | ΔAff=-0.0020 | ΔBalAcc=+0.0186 | ΔRneg=+0.0636 | ΔRpos=-0.0263 | ΔPR=-0.0053 | ΔMCC=+0.0243 | ΔMAE=-0.0032 | ΔRMSE=-0.0030 | Δr=-0.0018 | Δrho=-0.0011 | ΔCidx=+0.0027 | ΔEF1=-0.2060 | ΔEF5=-0.0825 | ΔS@1=+1.0000 | ΔAcc=+0.0524
    lr: 0.000759
    train_ema: Pose=0.6666, BalAcc=0.7331, PR=0.4766, Rneg=0.5348, Rpos=0.9315, MAE=0.8355, RMSE=1.0927, r=0.8481, Cidx=0.8295
------------------------------------------------------------------------------
  [Test Results  epoch 68]
  Pose=0.6470 | Aff=0.7156 | BalAcc=0.7452 | Rneg=0.5562 | Rpos=0.9342 | PR=0.4729 | MCC=0.3351 | MAE=1.0857 | RMSE=1.3810 | r=0.7762 | rho=0.7535 | Cidx=0.7846 | EF1=2.2080 | EF5=2.7596 | S@1=0.0000 | S@5=0.0000 | S@10=1.0000 | Acc=0.6072
  ΔPose=-0.0558 | ΔAff=-0.0101 | ΔBalAcc=+0.0424 | ΔRneg=+0.1024 | ΔRpos=-0.0177 | ΔPR=+0.0071 | ΔMCC=+0.0521 | ΔMAE=+0.0069 | ΔRMSE=-0.0230 | Δr=-0.0034 | Δrho=-0.0077 | ΔCidx=-0.0083 | ΔEF1=+0.6309 | ΔEF5=+0.7701 | ΔAcc=+0.0862
    test_ema: Pose=0.6862, BalAcc=0.7206, PR=0.4745, Rneg=0.4921, Rpos=0.9491, MAE=1.0793, RMSE=1.3892, r=0.7773, Cidx=0.7882
------------------------------------------------------------------------------
  [Train Results  epoch 70]  epoch_t=14.24s  total_t=995s
  Pose=0.6639 | Aff=0.4854 | BalAcc=0.7414 | Rneg=0.5448 | Rpos=0.9380 | PR=0.4813 | MCC=0.3189 | MAE=0.8087 | RMSE=1.0630 | r=0.8547 | rho=0.8528 | Cidx=0.8340 | EF1=2.4980 | EF5=1.4719 | S@1=1.0000 | S@5=1.0000 | S@10=1.0000 | Acc=0.5937
  ΔPose=+0.0344 | ΔAff=-0.0107 | ΔBalAcc=-0.0092 | ΔRneg=-0.0420 | ΔRpos=+0.0236 | ΔPR=+0.0033 | ΔMCC=-0.0124 | ΔMAE=-0.0123 | ΔRMSE=-0.0121 | Δr=+0.0016 | Δrho=+0.0009 | ΔCidx=-0.0002 | ΔEF1=-0.0129 | ΔEF5=-0.0361 | ΔAcc=-0.0338
    lr: 0.000745
    train_ema: Pose=0.6658, BalAcc=0.7356, PR=0.4780, Rneg=0.5378, Rpos=0.9334, MAE=0.8275, RMSE=1.0838, r=0.8500, Cidx=0.8309
------------------------------------------------------------------------------
  [Test Results  epoch 70]
  Pose=0.6897 | Aff=0.7043 | BalAcc=0.7192 | Rneg=0.4834 | Rpos=0.9551 | PR=0.4726 | MCC=0.3030 | MAE=1.0787 | RMSE=1.3630 | r=0.7845 | rho=0.7662 | Cidx=0.7886 | EF1=1.5771 | EF5=2.3425 | S@1=0.0000 | S@5=0.0000 | S@10=0.0000 | Acc=0.5470
  ΔPose=+0.0427 | ΔAff=-0.0113 | ΔBalAcc=-0.0260 | ΔRneg=-0.0728 | ΔRpos=+0.0209 | ΔPR=-0.0002 | ΔMCC=-0.0321 | ΔMAE=-0.0070 | ΔRMSE=-0.0179 | Δr=+0.0082 | Δrho=+0.0128 | ΔCidx=+0.0040 | ΔEF1=-0.6309 | ΔEF5=-0.4172 | ΔS@10=-1.0000 | ΔAcc=-0.0602
    test_ema: Pose=0.6873, BalAcc=0.7202, PR=0.4739, Rneg=0.4894, Rpos=0.9509, MAE=1.0791, RMSE=1.3814, r=0.7795, Cidx=0.7883
------------------------------------------------------------------------------
  [Train Results  epoch 72]  epoch_t=14.32s  total_t=1023s
  Pose=0.6989 | Aff=0.4698 | BalAcc=0.7183 | Rneg=0.4858 | Rpos=0.9508 | PR=0.4789 | MCC=0.2910 | MAE=0.7881 | RMSE=1.0432 | r=0.8604 | rho=0.8582 | Cidx=0.8365 | EF1=2.9873 | EF5=1.8096 | S@1=0.0000 | S@5=1.0000 | S@10=1.0000 | Acc=0.5437
  ΔPose=+0.0350 | ΔAff=-0.0155 | ΔBalAcc=-0.0231 | ΔRneg=-0.0590 | ΔRpos=+0.0128 | ΔPR=-0.0025 | ΔMCC=-0.0279 | ΔMAE=-0.0206 | ΔRMSE=-0.0198 | Δr=+0.0057 | Δrho=+0.0054 | ΔCidx=+0.0025 | ΔEF1=+0.4893 | ΔEF5=+0.3377 | ΔS@1=-1.0000 | ΔAcc=-0.0501
    lr: 0.000731
    train_ema: Pose=0.6757, BalAcc=0.7304, PR=0.4783, Rneg=0.5222, Rpos=0.9386, MAE=0.8157, RMSE=1.0717, r=0.8531, Cidx=0.8326
------------------------------------------------------------------------------
  [Test Results  epoch 72]
  Pose=0.7334 | Aff=0.6856 | BalAcc=0.6968 | Rneg=0.4178 | Rpos=0.9759 | PR=0.4723 | MCC=0.2794 | MAE=1.0420 | RMSE=1.3614 | r=0.7865 | rho=0.7702 | Cidx=0.7959 | EF1=1.5771 | EF5=2.1500 | S@1=0.0000 | S@5=0.0000 | S@10=1.0000 | Acc=0.4931
  ΔPose=+0.0437 | ΔAff=-0.0187 | ΔBalAcc=-0.0224 | ΔRneg=-0.0656 | ΔRpos=+0.0209 | ΔPR=-0.0004 | ΔMCC=-0.0236 | ΔMAE=-0.0367 | ΔRMSE=-0.0016 | Δr=+0.0020 | Δrho=+0.0040 | ΔCidx=+0.0073 | ΔEF5=-0.1925 | ΔS@10=+1.0000 | ΔAcc=-0.0539
    test_ema: Pose=0.7011, BalAcc=0.7132, PR=0.4734, Rneg=0.4679, Rpos=0.9584, MAE=1.0680, RMSE=1.3754, r=0.7816, Cidx=0.7906
------------------------------------------------------------------------------
  [Train Results  epoch 74]  epoch_t=14.07s  total_t=1052s
  Pose=0.7592 | Aff=0.4718 | BalAcc=0.6853 | Rneg=0.4003 | Rpos=0.9702 | PR=0.4856 | MCC=0.2558 | MAE=0.7913 | RMSE=1.0438 | r=0.8610 | rho=0.8578 | Cidx=0.8365 | EF1=3.0904 | EF5=1.8792 | S@1=1.0000 | S@5=1.0000 | S@10=1.0000 | Acc=0.4713
  ΔPose=+0.0603 | ΔAff=+0.0019 | ΔBalAcc=-0.0330 | ΔRneg=-0.0855 | ΔRpos=+0.0195 | ΔPR=+0.0068 | ΔMCC=-0.0352 | ΔMAE=+0.0031 | ΔRMSE=+0.0006 | Δr=+0.0006 | Δrho=-0.0004 | ΔCidx=-0.0001 | ΔEF1=+0.1030 | ΔEF5=+0.0696 | ΔS@1=+1.0000 | ΔAcc=-0.0724
    lr: 0.000717
    train_ema: Pose=0.7008, BalAcc=0.7169, PR=0.4805, Rneg=0.4856, Rpos=0.9481, MAE=0.8084, RMSE=1.0633, r=0.8555, Cidx=0.8337
------------------------------------------------------------------------------
  [Test Results  epoch 74]
  Pose=0.7892 | Aff=0.7176 | BalAcc=0.6562 | Rneg=0.3364 | Rpos=0.9759 | PR=0.4907 | MCC=0.2341 | MAE=1.0817 | RMSE=1.4028 | r=0.7713 | rho=0.7529 | Cidx=0.7891 | EF1=1.8926 | EF5=2.5671 | S@1=0.0000 | S@5=0.0000 | S@10=1.0000 | Acc=0.4227
  ΔPose=+0.0558 | ΔAff=+0.0321 | ΔBalAcc=-0.0407 | ΔRneg=-0.0814 | ΔPR=+0.0184 | ΔMCC=-0.0453 | ΔMAE=+0.0397 | ΔRMSE=+0.0414 | Δr=-0.0152 | Δrho=-0.0173 | ΔCidx=-0.0068 | ΔEF1=+0.3154 | ΔEF5=+0.4172 | ΔAcc=-0.0704
    test_ema: Pose=0.7276, BalAcc=0.6961, PR=0.4786, Rneg=0.4285, Rpos=0.9637, MAE=1.0721, RMSE=1.3836, r=0.7785, Cidx=0.7901
------------------------------------------------------------------------------
  [Train Results  epoch 76]  epoch_t=14.08s  total_t=1080s
  Pose=0.6870 | Aff=0.4684 | BalAcc=0.7209 | Rneg=0.4953 | Rpos=0.9465 | PR=0.4742 | MCC=0.2938 | MAE=0.7898 | RMSE=1.0438 | r=0.8613 | rho=0.8585 | Cidx=0.8373 | EF1=2.5753 | EF5=1.5338 | S@1=0.0000 | S@5=0.0000 | S@10=0.0000 | Acc=0.5514
  ΔPose=-0.0722 | ΔAff=-0.0033 | ΔBalAcc=+0.0356 | ΔRneg=+0.0949 | ΔRpos=-0.0237 | ΔPR=-0.0114 | ΔMCC=+0.0380 | ΔMAE=-0.0014 | ΔRMSE=-0.0001 | Δr=+0.0004 | Δrho=+0.0007 | ΔCidx=+0.0008 | ΔEF1=-0.5151 | ΔEF5=-0.3454 | ΔS@1=-1.0000 | ΔS@5=-1.0000 | ΔS@10=-1.0000 | ΔAcc=+0.0802
    lr: 0.000702
    train_ema: Pose=0.6966, BalAcc=0.7181, PR=0.4786, Rneg=0.4885, Rpos=0.9476, MAE=0.8028, RMSE=1.0575, r=0.8572, Cidx=0.8348
------------------------------------------------------------------------------
  [Test Results  epoch 76]
  Pose=0.7107 | Aff=0.6685 | BalAcc=0.7053 | Rneg=0.4508 | Rpos=0.9599 | PR=0.4519 | MCC=0.2869 | MAE=1.0258 | RMSE=1.3482 | r=0.7873 | rho=0.7646 | Cidx=0.7957 | EF1=1.5771 | EF5=2.3746 | S@1=0.0000 | S@5=0.0000 | S@10=1.0000 | Acc=0.5195
  ΔPose=-0.0785 | ΔAff=-0.0492 | ΔBalAcc=+0.0492 | ΔRneg=+0.1144 | ΔRpos=-0.0161 | ΔPR=-0.0388 | ΔMCC=+0.0528 | ΔMAE=-0.0559 | ΔRMSE=-0.0547 | Δr=+0.0160 | Δrho=+0.0117 | ΔCidx=+0.0066 | ΔEF1=-0.3154 | ΔEF5=-0.1925 | ΔAcc=+0.0968
    test_ema: Pose=0.7225, BalAcc=0.6989, PR=0.4706, Rneg=0.4352, Rpos=0.9625, MAE=1.0582, RMSE=1.3730, r=0.7811, Cidx=0.7918
------------------------------------------------------------------------------
  [Train Results  epoch 78]  epoch_t=14.07s  total_t=1108s
  Pose=0.7245 | Aff=0.4527 | BalAcc=0.6985 | Rneg=0.4262 | Rpos=0.9707 | PR=0.4862 | MCC=0.2704 | MAE=0.7668 | RMSE=1.0218 | r=0.8675 | rho=0.8654 | Cidx=0.8437 | EF1=3.0260 | EF5=1.7864 | S@1=1.0000 | S@5=1.0000 | S@10=1.0000 | Acc=0.4940
  ΔPose=+0.0375 | ΔAff=-0.0157 | ΔBalAcc=-0.0224 | ΔRneg=-0.0691 | ΔRpos=+0.0242 | ΔPR=+0.0120 | ΔMCC=-0.0234 | ΔMAE=-0.0230 | ΔRMSE=-0.0220 | Δr=+0.0061 | Δrho=+0.0069 | ΔCidx=+0.0064 | ΔEF1=+0.4507 | ΔEF5=+0.2526 | ΔS@1=+1.0000 | ΔS@5=+1.0000 | ΔS@10=+1.0000 | ΔAcc=-0.0574
    lr: 0.000688
    train_ema: Pose=0.7050, BalAcc=0.7122, PR=0.4809, Rneg=0.4698, Rpos=0.9546, MAE=0.7920, RMSE=1.0468, r=0.8603, Cidx=0.8375
------------------------------------------------------------------------------
  [Test Results  epoch 78]
  Pose=0.7442 | Aff=0.6850 | BalAcc=0.6708 | Rneg=0.3610 | Rpos=0.9807 | PR=0.4727 | MCC=0.2513 | MAE=1.0612 | RMSE=1.3664 | r=0.7816 | rho=0.7577 | Cidx=0.7870 | EF1=1.5771 | EF5=2.2783 | S@1=0.0000 | S@5=0.0000 | S@10=1.0000 | Acc=0.4446
  ΔPose=+0.0335 | ΔAff=+0.0166 | ΔBalAcc=-0.0345 | ΔRneg=-0.0899 | ΔRpos=+0.0209 | ΔPR=+0.0207 | ΔMCC=-0.0356 | ΔMAE=+0.0355 | ΔRMSE=+0.0182 | Δr=-0.0057 | Δrho=-0.0069 | ΔCidx=-0.0086 | ΔEF5=-0.0963 | ΔAcc=-0.0749
    test_ema: Pose=0.7290, BalAcc=0.6904, PR=0.4712, Rneg=0.4129, Rpos=0.9680, MAE=1.0591, RMSE=1.3710, r=0.7813, Cidx=0.7904
------------------------------------------------------------------------------
  [Train Results  epoch 80]  epoch_t=13.97s  total_t=1137s
  Pose=0.6572 | Aff=0.4666 | BalAcc=0.7437 | Rneg=0.5488 | Rpos=0.9385 | PR=0.4872 | MCC=0.3218 | MAE=0.7881 | RMSE=1.0398 | r=0.8617 | rho=0.8586 | Cidx=0.8372 | EF1=2.7169 | EF5=1.6962 | S@1=1.0000 | S@5=1.0000 | S@10=1.0000 | Acc=0.5973
  ΔPose=-0.0673 | ΔAff=+0.0139 | ΔBalAcc=+0.0452 | ΔRneg=+0.1226 | ΔRpos=-0.0322 | ΔPR=+0.0010 | ΔMCC=+0.0514 | ΔMAE=+0.0213 | ΔRMSE=+0.0180 | Δr=-0.0058 | Δrho=-0.0067 | ΔCidx=-0.0065 | ΔEF1=-0.3090 | ΔEF5=-0.0902 | ΔAcc=+0.1033
    lr: 0.000673
    train_ema: Pose=0.6907, BalAcc=0.7216, PR=0.4828, Rneg=0.4935, Rpos=0.9497, MAE=0.7908, RMSE=1.0447, r=0.8607, Cidx=0.8374
------------------------------------------------------------------------------
  [Test Results  epoch 80]
  Pose=0.6772 | Aff=0.6712 | BalAcc=0.7324 | Rneg=0.5114 | Rpos=0.9535 | PR=0.4655 | MCC=0.3193 | MAE=1.0342 | RMSE=1.3257 | r=0.7962 | rho=0.7745 | Cidx=0.7952 | EF1=1.7348 | EF5=2.5350 | S@1=0.0000 | S@5=0.0000 | S@10=1.0000 | Acc=0.5710
  ΔPose=-0.0669 | ΔAff=-0.0138 | ΔBalAcc=+0.0616 | ΔRneg=+0.1504 | ΔRpos=-0.0273 | ΔPR=-0.0072 | ΔMCC=+0.0680 | ΔMAE=-0.0270 | ΔRMSE=-0.0407 | Δr=+0.0146 | Δrho=+0.0167 | ΔCidx=+0.0082 | ΔEF1=+0.1577 | ΔEF5=+0.2567 | ΔAcc=+0.1265
    test_ema: Pose=0.7135, BalAcc=0.7030, PR=0.4695, Rneg=0.4425, Rpos=0.9636, MAE=1.0516, RMSE=1.3574, r=0.7858, Cidx=0.7918
------------------------------------------------------------------------------
  [Train Results  epoch 82]  epoch_t=14.38s  total_t=1165s
  Pose=0.6350 | Aff=0.4565 | BalAcc=0.7515 | Rneg=0.5768 | Rpos=0.9263 | PR=0.4930 | MCC=0.3322 | MAE=0.7732 | RMSE=1.0267 | r=0.8654 | rho=0.8648 | Cidx=0.8415 | EF1=2.6397 | EF5=1.4874 | S@1=1.0000 | S@5=1.0000 | S@10=1.0000 | Acc=0.6203
  ΔPose=-0.0222 | ΔAff=-0.0102 | ΔBalAcc=+0.0079 | ΔRneg=+0.0280 | ΔRpos=-0.0122 | ΔPR=+0.0058 | ΔMCC=+0.0104 | ΔMAE=-0.0149 | ΔRMSE=-0.0131 | Δr=+0.0037 | Δrho=+0.0062 | ΔCidx=+0.0043 | ΔEF1=-0.0773 | ΔEF5=-0.2088 | ΔAcc=+0.0230
    lr: 0.000658
    train_ema: Pose=0.6740, BalAcc=0.7306, PR=0.4859, Rneg=0.5185, Rpos=0.9427, MAE=0.7855, RMSE=1.0393, r=0.8621, Cidx=0.8386
------------------------------------------------------------------------------
  [Test Results  epoch 82]
  Pose=0.6455 | Aff=0.6968 | BalAcc=0.7439 | Rneg=0.5617 | Rpos=0.9262 | PR=0.4915 | MCC=0.3333 | MAE=1.0581 | RMSE=1.3627 | r=0.7866 | rho=0.7696 | Cidx=0.7922 | EF1=1.5771 | EF5=2.4708 | S@1=0.0000 | S@5=0.0000 | S@10=1.0000 | Acc=0.6109
  ΔPose=-0.0318 | ΔAff=+0.0256 | ΔBalAcc=+0.0115 | ΔRneg=+0.0503 | ΔRpos=-0.0273 | ΔPR=+0.0260 | ΔMCC=+0.0141 | ΔMAE=+0.0239 | ΔRMSE=+0.0370 | Δr=-0.0096 | Δrho=-0.0048 | ΔCidx=-0.0030 | ΔEF1=-0.1577 | ΔEF5=-0.0642 | ΔAcc=+0.0398
    test_ema: Pose=0.6931, BalAcc=0.7153, PR=0.4761, Rneg=0.4782, Rpos=0.9524, MAE=1.0536, RMSE=1.3590, r=0.7860, Cidx=0.7919
------------------------------------------------------------------------------
  [Train Results  epoch 84]  epoch_t=14.31s  total_t=1193s
  Pose=0.6823 | Aff=0.4595 | BalAcc=0.7244 | Rneg=0.4959 | Rpos=0.9528 | PR=0.4927 | MCC=0.2984 | MAE=0.7741 | RMSE=1.0285 | r=0.8684 | rho=0.8666 | Cidx=0.8417 | EF1=3.1161 | EF5=1.8972 | S@1=1.0000 | S@5=1.0000 | S@10=1.0000 | Acc=0.5528
  ΔPose=+0.0473 | ΔAff=+0.0030 | ΔBalAcc=-0.0272 | ΔRneg=-0.0809 | ΔRpos=+0.0266 | ΔPR=-0.0003 | ΔMCC=-0.0338 | ΔMAE=+0.0010 | ΔRMSE=+0.0019 | Δr=+0.0030 | Δrho=+0.0018 | ΔCidx=+0.0002 | ΔEF1=+0.4764 | ΔEF5=+0.4099 | ΔAcc=-0.0675
    lr: 0.000642
    train_ema: Pose=0.6765, BalAcc=0.7287, PR=0.4879, Rneg=0.5117, Rpos=0.9457, MAE=0.7821, RMSE=1.0360, r=0.8640, Cidx=0.8396
------------------------------------------------------------------------------
  [Test Results  epoch 84]
  Pose=0.6972 | Aff=0.6915 | BalAcc=0.7088 | Rneg=0.4561 | Rpos=0.9615 | PR=0.4860 | MCC=0.2912 | MAE=1.0598 | RMSE=1.3779 | r=0.7772 | rho=0.7590 | Cidx=0.7942 | EF1=1.5771 | EF5=2.4067 | S@1=0.0000 | S@5=1.0000 | S@10=1.0000 | Acc=0.5243
  ΔPose=+0.0517 | ΔAff=-0.0052 | ΔBalAcc=-0.0352 | ΔRneg=-0.1056 | ΔRpos=+0.0353 | ΔPR=-0.0055 | ΔMCC=-0.0421 | ΔMAE=+0.0017 | ΔRMSE=+0.0152 | Δr=-0.0094 | Δrho=-0.0107 | ΔCidx=+0.0020 | ΔEF5=-0.0642 | ΔS@5=+1.0000 | ΔAcc=-0.0866
    test_ema: Pose=0.6943, BalAcc=0.7133, PR=0.4791, Rneg=0.4716, Rpos=0.9551, MAE=1.0555, RMSE=1.3647, r=0.7834, Cidx=0.7926
------------------------------------------------------------------------------
  [Train Results  epoch 86]  epoch_t=14.32s  total_t=1222s
  Pose=0.6305 | Aff=0.4469 | BalAcc=0.7554 | Rneg=0.5879 | Rpos=0.9229 | PR=0.5038 | MCC=0.3376 | MAE=0.7585 | RMSE=1.0102 | r=0.8736 | rho=0.8716 | Cidx=0.8457 | EF1=2.7427 | EF5=1.6678 | S@1=1.0000 | S@5=1.0000 | S@10=1.0000 | Acc=0.6296
  ΔPose=-0.0518 | ΔAff=-0.0126 | ΔBalAcc=+0.0310 | ΔRneg=+0.0919 | ΔRpos=-0.0299 | ΔPR=+0.0111 | ΔMCC=+0.0392 | ΔMAE=-0.0156 | ΔRMSE=-0.0183 | Δr=+0.0052 | Δrho=+0.0049 | ΔCidx=+0.0039 | ΔEF1=-0.3734 | ΔEF5=-0.2294 | ΔAcc=+0.0768
    lr: 0.000627
    train_ema: Pose=0.6627, BalAcc=0.7367, PR=0.4927, Rneg=0.5346, Rpos=0.9389, MAE=0.7750, RMSE=1.0283, r=0.8669, Cidx=0.8414
------------------------------------------------------------------------------
  [Test Results  epoch 86]
  Pose=0.6482 | Aff=0.6900 | BalAcc=0.7462 | Rneg=0.5549 | Rpos=0.9374 | PR=0.4762 | MCC=0.3365 | MAE=1.0418 | RMSE=1.3804 | r=0.7900 | rho=0.7717 | Cidx=0.7955 | EF1=1.5771 | EF5=2.4067 | S@1=0.0000 | S@5=0.0000 | S@10=1.0000 | Acc=0.6065
  ΔPose=-0.0490 | ΔAff=-0.0015 | ΔBalAcc=+0.0374 | ΔRneg=+0.0989 | ΔRpos=-0.0241 | ΔPR=-0.0098 | ΔMCC=+0.0453 | ΔMAE=-0.0180 | ΔRMSE=+0.0025 | Δr=+0.0128 | Δrho=+0.0128 | ΔCidx=+0.0013 | ΔS@5=-1.0000 | ΔAcc=+0.0823
    test_ema: Pose=0.6805, BalAcc=0.7232, PR=0.4782, Rneg=0.4966, Rpos=0.9498, MAE=1.0514, RMSE=1.3694, r=0.7854, Cidx=0.7935
------------------------------------------------------------------------------
  [Train Results  epoch 88]  epoch_t=14.21s  total_t=1250s
  Pose=0.6217 | Aff=0.4490 | BalAcc=0.7628 | Rneg=0.6022 | Rpos=0.9233 | PR=0.5008 | MCC=0.3479 | MAE=0.7663 | RMSE=1.0156 | r=0.8718 | rho=0.8692 | Cidx=0.8449 | EF1=2.7298 | EF5=1.6601 | S@1=1.0000 | S@5=1.0000 | S@10=1.0000 | Acc=0.6422
  ΔPose=-0.0088 | ΔAff=+0.0021 | ΔBalAcc=+0.0074 | ΔRneg=+0.0144 | ΔRpos=+0.0004 | ΔPR=-0.0030 | ΔMCC=+0.0103 | ΔMAE=+0.0078 | ΔRMSE=+0.0054 | Δr=-0.0018 | Δrho=-0.0023 | ΔCidx=-0.0008 | ΔEF1=-0.0129 | ΔEF5=-0.0077 | ΔAcc=+0.0126
    lr: 0.000611
    train_ema: Pose=0.6504, BalAcc=0.7445, PR=0.4951, Rneg=0.5549, Rpos=0.9342, MAE=0.7724, RMSE=1.0245, r=0.8684, Cidx=0.8424
------------------------------------------------------------------------------
  [Test Results  epoch 88]
  Pose=0.6392 | Aff=0.6630 | BalAcc=0.7534 | Rneg=0.5695 | Rpos=0.9374 | PR=0.4864 | MCC=0.3463 | MAE=1.0184 | RMSE=1.3432 | r=0.7902 | rho=0.7727 | Cidx=0.7998 | EF1=1.8926 | EF5=2.8559 | S@1=0.0000 | S@5=1.0000 | S@10=1.0000 | Acc=0.6191
  ΔPose=-0.0090 | ΔAff=-0.0270 | ΔBalAcc=+0.0073 | ΔRneg=+0.0145 | ΔPR=+0.0102 | ΔMCC=+0.0098 | ΔMAE=-0.0235 | ΔRMSE=-0.0372 | Δr=+0.0002 | Δrho=+0.0010 | ΔCidx=+0.0042 | ΔEF1=+0.3154 | ΔEF5=+0.4492 | ΔS@5=+1.0000 | ΔAcc=+0.0126
    test_ema: Pose=0.6681, BalAcc=0.7323, PR=0.4807, Rneg=0.5185, Rpos=0.9461, MAE=1.0415, RMSE=1.3616, r=0.7868, Cidx=0.7954
------------------------------------------------------------------------------
  [Train Results  epoch 90]  epoch_t=13.85s  total_t=1278s
  Pose=0.6308 | Aff=0.4306 | BalAcc=0.7574 | Rneg=0.5835 | Rpos=0.9313 | PR=0.5015 | MCC=0.3401 | MAE=0.7396 | RMSE=0.9853 | r=0.8783 | rho=0.8760 | Cidx=0.8484 | EF1=2.3950 | EF5=1.5389 | S@1=0.0000 | S@5=1.0000 | S@10=1.0000 | Acc=0.6268
  ΔPose=+0.0092 | ΔAff=-0.0184 | ΔBalAcc=-0.0054 | ΔRneg=-0.0188 | ΔRpos=+0.0080 | ΔPR=+0.0007 | ΔMCC=-0.0078 | ΔMAE=-0.0267 | ΔRMSE=-0.0304 | Δr=+0.0065 | Δrho=+0.0068 | ΔCidx=+0.0035 | ΔEF1=-0.3348 | ΔEF5=-0.1212 | ΔS@1=-1.0000 | ΔAcc=-0.0154
    lr: 0.000596
    train_ema: Pose=0.6445, BalAcc=0.7484, PR=0.4970, Rneg=0.5634, Rpos=0.9333, MAE=0.7626, RMSE=1.0127, r=0.8714, Cidx=0.8442
------------------------------------------------------------------------------
  [Test Results  epoch 90]
  Pose=0.6519 | Aff=0.6700 | BalAcc=0.7444 | Rneg=0.5402 | Rpos=0.9486 | PR=0.4887 | MCC=0.3344 | MAE=1.0315 | RMSE=1.3621 | r=0.7826 | rho=0.7629 | Cidx=0.7901 | EF1=1.5771 | EF5=2.1820 | S@1=0.0000 | S@5=0.0000 | S@10=1.0000 | Acc=0.5953
  ΔPose=+0.0128 | ΔAff=+0.0069 | ΔBalAcc=-0.0090 | ΔRneg=-0.0293 | ΔRpos=+0.0112 | ΔPR=+0.0023 | ΔMCC=-0.0119 | ΔMAE=+0.0131 | ΔRMSE=+0.0189 | Δr=-0.0075 | Δrho=-0.0098 | ΔCidx=-0.0097 | ΔEF1=-0.3154 | ΔEF5=-0.6739 | ΔS@5=-1.0000 | ΔAcc=-0.0238
    test_ema: Pose=0.6632, BalAcc=0.7359, PR=0.4831, Rneg=0.5250, Rpos=0.9468, MAE=1.0385, RMSE=1.3617, r=0.7855, Cidx=0.7938
------------------------------------------------------------------------------
  [Train Results  epoch 92]  epoch_t=14.40s  total_t=1306s
  Pose=0.6585 | Aff=0.4555 | BalAcc=0.7411 | Rneg=0.5336 | Rpos=0.9486 | PR=0.5018 | MCC=0.3187 | MAE=0.7704 | RMSE=1.0193 | r=0.8754 | rho=0.8743 | Cidx=0.8458 | EF1=2.3822 | EF5=1.5183 | S@1=1.0000 | S@5=1.0000 | S@10=1.0000 | Acc=0.5852
  ΔPose=+0.0277 | ΔAff=+0.0249 | ΔBalAcc=-0.0163 | ΔRneg=-0.0499 | ΔRpos=+0.0173 | ΔPR=+0.0003 | ΔMCC=-0.0214 | ΔMAE=+0.0308 | ΔRMSE=+0.0341 | Δr=-0.0029 | Δrho=-0.0018 | ΔCidx=-0.0026 | ΔEF1=-0.0129 | ΔEF5=-0.0206 | ΔS@1=+1.0000 | ΔAcc=-0.0415
    lr: 0.000580
    train_ema: Pose=0.6487, BalAcc=0.7462, PR=0.4984, Rneg=0.5545, Rpos=0.9379, MAE=0.7649, RMSE=1.0147, r=0.8726, Cidx=0.8447
------------------------------------------------------------------------------
  [Test Results  epoch 92]
  Pose=0.6795 | Aff=0.6717 | BalAcc=0.7277 | Rneg=0.4906 | Rpos=0.9647 | PR=0.4846 | MCC=0.3143 | MAE=1.0355 | RMSE=1.3425 | r=0.7929 | rho=0.7697 | Cidx=0.7993 | EF1=1.5771 | EF5=2.0216 | S@1=0.0000 | S@5=0.0000 | S@10=1.0000 | Acc=0.5546
  ΔPose=+0.0276 | ΔAff=+0.0017 | ΔBalAcc=-0.0168 | ΔRneg=-0.0496 | ΔRpos=+0.0161 | ΔPR=-0.0042 | ΔMCC=-0.0202 | ΔMAE=+0.0040 | ΔRMSE=-0.0197 | Δr=+0.0103 | Δrho=+0.0068 | ΔCidx=+0.0093 | ΔEF5=-0.1604 | ΔAcc=-0.0407
    test_ema: Pose=0.6681, BalAcc=0.7334, PR=0.4835, Rneg=0.5147, Rpos=0.9522, MAE=1.0376, RMSE=1.3559, r=0.7877, Cidx=0.7955
------------------------------------------------------------------------------
  [Train Results  epoch 94]  epoch_t=14.38s  total_t=1335s
  Pose=0.6163 | Aff=0.4324 | BalAcc=0.7645 | Rneg=0.6107 | Rpos=0.9183 | PR=0.5059 | MCC=0.3506 | MAE=0.7444 | RMSE=0.9894 | r=0.8774 | rho=0.8760 | Cidx=0.8487 | EF1=2.8200 | EF5=1.7941 | S@1=0.0000 | S@5=1.0000 | S@10=1.0000 | Acc=0.6490
  ΔPose=-0.0422 | ΔAff=-0.0231 | ΔBalAcc=+0.0234 | ΔRneg=+0.0771 | ΔRpos=-0.0303 | ΔPR=+0.0041 | ΔMCC=+0.0319 | ΔMAE=-0.0261 | ΔRMSE=-0.0299 | Δr=+0.0020 | Δrho=+0.0017 | ΔCidx=+0.0029 | ΔEF1=+0.4378 | ΔEF5=+0.2758 | ΔS@1=-1.0000 | ΔAcc=+0.0638
    lr: 0.000564
    train_ema: Pose=0.6390, BalAcc=0.7517, PR=0.5007, Rneg=0.5713, Rpos=0.9320, MAE=0.7588, RMSE=1.0071, r=0.8740, Cidx=0.8459
------------------------------------------------------------------------------
  [Test Results  epoch 94]
  Pose=0.6361 | Aff=0.6927 | BalAcc=0.7540 | Rneg=0.5850 | Rpos=0.9230 | PR=0.4650 | MCC=0.3472 | MAE=1.0554 | RMSE=1.3986 | r=0.7746 | rho=0.7604 | Cidx=0.7888 | EF1=1.5771 | EF5=2.2783 | S@1=0.0000 | S@5=0.0000 | S@10=0.0000 | Acc=0.6306
  ΔPose=-0.0434 | ΔAff=+0.0210 | ΔBalAcc=+0.0263 | ΔRneg=+0.0944 | ΔRpos=-0.0417 | ΔPR=-0.0195 | ΔMCC=+0.0330 | ΔMAE=+0.0199 | ΔRMSE=+0.0561 | Δr=-0.0183 | Δrho=-0.0094 | ΔCidx=-0.0106 | ΔEF5=+0.2567 | ΔS@10=-1.0000 | ΔAcc=+0.0760
    test_ema: Pose=0.6585, BalAcc=0.7396, PR=0.4780, Rneg=0.5358, Rpos=0.9434, MAE=1.0429, RMSE=1.3687, r=0.7838, Cidx=0.7934
------------------------------------------------------------------------------
  [Train Results  epoch 96]  epoch_t=14.21s  total_t=1364s
  Pose=0.6711 | Aff=0.4108 | BalAcc=0.7383 | Rneg=0.5231 | Rpos=0.9535 | PR=0.5003 | MCC=0.3155 | MAE=0.7161 | RMSE=0.9664 | r=0.8817 | rho=0.8803 | Cidx=0.8520 | EF1=2.7298 | EF5=1.7116 | S@1=1.0000 | S@5=1.0000 | S@10=1.0000 | Acc=0.5767
  ΔPose=+0.0548 | ΔAff=-0.0216 | ΔBalAcc=-0.0262 | ΔRneg=-0.0876 | ΔRpos=+0.0352 | ΔPR=-0.0056 | ΔMCC=-0.0352 | ΔMAE=-0.0283 | ΔRMSE=-0.0230 | Δr=+0.0043 | Δrho=+0.0043 | ΔCidx=+0.0033 | ΔEF1=-0.0901 | ΔEF5=-0.0825 | ΔS@1=+1.0000 | ΔAcc=-0.0723
    lr: 0.000548
    train_ema: Pose=0.6486, BalAcc=0.7477, PR=0.5006, Rneg=0.5569, Rpos=0.9385, MAE=0.7460, RMSE=0.9949, r=0.8763, Cidx=0.8477
------------------------------------------------------------------------------
  [Test Results  epoch 96]
  Pose=0.7025 | Aff=0.6624 | BalAcc=0.7174 | Rneg=0.4701 | Rpos=0.9647 | PR=0.4532 | MCC=0.3018 | MAE=1.0229 | RMSE=1.3443 | r=0.7894 | rho=0.7777 | Cidx=0.7986 | EF1=1.2617 | EF5=2.3425 | S@1=0.0000 | S@5=0.0000 | S@10=1.0000 | Acc=0.5368
  ΔPose=+0.0663 | ΔAff=-0.0303 | ΔBalAcc=-0.0366 | ΔRneg=-0.1149 | ΔRpos=+0.0417 | ΔPR=-0.0119 | ΔMCC=-0.0454 | ΔMAE=-0.0325 | ΔRMSE=-0.0543 | Δr=+0.0148 | Δrho=+0.0173 | ΔCidx=+0.0098 | ΔEF1=-0.3154 | ΔEF5=+0.0642 | ΔS@10=+1.0000 | ΔAcc=-0.0938
    test_ema: Pose=0.6717, BalAcc=0.7329, PR=0.4705, Rneg=0.5161, Rpos=0.9498, MAE=1.0369, RMSE=1.3614, r=0.7855, Cidx=0.7950
------------------------------------------------------------------------------
  [Train Results  epoch 98]  epoch_t=14.06s  total_t=1391s
  Pose=0.7080 | Aff=0.4372 | BalAcc=0.7144 | Rneg=0.4663 | Rpos=0.9625 | PR=0.4984 | MCC=0.2875 | MAE=0.7498 | RMSE=0.9995 | r=0.8749 | rho=0.8730 | Cidx=0.8453 | EF1=2.7427 | EF5=1.6884 | S@1=1.0000 | S@5=1.0000 | S@10=1.0000 | Acc=0.5280
  ΔPose=+0.0370 | ΔAff=+0.0264 | ΔBalAcc=-0.0239 | ΔRneg=-0.0568 | ΔRpos=+0.0090 | ΔPR=-0.0019 | ΔMCC=-0.0280 | ΔMAE=+0.0338 | ΔRMSE=+0.0331 | Δr=-0.0068 | Δrho=-0.0073 | ΔCidx=-0.0068 | ΔEF1=+0.0129 | ΔEF5=-0.0232 | ΔAcc=-0.0486
    lr: 0.000532
    train_ema: Pose=0.6664, BalAcc=0.7377, PR=0.4999, Rneg=0.5297, Rpos=0.9457, MAE=0.7471, RMSE=0.9963, r=0.8759, Cidx=0.8470
------------------------------------------------------------------------------
  [Test Results  epoch 98]
  Pose=0.7249 | Aff=0.7229 | BalAcc=0.7073 | Rneg=0.4436 | Rpos=0.9711 | PR=0.4545 | MCC=0.2908 | MAE=1.0818 | RMSE=1.4406 | r=0.7609 | rho=0.7561 | Cidx=0.7873 | EF1=2.2080 | EF5=2.3746 | S@1=0.0000 | S@5=1.0000 | S@10=1.0000 | Acc=0.5147
  ΔPose=+0.0224 | ΔAff=+0.0605 | ΔBalAcc=-0.0101 | ΔRneg=-0.0265 | ΔRpos=+0.0064 | ΔPR=+0.0013 | ΔMCC=-0.0111 | ΔMAE=+0.0589 | ΔRMSE=+0.0963 | Δr=-0.0284 | Δrho=-0.0216 | ΔCidx=-0.0114 | ΔEF1=+0.9463 | ΔEF5=+0.0321 | ΔS@5=+1.0000 | ΔAcc=-0.0221
    test_ema: Pose=0.6877, BalAcc=0.7253, PR=0.4657, Rneg=0.4943, Rpos=0.9562, MAE=1.0504, RMSE=1.3852, r=0.7781, Cidx=0.7927
------------------------------------------------------------------------------
  [Train Results  epoch 100]  epoch_t=14.05s  total_t=1420s
  Pose=0.6213 | Aff=0.4160 | BalAcc=0.7656 | Rneg=0.6024 | Rpos=0.9287 | PR=0.5062 | MCC=0.3516 | MAE=0.7172 | RMSE=0.9723 | r=0.8808 | rho=0.8788 | Cidx=0.8519 | EF1=2.5238 | EF5=1.6472 | S@1=1.0000 | S@5=1.0000 | S@10=1.0000 | Acc=0.6430
  ΔPose=-0.0868 | ΔAff=-0.0212 | ΔBalAcc=+0.0512 | ΔRneg=+0.1361 | ΔRpos=-0.0338 | ΔPR=+0.0078 | ΔMCC=+0.0641 | ΔMAE=-0.0327 | ΔRMSE=-0.0272 | Δr=+0.0059 | Δrho=+0.0058 | ΔCidx=+0.0066 | ΔEF1=-0.2189 | ΔEF5=-0.0412 | ΔAcc=+0.1150
    lr: 0.000516
    train_ema: Pose=0.6529, BalAcc=0.7460, PR=0.5018, Rneg=0.5515, Rpos=0.9406, MAE=0.7381, RMSE=0.9891, r=0.8774, Cidx=0.8485
------------------------------------------------------------------------------
  [Test Results  epoch 100]
  Pose=0.6411 | Aff=0.6853 | BalAcc=0.7614 | Rneg=0.5775 | Rpos=0.9454 | PR=0.4862 | MCC=0.3573 | MAE=1.0455 | RMSE=1.3814 | r=0.7752 | rho=0.7657 | Cidx=0.7921 | EF1=1.5771 | EF5=2.1179 | S@1=0.0000 | S@5=0.0000 | S@10=1.0000 | Acc=0.6271
  ΔPose=-0.0837 | ΔAff=-0.0376 | ΔBalAcc=+0.0541 | ΔRneg=+0.1339 | ΔRpos=-0.0257 | ΔPR=+0.0317 | ΔMCC=+0.0665 | ΔMAE=-0.0363 | ΔRMSE=-0.0593 | Δr=+0.0143 | Δrho=+0.0096 | ΔCidx=+0.0048 | ΔEF1=-0.6309 | ΔEF5=-0.2567 | ΔS@5=-1.0000 | ΔAcc=+0.1124
    test_ema: Pose=0.6737, BalAcc=0.7361, PR=0.4719, Rneg=0.5193, Rpos=0.9530, MAE=1.0489, RMSE=1.3840, r=0.7772, Cidx=0.7925
