--- GNINA TRAINING (5-Loss Pipeline): gnina_dense ---

=== TARGET STATISTICS ===
  [DEBUG] Affinity target stats (N=7758):
    mean=6.318  std=2.047
    p01=2.310      p05=3.020      p25=4.712      p50=6.400      p75=7.800      p95=9.700      p99=11.200  
  [DEBUG] Pose sample stats: total=62335, valid=62335, ignored=0, bad=54577, good=7758
          valid ratio: bad=0.8755, good=0.1245
  [NORM] pK mean=6.318, std=2.047
  Pose prior init: disabled by --disable_pose_prior_init
  Pose prior init: skipped (no final 2-logit pose layer found)
  Using eager mode for gnina_dense
  Model parameters: 463,190
  Optimizer: AdamW(lr=0.001, wd=0.01)
  Mixed-precision (AMP) enabled
  Loss (Pose): Focal(γ=2.0, α_good=0.75, α_bad=0.25); λ_pose=1.2, pose_scale=0.5, w_pose=0.85, w_aff=0.15, warmup_epochs=0, pose_only_epochs=4, class_norm=True, batch_balance=True
  Loss 1 (Regression): ConfidenceAware(scale=1.0)
  Loss 2 (Ranking): SoftProbabilistic(scale=0.05, τ=1.0, pairs=128)
  Loss 3 (DistAlign): scale=0.02
  Loss 4 (Anchor): scale=0.01
  Early stopping: composite = 0.500*C-index + 0.500*Balanced Accuracy (min_delta=0.0001, patience=25)
------------------------------------------------------------------------------
  [Train Results  epoch 2]  epoch_t=61.16s  total_t=123s
  Pose=0.6181 | Aff=13.6471 | BalAcc=0.5000 | Rneg=1.0000 | Rpos=0.0000 | PR=0.1045 | MCC=0.0000 | MAE=13.6578 | RMSE=13.8098 | r=0.1469 | rho=0.1287 | Cidx=0.5483 | EF1=1.4035 | EF5=1.4771 | S@1=0.0000 | S@5=0.0000 | S@10=1.0000 | Acc=0.8755
    lr: 0.001000
    train_ema: Pose=0.6181, BalAcc=0.5000, PR=0.1045, Rneg=1.0000, Rpos=0.0000, MAE=13.6578, RMSE=13.8098, r=0.1469, Cidx=0.5483
------------------------------------------------------------------------------
  [Test Results  epoch 2]
  Pose=0.6204 | Aff=13.6443 | BalAcc=0.5000 | Rneg=1.0000 | Rpos=0.0000 | PR=0.1151 | MCC=0.0000 | MAE=13.6621 | RMSE=13.8345 | r=0.3310 | rho=0.3079 | Cidx=0.6008 | EF1=1.7348 | EF5=1.5082 | S@1=0.0000 | S@5=0.0000 | S@10=1.0000 | Acc=0.8651
    test_ema: Pose=0.6204, BalAcc=0.5000, PR=0.1151, Rneg=1.0000, Rpos=0.0000, MAE=13.6621, RMSE=13.8345, r=0.3310, Cidx=0.6008
------------------------------------------------------------------------------
  [Train Results  epoch 4]  epoch_t=61.46s  total_t=246s
  Pose=0.5627 | Aff=12.8047 | BalAcc=0.5000 | Rneg=1.0000 | Rpos=0.0000 | PR=0.1607 | MCC=0.0000 | MAE=12.8526 | RMSE=13.0001 | r=0.3312 | rho=0.3500 | Cidx=0.6141 | EF1=0.7211 | EF5=0.7527 | S@1=0.0000 | S@5=0.0000 | S@10=0.0000 | Acc=0.8755
  ΔPose=-0.0555 | ΔAff=-0.8423 | ΔPR=+0.0562 | ΔMAE=-0.8052 | ΔRMSE=-0.8097 | Δr=+0.1843 | Δrho=+0.2213 | ΔCidx=+0.0658 | ΔEF1=-0.6825 | ΔEF5=-0.7244 | ΔS@10=-1.0000
    lr: 0.001000
    train_ema: Pose=0.6015, BalAcc=0.5000, PR=0.1213, Rneg=1.0000, Rpos=0.0000, MAE=13.4162, RMSE=13.5669, r=0.2022, Cidx=0.5680
------------------------------------------------------------------------------
  [Test Results  epoch 4]
  Pose=0.5683 | Aff=12.8662 | BalAcc=0.5000 | Rneg=1.0000 | Rpos=0.0000 | PR=0.1646 | MCC=0.0000 | MAE=12.9092 | RMSE=13.0754 | r=0.3730 | rho=0.3533 | Cidx=0.6208 | EF1=1.1040 | EF5=0.8664 | S@1=0.0000 | S@5=0.0000 | S@10=0.0000 | Acc=0.8651
  ΔPose=-0.0520 | ΔAff=-0.7781 | ΔPR=+0.0495 | ΔMAE=-0.7530 | ΔRMSE=-0.7591 | Δr=+0.0420 | Δrho=+0.0453 | ΔCidx=+0.0200 | ΔEF1=-0.6309 | ΔEF5=-0.6418 | ΔS@10=-1.0000
    test_ema: Pose=0.6047, BalAcc=0.5000, PR=0.1300, Rneg=1.0000, Rpos=0.0000, MAE=13.4362, RMSE=13.6067, r=0.3436, Cidx=0.6068
------------------------------------------------------------------------------
  [Train Results  epoch 6]  epoch_t=61.46s  total_t=369s
  Pose=1.7038 | Aff=5.2032 | BalAcc=0.5022 | Rneg=0.0062 | Rpos=0.9983 | PR=0.2386 | MCC=0.0199 | MAE=5.4778 | RMSE=5.8019 | r=0.3538 | rho=0.3971 | Cidx=0.6307 | EF1=1.4035 | EF5=1.2373 | S@1=0.0000 | S@5=0.0000 | S@10=1.0000 | Acc=0.1297
  ΔPose=+1.1411 | ΔAff=-7.6015 | ΔBalAcc=+0.0022 | ΔRneg=-0.9938 | ΔRpos=+0.9983 | ΔPR=+0.0779 | ΔMCC=+0.0199 | ΔMAE=-7.3749 | ΔRMSE=-7.1983 | Δr=+0.0226 | Δrho=+0.0471 | ΔCidx=+0.0166 | ΔEF1=+0.6825 | ΔEF5=+0.4846 | ΔS@10=+1.0000 | ΔAcc=-0.7459
    lr: 0.001000
    train_ema: Pose=0.9322, BalAcc=0.5007, PR=0.1565, Rneg=0.7019, Rpos=0.2995, MAE=11.0347, RMSE=11.2374, r=0.2477, Cidx=0.5868
------------------------------------------------------------------------------
  [Test Results  epoch 6]
  Pose=1.6170 | Aff=5.3388 | BalAcc=0.5137 | Rneg=0.0305 | Rpos=0.9968 | PR=0.2981 | MCC=0.0578 | MAE=5.6071 | RMSE=5.9338 | r=0.4870 | rho=0.4572 | Cidx=0.6525 | EF1=0.6309 | EF5=1.0910 | S@1=0.0000 | S@5=0.0000 | S@10=1.0000 | Acc=0.1609
  ΔPose=+1.0487 | ΔAff=-7.5274 | ΔBalAcc=+0.0137 | ΔRneg=-0.9695 | ΔRpos=+0.9968 | ΔPR=+0.1336 | ΔMCC=+0.0578 | ΔMAE=-7.3021 | ΔRMSE=-7.1416 | Δr=+0.1140 | Δrho=+0.1040 | ΔCidx=+0.0317 | ΔEF1=-0.4731 | ΔEF5=+0.2246 | ΔS@10=+1.0000 | ΔAcc=-0.7042
    test_ema: Pose=0.9084, BalAcc=0.5041, PR=0.1804, Rneg=0.7092, Rpos=0.2990, MAE=11.0875, RMSE=11.3049, r=0.3866, Cidx=0.6205
------------------------------------------------------------------------------
  [Train Results  epoch 8]  epoch_t=61.63s  total_t=492s
  Pose=1.0795 | Aff=2.1072 | BalAcc=0.5041 | Rneg=0.0096 | Rpos=0.9986 | PR=0.2955 | MCC=0.0292 | MAE=2.4602 | RMSE=2.8673 | r=0.6124 | rho=0.6094 | Cidx=0.7177 | EF1=1.9701 | EF5=1.5028 | S@1=0.0000 | S@5=0.0000 | S@10=0.0000 | Acc=0.1327
  ΔPose=-0.6243 | ΔAff=-3.0960 | ΔBalAcc=+0.0018 | ΔRneg=+0.0034 | ΔRpos=+0.0003 | ΔPR=+0.0569 | ΔMCC=+0.0093 | ΔMAE=-3.0176 | ΔRMSE=-2.9346 | Δr=+0.2586 | Δrho=+0.2123 | ΔCidx=+0.0870 | ΔEF1=+0.5666 | ΔEF5=+0.2655 | ΔS@10=-1.0000 | ΔAcc=+0.0030
    lr: 0.000999
    train_ema: Pose=0.9764, BalAcc=0.5017, PR=0.1982, Rneg=0.4942, Rpos=0.5092, MAE=8.4623, RMSE=8.7264, r=0.3571, Cidx=0.6261
------------------------------------------------------------------------------
  [Test Results  epoch 8]
  Pose=1.0377 | Aff=2.0258 | BalAcc=0.5127 | Rneg=0.0270 | Rpos=0.9984 | PR=0.3501 | MCC=0.0572 | MAE=2.3694 | RMSE=2.7799 | r=0.6874 | rho=0.6770 | Cidx=0.7453 | EF1=1.4194 | EF5=1.8291 | S@1=0.0000 | S@5=1.0000 | S@10=1.0000 | Acc=0.1581
  ΔPose=-0.5793 | ΔAff=-3.3130 | ΔBalAcc=-0.0009 | ΔRneg=-0.0035 | ΔRpos=+0.0016 | ΔPR=+0.0520 | ΔMCC=-0.0005 | ΔMAE=-3.2377 | ΔRMSE=-3.1539 | Δr=+0.2003 | Δrho=+0.2198 | ΔCidx=+0.0928 | ΔEF1=+0.7886 | ΔEF5=+0.7380 | ΔS@5=+1.0000 | ΔAcc=-0.0028
    test_ema: Pose=0.9472, BalAcc=0.5067, PR=0.2313, Rneg=0.5045, Rpos=0.5088, MAE=8.4721, RMSE=8.7474, r=0.4769, Cidx=0.6580
------------------------------------------------------------------------------
  [Train Results  epoch 10]  epoch_t=61.63s  total_t=615s
  Pose=0.9467 | Aff=1.1196 | BalAcc=0.5224 | Rneg=0.0493 | Rpos=0.9955 | PR=0.3016 | MCC=0.0723 | MAE=1.4727 | RMSE=1.8314 | r=0.5939 | rho=0.5972 | Cidx=0.7083 | EF1=3.3350 | EF5=1.9617 | S@1=1.0000 | S@5=1.0000 | S@10=1.0000 | Acc=0.1670
  ΔPose=-0.1328 | ΔAff=-0.9876 | ΔBalAcc=+0.0183 | ΔRneg=+0.0397 | ΔRpos=-0.0031 | ΔPR=+0.0061 | ΔMCC=+0.0431 | ΔMAE=-0.9875 | ΔRMSE=-1.0359 | Δr=-0.0184 | Δrho=-0.0122 | ΔCidx=-0.0094 | ΔEF1=+1.3649 | ΔEF5=+0.4588 | ΔS@1=+1.0000 | ΔS@5=+1.0000 | ΔS@10=+1.0000 | ΔAcc=+0.0344
    lr: 0.000998
    train_ema: Pose=0.9675, BalAcc=0.5079, PR=0.2292, Rneg=0.3607, Rpos=0.6551, MAE=6.3654, RMSE=6.6579, r=0.4282, Cidx=0.6507
------------------------------------------------------------------------------
  [Test Results  epoch 10]
  Pose=0.9278 | Aff=1.1689 | BalAcc=0.5255 | Rneg=0.0526 | Rpos=0.9984 | PR=0.3649 | MCC=0.0834 | MAE=1.5226 | RMSE=1.8908 | r=0.6253 | rho=0.6216 | Cidx=0.7214 | EF1=3.6274 | EF5=2.4067 | S@1=0.0000 | S@5=1.0000 | S@10=1.0000 | Acc=0.1802
  ΔPose=-0.1099 | ΔAff=-0.8569 | ΔBalAcc=+0.0128 | ΔRneg=+0.0255 | ΔPR=+0.0148 | ΔMCC=+0.0261 | ΔMAE=-0.8469 | ΔRMSE=-0.8892 | Δr=-0.0620 | Δrho=-0.0554 | ΔCidx=-0.0239 | ΔEF1=+2.2080 | ΔEF5=+0.5776 | ΔAcc=+0.0221
    test_ema: Pose=0.9414, BalAcc=0.5123, PR=0.2714, Rneg=0.3689, Rpos=0.6557, MAE=6.3872, RMSE=6.6904, r=0.5214, Cidx=0.6770
------------------------------------------------------------------------------
  [Train Results  epoch 12]  epoch_t=61.57s  total_t=739s
  Pose=1.1089 | Aff=1.7689 | BalAcc=0.5074 | Rneg=0.0152 | Rpos=0.9996 | PR=0.2596 | MCC=0.0427 | MAE=2.1187 | RMSE=2.5708 | r=0.5189 | rho=0.5067 | Cidx=0.6752 | EF1=2.7427 | EF5=1.8637 | S@1=1.0000 | S@5=1.0000 | S@10=1.0000 | Acc=0.1378
  ΔPose=+0.1623 | ΔAff=+0.6493 | ΔBalAcc=-0.0150 | ΔRneg=-0.0340 | ΔRpos=+0.0041 | ΔPR=-0.0420 | ΔMCC=-0.0296 | ΔMAE=+0.6461 | ΔRMSE=+0.7393 | Δr=-0.0750 | Δrho=-0.0905 | ΔCidx=-0.0331 | ΔEF1=-0.5923 | ΔEF5=-0.0980 | ΔAcc=-0.0293
    lr: 0.000996
    train_ema: Pose=1.0099, BalAcc=0.5078, PR=0.2383, Rneg=0.2571, Rpos=0.7585, MAE=5.0914, RMSE=5.4318, r=0.4554, Cidx=0.6581
------------------------------------------------------------------------------
  [Test Results  epoch 12]
  Pose=1.0714 | Aff=1.7890 | BalAcc=0.5078 | Rneg=0.0155 | Rpos=1.0000 | PR=0.3225 | MCC=0.0461 | MAE=2.1359 | RMSE=2.5967 | r=0.5662 | rho=0.5756 | Cidx=0.7074 | EF1=4.5737 | EF5=2.3425 | S@1=1.0000 | S@5=1.0000 | S@10=1.0000 | Acc=0.1483
  ΔPose=+0.1436 | ΔAff=+0.6201 | ΔBalAcc=-0.0177 | ΔRneg=-0.0370 | ΔRpos=+0.0016 | ΔPR=-0.0424 | ΔMCC=-0.0373 | ΔMAE=+0.6133 | ΔRMSE=+0.7060 | Δr=-0.0592 | Δrho=-0.0460 | ΔCidx=-0.0140 | ΔEF1=+0.9463 | ΔEF5=-0.0642 | ΔS@1=+1.0000 | ΔAcc=-0.0318
    test_ema: Pose=0.9804, BalAcc=0.5110, PR=0.2867, Rneg=0.2629, Rpos=0.7590, MAE=5.1118, RMSE=5.4623, r=0.5348, Cidx=0.6861
------------------------------------------------------------------------------
  [Train Results  epoch 14]  epoch_t=61.54s  total_t=862s
  Pose=0.8594 | Aff=1.2603 | BalAcc=0.5526 | Rneg=0.1134 | Rpos=0.9918 | PR=0.2718 | MCC=0.1156 | MAE=1.6140 | RMSE=2.0013 | r=0.4798 | rho=0.4710 | Cidx=0.6626 | EF1=2.8071 | EF5=2.3690 | S@1=1.0000 | S@5=1.0000 | S@10=1.0000 | Acc=0.2227
  ΔPose=-0.2495 | ΔAff=-0.5087 | ΔBalAcc=+0.0452 | ΔRneg=+0.0982 | ΔRpos=-0.0079 | ΔPR=+0.0121 | ΔMCC=+0.0729 | ΔMAE=-0.5048 | ΔRMSE=-0.5694 | Δr=-0.0391 | Δrho=-0.0357 | ΔCidx=-0.0126 | ΔEF1=+0.0644 | ΔEF5=+0.5052 | ΔAcc=+0.0850
    lr: 0.000994
    train_ema: Pose=0.9647, BalAcc=0.5212, PR=0.2484, Rneg=0.2140, Rpos=0.8284, MAE=4.0482, RMSE=4.4026, r=0.4627, Cidx=0.6594
------------------------------------------------------------------------------
  [Test Results  epoch 14]
  Pose=0.8317 | Aff=1.2912 | BalAcc=0.5605 | Rneg=0.1259 | Rpos=0.9952 | PR=0.3443 | MCC=0.1324 | MAE=1.6405 | RMSE=2.0585 | r=0.5204 | rho=0.5445 | Cidx=0.6933 | EF1=3.9428 | EF5=2.6955 | S@1=1.0000 | S@5=1.0000 | S@10=1.0000 | Acc=0.2432
  ΔPose=-0.2397 | ΔAff=-0.4978 | ΔBalAcc=+0.0528 | ΔRneg=+0.1104 | ΔRpos=-0.0048 | ΔPR=+0.0218 | ΔMCC=+0.0864 | ΔMAE=-0.4953 | ΔRMSE=-0.5382 | Δr=-0.0458 | Δrho=-0.0311 | ΔCidx=-0.0141 | ΔEF1=-0.6309 | ΔEF5=+0.3530 | ΔAcc=+0.0948
    test_ema: Pose=0.9358, BalAcc=0.5258, PR=0.3040, Rneg=0.2218, Rpos=0.8299, MAE=4.0704, RMSE=4.4412, r=0.5305, Cidx=0.6883
------------------------------------------------------------------------------
  [Train Results  epoch 16]  epoch_t=61.41s  total_t=985s
  Pose=0.6441 | Aff=0.9369 | BalAcc=0.6901 | Rneg=0.6242 | Rpos=0.7561 | PR=0.3151 | MCC=0.2541 | MAE=1.2900 | RMSE=1.6186 | r=0.6737 | rho=0.6807 | Cidx=0.7434 | EF1=3.5410 | EF5=3.0521 | S@1=1.0000 | S@5=1.0000 | S@10=1.0000 | Acc=0.6406
  ΔPose=-0.2153 | ΔAff=-0.3234 | ΔBalAcc=+0.1376 | ΔRneg=+0.5107 | ΔRpos=-0.2356 | ΔPR=+0.0433 | ΔMCC=+0.1385 | ΔMAE=-0.3240 | ΔRMSE=-0.3827 | Δr=+0.1939 | Δrho=+0.2098 | ΔCidx=+0.0808 | ΔEF1=+0.7340 | ΔEF5=+0.6831 | ΔAcc=+0.4178
    lr: 0.000991
    train_ema: Pose=0.8686, BalAcc=0.5719, PR=0.2684, Rneg=0.3370, Rpos=0.8067, MAE=3.2207, RMSE=3.5674, r=0.5260, Cidx=0.6846
------------------------------------------------------------------------------
  [Test Results  epoch 16]
  Pose=0.6321 | Aff=1.0674 | BalAcc=0.7199 | Rneg=0.6581 | Rpos=0.7817 | PR=0.3840 | MCC=0.3065 | MAE=1.4244 | RMSE=1.7839 | r=0.6775 | rho=0.6736 | Cidx=0.7418 | EF1=3.9428 | EF5=2.9843 | S@1=1.0000 | S@5=1.0000 | S@10=1.0000 | Acc=0.6748
  ΔPose=-0.1996 | ΔAff=-0.2238 | ΔBalAcc=+0.1593 | ΔRneg=+0.5322 | ΔRpos=-0.2135 | ΔPR=+0.0397 | ΔMCC=+0.1741 | ΔMAE=-0.2161 | ΔRMSE=-0.2746 | Δr=+0.1570 | Δrho=+0.1291 | ΔCidx=+0.0485 | ΔEF5=+0.2888 | ΔAcc=+0.4316
    test_ema: Pose=0.8447, BalAcc=0.5840, PR=0.3280, Rneg=0.3527, Rpos=0.8154, MAE=3.2766, RMSE=3.6440, r=0.5746, Cidx=0.7043
------------------------------------------------------------------------------
  [Train Results  epoch 18]  epoch_t=61.37s  total_t=1107s
  Pose=1.0539 | Aff=0.9353 | BalAcc=0.5195 | Rneg=0.0440 | Rpos=0.9950 | PR=0.2678 | MCC=0.0664 | MAE=1.2924 | RMSE=1.6270 | r=0.6576 | rho=0.6616 | Cidx=0.7391 | EF1=2.7298 | EF5=1.6601 | S@1=1.0000 | S@5=1.0000 | S@10=1.0000 | Acc=0.1624
  ΔPose=+0.4098 | ΔAff=-0.0016 | ΔBalAcc=-0.1706 | ΔRneg=-0.5801 | ΔRpos=+0.2389 | ΔPR=-0.0473 | ΔMCC=-0.1877 | ΔMAE=+0.0024 | ΔRMSE=+0.0084 | Δr=-0.0161 | Δrho=-0.0192 | ΔCidx=-0.0043 | ΔEF1=-0.8112 | ΔEF5=-1.3920 | ΔAcc=-0.4782
    lr: 0.000987
    train_ema: Pose=0.9242, BalAcc=0.5562, PR=0.2682, Rneg=0.2491, Rpos=0.8632, MAE=2.6422, RMSE=2.9853, r=0.5655, Cidx=0.7010
------------------------------------------------------------------------------
  [Test Results  epoch 18]
  Pose=1.0224 | Aff=1.0659 | BalAcc=0.5278 | Rneg=0.0588 | Rpos=0.9968 | PR=0.3550 | MCC=0.0861 | MAE=1.4267 | RMSE=1.7877 | r=0.6448 | rho=0.6556 | Cidx=0.7396 | EF1=3.1543 | EF5=2.5671 | S@1=0.0000 | S@5=0.0000 | S@10=1.0000 | Acc=0.1854
  ΔPose=+0.3903 | ΔAff=-0.0014 | ΔBalAcc=-0.1921 | ΔRneg=-0.5992 | ΔRpos=+0.2151 | ΔPR=-0.0290 | ΔMCC=-0.2204 | ΔMAE=+0.0022 | ΔRMSE=+0.0038 | Δr=-0.0327 | Δrho=-0.0180 | ΔCidx=-0.0023 | ΔEF1=-0.7886 | ΔEF5=-0.4172 | ΔS@1=-1.0000 | ΔS@5=-1.0000 | ΔAcc=-0.4894
    test_ema: Pose=0.8980, BalAcc=0.5672, PR=0.3361, Rneg=0.2645, Rpos=0.8698, MAE=2.7217, RMSE=3.0871, r=0.5957, Cidx=0.7149
------------------------------------------------------------------------------
  [Train Results  epoch 20]  epoch_t=61.52s  total_t=1231s
  Pose=0.9253 | Aff=1.3280 | BalAcc=0.5346 | Rneg=0.0744 | Rpos=0.9947 | PR=0.2934 | MCC=0.0920 | MAE=1.6856 | RMSE=2.0970 | r=0.3880 | rho=0.3711 | Cidx=0.6232 | EF1=2.7556 | EF5=2.4412 | S@1=1.0000 | S@5=1.0000 | S@10=1.0000 | Acc=0.1890
  ΔPose=-0.1286 | ΔAff=+0.3927 | ΔBalAcc=+0.0151 | ΔRneg=+0.0304 | ΔRpos=-0.0003 | ΔPR=+0.0256 | ΔMCC=+0.0257 | ΔMAE=+0.3932 | ΔRMSE=+0.4700 | Δr=-0.2696 | Δrho=-0.2905 | ΔCidx=-0.1159 | ΔEF1=+0.0258 | ΔEF5=+0.7811 | ΔAcc=+0.0266
    lr: 0.000984
    train_ema: Pose=0.9245, BalAcc=0.5497, PR=0.2758, Rneg=0.1967, Rpos=0.9027, MAE=2.3553, RMSE=2.7188, r=0.5123, Cidx=0.6776
------------------------------------------------------------------------------
  [Test Results  epoch 20]
  Pose=0.9442 | Aff=1.3812 | BalAcc=0.5222 | Rneg=0.0443 | Rpos=1.0000 | PR=0.3417 | MCC=0.0788 | MAE=1.7325 | RMSE=2.2000 | r=0.4360 | rho=0.4552 | Cidx=0.6570 | EF1=4.2583 | EF5=2.5671 | S@1=1.0000 | S@5=1.0000 | S@10=1.0000 | Acc=0.1732
  ΔPose=-0.0781 | ΔAff=+0.3153 | ΔBalAcc=-0.0057 | ΔRneg=-0.0145 | ΔRpos=+0.0032 | ΔPR=-0.0133 | ΔMCC=-0.0073 | ΔMAE=+0.3058 | ΔRMSE=+0.4123 | Δr=-0.2088 | Δrho=-0.2005 | ΔCidx=-0.0826 | ΔEF1=+1.1040 | ΔS@1=+1.0000 | ΔS@5=+1.0000 | ΔAcc=-0.0121
    test_ema: Pose=0.9119, BalAcc=0.5537, PR=0.3378, Rneg=0.1985, Rpos=0.9089, MAE=2.4249, RMSE=2.8210, r=0.5478, Cidx=0.6975
------------------------------------------------------------------------------
  [Train Results  epoch 22]  epoch_t=61.33s  total_t=1353s
  Pose=0.8173 | Aff=1.0303 | BalAcc=0.5907 | Rneg=0.1992 | Rpos=0.9822 | PR=0.3405 | MCC=0.1570 | MAE=1.3990 | RMSE=1.7323 | r=0.5398 | rho=0.5337 | Cidx=0.6869 | EF1=1.7512 | EF5=1.7967 | S@1=0.0000 | S@5=0.0000 | S@10=0.0000 | Acc=0.2967
  ΔPose=-0.1081 | ΔAff=-0.2977 | ΔBalAcc=+0.0561 | ΔRneg=+0.1248 | ΔRpos=-0.0125 | ΔPR=+0.0471 | ΔMCC=+0.0650 | ΔMAE=-0.2867 | ΔRMSE=-0.3648 | Δr=+0.1517 | Δrho=+0.1627 | ΔCidx=+0.0637 | ΔEF1=-1.0044 | ΔEF5=-0.6444 | ΔS@1=-1.0000 | ΔS@5=-1.0000 | ΔS@10=-1.0000 | ΔAcc=+0.1077
    lr: 0.000979
    train_ema: Pose=0.8923, BalAcc=0.5620, PR=0.2952, Rneg=0.1975, Rpos=0.9265, MAE=2.0684, RMSE=2.4228, r=0.5205, Cidx=0.6804
------------------------------------------------------------------------------
  [Test Results  epoch 22]
  Pose=0.8247 | Aff=1.0374 | BalAcc=0.5915 | Rneg=0.1910 | Rpos=0.9920 | PR=0.3752 | MCC=0.1679 | MAE=1.4199 | RMSE=1.7512 | r=0.5981 | rho=0.6163 | Cidx=0.7225 | EF1=2.0503 | EF5=2.1500 | S@1=0.0000 | S@5=0.0000 | S@10=0.0000 | Acc=0.2990
  ΔPose=-0.1196 | ΔAff=-0.3438 | ΔBalAcc=+0.0693 | ΔRneg=+0.1467 | ΔRpos=-0.0080 | ΔPR=+0.0335 | ΔMCC=+0.0890 | ΔMAE=-0.3127 | ΔRMSE=-0.4488 | Δr=+0.1622 | Δrho=+0.1611 | ΔCidx=+0.0655 | ΔEF1=-2.2080 | ΔEF5=-0.4172 | ΔS@1=-1.0000 | ΔS@5=-1.0000 | ΔS@10=-1.0000 | ΔAcc=+0.1258
    test_ema: Pose=0.8857, BalAcc=0.5650, PR=0.3490, Rneg=0.1962, Rpos=0.9338, MAE=2.1234, RMSE=2.5000, r=0.5629, Cidx=0.7050
------------------------------------------------------------------------------
  [Train Results  epoch 24]  epoch_t=61.58s  total_t=1476s
  Pose=0.7716 | Aff=0.7266 | BalAcc=0.6536 | Rneg=0.3569 | Rpos=0.9504 | PR=0.3762 | MCC=0.2177 | MAE=1.0765 | RMSE=1.3697 | r=0.7751 | rho=0.7856 | Cidx=0.7947 | EF1=1.8542 | EF5=1.1961 | S@1=1.0000 | S@5=1.0000 | S@10=1.0000 | Acc=0.4308
  ΔPose=-0.0456 | ΔAff=-0.3037 | ΔBalAcc=+0.0629 | ΔRneg=+0.1577 | ΔRpos=-0.0318 | ΔPR=+0.0357 | ΔMCC=+0.0606 | ΔMAE=-0.3224 | ΔRMSE=-0.3626 | Δr=+0.2354 | Δrho=+0.2518 | ΔCidx=+0.1078 | ΔEF1=+0.1030 | ΔEF5=-0.6006 | ΔS@1=+1.0000 | ΔS@5=+1.0000 | ΔS@10=+1.0000 | ΔAcc=+0.1341
    lr: 0.000975
    train_ema: Pose=0.8561, BalAcc=0.5895, PR=0.3195, Rneg=0.2453, Rpos=0.9337, MAE=1.7708, RMSE=2.1069, r=0.5969, Cidx=0.7147
------------------------------------------------------------------------------
  [Test Results  epoch 24]
  Pose=0.7738 | Aff=0.7982 | BalAcc=0.6578 | Rneg=0.3542 | Rpos=0.9615 | PR=0.4069 | MCC=0.2328 | MAE=1.1615 | RMSE=1.4761 | r=0.7812 | rho=0.7656 | Cidx=0.7876 | EF1=1.5771 | EF5=2.2141 | S@1=1.0000 | S@5=1.0000 | S@10=1.0000 | Acc=0.4361
  ΔPose=-0.0509 | ΔAff=-0.2392 | ΔBalAcc=+0.0664 | ΔRneg=+0.1632 | ΔRpos=-0.0305 | ΔPR=+0.0317 | ΔMCC=+0.0650 | ΔMAE=-0.2584 | ΔRMSE=-0.2751 | Δr=+0.1830 | Δrho=+0.1493 | ΔCidx=+0.0651 | ΔEF1=-0.4731 | ΔEF5=+0.0642 | ΔS@1=+1.0000 | ΔS@5=+1.0000 | ΔS@10=+1.0000 | ΔAcc=+0.1371
    test_ema: Pose=0.8521, BalAcc=0.5929, PR=0.3664, Rneg=0.2436, Rpos=0.9421, MAE=1.8348, RMSE=2.1928, r=0.6284, Cidx=0.7298
------------------------------------------------------------------------------
  [Train Results  epoch 26]  epoch_t=61.43s  total_t=1599s
  Pose=0.7704 | Aff=0.8888 | BalAcc=0.6353 | Rneg=0.3049 | Rpos=0.9657 | PR=0.3567 | MCC=0.2010 | MAE=1.2383 | RMSE=1.5753 | r=0.6895 | rho=0.6916 | Cidx=0.7547 | EF1=2.6397 | EF5=2.2633 | S@1=1.0000 | S@5=1.0000 | S@10=1.0000 | Acc=0.3872
  ΔPose=-0.0012 | ΔAff=+0.1622 | ΔBalAcc=-0.0183 | ΔRneg=-0.0519 | ΔRpos=+0.0153 | ΔPR=-0.0195 | ΔMCC=-0.0167 | ΔMAE=+0.1618 | ΔRMSE=+0.2056 | Δr=-0.0857 | Δrho=-0.0939 | ΔCidx=-0.0400 | ΔEF1=+0.7855 | ΔEF5=+1.0672 | ΔAcc=-0.0436
    lr: 0.000969
    train_ema: Pose=0.8304, BalAcc=0.6032, PR=0.3306, Rneg=0.2632, Rpos=0.9433, MAE=1.6111, RMSE=1.9474, r=0.6247, Cidx=0.7267
------------------------------------------------------------------------------
  [Test Results  epoch 26]
  Pose=0.7572 | Aff=1.0106 | BalAcc=0.6493 | Rneg=0.3307 | Rpos=0.9679 | PR=0.3729 | MCC=0.2247 | MAE=1.3743 | RMSE=1.7106 | r=0.6679 | rho=0.6399 | Cidx=0.7323 | EF1=2.6811 | EF5=2.7596 | S@1=0.0000 | S@5=1.0000 | S@10=1.0000 | Acc=0.4166
  ΔPose=-0.0165 | ΔAff=+0.2125 | ΔBalAcc=-0.0086 | ΔRneg=-0.0235 | ΔRpos=+0.0064 | ΔPR=-0.0340 | ΔMCC=-0.0082 | ΔMAE=+0.2128 | ΔRMSE=+0.2345 | Δr=-0.1133 | Δrho=-0.1257 | ΔCidx=-0.0553 | ΔEF1=+1.1040 | ΔEF5=+0.5455 | ΔS@1=-1.0000 | ΔAcc=-0.0195
    test_ema: Pose=0.8237, BalAcc=0.6098, PR=0.3684, Rneg=0.2697, Rpos=0.9498, MAE=1.6967, RMSE=2.0482, r=0.6402, Cidx=0.7306
------------------------------------------------------------------------------
  [Train Results  epoch 28]  epoch_t=61.30s  total_t=1722s
  Pose=0.5330 | Aff=0.9710 | BalAcc=0.7126 | Rneg=0.7507 | Rpos=0.6745 | PR=0.3518 | MCC=0.3056 | MAE=1.3272 | RMSE=1.6683 | r=0.6449 | rho=0.6361 | Cidx=0.7275 | EF1=2.2019 | EF5=2.1292 | S@1=0.0000 | S@5=0.0000 | S@10=0.0000 | Acc=0.7412
  ΔPose=-0.2374 | ΔAff=+0.0823 | ΔBalAcc=+0.0773 | ΔRneg=+0.4457 | ΔRpos=-0.2912 | ΔPR=-0.0049 | ΔMCC=+0.1047 | ΔMAE=+0.0889 | ΔRMSE=+0.0930 | Δr=-0.0446 | Δrho=-0.0555 | ΔCidx=-0.0272 | ΔEF1=-0.4378 | ΔEF5=-0.1340 | ΔS@1=-1.0000 | ΔS@5=-1.0000 | ΔS@10=-1.0000 | ΔAcc=+0.3540
    lr: 0.000963
    train_ema: Pose=0.7412, BalAcc=0.6360, PR=0.3370, Rneg=0.4094, Rpos=0.8627, MAE=1.5259, RMSE=1.8637, r=0.6307, Cidx=0.7269
------------------------------------------------------------------------------
  [Test Results  epoch 28]
  Pose=0.5328 | Aff=1.1444 | BalAcc=0.7354 | Rneg=0.7742 | Rpos=0.6966 | PR=0.3732 | MCC=0.3547 | MAE=1.5227 | RMSE=1.8322 | r=0.6527 | rho=0.6262 | Cidx=0.7282 | EF1=1.8926 | EF5=2.5029 | S@1=0.0000 | S@5=0.0000 | S@10=0.0000 | Acc=0.7638
  ΔPose=-0.2244 | ΔAff=+0.1338 | ΔBalAcc=+0.0861 | ΔRneg=+0.4436 | ΔRpos=-0.2713 | ΔPR=+0.0003 | ΔMCC=+0.1301 | ΔMAE=+0.1484 | ΔRMSE=+0.1217 | Δr=-0.0151 | Δrho=-0.0137 | ΔCidx=-0.0041 | ΔEF1=-0.7886 | ΔEF5=-0.2567 | ΔS@5=-1.0000 | ΔS@10=-1.0000 | ΔAcc=+0.3471
    test_ema: Pose=0.7364, BalAcc=0.6475, PR=0.3698, Rneg=0.4211, Rpos=0.8739, MAE=1.6445, RMSE=1.9834, r=0.6440, Cidx=0.7298
------------------------------------------------------------------------------
  [Train Results  epoch 30]  epoch_t=61.48s  total_t=1845s
  Pose=0.7089 | Aff=0.6763 | BalAcc=0.6952 | Rneg=0.4582 | Rpos=0.9322 | PR=0.3720 | MCC=0.2621 | MAE=1.0186 | RMSE=1.3116 | r=0.7767 | rho=0.7857 | Cidx=0.7950 | EF1=3.1290 | EF5=2.2298 | S@1=1.0000 | S@5=1.0000 | S@10=1.0000 | Acc=0.5172
  ΔPose=+0.1759 | ΔAff=-0.2948 | ΔBalAcc=-0.0174 | ΔRneg=-0.2924 | ΔRpos=+0.2577 | ΔPR=+0.0202 | ΔMCC=-0.0436 | ΔMAE=-0.3086 | ΔRMSE=-0.3567 | Δr=+0.1319 | Δrho=+0.1496 | ΔCidx=+0.0675 | ΔEF1=+0.9271 | ΔEF5=+0.1005 | ΔS@1=+1.0000 | ΔS@5=+1.0000 | ΔS@10=+1.0000 | ΔAcc=-0.2240
    lr: 0.000957
    train_ema: Pose=0.7315, BalAcc=0.6538, PR=0.3475, Rneg=0.4241, Rpos=0.8835, MAE=1.3737, RMSE=1.6981, r=0.6745, Cidx=0.7473
------------------------------------------------------------------------------
  [Test Results  epoch 30]
  Pose=0.7049 | Aff=0.7412 | BalAcc=0.7077 | Rneg=0.4796 | Rpos=0.9358 | PR=0.3913 | MCC=0.2872 | MAE=1.1182 | RMSE=1.3594 | r=0.7895 | rho=0.7691 | Cidx=0.7942 | EF1=2.6811 | EF5=2.5029 | S@1=1.0000 | S@5=1.0000 | S@10=1.0000 | Acc=0.5411
  ΔPose=+0.1721 | ΔAff=-0.4032 | ΔBalAcc=-0.0277 | ΔRneg=-0.2946 | ΔRpos=+0.2392 | ΔPR=+0.0181 | ΔMCC=-0.0675 | ΔMAE=-0.4045 | ΔRMSE=-0.4729 | Δr=+0.1368 | Δrho=+0.1429 | ΔCidx=+0.0660 | ΔEF1=+0.7886 | ΔS@1=+1.0000 | ΔS@5=+1.0000 | ΔS@10=+1.0000 | ΔAcc=-0.2226
    test_ema: Pose=0.7270, BalAcc=0.6655, PR=0.3763, Rneg=0.4386, Rpos=0.8925, MAE=1.4866, RMSE=1.7962, r=0.6876, Cidx=0.7491
------------------------------------------------------------------------------
  [Train Results  epoch 32]  epoch_t=61.55s  total_t=1969s
  Pose=0.7937 | Aff=0.8982 | BalAcc=0.6313 | Rneg=0.2816 | Rpos=0.9811 | PR=0.3972 | MCC=0.2005 | MAE=1.2582 | RMSE=1.5731 | r=0.6847 | rho=0.6798 | Cidx=0.7435 | EF1=3.3350 | EF5=2.0932 | S@1=1.0000 | S@5=1.0000 | S@10=1.0000 | Acc=0.3686
  ΔPose=+0.0848 | ΔAff=+0.2220 | ΔBalAcc=-0.0639 | ΔRneg=-0.1766 | ΔRpos=+0.0489 | ΔPR=+0.0252 | ΔMCC=-0.0616 | ΔMAE=+0.2395 | ΔRMSE=+0.2615 | Δr=-0.0920 | Δrho=-0.1059 | ΔCidx=-0.0514 | ΔEF1=+0.2060 | ΔEF5=-0.1366 | ΔAcc=-0.1486
    lr: 0.000950
    train_ema: Pose=0.7501, BalAcc=0.6471, PR=0.3624, Rneg=0.3813, Rpos=0.9128, MAE=1.3391, RMSE=1.6606, r=0.6776, Cidx=0.7462
------------------------------------------------------------------------------
  [Test Results  epoch 32]
  Pose=0.7727 | Aff=0.9865 | BalAcc=0.6457 | Rneg=0.3074 | Rpos=0.9839 | PR=0.4374 | MCC=0.2247 | MAE=1.3440 | RMSE=1.7029 | r=0.6688 | rho=0.6557 | Cidx=0.7370 | EF1=3.1543 | EF5=2.7596 | S@1=0.0000 | S@5=1.0000 | S@10=1.0000 | Acc=0.3987
  ΔPose=+0.0678 | ΔAff=+0.2453 | ΔBalAcc=-0.0620 | ΔRneg=-0.1722 | ΔRpos=+0.0482 | ΔPR=+0.0461 | ΔMCC=-0.0625 | ΔMAE=+0.2259 | ΔRMSE=+0.3436 | Δr=-0.1207 | Δrho=-0.1134 | ΔCidx=-0.0572 | ΔEF1=+0.4731 | ΔEF5=+0.2567 | ΔS@1=-1.0000 | ΔAcc=-0.1425
    test_ema: Pose=0.7407, BalAcc=0.6596, PR=0.3946, Rneg=0.3993, Rpos=0.9199, MAE=1.4438, RMSE=1.7682, r=0.6820, Cidx=0.7455
------------------------------------------------------------------------------
  [Train Results  epoch 34]  epoch_t=61.54s  total_t=2092s
  Pose=0.7283 | Aff=0.7774 | BalAcc=0.6878 | Rneg=0.4328 | Rpos=0.9428 | PR=0.4002 | MCC=0.2547 | MAE=1.1245 | RMSE=1.4483 | r=0.7374 | rho=0.7459 | Cidx=0.7722 | EF1=3.4509 | EF5=2.4669 | S@1=1.0000 | S@5=1.0000 | S@10=1.0000 | Acc=0.4963
  ΔPose=-0.0654 | ΔAff=-0.1209 | ΔBalAcc=+0.0565 | ΔRneg=+0.1513 | ΔRpos=-0.0383 | ΔPR=+0.0030 | ΔMCC=+0.0542 | ΔMAE=-0.1336 | ΔRMSE=-0.1248 | Δr=+0.0527 | Δrho=+0.0661 | ΔCidx=+0.0287 | ΔEF1=+0.1159 | ΔEF5=+0.3738 | ΔAcc=+0.1277
    lr: 0.000943
    train_ema: Pose=0.7436, BalAcc=0.6593, PR=0.3737, Rneg=0.3968, Rpos=0.9218, MAE=1.2747, RMSE=1.5969, r=0.6955, Cidx=0.7540
------------------------------------------------------------------------------
  [Test Results  epoch 34]
  Pose=0.7477 | Aff=0.8790 | BalAcc=0.6825 | Rneg=0.4100 | Rpos=0.9551 | PR=0.4056 | MCC=0.2597 | MAE=1.2481 | RMSE=1.5590 | r=0.7142 | rho=0.7003 | Cidx=0.7562 | EF1=4.2583 | EF5=3.1768 | S@1=1.0000 | S@5=1.0000 | S@10=1.0000 | Acc=0.4835
  ΔPose=-0.0250 | ΔAff=-0.1075 | ΔBalAcc=+0.0369 | ΔRneg=+0.1026 | ΔRpos=-0.0289 | ΔPR=-0.0318 | ΔMCC=+0.0350 | ΔMAE=-0.0959 | ΔRMSE=-0.1439 | Δr=+0.0454 | Δrho=+0.0446 | ΔCidx=+0.0193 | ΔEF1=+1.1040 | ΔEF5=+0.4172 | ΔS@1=+1.0000 | ΔAcc=+0.0849
    test_ema: Pose=0.7428, BalAcc=0.6665, PR=0.3979, Rneg=0.4025, Rpos=0.9304, MAE=1.3851, RMSE=1.7054, r=0.6917, Cidx=0.7487
------------------------------------------------------------------------------
  [Train Results  epoch 36]  epoch_t=61.49s  total_t=2215s
  Pose=0.6152 | Aff=0.5735 | BalAcc=0.7353 | Rneg=0.6178 | Rpos=0.8528 | PR=0.3847 | MCC=0.3129 | MAE=0.9110 | RMSE=1.1692 | r=0.8348 | rho=0.8373 | Cidx=0.8226 | EF1=3.1934 | EF5=2.1215 | S@1=1.0000 | S@5=1.0000 | S@10=1.0000 | Acc=0.6470
  ΔPose=-0.1131 | ΔAff=-0.2039 | ΔBalAcc=+0.0475 | ΔRneg=+0.1849 | ΔRpos=-0.0900 | ΔPR=-0.0154 | ΔMCC=+0.0582 | ΔMAE=-0.2135 | ΔRMSE=-0.2791 | Δr=+0.0974 | Δrho=+0.0914 | ΔCidx=+0.0503 | ΔEF1=-0.2575 | ΔEF5=-0.3454 | ΔAcc=+0.1507
    lr: 0.000936
    train_ema: Pose=0.7051, BalAcc=0.6821, PR=0.3770, Rneg=0.4631, Rpos=0.9011, MAE=1.1656, RMSE=1.4686, r=0.7373, Cidx=0.7746
------------------------------------------------------------------------------
  [Test Results  epoch 36]
  Pose=0.6173 | Aff=0.8115 | BalAcc=0.7649 | Rneg=0.6325 | Rpos=0.8973 | PR=0.4269 | MCC=0.3647 | MAE=1.1710 | RMSE=1.4761 | r=0.7458 | rho=0.7379 | Cidx=0.7786 | EF1=3.6274 | EF5=3.3051 | S@1=1.0000 | S@5=1.0000 | S@10=1.0000 | Acc=0.6683
  ΔPose=-0.1304 | ΔAff=-0.0675 | ΔBalAcc=+0.0824 | ΔRneg=+0.2225 | ΔRpos=-0.0578 | ΔPR=+0.0213 | ΔMCC=+0.1050 | ΔMAE=-0.0772 | ΔRMSE=-0.0829 | Δr=+0.0315 | Δrho=+0.0376 | ΔCidx=+0.0223 | ΔEF1=-0.6309 | ΔEF5=+0.1284 | ΔAcc=+0.1847
    test_ema: Pose=0.7051, BalAcc=0.6960, PR=0.4066, Rneg=0.4715, Rpos=0.9205, MAE=1.3209, RMSE=1.6366, r=0.7079, Cidx=0.7577
------------------------------------------------------------------------------
  [Train Results  epoch 38]  epoch_t=61.55s  total_t=2338s
  Pose=0.5864 | Aff=0.6097 | BalAcc=0.7208 | Rneg=0.7082 | Rpos=0.7334 | PR=0.3647 | MCC=0.3063 | MAE=0.9456 | RMSE=1.2198 | r=0.8261 | rho=0.8310 | Cidx=0.8206 | EF1=3.2964 | EF5=2.3020 | S@1=1.0000 | S@5=1.0000 | S@10=1.0000 | Acc=0.7113
  ΔPose=-0.0289 | ΔAff=+0.0362 | ΔBalAcc=-0.0145 | ΔRneg=+0.0904 | ΔRpos=-0.1194 | ΔPR=-0.0201 | ΔMCC=-0.0066 | ΔMAE=+0.0346 | ΔRMSE=+0.0507 | Δr=-0.0087 | Δrho=-0.0062 | ΔCidx=-0.0020 | ΔEF1=+0.1030 | ΔEF5=+0.1804 | ΔAcc=+0.0643
    lr: 0.000928
    train_ema: Pose=0.6695, BalAcc=0.6937, PR=0.3733, Rneg=0.5366, Rpos=0.8508, MAE=1.0996, RMSE=1.3940, r=0.7639, Cidx=0.7884
------------------------------------------------------------------------------
  [Test Results  epoch 38]
  Pose=0.6184 | Aff=0.7614 | BalAcc=0.7547 | Rneg=0.6571 | Rpos=0.8523 | PR=0.4192 | MCC=0.3536 | MAE=1.1237 | RMSE=1.4137 | r=0.7805 | rho=0.7676 | Cidx=0.7851 | EF1=3.4697 | EF5=2.3746 | S@1=1.0000 | S@5=1.0000 | S@10=1.0000 | Acc=0.6834
  ΔPose=+0.0011 | ΔAff=-0.0501 | ΔBalAcc=-0.0102 | ΔRneg=+0.0245 | ΔRpos=-0.0449 | ΔPR=-0.0077 | ΔMCC=-0.0111 | ΔMAE=-0.0472 | ΔRMSE=-0.0624 | Δr=+0.0347 | Δrho=+0.0296 | ΔCidx=+0.0065 | ΔEF1=-0.1577 | ΔEF5=-0.9306 | ΔAcc=+0.0152
    test_ema: Pose=0.6791, BalAcc=0.7136, PR=0.4104, Rneg=0.5272, Rpos=0.9000, MAE=1.2617, RMSE=1.5698, r=0.7297, Cidx=0.7659
------------------------------------------------------------------------------
  [Train Results  epoch 40]  epoch_t=61.58s  total_t=2461s
  Pose=0.6897 | Aff=0.6385 | BalAcc=0.7203 | Rneg=0.5078 | Rpos=0.9328 | PR=0.4186 | MCC=0.2922 | MAE=0.9830 | RMSE=1.2500 | r=0.8065 | rho=0.8070 | Cidx=0.8091 | EF1=2.9487 | EF5=2.1834 | S@1=1.0000 | S@5=1.0000 | S@10=1.0000 | Acc=0.5607
  ΔPose=+0.1034 | ΔAff=+0.0288 | ΔBalAcc=-0.0005 | ΔRneg=-0.2004 | ΔRpos=+0.1994 | ΔPR=+0.0539 | ΔMCC=-0.0141 | ΔMAE=+0.0374 | ΔRMSE=+0.0302 | Δr=-0.0196 | Δrho=-0.0241 | ΔCidx=-0.0114 | ΔEF1=-0.3477 | ΔEF5=-0.1186 | ΔAcc=-0.1507
    lr: 0.000919
    train_ema: Pose=0.6756, BalAcc=0.7017, PR=0.3869, Rneg=0.5280, Rpos=0.8754, MAE=1.0646, RMSE=1.3508, r=0.7767, Cidx=0.7946
------------------------------------------------------------------------------
  [Test Results  epoch 40]
  Pose=0.6650 | Aff=0.8559 | BalAcc=0.7464 | Rneg=0.5635 | Rpos=0.9294 | PR=0.4502 | MCC=0.3367 | MAE=1.2299 | RMSE=1.5287 | r=0.7181 | rho=0.7009 | Cidx=0.7605 | EF1=5.2045 | EF5=3.4977 | S@1=1.0000 | S@5=1.0000 | S@10=1.0000 | Acc=0.6128
  ΔPose=+0.0466 | ΔAff=+0.0944 | ΔBalAcc=-0.0083 | ΔRneg=-0.0936 | ΔRpos=+0.0770 | ΔPR=+0.0310 | ΔMCC=-0.0169 | ΔMAE=+0.1061 | ΔRMSE=+0.1150 | Δr=-0.0624 | Δrho=-0.0667 | ΔCidx=-0.0245 | ΔEF1=+1.7348 | ΔEF5=+1.1231 | ΔAcc=-0.0706
    test_ema: Pose=0.6749, BalAcc=0.7235, PR=0.4223, Rneg=0.5381, Rpos=0.9088, MAE=1.2522, RMSE=1.5575, r=0.7262, Cidx=0.7643
------------------------------------------------------------------------------
  [Train Results  epoch 42]  epoch_t=61.61s  total_t=2584s
  Pose=0.5985 | Aff=0.5587 | BalAcc=0.7615 | Rneg=0.6743 | Rpos=0.8487 | PR=0.4320 | MCC=0.3538 | MAE=0.8908 | RMSE=1.1625 | r=0.8287 | rho=0.8307 | Cidx=0.8216 | EF1=2.8200 | EF5=2.1963 | S@1=1.0000 | S@5=1.0000 | S@10=1.0000 | Acc=0.6960
  ΔPose=-0.0912 | ΔAff=-0.0798 | ΔBalAcc=+0.0412 | ΔRneg=+0.1666 | ΔRpos=-0.0842 | ΔPR=+0.0134 | ΔMCC=+0.0616 | ΔMAE=-0.0922 | ΔRMSE=-0.0875 | Δr=+0.0222 | Δrho=+0.0237 | ΔCidx=+0.0124 | ΔEF1=-0.1288 | ΔEF5=+0.0129 | ΔAcc=+0.1353
    lr: 0.000910
    train_ema: Pose=0.6524, BalAcc=0.7196, PR=0.4004, Rneg=0.5719, Rpos=0.8674, MAE=1.0125, RMSE=1.2943, r=0.7923, Cidx=0.8027
------------------------------------------------------------------------------
  [Test Results  epoch 42]
  Pose=0.6205 | Aff=0.7819 | BalAcc=0.7512 | Rneg=0.6308 | Rpos=0.8716 | PR=0.4738 | MCC=0.3460 | MAE=1.1536 | RMSE=1.4521 | r=0.7514 | rho=0.7386 | Cidx=0.7783 | EF1=2.6811 | EF5=2.5992 | S@1=1.0000 | S@5=1.0000 | S@10=1.0000 | Acc=0.6633
  ΔPose=-0.0445 | ΔAff=-0.0739 | ΔBalAcc=+0.0048 | ΔRneg=+0.0673 | ΔRpos=-0.0578 | ΔPR=+0.0235 | ΔMCC=+0.0093 | ΔMAE=-0.0763 | ΔRMSE=-0.0766 | Δr=+0.0333 | Δrho=+0.0377 | ΔCidx=+0.0178 | ΔEF1=-2.5234 | ΔEF5=-0.8985 | ΔAcc=+0.0505
    test_ema: Pose=0.6586, BalAcc=0.7318, PR=0.4378, Rneg=0.5659, Rpos=0.8977, MAE=1.2226, RMSE=1.5259, r=0.7337, Cidx=0.7685
------------------------------------------------------------------------------
  [Train Results  epoch 44]  epoch_t=61.43s  total_t=2707s
  Pose=0.8593 | Aff=0.5076 | BalAcc=0.6232 | Rneg=0.2637 | Rpos=0.9827 | PR=0.4395 | MCC=0.1924 | MAE=0.8334 | RMSE=1.0944 | r=0.8531 | rho=0.8587 | Cidx=0.8338 | EF1=3.0904 | EF5=2.2788 | S@1=1.0000 | S@5=1.0000 | S@10=1.0000 | Acc=0.3532
  ΔPose=+0.2608 | ΔAff=-0.0511 | ΔBalAcc=-0.1383 | ΔRneg=-0.4106 | ΔRpos=+0.1341 | ΔPR=+0.0075 | ΔMCC=-0.1614 | ΔMAE=-0.0574 | ΔRMSE=-0.0680 | Δr=+0.0244 | Δrho=+0.0280 | ΔCidx=+0.0123 | ΔEF1=+0.2704 | ΔEF5=+0.0825 | ΔAcc=-0.3428
    lr: 0.000901
    train_ema: Pose=0.7145, BalAcc=0.6907, PR=0.4122, Rneg=0.4794, Rpos=0.9020, MAE=0.9587, RMSE=1.2343, r=0.8105, Cidx=0.8120
------------------------------------------------------------------------------
  [Test Results  epoch 44]
  Pose=0.8566 | Aff=0.6825 | BalAcc=0.6210 | Rneg=0.2533 | Rpos=0.9888 | PR=0.4831 | MCC=0.1994 | MAE=1.0507 | RMSE=1.3139 | r=0.7997 | rho=0.7858 | Cidx=0.8003 | EF1=4.1005 | EF5=2.7276 | S@1=1.0000 | S@5=1.0000 | S@10=1.0000 | Acc=0.3525
  ΔPose=+0.2362 | ΔAff=-0.0995 | ΔBalAcc=-0.1301 | ΔRneg=-0.3775 | ΔRpos=+0.1172 | ΔPR=+0.0093 | ΔMCC=-0.1466 | ΔMAE=-0.1029 | ΔRMSE=-0.1383 | Δr=+0.0483 | Δrho=+0.0472 | ΔCidx=+0.0221 | ΔEF1=+1.4194 | ΔEF5=+0.1284 | ΔAcc=-0.3107
    test_ema: Pose=0.7180, BalAcc=0.6986, PR=0.4514, Rneg=0.4721, Rpos=0.9250, MAE=1.1710, RMSE=1.4623, r=0.7535, Cidx=0.7780
------------------------------------------------------------------------------
  [Train Results  epoch 46]  epoch_t=61.46s  total_t=2830s
  Pose=0.7415 | Aff=0.5062 | BalAcc=0.6899 | Rneg=0.4119 | Rpos=0.9679 | PR=0.4382 | MCC=0.2605 | MAE=0.8359 | RMSE=1.0841 | r=0.8528 | rho=0.8528 | Cidx=0.8345 | EF1=3.0131 | EF5=1.9359 | S@1=1.0000 | S@5=1.0000 | S@10=1.0000 | Acc=0.4811
  ΔPose=-0.1177 | ΔAff=-0.0015 | ΔBalAcc=+0.0667 | ΔRneg=+0.1482 | ΔRpos=-0.0148 | ΔPR=-0.0013 | ΔMCC=+0.0681 | ΔMAE=+0.0025 | ΔRMSE=-0.0104 | Δr=-0.0004 | Δrho=-0.0060 | ΔCidx=+0.0007 | ΔEF1=-0.0773 | ΔEF5=-0.3428 | ΔAcc=+0.1279
    lr: 0.000891
    train_ema: Pose=0.7226, BalAcc=0.6905, PR=0.4200, Rneg=0.4592, Rpos=0.9218, MAE=0.9219, RMSE=1.1893, r=0.8232, Cidx=0.8188
------------------------------------------------------------------------------
  [Test Results  epoch 46]
  Pose=0.7514 | Aff=0.8320 | BalAcc=0.6782 | Rneg=0.3837 | Rpos=0.9727 | PR=0.4601 | MCC=0.2579 | MAE=1.1927 | RMSE=1.5047 | r=0.7347 | rho=0.7180 | Cidx=0.7701 | EF1=3.9428 | EF5=3.2731 | S@1=0.0000 | S@5=1.0000 | S@10=1.0000 | Acc=0.4632
  ΔPose=-0.1053 | ΔAff=+0.1495 | ΔBalAcc=+0.0572 | ΔRneg=+0.1304 | ΔRpos=-0.0161 | ΔPR=-0.0230 | ΔMCC=+0.0584 | ΔMAE=+0.1420 | ΔRMSE=+0.1908 | Δr=-0.0650 | Δrho=-0.0679 | ΔCidx=-0.0303 | ΔEF1=-0.1577 | ΔEF5=+0.5455 | ΔS@1=-1.0000 | ΔAcc=+0.1107
    test_ema: Pose=0.7280, BalAcc=0.6925, PR=0.4540, Rneg=0.4456, Rpos=0.9393, MAE=1.1775, RMSE=1.4750, r=0.7479, Cidx=0.7756
------------------------------------------------------------------------------
  [Train Results  epoch 48]  epoch_t=62.23s  total_t=2954s
  Pose=0.6008 | Aff=0.4699 | BalAcc=0.7658 | Rneg=0.6471 | Rpos=0.8844 | PR=0.4516 | MCC=0.3556 | MAE=0.7906 | RMSE=1.0492 | r=0.8593 | rho=0.8604 | Cidx=0.8410 | EF1=2.7427 | EF5=1.8972 | S@1=0.0000 | S@5=1.0000 | S@10=1.0000 | Acc=0.6767
  ΔPose=-0.1407 | ΔAff=-0.0362 | ΔBalAcc=+0.0758 | ΔRneg=+0.2352 | ΔRpos=-0.0835 | ΔPR=+0.0133 | ΔMCC=+0.0951 | ΔMAE=-0.0453 | ΔRMSE=-0.0349 | Δr=+0.0066 | Δrho=+0.0076 | ΔCidx=+0.0064 | ΔEF1=-0.2704 | ΔEF5=-0.0387 | ΔS@1=-1.0000 | ΔAcc=+0.1955
    lr: 0.000881
    train_ema: Pose=0.6861, BalAcc=0.7131, PR=0.4295, Rneg=0.5156, Rpos=0.9105, MAE=0.8825, RMSE=1.1472, r=0.8340, Cidx=0.8254
------------------------------------------------------------------------------
  [Test Results  epoch 48]
  Pose=0.6309 | Aff=0.7193 | BalAcc=0.7645 | Rneg=0.6108 | Rpos=0.9181 | PR=0.4474 | MCC=0.3625 | MAE=1.0758 | RMSE=1.3947 | r=0.7722 | rho=0.7573 | Cidx=0.7842 | EF1=2.3657 | EF5=2.3425 | S@1=0.0000 | S@5=1.0000 | S@10=1.0000 | Acc=0.6522
  ΔPose=-0.1204 | ΔAff=-0.1127 | ΔBalAcc=+0.0862 | ΔRneg=+0.2270 | ΔRpos=-0.0546 | ΔPR=-0.0127 | ΔMCC=+0.1046 | ΔMAE=-0.1170 | ΔRMSE=-0.1100 | Δr=+0.0375 | Δrho=+0.0394 | ΔCidx=+0.0142 | ΔEF1=-1.5771 | ΔEF5=-0.9306 | ΔAcc=+0.1890
    test_ema: Pose=0.6989, BalAcc=0.7141, PR=0.4520, Rneg=0.4951, Rpos=0.9330, MAE=1.1470, RMSE=1.4509, r=0.7552, Cidx=0.7782
------------------------------------------------------------------------------
  [Train Results  epoch 50]  epoch_t=61.50s  total_t=3077s
  Pose=0.5752 | Aff=0.5528 | BalAcc=0.7639 | Rneg=0.6792 | Rpos=0.8487 | PR=0.4255 | MCC=0.3578 | MAE=0.8892 | RMSE=1.1402 | r=0.8414 | rho=0.8509 | Cidx=0.8306 | EF1=3.3350 | EF5=2.4463 | S@1=1.0000 | S@5=1.0000 | S@10=1.0000 | Acc=0.7003
  ΔPose=-0.0256 | ΔAff=+0.0828 | ΔBalAcc=-0.0018 | ΔRneg=+0.0320 | ΔRpos=-0.0357 | ΔPR=-0.0260 | ΔMCC=+0.0022 | ΔMAE=+0.0986 | ΔRMSE=+0.0910 | Δr=-0.0179 | Δrho=-0.0095 | ΔCidx=-0.0103 | ΔEF1=+0.5923 | ΔEF5=+0.5491 | ΔS@1=+1.0000 | ΔAcc=+0.0236
    lr: 0.000870
    train_ema: Pose=0.6528, BalAcc=0.7283, PR=0.4283, Rneg=0.5646, Rpos=0.8920, MAE=0.8845, RMSE=1.1451, r=0.8363, Cidx=0.8270
------------------------------------------------------------------------------
  [Test Results  epoch 50]
  Pose=0.5935 | Aff=0.8417 | BalAcc=0.7657 | Rneg=0.6613 | Rpos=0.8700 | PR=0.4460 | MCC=0.3690 | MAE=1.2102 | RMSE=1.5228 | r=0.7476 | rho=0.7202 | Cidx=0.7692 | EF1=4.5737 | EF5=2.5350 | S@1=0.0000 | S@5=1.0000 | S@10=1.0000 | Acc=0.6895
  ΔPose=-0.0375 | ΔAff=+0.1224 | ΔBalAcc=+0.0012 | ΔRneg=+0.0506 | ΔRpos=-0.0482 | ΔPR=-0.0013 | ΔMCC=+0.0065 | ΔMAE=+0.1344 | ΔRMSE=+0.1282 | Δr=-0.0247 | Δrho=-0.0372 | ΔCidx=-0.0151 | ΔEF1=+2.2080 | ΔEF5=+0.1925 | ΔAcc=+0.0372
    test_ema: Pose=0.6673, BalAcc=0.7295, PR=0.4502, Rneg=0.5450, Rpos=0.9141, MAE=1.1660, RMSE=1.4725, r=0.7529, Cidx=0.7755
------------------------------------------------------------------------------
  [Train Results  epoch 52]  epoch_t=61.61s  total_t=3200s
  Pose=0.6034 | Aff=0.4692 | BalAcc=0.7564 | Rneg=0.6345 | Rpos=0.8782 | PR=0.4399 | MCC=0.3419 | MAE=0.7859 | RMSE=1.0411 | r=0.8720 | rho=0.8778 | Cidx=0.8484 | EF1=3.6440 | EF5=2.6371 | S@1=0.0000 | S@5=1.0000 | S@10=1.0000 | Acc=0.6649
  ΔPose=+0.0281 | ΔAff=-0.0836 | ΔBalAcc=-0.0076 | ΔRneg=-0.0446 | ΔRpos=+0.0295 | ΔPR=+0.0143 | ΔMCC=-0.0159 | ΔMAE=-0.1033 | ΔRMSE=-0.0991 | Δr=+0.0306 | Δrho=+0.0269 | ΔCidx=+0.0177 | ΔEF1=+0.3090 | ΔEF5=+0.1908 | ΔS@1=-1.0000 | ΔAcc=-0.0354
    lr: 0.000859
    train_ema: Pose=0.6380, BalAcc=0.7367, PR=0.4318, Rneg=0.5856, Rpos=0.8878, MAE=0.8549, RMSE=1.1139, r=0.8470, Cidx=0.8334
------------------------------------------------------------------------------
  [Test Results  epoch 52]
  Pose=0.6212 | Aff=0.7774 | BalAcc=0.7480 | Rneg=0.6003 | Rpos=0.8957 | PR=0.4826 | MCC=0.3396 | MAE=1.1308 | RMSE=1.4483 | r=0.7738 | rho=0.7577 | Cidx=0.7854 | EF1=3.7851 | EF5=2.8559 | S@1=1.0000 | S@5=1.0000 | S@10=1.0000 | Acc=0.6401
  ΔPose=+0.0277 | ΔAff=-0.0643 | ΔBalAcc=-0.0177 | ΔRneg=-0.0611 | ΔRpos=+0.0257 | ΔPR=+0.0366 | ΔMCC=-0.0294 | ΔMAE=-0.0794 | ΔRMSE=-0.0745 | Δr=+0.0262 | Δrho=+0.0375 | ΔCidx=+0.0162 | ΔEF1=-0.7886 | ΔEF5=+0.3209 | ΔS@1=+1.0000 | ΔAcc=-0.0494
    test_ema: Pose=0.6534, BalAcc=0.7351, PR=0.4599, Rneg=0.5616, Rpos=0.9085, MAE=1.1554, RMSE=1.4652, r=0.7592, Cidx=0.7785
------------------------------------------------------------------------------
  [Train Results  epoch 54]  epoch_t=61.51s  total_t=3323s
  Pose=0.5735 | Aff=0.4068 | BalAcc=0.7687 | Rneg=0.6968 | Rpos=0.8407 | PR=0.4504 | MCC=0.3675 | MAE=0.7170 | RMSE=0.9606 | r=0.8858 | rho=0.8917 | Cidx=0.8584 | EF1=2.0216 | EF5=1.5802 | S@1=0.0000 | S@5=0.0000 | S@10=1.0000 | Acc=0.7147
  ΔPose=-0.0298 | ΔAff=-0.0624 | ΔBalAcc=+0.0124 | ΔRneg=+0.0623 | ΔRpos=-0.0375 | ΔPR=+0.0105 | ΔMCC=+0.0255 | ΔMAE=-0.0690 | ΔRMSE=-0.0805 | Δr=+0.0138 | Δrho=+0.0139 | ΔCidx=+0.0100 | ΔEF1=-1.6224 | ΔEF5=-1.0569 | ΔS@5=-1.0000 | ΔAcc=+0.0499
    lr: 0.000848
    train_ema: Pose=0.6186, BalAcc=0.7463, PR=0.4374, Rneg=0.6190, Rpos=0.8737, MAE=0.8135, RMSE=1.0679, r=0.8586, Cidx=0.8409
------------------------------------------------------------------------------
  [Test Results  epoch 54]
  Pose=0.5972 | Aff=0.6997 | BalAcc=0.7746 | Rneg=0.6583 | Rpos=0.8909 | PR=0.4638 | MCC=0.3807 | MAE=1.0525 | RMSE=1.3517 | r=0.8022 | rho=0.7804 | Cidx=0.7994 | EF1=3.1543 | EF5=2.5992 | S@1=1.0000 | S@5=1.0000 | S@10=1.0000 | Acc=0.6897
  ΔPose=-0.0240 | ΔAff=-0.0777 | ΔBalAcc=+0.0266 | ΔRneg=+0.0581 | ΔRpos=-0.0048 | ΔPR=-0.0189 | ΔMCC=+0.0411 | ΔMAE=-0.0783 | ΔRMSE=-0.0966 | Δr=+0.0284 | Δrho=+0.0227 | ΔCidx=+0.0141 | ΔEF1=-0.6309 | ΔEF5=-0.2567 | ΔAcc=+0.0496
    test_ema: Pose=0.6365, BalAcc=0.7469, PR=0.4611, Rneg=0.5906, Rpos=0.9032, MAE=1.1245, RMSE=1.4312, r=0.7721, Cidx=0.7848
------------------------------------------------------------------------------
  [Train Results  epoch 56]  epoch_t=61.48s  total_t=3446s
  Pose=0.6431 | Aff=0.4625 | BalAcc=0.7424 | Rneg=0.5751 | Rpos=0.9098 | PR=0.4392 | MCC=0.3202 | MAE=0.7792 | RMSE=1.0220 | r=0.8787 | rho=0.8808 | Cidx=0.8512 | EF1=2.7041 | EF5=1.9436 | S@1=0.0000 | S@5=1.0000 | S@10=1.0000 | Acc=0.6167
  ΔPose=+0.0696 | ΔAff=+0.0556 | ΔBalAcc=-0.0263 | ΔRneg=-0.1217 | ΔRpos=+0.0691 | ΔPR=-0.0112 | ΔMCC=-0.0472 | ΔMAE=+0.0622 | ΔRMSE=+0.0614 | Δr=-0.0072 | Δrho=-0.0109 | ΔCidx=-0.0072 | ΔEF1=+0.6825 | ΔEF5=+0.3635 | ΔS@5=+1.0000 | ΔAcc=-0.0980
    lr: 0.000836
    train_ema: Pose=0.6260, BalAcc=0.7452, PR=0.4379, Rneg=0.6058, Rpos=0.8845, MAE=0.8032, RMSE=1.0541, r=0.8646, Cidx=0.8440
------------------------------------------------------------------------------
  [Test Results  epoch 56]
  Pose=0.6516 | Aff=0.8287 | BalAcc=0.7497 | Rneg=0.5652 | Rpos=0.9342 | PR=0.4622 | MCC=0.3412 | MAE=1.2008 | RMSE=1.4783 | r=0.7622 | rho=0.7421 | Cidx=0.7800 | EF1=2.0503 | EF5=2.8559 | S@1=1.0000 | S@5=1.0000 | S@10=1.0000 | Acc=0.6150
  ΔPose=+0.0545 | ΔAff=+0.1290 | ΔBalAcc=-0.0249 | ΔRneg=-0.0931 | ΔRpos=+0.0433 | ΔPR=-0.0015 | ΔMCC=-0.0394 | ΔMAE=+0.1483 | ΔRMSE=+0.1266 | Δr=-0.0399 | Δrho=-0.0383 | ΔCidx=-0.0195 | ΔEF1=-1.1040 | ΔEF5=+0.2567 | ΔAcc=-0.0747
    test_ema: Pose=0.6411, BalAcc=0.7478, PR=0.4614, Rneg=0.5830, Rpos=0.9125, MAE=1.1474, RMSE=1.4453, r=0.7691, Cidx=0.7833
------------------------------------------------------------------------------
  [Train Results  epoch 58]  epoch_t=61.65s  total_t=3570s
  Pose=0.5755 | Aff=0.5832 | BalAcc=0.7722 | Rneg=0.6899 | Rpos=0.8545 | PR=0.4459 | MCC=0.3707 | MAE=0.9146 | RMSE=1.1979 | r=0.8210 | rho=0.8289 | Cidx=0.8148 | EF1=3.0002 | EF5=2.0674 | S@1=0.0000 | S@5=1.0000 | S@10=1.0000 | Acc=0.7104
  ΔPose=-0.0676 | ΔAff=+0.1207 | ΔBalAcc=+0.0298 | ΔRneg=+0.1149 | ΔRpos=-0.0553 | ΔPR=+0.0067 | ΔMCC=+0.0504 | ΔMAE=+0.1354 | ΔRMSE=+0.1759 | Δr=-0.0577 | Δrho=-0.0519 | ΔCidx=-0.0363 | ΔEF1=+0.2962 | ΔEF5=+0.1237 | ΔAcc=+0.0937
    lr: 0.000824
    train_ema: Pose=0.6108, BalAcc=0.7533, PR=0.4403, Rneg=0.6310, Rpos=0.8755, MAE=0.8366, RMSE=1.0972, r=0.8516, Cidx=0.8352
------------------------------------------------------------------------------
  [Test Results  epoch 58]
  Pose=0.5819 | Aff=0.8194 | BalAcc=0.7701 | Rneg=0.6864 | Rpos=0.8539 | PR=0.4592 | MCC=0.3790 | MAE=1.1811 | RMSE=1.5147 | r=0.7315 | rho=0.7033 | Cidx=0.7685 | EF1=2.5234 | EF5=1.9253 | S@1=1.0000 | S@5=1.0000 | S@10=1.0000 | Acc=0.7090
  ΔPose=-0.0697 | ΔAff=-0.0093 | ΔBalAcc=+0.0204 | ΔRneg=+0.1212 | ΔRpos=-0.0803 | ΔPR=-0.0030 | ΔMCC=+0.0378 | ΔMAE=-0.0197 | ΔRMSE=+0.0364 | Δr=-0.0307 | Δrho=-0.0388 | ΔCidx=-0.0114 | ΔEF1=+0.4731 | ΔEF5=-0.9306 | ΔAcc=+0.0940
    test_ema: Pose=0.6233, BalAcc=0.7545, PR=0.4608, Rneg=0.6140, Rpos=0.8949, MAE=1.1575, RMSE=1.4661, r=0.7578, Cidx=0.7789
------------------------------------------------------------------------------
  [Train Results  epoch 60]  epoch_t=61.59s  total_t=3693s
  Pose=0.7022 | Aff=0.4060 | BalAcc=0.7146 | Rneg=0.4723 | Rpos=0.9568 | PR=0.4571 | MCC=0.2871 | MAE=0.7169 | RMSE=0.9532 | r=0.8864 | rho=0.8884 | Cidx=0.8560 | EF1=2.8843 | EF5=2.0184 | S@1=0.0000 | S@5=1.0000 | S@10=1.0000 | Acc=0.5326
  ΔPose=+0.1268 | ΔAff=-0.1772 | ΔBalAcc=-0.0576 | ΔRneg=-0.2176 | ΔRpos=+0.1023 | ΔPR=+0.0112 | ΔMCC=-0.0835 | ΔMAE=-0.1977 | ΔRMSE=-0.2447 | Δr=+0.0654 | Δrho=+0.0595 | ΔCidx=+0.0412 | ΔEF1=-0.1159 | ΔEF5=-0.0490 | ΔAcc=-0.1778
    lr: 0.000812
    train_ema: Pose=0.6383, BalAcc=0.7417, PR=0.4454, Rneg=0.5834, Rpos=0.8999, MAE=0.8007, RMSE=1.0540, r=0.8620, Cidx=0.8415
------------------------------------------------------------------------------
  [Test Results  epoch 60]
  Pose=0.7021 | Aff=0.7263 | BalAcc=0.7115 | Rneg=0.4809 | Rpos=0.9422 | PR=0.4722 | MCC=0.2925 | MAE=1.0771 | RMSE=1.3988 | r=0.7699 | rho=0.7513 | Cidx=0.7863 | EF1=3.4697 | EF5=3.1768 | S@1=1.0000 | S@5=1.0000 | S@10=1.0000 | Acc=0.5431
  ΔPose=+0.1202 | ΔAff=-0.0931 | ΔBalAcc=-0.0586 | ΔRneg=-0.2055 | ΔRpos=+0.0883 | ΔPR=+0.0130 | ΔMCC=-0.0866 | ΔMAE=-0.1040 | ΔRMSE=-0.1159 | Δr=+0.0384 | Δrho=+0.0480 | ΔCidx=+0.0178 | ΔEF1=+0.9463 | ΔEF5=+1.2515 | ΔAcc=-0.1659
    test_ema: Pose=0.6470, BalAcc=0.7416, PR=0.4642, Rneg=0.5741, Rpos=0.9091, MAE=1.1334, RMSE=1.4459, r=0.7615, Cidx=0.7811
------------------------------------------------------------------------------
  [Train Results  epoch 62]  epoch_t=61.60s  total_t=3816s
  Pose=0.7202 | Aff=0.4667 | BalAcc=0.7087 | Rneg=0.4538 | Rpos=0.9637 | PR=0.4409 | MCC=0.2811 | MAE=0.7805 | RMSE=1.0285 | r=0.8733 | rho=0.8812 | Cidx=0.8514 | EF1=2.2663 | EF5=1.7632 | S@1=1.0000 | S@5=1.0000 | S@10=1.0000 | Acc=0.5172
  ΔPose=+0.0180 | ΔAff=+0.0607 | ΔBalAcc=-0.0059 | ΔRneg=-0.0185 | ΔRpos=+0.0068 | ΔPR=-0.0162 | ΔMCC=-0.0061 | ΔMAE=+0.0637 | ΔRMSE=+0.0753 | Δr=-0.0132 | Δrho=-0.0073 | ΔCidx=-0.0047 | ΔEF1=-0.6181 | ΔEF5=-0.2552 | ΔS@1=+1.0000 | ΔAcc=-0.0154
    lr: 0.000799
    train_ema: Pose=0.6628, BalAcc=0.7318, PR=0.4440, Rneg=0.5445, Rpos=0.9190, MAE=0.7947, RMSE=1.0464, r=0.8654, Cidx=0.8444
------------------------------------------------------------------------------
  [Test Results  epoch 62]
  Pose=0.7400 | Aff=0.8971 | BalAcc=0.6959 | Rneg=0.4175 | Rpos=0.9743 | PR=0.4456 | MCC=0.2781 | MAE=1.2628 | RMSE=1.5884 | r=0.7142 | rho=0.7005 | Cidx=0.7538 | EF1=3.1543 | EF5=2.5350 | S@1=0.0000 | S@5=1.0000 | S@10=1.0000 | Acc=0.4926
  ΔPose=+0.0378 | ΔAff=+0.1708 | ΔBalAcc=-0.0156 | ΔRneg=-0.0633 | ΔRpos=+0.0321 | ΔPR=-0.0266 | ΔMCC=-0.0144 | ΔMAE=+0.1858 | ΔRMSE=+0.1895 | Δr=-0.0557 | Δrho=-0.0508 | ΔCidx=-0.0325 | ΔEF1=-0.3154 | ΔEF5=-0.6418 | ΔS@1=-1.0000 | ΔAcc=-0.0505
    test_ema: Pose=0.6749, BalAcc=0.7279, PR=0.4586, Rneg=0.5271, Rpos=0.9287, MAE=1.1722, RMSE=1.4887, r=0.7473, Cidx=0.7729
------------------------------------------------------------------------------
  [Train Results  epoch 64]  epoch_t=61.57s  total_t=3939s
  Pose=0.5022 | Aff=0.5151 | BalAcc=0.7591 | Rneg=0.7951 | Rpos=0.7231 | PR=0.4375 | MCC=0.3856 | MAE=0.8454 | RMSE=1.0981 | r=0.8629 | rho=0.8713 | Cidx=0.8435 | EF1=2.8200 | EF5=2.1473 | S@1=1.0000 | S@5=1.0000 | S@10=1.0000 | Acc=0.7861
  ΔPose=-0.2180 | ΔAff=+0.0485 | ΔBalAcc=+0.0504 | ΔRneg=+0.3413 | ΔRpos=-0.2405 | ΔPR=-0.0034 | ΔMCC=+0.1045 | ΔMAE=+0.0649 | ΔRMSE=+0.0696 | Δr=-0.0104 | Δrho=-0.0099 | ΔCidx=-0.0079 | ΔEF1=+0.5537 | ΔEF5=+0.3841 | ΔAcc=+0.2689
    lr: 0.000786
    train_ema: Pose=0.6147, BalAcc=0.7400, PR=0.4421, Rneg=0.6197, Rpos=0.8603, MAE=0.8099, RMSE=1.0619, r=0.8646, Cidx=0.8442
------------------------------------------------------------------------------
  [Test Results  epoch 64]
  Pose=0.5385 | Aff=0.8526 | BalAcc=0.7761 | Rneg=0.7610 | Rpos=0.7913 | PR=0.4583 | MCC=0.4067 | MAE=1.2298 | RMSE=1.5390 | r=0.7217 | rho=0.7056 | Cidx=0.7591 | EF1=5.2045 | EF5=2.9843 | S@1=1.0000 | S@5=1.0000 | S@10=1.0000 | Acc=0.7650
  ΔPose=-0.2014 | ΔAff=-0.0445 | ΔBalAcc=+0.0802 | ΔRneg=+0.3434 | ΔRpos=-0.1830 | ΔPR=+0.0127 | ΔMCC=+0.1286 | ΔMAE=-0.0330 | ΔRMSE=-0.0493 | Δr=+0.0075 | Δrho=+0.0051 | ΔCidx=+0.0053 | ΔEF1=+2.0503 | ΔEF5=+0.4492 | ΔS@1=+1.0000 | ΔAcc=+0.2724
    test_ema: Pose=0.6340, BalAcc=0.7424, PR=0.4585, Rneg=0.5973, Rpos=0.8875, MAE=1.1895, RMSE=1.5038, r=0.7396, Cidx=0.7688
------------------------------------------------------------------------------
  [Train Results  epoch 66]  epoch_t=61.58s  total_t=4062s
  Pose=0.6520 | Aff=0.4433 | BalAcc=0.7442 | Rneg=0.5713 | Rpos=0.9170 | PR=0.4581 | MCC=0.3225 | MAE=0.7556 | RMSE=1.0089 | r=0.8836 | rho=0.8888 | Cidx=0.8562 | EF1=3.3865 | EF5=2.3844 | S@1=0.0000 | S@5=1.0000 | S@10=1.0000 | Acc=0.6144
  ΔPose=+0.1498 | ΔAff=-0.0719 | ΔBalAcc=-0.0149 | ΔRneg=-0.2238 | ΔRpos=+0.1939 | ΔPR=+0.0206 | ΔMCC=-0.0631 | ΔMAE=-0.0899 | ΔRMSE=-0.0892 | Δr=+0.0207 | Δrho=+0.0175 | ΔCidx=+0.0127 | ΔEF1=+0.5666 | ΔEF5=+0.2372 | ΔS@1=-1.0000 | ΔAcc=-0.1718
    lr: 0.000773
    train_ema: Pose=0.6259, BalAcc=0.7412, PR=0.4469, Rneg=0.6052, Rpos=0.8773, MAE=0.7936, RMSE=1.0460, r=0.8703, Cidx=0.8478
------------------------------------------------------------------------------
  [Test Results  epoch 66]
  Pose=0.6771 | Aff=0.7639 | BalAcc=0.7413 | Rneg=0.5372 | Rpos=0.9454 | PR=0.4478 | MCC=0.3302 | MAE=1.1359 | RMSE=1.4444 | r=0.7515 | rho=0.7385 | Cidx=0.7753 | EF1=4.2583 | EF5=3.2731 | S@1=1.0000 | S@5=1.0000 | S@10=1.0000 | Acc=0.5922
  ΔPose=+0.1386 | ΔAff=-0.0887 | ΔBalAcc=-0.0348 | ΔRneg=-0.2238 | ΔRpos=+0.1541 | ΔPR=-0.0105 | ΔMCC=-0.0764 | ΔMAE=-0.0940 | ΔRMSE=-0.0946 | Δr=+0.0298 | Δrho=+0.0329 | ΔCidx=+0.0162 | ΔEF1=-0.9463 | ΔEF5=+0.2888 | ΔAcc=-0.1728
    test_ema: Pose=0.6469, BalAcc=0.7420, PR=0.4553, Rneg=0.5792, Rpos=0.9049, MAE=1.1734, RMSE=1.4860, r=0.7432, Cidx=0.7708
------------------------------------------------------------------------------
  [Train Results  epoch 68]  epoch_t=61.37s  total_t=4185s
  Pose=0.6242 | Aff=0.6394 | BalAcc=0.7614 | Rneg=0.6092 | Rpos=0.9135 | PR=0.4594 | MCC=0.3465 | MAE=0.9697 | RMSE=1.2672 | r=0.8271 | rho=0.8297 | Cidx=0.8156 | EF1=3.7084 | EF5=2.3922 | S@1=1.0000 | S@5=1.0000 | S@10=1.0000 | Acc=0.6471
  ΔPose=-0.0278 | ΔAff=+0.1961 | ΔBalAcc=+0.0172 | ΔRneg=+0.0379 | ΔRpos=-0.0035 | ΔPR=+0.0013 | ΔMCC=+0.0240 | ΔMAE=+0.2141 | ΔRMSE=+0.2582 | Δr=-0.0565 | Δrho=-0.0591 | ΔCidx=-0.0406 | ΔEF1=+0.3219 | ΔEF5=+0.0077 | ΔS@1=+1.0000 | ΔAcc=+0.0328
    lr: 0.000759
    train_ema: Pose=0.6254, BalAcc=0.7473, PR=0.4506, Rneg=0.6064, Rpos=0.8881, MAE=0.8464, RMSE=1.1123, r=0.8574, Cidx=0.8381
------------------------------------------------------------------------------
  [Test Results  epoch 68]
  Pose=0.6414 | Aff=0.8908 | BalAcc=0.7531 | Rneg=0.5865 | Rpos=0.9197 | PR=0.4772 | MCC=0.3461 | MAE=1.2544 | RMSE=1.5818 | r=0.7236 | rho=0.7058 | Cidx=0.7654 | EF1=4.1005 | EF5=3.2410 | S@1=1.0000 | S@5=1.0000 | S@10=1.0000 | Acc=0.6314
  ΔPose=-0.0357 | ΔAff=+0.1269 | ΔBalAcc=+0.0118 | ΔRneg=+0.0493 | ΔRpos=-0.0257 | ΔPR=+0.0294 | ΔMCC=+0.0159 | ΔMAE=+0.1186 | ΔRMSE=+0.1374 | Δr=-0.0279 | Δrho=-0.0327 | ΔCidx=-0.0100 | ΔEF1=-0.1577 | ΔEF5=-0.0321 | ΔAcc=+0.0392
    test_ema: Pose=0.6453, BalAcc=0.7454, PR=0.4619, Rneg=0.5814, Rpos=0.9093, MAE=1.1977, RMSE=1.5147, r=0.7373, Cidx=0.7691
------------------------------------------------------------------------------
  [Train Results  epoch 70]  epoch_t=61.42s  total_t=4308s
  Pose=0.6996 | Aff=0.4393 | BalAcc=0.7203 | Rneg=0.4791 | Rpos=0.9616 | PR=0.4827 | MCC=0.2943 | MAE=0.7470 | RMSE=1.0064 | r=0.8785 | rho=0.8805 | Cidx=0.8534 | EF1=3.0131 | EF5=1.9952 | S@1=1.0000 | S@5=1.0000 | S@10=1.0000 | Acc=0.5391
  ΔPose=+0.0754 | ΔAff=-0.2001 | ΔBalAcc=-0.0411 | ΔRneg=-0.1302 | ΔRpos=+0.0481 | ΔPR=+0.0234 | ΔMCC=-0.0522 | ΔMAE=-0.2227 | ΔRMSE=-0.2608 | Δr=+0.0514 | Δrho=+0.0509 | ΔCidx=+0.0378 | ΔEF1=-0.6953 | ΔEF5=-0.3970 | ΔAcc=-0.1080
    lr: 0.000745
    train_ema: Pose=0.6476, BalAcc=0.7392, PR=0.4603, Rneg=0.5682, Rpos=0.9102, MAE=0.8166, RMSE=1.0806, r=0.8637, Cidx=0.8427
------------------------------------------------------------------------------
  [Test Results  epoch 70]
  Pose=0.7302 | Aff=0.7677 | BalAcc=0.6994 | Rneg=0.4180 | Rpos=0.9807 | PR=0.4635 | MCC=0.2831 | MAE=1.1121 | RMSE=1.4264 | r=0.7578 | rho=0.7399 | Cidx=0.7776 | EF1=2.5234 | EF5=2.8238 | S@1=0.0000 | S@5=1.0000 | S@10=1.0000 | Acc=0.4939
  ΔPose=+0.0888 | ΔAff=-0.1232 | ΔBalAcc=-0.0537 | ΔRneg=-0.1685 | ΔRpos=+0.0610 | ΔPR=-0.0138 | ΔMCC=-0.0630 | ΔMAE=-0.1423 | ΔRMSE=-0.1554 | Δr=+0.0341 | Δrho=+0.0340 | ΔCidx=+0.0123 | ΔEF1=-1.5771 | ΔEF5=-0.4172 | ΔS@1=-1.0000 | ΔAcc=-0.1375
    test_ema: Pose=0.6707, BalAcc=0.7316, PR=0.4624, Rneg=0.5324, Rpos=0.9308, MAE=1.1720, RMSE=1.4882, r=0.7435, Cidx=0.7717
------------------------------------------------------------------------------
  [Train Results  epoch 72]  epoch_t=61.73s  total_t=4432s
  Pose=0.9528 | Aff=0.3888 | BalAcc=0.5915 | Rneg=0.1875 | Rpos=0.9955 | PR=0.4342 | MCC=0.1628 | MAE=0.6993 | RMSE=0.9187 | r=0.9016 | rho=0.9045 | Cidx=0.8687 | EF1=2.5624 | EF5=1.9076 | S@1=1.0000 | S@5=1.0000 | S@10=1.0000 | Acc=0.2881
  ΔPose=+0.2532 | ΔAff=-0.0505 | ΔBalAcc=-0.1288 | ΔRneg=-0.2916 | ΔRpos=+0.0339 | ΔPR=-0.0485 | ΔMCC=-0.1315 | ΔMAE=-0.0477 | ΔRMSE=-0.0877 | Δr=+0.0231 | Δrho=+0.0240 | ΔCidx=+0.0153 | ΔEF1=-0.4507 | ΔEF5=-0.0876 | ΔAcc=-0.2511
    lr: 0.000731
    train_ema: Pose=0.7392, BalAcc=0.6949, PR=0.4525, Rneg=0.4540, Rpos=0.9358, MAE=0.7814, RMSE=1.0320, r=0.8751, Cidx=0.8505
------------------------------------------------------------------------------
  [Test Results  epoch 72]
  Pose=0.9506 | Aff=0.8842 | BalAcc=0.5860 | Rneg=0.1720 | Rpos=1.0000 | PR=0.4430 | MCC=0.1651 | MAE=1.2429 | RMSE=1.5899 | r=0.7385 | rho=0.7276 | Cidx=0.7693 | EF1=5.0468 | EF5=3.1126 | S@1=1.0000 | S@5=1.0000 | S@10=1.0000 | Acc=0.2837
  ΔPose=+0.2204 | ΔAff=+0.1165 | ΔBalAcc=-0.1134 | ΔRneg=-0.2461 | ΔRpos=+0.0193 | ΔPR=-0.0205 | ΔMCC=-0.1180 | ΔMAE=+0.1308 | ΔRMSE=+0.1635 | Δr=-0.0193 | Δrho=-0.0123 | ΔCidx=-0.0083 | ΔEF1=+2.5234 | ΔEF5=+0.2888 | ΔS@1=+1.0000 | ΔAcc=-0.2103
    test_ema: Pose=0.7547, BalAcc=0.6879, PR=0.4566, Rneg=0.4243, Rpos=0.9515, MAE=1.1933, RMSE=1.5187, r=0.7420, Cidx=0.7710
------------------------------------------------------------------------------
  [Train Results  epoch 74]  epoch_t=61.51s  total_t=4555s
  Pose=0.5906 | Aff=0.3479 | BalAcc=0.7795 | Rneg=0.6567 | Rpos=0.9024 | PR=0.4873 | MCC=0.3748 | MAE=0.6451 | RMSE=0.8678 | r=0.9085 | rho=0.9126 | Cidx=0.8764 | EF1=2.8715 | EF5=2.1576 | S@1=0.0000 | S@5=1.0000 | S@10=1.0000 | Acc=0.6873
  ΔPose=-0.3622 | ΔAff=-0.0408 | ΔBalAcc=+0.1881 | ΔRneg=+0.4692 | ΔRpos=-0.0931 | ΔPR=+0.0530 | ΔMCC=+0.2120 | ΔMAE=-0.0542 | ΔRMSE=-0.0509 | Δr=+0.0069 | Δrho=+0.0081 | ΔCidx=+0.0077 | ΔEF1=+0.3090 | ΔEF5=+0.2500 | ΔS@1=-1.0000 | ΔAcc=+0.3992
    lr: 0.000717
    train_ema: Pose=0.6946, BalAcc=0.7203, PR=0.4629, Rneg=0.5148, Rpos=0.9258, MAE=0.7405, RMSE=0.9827, r=0.8851, Cidx=0.8583
------------------------------------------------------------------------------
  [Test Results  epoch 74]
  Pose=0.6157 | Aff=0.7778 | BalAcc=0.7630 | Rneg=0.6030 | Rpos=0.9230 | PR=0.4903 | MCC=0.3601 | MAE=1.1279 | RMSE=1.4506 | r=0.7677 | rho=0.7502 | Cidx=0.7821 | EF1=3.9428 | EF5=2.6955 | S@1=0.0000 | S@5=1.0000 | S@10=1.0000 | Acc=0.6462
  ΔPose=-0.3349 | ΔAff=-0.1063 | ΔBalAcc=+0.1770 | ΔRneg=+0.4310 | ΔRpos=-0.0770 | ΔPR=+0.0473 | ΔMCC=+0.1950 | ΔMAE=-0.1149 | ΔRMSE=-0.1392 | Δr=+0.0292 | Δrho=+0.0226 | ΔCidx=+0.0127 | ΔEF1=-1.1040 | ΔEF5=-0.4172 | ΔS@1=-1.0000 | ΔAcc=+0.3625
    test_ema: Pose=0.7130, BalAcc=0.7104, PR=0.4667, Rneg=0.4779, Rpos=0.9430, MAE=1.1737, RMSE=1.4983, r=0.7497, Cidx=0.7743
------------------------------------------------------------------------------
  [Train Results  epoch 76]  epoch_t=61.64s  total_t=4678s
  Pose=0.6158 | Aff=0.3734 | BalAcc=0.7636 | Rneg=0.6007 | Rpos=0.9265 | PR=0.4906 | MCC=0.3490 | MAE=0.6702 | RMSE=0.9132 | r=0.9122 | rho=0.9121 | Cidx=0.8755 | EF1=2.2920 | EF5=1.6292 | S@1=1.0000 | S@5=1.0000 | S@10=1.0000 | Acc=0.6413
  ΔPose=+0.0252 | ΔAff=+0.0254 | ΔBalAcc=-0.0159 | ΔRneg=-0.0559 | ΔRpos=+0.0241 | ΔPR=+0.0034 | ΔMCC=-0.0259 | ΔMAE=+0.0251 | ΔRMSE=+0.0454 | Δr=+0.0038 | Δrho=-0.0005 | ΔCidx=-0.0009 | ΔEF1=-0.5794 | ΔEF5=-0.5284 | ΔS@1=+1.0000 | ΔAcc=-0.0460
    lr: 0.000702
    train_ema: Pose=0.6710, BalAcc=0.7333, PR=0.4712, Rneg=0.5406, Rpos=0.9260, MAE=0.7194, RMSE=0.9619, r=0.8932, Cidx=0.8634
------------------------------------------------------------------------------
  [Test Results  epoch 76]
  Pose=0.6131 | Aff=0.8231 | BalAcc=0.7713 | Rneg=0.5987 | Rpos=0.9438 | PR=0.5192 | MCC=0.3712 | MAE=1.1779 | RMSE=1.5249 | r=0.7628 | rho=0.7405 | Cidx=0.7794 | EF1=4.1005 | EF5=2.3746 | S@1=0.0000 | S@5=1.0000 | S@10=1.0000 | Acc=0.6453
  ΔPose=-0.0026 | ΔAff=+0.0453 | ΔBalAcc=+0.0083 | ΔRneg=-0.0043 | ΔRpos=+0.0209 | ΔPR=+0.0288 | ΔMCC=+0.0111 | ΔMAE=+0.0499 | ΔRMSE=+0.0742 | Δr=-0.0049 | Δrho=-0.0097 | ΔCidx=-0.0026 | ΔEF1=+0.1577 | ΔEF5=-0.3209 | ΔAcc=-0.0009
    test_ema: Pose=0.6831, BalAcc=0.7287, PR=0.4824, Rneg=0.5141, Rpos=0.9432, MAE=1.1749, RMSE=1.5063, r=0.7536, Cidx=0.7758
------------------------------------------------------------------------------
  [Train Results  epoch 78]  epoch_t=61.59s  total_t=4801s
  Pose=0.7225 | Aff=0.3782 | BalAcc=0.7133 | Rneg=0.4635 | Rpos=0.9631 | PR=0.4817 | MCC=0.2863 | MAE=0.6930 | RMSE=0.9118 | r=0.9016 | rho=0.9051 | Cidx=0.8690 | EF1=2.2276 | EF5=1.7245 | S@1=1.0000 | S@5=1.0000 | S@10=1.0000 | Acc=0.5257
  ΔPose=+0.1067 | ΔAff=+0.0048 | ΔBalAcc=-0.0503 | ΔRneg=-0.1372 | ΔRpos=+0.0366 | ΔPR=-0.0090 | ΔMCC=-0.0627 | ΔMAE=+0.0228 | ΔRMSE=-0.0015 | Δr=-0.0106 | Δrho=-0.0071 | ΔCidx=-0.0065 | ΔEF1=-0.0644 | ΔEF5=+0.0954 | ΔAcc=-0.1156
    lr: 0.000688
    train_ema: Pose=0.6864, BalAcc=0.7273, PR=0.4743, Rneg=0.5175, Rpos=0.9371, MAE=0.7115, RMSE=0.9469, r=0.8958, Cidx=0.8651
------------------------------------------------------------------------------
  [Test Results  epoch 78]
  Pose=0.7286 | Aff=0.6934 | BalAcc=0.7076 | Rneg=0.4393 | Rpos=0.9759 | PR=0.4796 | MCC=0.2918 | MAE=1.0348 | RMSE=1.3605 | r=0.7869 | rho=0.7707 | Cidx=0.7923 | EF1=2.8388 | EF5=2.1500 | S@1=0.0000 | S@5=1.0000 | S@10=1.0000 | Acc=0.5117
  ΔPose=+0.1155 | ΔAff=-0.1297 | ΔBalAcc=-0.0637 | ΔRneg=-0.1594 | ΔRpos=+0.0321 | ΔPR=-0.0396 | ΔMCC=-0.0794 | ΔMAE=-0.1431 | ΔRMSE=-0.1644 | Δr=+0.0241 | Δrho=+0.0302 | ΔCidx=+0.0129 | ΔEF1=-1.2617 | ΔEF5=-0.2246 | ΔAcc=-0.1336
    test_ema: Pose=0.6967, BalAcc=0.7224, PR=0.4816, Rneg=0.4917, Rpos=0.9530, MAE=1.1329, RMSE=1.4625, r=0.7636, Cidx=0.7808
------------------------------------------------------------------------------
  [Train Results  epoch 80]  epoch_t=61.64s  total_t=4924s
  Pose=0.6048 | Aff=0.3025 | BalAcc=0.7722 | Rneg=0.6183 | Rpos=0.9261 | PR=0.4987 | MCC=0.3613 | MAE=0.5849 | RMSE=0.8043 | r=0.9200 | rho=0.9239 | Cidx=0.8824 | EF1=2.3693 | EF5=1.7529 | S@1=0.0000 | S@5=1.0000 | S@10=1.0000 | Acc=0.6566
  ΔPose=-0.1176 | ΔAff=-0.0756 | ΔBalAcc=+0.0589 | ΔRneg=+0.1548 | ΔRpos=-0.0370 | ΔPR=+0.0170 | ΔMCC=+0.0750 | ΔMAE=-0.1081 | ΔRMSE=-0.1075 | Δr=+0.0184 | Δrho=+0.0188 | ΔCidx=+0.0134 | ΔEF1=+0.1416 | ΔEF5=+0.0284 | ΔS@1=-1.0000 | ΔAcc=+0.1309
    lr: 0.000673
    train_ema: Pose=0.6619, BalAcc=0.7408, PR=0.4816, Rneg=0.5477, Rpos=0.9338, MAE=0.6735, RMSE=0.9041, r=0.9030, Cidx=0.8703
------------------------------------------------------------------------------
  [Test Results  epoch 80]
  Pose=0.6199 | Aff=0.7783 | BalAcc=0.7605 | Rneg=0.5885 | Rpos=0.9326 | PR=0.5135 | MCC=0.3563 | MAE=1.1353 | RMSE=1.4601 | r=0.7610 | rho=0.7433 | Cidx=0.7791 | EF1=3.3120 | EF5=2.8559 | S@1=0.0000 | S@5=1.0000 | S@10=1.0000 | Acc=0.6349
  ΔPose=-0.1087 | ΔAff=+0.0849 | ΔBalAcc=+0.0529 | ΔRneg=+0.1492 | ΔRpos=-0.0433 | ΔPR=+0.0339 | ΔMCC=+0.0645 | ΔMAE=+0.1005 | ΔRMSE=+0.0996 | Δr=-0.0259 | Δrho=-0.0274 | ΔCidx=-0.0132 | ΔEF1=+0.4731 | ΔEF5=+0.7060 | ΔAcc=+0.1232
    test_ema: Pose=0.6737, BalAcc=0.7338, PR=0.4912, Rneg=0.5207, Rpos=0.9469, MAE=1.1336, RMSE=1.4618, r=0.7628, Cidx=0.7803
------------------------------------------------------------------------------
  [Train Results  epoch 82]  epoch_t=61.52s  total_t=5047s
  Pose=0.6038 | Aff=0.3433 | BalAcc=0.7690 | Rneg=0.6180 | Rpos=0.9200 | PR=0.4923 | MCC=0.3570 | MAE=0.6374 | RMSE=0.8524 | r=0.9166 | rho=0.9173 | Cidx=0.8805 | EF1=2.9487 | EF5=1.9411 | S@1=0.0000 | S@5=1.0000 | S@10=1.0000 | Acc=0.6556
  ΔPose=-0.0010 | ΔAff=+0.0408 | ΔBalAcc=-0.0033 | ΔRneg=-0.0004 | ΔRpos=-0.0062 | ΔPR=-0.0063 | ΔMCC=-0.0043 | ΔMAE=+0.0525 | ΔRMSE=+0.0481 | Δr=-0.0034 | Δrho=-0.0065 | ΔCidx=-0.0019 | ΔEF1=+0.5794 | ΔEF5=+0.1882 | ΔAcc=-0.0011
    lr: 0.000658
    train_ema: Pose=0.6445, BalAcc=0.7492, PR=0.4848, Rneg=0.5688, Rpos=0.9297, MAE=0.6627, RMSE=0.8886, r=0.9071, Cidx=0.8734
------------------------------------------------------------------------------
  [Test Results  epoch 82]
  Pose=0.6103 | Aff=0.8667 | BalAcc=0.7671 | Rneg=0.6048 | Rpos=0.9294 | PR=0.4958 | MCC=0.3657 | MAE=1.2232 | RMSE=1.5705 | r=0.7221 | rho=0.6965 | Cidx=0.7538 | EF1=4.5737 | EF5=3.1126 | S@1=0.0000 | S@5=1.0000 | S@10=1.0000 | Acc=0.6485
  ΔPose=-0.0096 | ΔAff=+0.0884 | ΔBalAcc=+0.0065 | ΔRneg=+0.0163 | ΔRpos=-0.0032 | ΔPR=-0.0177 | ΔMCC=+0.0095 | ΔMAE=+0.0879 | ΔRMSE=+0.1104 | Δr=-0.0389 | Δrho=-0.0468 | ΔCidx=-0.0253 | ΔEF1=+1.2617 | ΔEF5=+0.2567 | ΔAcc=+0.0136
    test_ema: Pose=0.6547, BalAcc=0.7438, PR=0.4925, Rneg=0.5459, Rpos=0.9416, MAE=1.1605, RMSE=1.4944, r=0.7506, Cidx=0.7723
------------------------------------------------------------------------------
  [Train Results  epoch 84]  epoch_t=61.73s  total_t=5171s
  Pose=0.6985 | Aff=0.3045 | BalAcc=0.7235 | Rneg=0.4857 | Rpos=0.9613 | PR=0.4738 | MCC=0.2981 | MAE=0.5879 | RMSE=0.8047 | r=0.9227 | rho=0.9256 | Cidx=0.8881 | EF1=2.7942 | EF5=1.7993 | S@1=1.0000 | S@5=1.0000 | S@10=1.0000 | Acc=0.5449
  ΔPose=+0.0947 | ΔAff=-0.0388 | ΔBalAcc=-0.0454 | ΔRneg=-0.1322 | ΔRpos=+0.0414 | ΔPR=-0.0185 | ΔMCC=-0.0589 | ΔMAE=-0.0496 | ΔRMSE=-0.0477 | Δr=+0.0061 | Δrho=+0.0083 | ΔCidx=+0.0076 | ΔEF1=-0.1545 | ΔEF5=-0.1418 | ΔS@1=+1.0000 | ΔAcc=-0.1106
    lr: 0.000642
    train_ema: Pose=0.6607, BalAcc=0.7415, PR=0.4815, Rneg=0.5439, Rpos=0.9392, MAE=0.6402, RMSE=0.8634, r=0.9118, Cidx=0.8778
------------------------------------------------------------------------------
  [Test Results  epoch 84]
  Pose=0.7192 | Aff=0.7351 | BalAcc=0.7133 | Rneg=0.4476 | Rpos=0.9791 | PR=0.4601 | MCC=0.2989 | MAE=1.0818 | RMSE=1.4117 | r=0.7694 | rho=0.7587 | Cidx=0.7865 | EF1=3.7851 | EF5=2.9522 | S@1=1.0000 | S@5=1.0000 | S@10=1.0000 | Acc=0.5193
  ΔPose=+0.1089 | ΔAff=-0.1316 | ΔBalAcc=-0.0537 | ΔRneg=-0.1572 | ΔRpos=+0.0498 | ΔPR=-0.0356 | ΔMCC=-0.0669 | ΔMAE=-0.1414 | ΔRMSE=-0.1588 | Δr=+0.0473 | Δrho=+0.0621 | ΔCidx=+0.0327 | ΔEF1=-0.7886 | ΔEF5=-0.1604 | ΔS@1=+1.0000 | ΔAcc=-0.1293
    test_ema: Pose=0.6740, BalAcc=0.7347, PR=0.4828, Rneg=0.5164, Rpos=0.9529, MAE=1.1369, RMSE=1.4696, r=0.7563, Cidx=0.7766
------------------------------------------------------------------------------
  [Train Results  epoch 86]  epoch_t=61.40s  total_t=5294s
  Pose=0.5200 | Aff=0.3598 | BalAcc=0.7837 | Rneg=0.7586 | Rpos=0.8088 | PR=0.4892 | MCC=0.4043 | MAE=0.6580 | RMSE=0.8761 | r=0.9139 | rho=0.9169 | Cidx=0.8757 | EF1=2.7427 | EF5=1.8019 | S@1=1.0000 | S@5=1.0000 | S@10=1.0000 | Acc=0.7649
  ΔPose=-0.1786 | ΔAff=+0.0553 | ΔBalAcc=+0.0602 | ΔRneg=+0.2729 | ΔRpos=-0.1525 | ΔPR=+0.0154 | ΔMCC=+0.1062 | ΔMAE=+0.0701 | ΔRMSE=+0.0714 | Δr=-0.0089 | Δrho=-0.0088 | ΔCidx=-0.0124 | ΔEF1=-0.0515 | ΔEF5=+0.0026 | ΔAcc=+0.2199
    lr: 0.000627
    train_ema: Pose=0.6185, BalAcc=0.7542, PR=0.4838, Rneg=0.6083, Rpos=0.9001, MAE=0.6456, RMSE=0.8672, r=0.9124, Cidx=0.8771
------------------------------------------------------------------------------
  [Test Results  epoch 86]
  Pose=0.5501 | Aff=0.7784 | BalAcc=0.7820 | Rneg=0.7116 | Rpos=0.8523 | PR=0.5164 | MCC=0.4003 | MAE=1.1381 | RMSE=1.4655 | r=0.7432 | rho=0.7230 | Cidx=0.7711 | EF1=2.3657 | EF5=3.0805 | S@1=1.0000 | S@5=1.0000 | S@10=1.0000 | Acc=0.7306
  ΔPose=-0.1691 | ΔAff=+0.0434 | ΔBalAcc=+0.0686 | ΔRneg=+0.2641 | ΔRpos=-0.1268 | ΔPR=+0.0562 | ΔMCC=+0.1015 | ΔMAE=+0.0562 | ΔRMSE=+0.0538 | Δr=-0.0262 | Δrho=-0.0357 | ΔCidx=-0.0154 | ΔEF1=-1.4194 | ΔEF5=+0.1284 | ΔAcc=+0.2113
    test_ema: Pose=0.6368, BalAcc=0.7489, PR=0.4929, Rneg=0.5750, Rpos=0.9227, MAE=1.1372, RMSE=1.4684, r=0.7524, Cidx=0.7749
------------------------------------------------------------------------------
  [Train Results  epoch 88]  epoch_t=61.55s  total_t=5417s
  Pose=0.5456 | Aff=0.3469 | BalAcc=0.7797 | Rneg=0.6994 | Rpos=0.8600 | PR=0.4985 | MCC=0.3824 | MAE=0.6372 | RMSE=0.8719 | r=0.9087 | rho=0.9106 | Cidx=0.8736 | EF1=2.8715 | EF5=1.8070 | S@1=1.0000 | S@5=1.0000 | S@10=1.0000 | Acc=0.7194
  ΔPose=+0.0256 | ΔAff=-0.0129 | ΔBalAcc=-0.0040 | ΔRneg=-0.0592 | ΔRpos=+0.0512 | ΔPR=+0.0093 | ΔMCC=-0.0219 | ΔMAE=-0.0208 | ΔRMSE=-0.0042 | Δr=-0.0052 | Δrho=-0.0063 | ΔCidx=-0.0021 | ΔEF1=+0.1288 | ΔEF5=+0.0052 | ΔAcc=-0.0455
    lr: 0.000611
    train_ema: Pose=0.5966, BalAcc=0.7618, PR=0.4882, Rneg=0.6356, Rpos=0.8881, MAE=0.6431, RMSE=0.8686, r=0.9113, Cidx=0.8761
------------------------------------------------------------------------------
  [Test Results  epoch 88]
  Pose=0.5858 | Aff=0.6923 | BalAcc=0.7777 | Rneg=0.6406 | Rpos=0.9149 | PR=0.5153 | MCC=0.3828 | MAE=1.0421 | RMSE=1.3712 | r=0.7790 | rho=0.7616 | Cidx=0.7934 | EF1=4.2583 | EF5=2.4388 | S@1=1.0000 | S@5=1.0000 | S@10=1.0000 | Acc=0.6776
  ΔPose=+0.0357 | ΔAff=-0.0862 | ΔBalAcc=-0.0042 | ΔRneg=-0.0711 | ΔRpos=+0.0626 | ΔPR=-0.0010 | ΔMCC=-0.0175 | ΔMAE=-0.0960 | ΔRMSE=-0.0943 | Δr=+0.0358 | Δrho=+0.0386 | ΔCidx=+0.0223 | ΔEF1=+1.8926 | ΔEF5=-0.6418 | ΔAcc=-0.0531
    test_ema: Pose=0.6215, BalAcc=0.7575, PR=0.4996, Rneg=0.5947, Rpos=0.9204, MAE=1.1087, RMSE=1.4392, r=0.7604, Cidx=0.7805
------------------------------------------------------------------------------
  [Train Results  epoch 90]  epoch_t=61.48s  total_t=5540s
  Pose=0.7559 | Aff=0.4074 | BalAcc=0.6963 | Rneg=0.4174 | Rpos=0.9751 | PR=0.4778 | MCC=0.2686 | MAE=0.7132 | RMSE=0.9488 | r=0.9077 | rho=0.9105 | Cidx=0.8713 | EF1=2.9873 | EF5=1.6524 | S@1=1.0000 | S@5=1.0000 | S@10=1.0000 | Acc=0.4869
  ΔPose=+0.2103 | ΔAff=+0.0605 | ΔBalAcc=-0.0834 | ΔRneg=-0.2820 | ΔRpos=+0.1151 | ΔPR=-0.0207 | ΔMCC=-0.1138 | ΔMAE=+0.0760 | ΔRMSE=+0.0769 | Δr=-0.0009 | Δrho=-0.0000 | ΔCidx=-0.0024 | ΔEF1=+0.1159 | ΔEF5=-0.1547 | ΔAcc=-0.2325
    lr: 0.000596
    train_ema: Pose=0.6444, BalAcc=0.7422, PR=0.4851, Rneg=0.5702, Rpos=0.9142, MAE=0.6641, RMSE=0.8927, r=0.9102, Cidx=0.8746
------------------------------------------------------------------------------
  [Test Results  epoch 90]
  Pose=0.7572 | Aff=0.9041 | BalAcc=0.6913 | Rneg=0.3987 | Rpos=0.9839 | PR=0.5029 | MCC=0.2746 | MAE=1.2600 | RMSE=1.6299 | r=0.7288 | rho=0.7206 | Cidx=0.7658 | EF1=3.3120 | EF5=2.9522 | S@1=1.0000 | S@5=1.0000 | S@10=1.0000 | Acc=0.4777
  ΔPose=+0.1714 | ΔAff=+0.2118 | ΔBalAcc=-0.0864 | ΔRneg=-0.2418 | ΔRpos=+0.0690 | ΔPR=-0.0124 | ΔMCC=-0.1082 | ΔMAE=+0.2179 | ΔRMSE=+0.2587 | Δr=-0.0502 | Δrho=-0.0410 | ΔCidx=-0.0277 | ΔEF1=-0.9463 | ΔEF5=+0.5134 | ΔAcc=-0.1999
    test_ema: Pose=0.6622, BalAcc=0.7377, PR=0.5006, Rneg=0.5359, Rpos=0.9395, MAE=1.1541, RMSE=1.4964, r=0.7509, Cidx=0.7761
------------------------------------------------------------------------------
  [Train Results  epoch 92]  epoch_t=61.35s  total_t=5662s
  Pose=0.6741 | Aff=0.2525 | BalAcc=0.7398 | Rneg=0.5226 | Rpos=0.9571 | PR=0.5028 | MCC=0.3176 | MAE=0.5196 | RMSE=0.7162 | r=0.9369 | rho=0.9397 | Cidx=0.8973 | EF1=2.1890 | EF5=1.7323 | S@1=1.0000 | S@5=1.0000 | S@10=1.0000 | Acc=0.5767
  ΔPose=-0.0818 | ΔAff=-0.1549 | ΔBalAcc=+0.0436 | ΔRneg=+0.1052 | ΔRpos=-0.0180 | ΔPR=+0.0249 | ΔMCC=+0.0490 | ΔMAE=-0.1936 | ΔRMSE=-0.2326 | Δr=+0.0292 | Δrho=+0.0292 | ΔCidx=+0.0261 | ΔEF1=-0.7983 | ΔEF5=+0.0799 | ΔAcc=+0.0898
    lr: 0.000580
    train_ema: Pose=0.6533, BalAcc=0.7415, PR=0.4904, Rneg=0.5559, Rpos=0.9270, MAE=0.6207, RMSE=0.8397, r=0.9182, Cidx=0.8814
------------------------------------------------------------------------------
  [Test Results  epoch 92]
  Pose=0.6755 | Aff=0.7830 | BalAcc=0.7346 | Rneg=0.5141 | Rpos=0.9551 | PR=0.5077 | MCC=0.3221 | MAE=1.1270 | RMSE=1.4913 | r=0.7430 | rho=0.7303 | Cidx=0.7708 | EF1=3.4697 | EF5=3.2731 | S@1=0.0000 | S@5=1.0000 | S@10=1.0000 | Acc=0.5736
  ΔPose=-0.0817 | ΔAff=-0.1210 | ΔBalAcc=+0.0433 | ΔRneg=+0.1154 | ΔRpos=-0.0289 | ΔPR=+0.0048 | ΔMCC=+0.0475 | ΔMAE=-0.1331 | ΔRMSE=-0.1385 | Δr=+0.0142 | Δrho=+0.0097 | ΔCidx=+0.0050 | ΔEF1=+0.1577 | ΔEF5=+0.3209 | ΔS@1=-1.0000 | ΔAcc=+0.0959
    test_ema: Pose=0.6662, BalAcc=0.7367, PR=0.5028, Rneg=0.5294, Rpos=0.9441, MAE=1.1460, RMSE=1.4949, r=0.7485, Cidx=0.7745
------------------------------------------------------------------------------
  [Train Results  epoch 94]  epoch_t=61.37s  total_t=5785s
  Pose=0.7097 | Aff=0.2257 | BalAcc=0.7161 | Rneg=0.4601 | Rpos=0.9722 | PR=0.5089 | MCC=0.2905 | MAE=0.4764 | RMSE=0.6803 | r=0.9444 | rho=0.9475 | Cidx=0.9054 | EF1=2.6526 | EF5=1.9565 | S@1=1.0000 | S@5=1.0000 | S@10=1.0000 | Acc=0.5238
  ΔPose=+0.0356 | ΔAff=-0.0268 | ΔBalAcc=-0.0237 | ΔRneg=-0.0625 | ΔRpos=+0.0151 | ΔPR=+0.0061 | ΔMCC=-0.0270 | ΔMAE=-0.0432 | ΔRMSE=-0.0358 | Δr=+0.0075 | Δrho=+0.0078 | ΔCidx=+0.0081 | ΔEF1=+0.4636 | ΔEF5=+0.2243 | ΔAcc=-0.0528
    lr: 0.000564
    train_ema: Pose=0.6703, BalAcc=0.7339, PR=0.4960, Rneg=0.5272, Rpos=0.9406, MAE=0.5774, RMSE=0.7919, r=0.9261, Cidx=0.8886
------------------------------------------------------------------------------
  [Test Results  epoch 94]
  Pose=0.7324 | Aff=0.7214 | BalAcc=0.6932 | Rneg=0.4138 | Rpos=0.9727 | PR=0.5070 | MCC=0.2748 | MAE=1.0496 | RMSE=1.4012 | r=0.7705 | rho=0.7527 | Cidx=0.7840 | EF1=3.7851 | EF5=3.0805 | S@1=1.0000 | S@5=1.0000 | S@10=1.0000 | Acc=0.4892
  ΔPose=+0.0569 | ΔAff=-0.0616 | ΔBalAcc=-0.0414 | ΔRneg=-0.1004 | ΔRpos=+0.0177 | ΔPR=-0.0008 | ΔMCC=-0.0473 | ΔMAE=-0.0774 | ΔRMSE=-0.0902 | Δr=+0.0275 | Δrho=+0.0224 | ΔCidx=+0.0132 | ΔEF1=+0.3154 | ΔEF5=-0.1925 | ΔS@1=+1.0000 | ΔAcc=-0.0845
    test_ema: Pose=0.6861, BalAcc=0.7237, PR=0.5040, Rneg=0.4947, Rpos=0.9527, MAE=1.1170, RMSE=1.4668, r=0.7551, Cidx=0.7773
------------------------------------------------------------------------------
  [Train Results  epoch 96]  epoch_t=61.34s  total_t=5908s
  Pose=0.6381 | Aff=0.3052 | BalAcc=0.7569 | Rneg=0.5795 | Rpos=0.9343 | PR=0.4917 | MCC=0.3393 | MAE=0.5933 | RMSE=0.7958 | r=0.9229 | rho=0.9260 | Cidx=0.8817 | EF1=3.0517 | EF5=1.7580 | S@1=1.0000 | S@5=1.0000 | S@10=1.0000 | Acc=0.6236
  ΔPose=-0.0717 | ΔAff=+0.0795 | ΔBalAcc=+0.0407 | ΔRneg=+0.1194 | ΔRpos=-0.0379 | ΔPR=-0.0172 | ΔMCC=+0.0488 | ΔMAE=+0.1169 | ΔRMSE=+0.1154 | Δr=-0.0215 | Δrho=-0.0215 | ΔCidx=-0.0237 | ΔEF1=+0.3992 | ΔEF5=-0.1985 | ΔAcc=+0.0998
    lr: 0.000548
    train_ema: Pose=0.6606, BalAcc=0.7408, PR=0.4947, Rneg=0.5429, Rpos=0.9387, MAE=0.5822, RMSE=0.7931, r=0.9251, Cidx=0.8865
------------------------------------------------------------------------------
  [Test Results  epoch 96]
  Pose=0.6622 | Aff=0.7658 | BalAcc=0.7483 | Rneg=0.5464 | Rpos=0.9502 | PR=0.4867 | MCC=0.3396 | MAE=1.1240 | RMSE=1.4380 | r=0.7543 | rho=0.7391 | Cidx=0.7834 | EF1=2.2080 | EF5=2.7917 | S@1=1.0000 | S@5=1.0000 | S@10=1.0000 | Acc=0.6009
  ΔPose=-0.0702 | ΔAff=+0.0444 | ΔBalAcc=+0.0551 | ΔRneg=+0.1327 | ΔRpos=-0.0225 | ΔPR=-0.0202 | ΔMCC=+0.0648 | ΔMAE=+0.0745 | ΔRMSE=+0.0368 | Δr=-0.0162 | Δrho=-0.0136 | ΔCidx=-0.0005 | ΔEF1=-1.5771 | ΔEF5=-0.2888 | ΔAcc=+0.1117
    test_ema: Pose=0.6789, BalAcc=0.7311, PR=0.4988, Rneg=0.5102, Rpos=0.9520, MAE=1.1191, RMSE=1.4581, r=0.7549, Cidx=0.7792
------------------------------------------------------------------------------
  [Train Results  epoch 98]  epoch_t=61.38s  total_t=6031s
  Pose=0.6831 | Aff=0.2395 | BalAcc=0.7335 | Rneg=0.4988 | Rpos=0.9682 | PR=0.5082 | MCC=0.3105 | MAE=0.4916 | RMSE=0.7000 | r=0.9403 | rho=0.9445 | Cidx=0.9025 | EF1=2.8328 | EF5=1.8998 | S@1=1.0000 | S@5=1.0000 | S@10=1.0000 | Acc=0.5572
  ΔPose=+0.0450 | ΔAff=-0.0657 | ΔBalAcc=-0.0234 | ΔRneg=-0.0807 | ΔRpos=+0.0339 | ΔPR=+0.0165 | ΔMCC=-0.0289 | ΔMAE=-0.1017 | ΔRMSE=-0.0957 | Δr=+0.0173 | Δrho=+0.0185 | ΔCidx=+0.0208 | ΔEF1=-0.2189 | ΔEF5=+0.1418 | ΔAcc=-0.0664
    lr: 0.000532
    train_ema: Pose=0.6674, BalAcc=0.7386, PR=0.4988, Rneg=0.5297, Rpos=0.9475, MAE=0.5550, RMSE=0.7651, r=0.9297, Cidx=0.8913
------------------------------------------------------------------------------
  [Test Results  epoch 98]
  Pose=0.6977 | Aff=0.7684 | BalAcc=0.7238 | Rneg=0.4814 | Rpos=0.9663 | PR=0.5028 | MCC=0.3097 | MAE=1.1112 | RMSE=1.4576 | r=0.7567 | rho=0.7378 | Cidx=0.7804 | EF1=3.4697 | EF5=2.9843 | S@1=0.0000 | S@5=1.0000 | S@10=1.0000 | Acc=0.5468
  ΔPose=+0.0355 | ΔAff=+0.0026 | ΔBalAcc=-0.0245 | ΔRneg=-0.0651 | ΔRpos=+0.0161 | ΔPR=+0.0161 | ΔMCC=-0.0299 | ΔMAE=-0.0129 | ΔRMSE=+0.0196 | Δr=+0.0024 | Δrho=-0.0012 | ΔCidx=-0.0030 | ΔEF1=+1.2617 | ΔEF5=+0.1925 | ΔS@1=-1.0000 | ΔAcc=-0.0541
    test_ema: Pose=0.6845, BalAcc=0.7289, PR=0.5000, Rneg=0.5016, Rpos=0.9563, MAE=1.1167, RMSE=1.4580, r=0.7554, Cidx=0.7795
------------------------------------------------------------------------------
  [Train Results  epoch 100]  epoch_t=61.61s  total_t=6154s
  Pose=0.5182 | Aff=0.2888 | BalAcc=0.7963 | Rneg=0.7543 | Rpos=0.8384 | PR=0.4975 | MCC=0.4196 | MAE=0.5629 | RMSE=0.7827 | r=0.9247 | rho=0.9283 | Cidx=0.8917 | EF1=2.4723 | EF5=1.7374 | S@1=0.0000 | S@5=1.0000 | S@10=1.0000 | Acc=0.7648
  ΔPose=-0.1649 | ΔAff=+0.0493 | ΔBalAcc=+0.0629 | ΔRneg=+0.2555 | ΔRpos=-0.1298 | ΔPR=-0.0107 | ΔMCC=+0.1091 | ΔMAE=+0.0713 | ΔRMSE=+0.0827 | Δr=-0.0155 | Δrho=-0.0162 | ΔCidx=-0.0108 | ΔEF1=-0.3605 | ΔEF5=-0.1624 | ΔS@1=-1.0000 | ΔAcc=+0.2076
    lr: 0.000516
    train_ema: Pose=0.6226, BalAcc=0.7559, PR=0.4984, Rneg=0.5971, Rpos=0.9148, MAE=0.5574, RMSE=0.7704, r=0.9282, Cidx=0.8914
------------------------------------------------------------------------------
  [Test Results  epoch 100]
  Pose=0.5284 | Aff=0.6703 | BalAcc=0.7871 | Rneg=0.7507 | Rpos=0.8234 | PR=0.5099 | MCC=0.4182 | MAE=1.0261 | RMSE=1.3240 | r=0.7987 | rho=0.7839 | Cidx=0.7990 | EF1=2.8388 | EF5=2.5350 | S@1=1.0000 | S@5=1.0000 | S@10=1.0000 | Acc=0.7605
  ΔPose=-0.1693 | ΔAff=-0.0981 | ΔBalAcc=+0.0632 | ΔRneg=+0.2693 | ΔRpos=-0.1429 | ΔPR=+0.0070 | ΔMCC=+0.1084 | ΔMAE=-0.0851 | ΔRMSE=-0.1336 | Δr=+0.0420 | Δrho=+0.0461 | ΔCidx=+0.0185 | ΔEF1=-0.6309 | ΔEF5=-0.4492 | ΔS@1=+1.0000 | ΔAcc=+0.2137
    test_ema: Pose=0.6377, BalAcc=0.7464, PR=0.5030, Rneg=0.5763, Rpos=0.9164, MAE=1.0896, RMSE=1.4178, r=0.7684, Cidx=0.7854
