--- GNINA TRAINING (5-Loss Pipeline): pafnucy ---

=== TARGET STATISTICS ===
  [DEBUG] Affinity target stats (N=7758):
    mean=6.318  std=2.047
    p01=2.310      p05=3.020      p25=4.712      p50=6.400      p75=7.800      p95=9.700      p99=11.200  
  [DEBUG] Pose sample stats: total=62335, valid=62335, ignored=0, bad=54577, good=7758
          valid ratio: bad=0.8755, good=0.1245
  [NORM] pK mean=6.318, std=2.047
  Pose prior init: disabled by --disable_pose_prior_init
  Pose prior init: skipped (no final 2-logit pose layer found)
  Using eager mode for pafnucy
  Model parameters: 7,994,753
  Optimizer: AdamW(lr=0.001, wd=0.01)
  Mixed-precision (AMP) enabled
  Loss (Pose): Focal(γ=2.0, α_good=0.75, α_bad=0.25); λ_pose=1.2, pose_scale=0.5, w_pose=0.85, w_aff=0.15, warmup_epochs=0, pose_only_epochs=4, class_norm=True, batch_balance=True
  Loss 1 (Regression): ConfidenceAware(scale=1.0)
  Loss 2 (Ranking): SoftProbabilistic(scale=0.05, τ=1.0, pairs=128)
  Loss 3 (DistAlign): scale=0.02
  Loss 4 (Anchor): scale=0.01
  Early stopping: composite = 0.500*C-index + 0.500*Balanced Accuracy (min_delta=0.0001, patience=25)
------------------------------------------------------------------------------
  [Train Results  epoch 2]  epoch_t=74.93s  total_t=151s
  Pose=0.8061 | Aff=12.8343 | BalAcc=0.5000 | Rneg=0.0000 | Rpos=1.0000 | PR=0.2504 | MCC=0.0000 | MAE=12.8683 | RMSE=13.0302 | r=-0.0800 | rho=-0.0704 | Cidx=0.4776 | EF1=0.3219 | EF5=0.4202 | S@1=0.0000 | S@5=0.0000 | S@10=0.0000 | Acc=0.1245
    lr: 0.001000
    train_ema: Pose=0.8061, BalAcc=0.5000, PR=0.2504, Rneg=0.0000, Rpos=1.0000, MAE=12.8683, RMSE=13.0302, r=-0.0800, Cidx=0.4776
------------------------------------------------------------------------------
  [Test Results  epoch 2]
  Pose=0.8030 | Aff=12.8328 | BalAcc=0.5000 | Rneg=0.0000 | Rpos=1.0000 | PR=0.2558 | MCC=0.0000 | MAE=12.8741 | RMSE=13.0583 | r=-0.1278 | rho=-0.1132 | Cidx=0.4582 | EF1=0.0000 | EF5=0.0642 | S@1=0.0000 | S@5=0.0000 | S@10=0.0000 | Acc=0.1349
    test_ema: Pose=0.8030, BalAcc=0.5000, PR=0.2558, Rneg=0.0000, Rpos=1.0000, MAE=12.8741, RMSE=13.0583, r=-0.1278, Cidx=0.4582
------------------------------------------------------------------------------
  [Train Results  epoch 4]  epoch_t=75.06s  total_t=301s
  Pose=0.8640 | Aff=13.0286 | BalAcc=0.5000 | Rneg=0.0000 | Rpos=1.0000 | PR=0.2543 | MCC=0.0000 | MAE=13.0612 | RMSE=13.2203 | r=0.0746 | rho=0.0891 | Cidx=0.5296 | EF1=1.6739 | EF5=1.4204 | S@1=0.0000 | S@5=0.0000 | S@10=0.0000 | Acc=0.1245
  ΔPose=+0.0579 | ΔAff=+0.1943 | ΔPR=+0.0039 | ΔMAE=+0.1929 | ΔRMSE=+0.1901 | Δr=+0.1546 | Δrho=+0.1595 | ΔCidx=+0.0520 | ΔEF1=+1.3520 | ΔEF5=+1.0002
    lr: 0.001000
    train_ema: Pose=0.8235, BalAcc=0.5000, PR=0.2516, Rneg=0.0000, Rpos=1.0000, MAE=12.9262, RMSE=13.0872, r=-0.0336, Cidx=0.4932
------------------------------------------------------------------------------
  [Test Results  epoch 4]
  Pose=0.8555 | Aff=13.0302 | BalAcc=0.5000 | Rneg=0.0000 | Rpos=1.0000 | PR=0.2785 | MCC=0.0000 | MAE=13.0659 | RMSE=13.2477 | r=-0.0936 | rho=-0.0577 | Cidx=0.4799 | EF1=1.2617 | EF5=1.7007 | S@1=0.0000 | S@5=1.0000 | S@10=1.0000 | Acc=0.1349
  ΔPose=+0.0525 | ΔAff=+0.1974 | ΔPR=+0.0228 | ΔMAE=+0.1918 | ΔRMSE=+0.1894 | Δr=+0.0343 | Δrho=+0.0555 | ΔCidx=+0.0218 | ΔEF1=+1.2617 | ΔEF5=+1.6365 | ΔS@5=+1.0000 | ΔS@10=+1.0000
    test_ema: Pose=0.8188, BalAcc=0.5000, PR=0.2626, Rneg=0.0000, Rpos=1.0000, MAE=12.9316, RMSE=13.1151, r=-0.1175, Cidx=0.4647
------------------------------------------------------------------------------
  [Train Results  epoch 6]  epoch_t=75.09s  total_t=451s
  Pose=0.8530 | Aff=1.3214 | BalAcc=0.5000 | Rneg=0.0000 | Rpos=1.0000 | PR=0.1432 | MCC=0.0000 | MAE=1.6761 | RMSE=2.0533 | r=0.5857 | rho=0.6015 | Cidx=0.7119 | EF1=1.7641 | EF5=1.2683 | S@1=0.0000 | S@5=0.0000 | S@10=0.0000 | Acc=0.1245
  ΔPose=-0.0110 | ΔAff=-11.7072 | ΔPR=-0.1111 | ΔMAE=-11.3850 | ΔRMSE=-11.1670 | Δr=+0.5111 | Δrho=+0.5124 | ΔCidx=+0.1823 | ΔEF1=+0.0901 | ΔEF5=-0.1521
    lr: 0.001000
    train_ema: Pose=0.8323, BalAcc=0.5000, PR=0.2191, Rneg=0.0000, Rpos=1.0000, MAE=9.5512, RMSE=9.7771, r=0.1522, Cidx=0.5588
------------------------------------------------------------------------------
  [Test Results  epoch 6]
  Pose=0.8483 | Aff=1.5583 | BalAcc=0.5000 | Rneg=0.0000 | Rpos=1.0000 | PR=0.1360 | MCC=0.0000 | MAE=1.9165 | RMSE=2.3361 | r=0.5583 | rho=0.5837 | Cidx=0.7028 | EF1=1.7348 | EF5=1.2194 | S@1=1.0000 | S@5=1.0000 | S@10=1.0000 | Acc=0.1349
  ΔPose=-0.0072 | ΔAff=-11.4719 | ΔPR=-0.1425 | ΔMAE=-11.1494 | ΔRMSE=-10.9116 | Δr=+0.6518 | Δrho=+0.6414 | ΔCidx=+0.2229 | ΔEF1=+0.4731 | ΔEF5=-0.4813 | ΔS@1=+1.0000
    test_ema: Pose=0.8277, BalAcc=0.5000, PR=0.2246, Rneg=0.0000, Rpos=1.0000, MAE=9.6271, RMSE=9.8814, r=0.0852, Cidx=0.5361
------------------------------------------------------------------------------
  [Train Results  epoch 8]  epoch_t=75.16s  total_t=601s
  Pose=0.8673 | Aff=0.9203 | BalAcc=0.5000 | Rneg=0.0000 | Rpos=1.0000 | PR=0.1688 | MCC=0.0000 | MAE=1.2828 | RMSE=1.6040 | r=0.6250 | rho=0.6318 | Cidx=0.7250 | EF1=1.5709 | EF5=1.3456 | S@1=1.0000 | S@5=1.0000 | S@10=1.0000 | Acc=0.1245
  ΔPose=+0.0143 | ΔAff=-0.4011 | ΔPR=+0.0257 | ΔMAE=-0.3933 | ΔRMSE=-0.4493 | Δr=+0.0393 | Δrho=+0.0303 | ΔCidx=+0.0131 | ΔEF1=-0.1931 | ΔEF5=+0.0773 | ΔS@1=+1.0000 | ΔS@5=+1.0000 | ΔS@10=+1.0000
    lr: 0.000999
    train_ema: Pose=0.8428, BalAcc=0.5000, PR=0.2040, Rneg=0.0000, Rpos=1.0000, MAE=7.0707, RMSE=7.3252, r=0.2940, Cidx=0.6087
------------------------------------------------------------------------------
  [Test Results  epoch 8]
  Pose=0.8623 | Aff=1.0765 | BalAcc=0.5000 | Rneg=0.0000 | Rpos=1.0000 | PR=0.1740 | MCC=0.0000 | MAE=1.4419 | RMSE=1.7979 | r=0.6141 | rho=0.6287 | Cidx=0.7198 | EF1=2.3657 | EF5=1.1231 | S@1=1.0000 | S@5=1.0000 | S@10=1.0000 | Acc=0.1349
  ΔPose=+0.0140 | ΔAff=-0.4817 | ΔPR=+0.0380 | ΔMAE=-0.4746 | ΔRMSE=-0.5382 | Δr=+0.0558 | Δrho=+0.0449 | ΔCidx=+0.0170 | ΔEF1=+0.6309 | ΔEF5=-0.0963
    test_ema: Pose=0.8381, BalAcc=0.5000, PR=0.2094, Rneg=0.0000, Rpos=1.0000, MAE=7.1715, RMSE=7.4563, r=0.2439, Cidx=0.5912
------------------------------------------------------------------------------
  [Train Results  epoch 10]  epoch_t=75.10s  total_t=752s
  Pose=0.8703 | Aff=0.8745 | BalAcc=0.5000 | Rneg=0.0000 | Rpos=1.0000 | PR=0.2010 | MCC=0.0000 | MAE=1.2353 | RMSE=1.5492 | r=0.6592 | rho=0.6664 | Cidx=0.7397 | EF1=1.9186 | EF5=1.4178 | S@1=0.0000 | S@5=1.0000 | S@10=1.0000 | Acc=0.1245
  ΔPose=+0.0030 | ΔAff=-0.0458 | ΔPR=+0.0322 | ΔMAE=-0.0476 | ΔRMSE=-0.0548 | Δr=+0.0341 | Δrho=+0.0347 | ΔCidx=+0.0147 | ΔEF1=+0.3477 | ΔEF5=+0.0722 | ΔS@1=-1.0000
    lr: 0.000998
    train_ema: Pose=0.8510, BalAcc=0.5000, PR=0.2031, Rneg=0.0000, Rpos=1.0000, MAE=5.3200, RMSE=5.5924, r=0.4036, Cidx=0.6480
------------------------------------------------------------------------------
  [Test Results  epoch 10]
  Pose=0.8642 | Aff=1.0173 | BalAcc=0.5000 | Rneg=0.0000 | Rpos=1.0000 | PR=0.2195 | MCC=0.0000 | MAE=1.3934 | RMSE=1.7259 | r=0.6387 | rho=0.6435 | Cidx=0.7264 | EF1=1.7348 | EF5=1.2515 | S@1=0.0000 | S@5=1.0000 | S@10=1.0000 | Acc=0.1349
  ΔPose=+0.0019 | ΔAff=-0.0592 | ΔPR=+0.0456 | ΔMAE=-0.0484 | ΔRMSE=-0.0720 | Δr=+0.0246 | Δrho=+0.0148 | ΔCidx=+0.0066 | ΔEF1=-0.6309 | ΔEF5=+0.1284 | ΔS@1=-1.0000
    test_ema: Pose=0.8459, BalAcc=0.5000, PR=0.2125, Rneg=0.0000, Rpos=1.0000, MAE=5.4381, RMSE=5.7372, r=0.3623, Cidx=0.6318
------------------------------------------------------------------------------
  [Train Results  epoch 12]  epoch_t=75.31s  total_t=902s
  Pose=0.8444 | Aff=0.8416 | BalAcc=0.5000 | Rneg=0.0000 | Rpos=1.0000 | PR=0.1969 | MCC=0.0000 | MAE=1.2042 | RMSE=1.5115 | r=0.6752 | rho=0.6807 | Cidx=0.7484 | EF1=1.7641 | EF5=1.4461 | S@1=0.0000 | S@5=0.0000 | S@10=1.0000 | Acc=0.1245
  ΔPose=-0.0258 | ΔAff=-0.0329 | ΔPR=-0.0041 | ΔMAE=-0.0310 | ΔRMSE=-0.0377 | Δr=+0.0161 | Δrho=+0.0142 | ΔCidx=+0.0087 | ΔEF1=-0.1545 | ΔEF5=+0.0284 | ΔS@5=-1.0000
    lr: 0.000996
    train_ema: Pose=0.8491, BalAcc=0.5000, PR=0.2012, Rneg=0.0000, Rpos=1.0000, MAE=4.0853, RMSE=4.3681, r=0.4851, Cidx=0.6781
------------------------------------------------------------------------------
  [Test Results  epoch 12]
  Pose=0.8398 | Aff=1.0188 | BalAcc=0.5000 | Rneg=0.0000 | Rpos=1.0000 | PR=0.2589 | MCC=0.0000 | MAE=1.3894 | RMSE=1.7306 | r=0.6291 | rho=0.6222 | Cidx=0.7191 | EF1=1.5771 | EF5=1.2515 | S@1=1.0000 | S@5=1.0000 | S@10=1.0000 | Acc=0.1349
  ΔPose=-0.0244 | ΔAff=+0.0015 | ΔPR=+0.0394 | ΔMAE=-0.0040 | ΔRMSE=+0.0048 | Δr=-0.0096 | Δrho=-0.0212 | ΔCidx=-0.0073 | ΔEF1=-0.1577 | ΔS@1=+1.0000
    test_ema: Pose=0.8441, BalAcc=0.5000, PR=0.2264, Rneg=0.0000, Rpos=1.0000, MAE=4.2235, RMSE=4.5352, r=0.4424, Cidx=0.6580
------------------------------------------------------------------------------
  [Train Results  epoch 14]  epoch_t=75.06s  total_t=1052s
  Pose=0.8591 | Aff=0.8551 | BalAcc=0.5000 | Rneg=0.0000 | Rpos=1.0000 | PR=0.2364 | MCC=0.0000 | MAE=1.2123 | RMSE=1.5213 | r=0.6833 | rho=0.6908 | Cidx=0.7485 | EF1=1.4550 | EF5=1.2528 | S@1=1.0000 | S@5=1.0000 | S@10=1.0000 | Acc=0.1245
  ΔPose=+0.0147 | ΔAff=+0.0135 | ΔPR=+0.0395 | ΔMAE=+0.0080 | ΔRMSE=+0.0098 | Δr=+0.0080 | Δrho=+0.0101 | ΔCidx=+0.0001 | ΔEF1=-0.3090 | ΔEF5=-0.1933 | ΔS@1=+1.0000 | ΔS@5=+1.0000
    lr: 0.000994
    train_ema: Pose=0.8521, BalAcc=0.5000, PR=0.2118, Rneg=0.0000, Rpos=1.0000, MAE=3.2234, RMSE=3.5141, r=0.5445, Cidx=0.6992
------------------------------------------------------------------------------
  [Test Results  epoch 14]
  Pose=0.8539 | Aff=0.9646 | BalAcc=0.5000 | Rneg=0.0000 | Rpos=1.0000 | PR=0.2872 | MCC=0.0000 | MAE=1.3279 | RMSE=1.6744 | r=0.6777 | rho=0.6708 | Cidx=0.7420 | EF1=0.7886 | EF5=1.3477 | S@1=0.0000 | S@5=0.0000 | S@10=1.0000 | Acc=0.1349
  ΔPose=+0.0141 | ΔAff=-0.0543 | ΔPR=+0.0283 | ΔMAE=-0.0615 | ΔRMSE=-0.0562 | Δr=+0.0486 | Δrho=+0.0486 | ΔCidx=+0.0229 | ΔEF1=-0.7886 | ΔEF5=+0.0963 | ΔS@1=-1.0000 | ΔS@5=-1.0000
    test_ema: Pose=0.8470, BalAcc=0.5000, PR=0.2446, Rneg=0.0000, Rpos=1.0000, MAE=3.3548, RMSE=3.6770, r=0.5130, Cidx=0.6832
------------------------------------------------------------------------------
  [Train Results  epoch 16]  epoch_t=75.05s  total_t=1203s
  Pose=0.8223 | Aff=0.8787 | BalAcc=0.5002 | Rneg=0.0005 | Rpos=0.9999 | PR=0.2600 | MCC=0.0055 | MAE=1.2394 | RMSE=1.5398 | r=0.6844 | rho=0.6948 | Cidx=0.7505 | EF1=2.3178 | EF5=1.8251 | S@1=1.0000 | S@5=1.0000 | S@10=1.0000 | Acc=0.1249
  ΔPose=-0.0368 | ΔAff=+0.0236 | ΔBalAcc=+0.0002 | ΔRneg=+0.0005 | ΔRpos=-0.0001 | ΔPR=+0.0236 | ΔMCC=+0.0055 | ΔMAE=+0.0271 | ΔRMSE=+0.0185 | Δr=+0.0011 | Δrho=+0.0040 | ΔCidx=+0.0020 | ΔEF1=+0.8627 | ΔEF5=+0.5723 | ΔAcc=+0.0004
    lr: 0.000991
    train_ema: Pose=0.8431, BalAcc=0.5001, PR=0.2263, Rneg=0.0001, Rpos=1.0000, MAE=2.6282, RMSE=2.9218, r=0.5865, Cidx=0.7146
------------------------------------------------------------------------------
  [Test Results  epoch 16]
  Pose=0.8152 | Aff=0.9960 | BalAcc=0.5019 | Rneg=0.0038 | Rpos=1.0000 | PR=0.3202 | MCC=0.0225 | MAE=1.3762 | RMSE=1.6711 | r=0.6716 | rho=0.6680 | Cidx=0.7415 | EF1=1.5771 | EF5=2.1500 | S@1=0.0000 | S@5=0.0000 | S@10=0.0000 | Acc=0.1382
  ΔPose=-0.0387 | ΔAff=+0.0314 | ΔBalAcc=+0.0019 | ΔRneg=+0.0038 | ΔPR=+0.0330 | ΔMCC=+0.0225 | ΔMAE=+0.0483 | ΔRMSE=-0.0033 | Δr=-0.0062 | Δrho=-0.0028 | ΔCidx=-0.0005 | ΔEF1=+0.7886 | ΔEF5=+0.8022 | ΔS@10=-1.0000 | ΔAcc=+0.0032
    test_ema: Pose=0.8375, BalAcc=0.5006, PR=0.2673, Rneg=0.0011, Rpos=1.0000, MAE=2.7612, RMSE=3.0752, r=0.5606, Cidx=0.7007
------------------------------------------------------------------------------
  [Train Results  epoch 18]  epoch_t=75.09s  total_t=1353s
  Pose=0.7842 | Aff=0.8150 | BalAcc=0.5468 | Rneg=0.1145 | Rpos=0.9791 | PR=0.2979 | MCC=0.1017 | MAE=1.1733 | RMSE=1.4767 | r=0.6988 | rho=0.7073 | Cidx=0.7548 | EF1=2.4079 | EF5=1.7039 | S@1=0.0000 | S@5=0.0000 | S@10=1.0000 | Acc=0.2221
  ΔPose=-0.0381 | ΔAff=-0.0637 | ΔBalAcc=+0.0466 | ΔRneg=+0.1140 | ΔRpos=-0.0208 | ΔPR=+0.0378 | ΔMCC=+0.0962 | ΔMAE=-0.0661 | ΔRMSE=-0.0631 | Δr=+0.0144 | Δrho=+0.0125 | ΔCidx=+0.0044 | ΔEF1=+0.0901 | ΔEF5=-0.1212 | ΔS@1=-1.0000 | ΔS@5=-1.0000 | ΔAcc=+0.0972
    lr: 0.000987
    train_ema: Pose=0.8255, BalAcc=0.5141, PR=0.2477, Rneg=0.0344, Rpos=0.9937, MAE=2.1917, RMSE=2.4883, r=0.6202, Cidx=0.7267
------------------------------------------------------------------------------
  [Test Results  epoch 18]
  Pose=0.7844 | Aff=0.9147 | BalAcc=0.5469 | Rneg=0.1099 | Rpos=0.9839 | PR=0.3270 | MCC=0.1082 | MAE=1.2939 | RMSE=1.5877 | r=0.6948 | rho=0.6895 | Cidx=0.7515 | EF1=2.3657 | EF5=1.4119 | S@1=0.0000 | S@5=1.0000 | S@10=1.0000 | Acc=0.2278
  ΔPose=-0.0309 | ΔAff=-0.0812 | ΔBalAcc=+0.0450 | ΔRneg=+0.1061 | ΔRpos=-0.0161 | ΔPR=+0.0068 | ΔMCC=+0.0857 | ΔMAE=-0.0823 | ΔRMSE=-0.0834 | Δr=+0.0232 | Δrho=+0.0215 | ΔCidx=+0.0100 | ΔEF1=+0.7886 | ΔEF5=-0.7380 | ΔS@5=+1.0000 | ΔS@10=+1.0000 | ΔAcc=+0.0896
    test_ema: Pose=0.8216, BalAcc=0.5145, PR=0.2852, Rneg=0.0338, Rpos=0.9952, MAE=2.3210, RMSE=2.6290, r=0.6008, Cidx=0.7159
------------------------------------------------------------------------------
  [Train Results  epoch 20]  epoch_t=74.98s  total_t=1503s
  Pose=0.8816 | Aff=0.8608 | BalAcc=0.5017 | Rneg=0.0040 | Rpos=0.9995 | PR=0.2998 | MCC=0.0193 | MAE=1.2198 | RMSE=1.5212 | r=0.6962 | rho=0.7024 | Cidx=0.7544 | EF1=1.6096 | EF5=1.5132 | S@1=0.0000 | S@5=1.0000 | S@10=1.0000 | Acc=0.1279
  ΔPose=+0.0974 | ΔAff=+0.0458 | ΔBalAcc=-0.0450 | ΔRneg=-0.1104 | ΔRpos=+0.0204 | ΔPR=+0.0020 | ΔMCC=-0.0824 | ΔMAE=+0.0465 | ΔRMSE=+0.0445 | Δr=-0.0026 | Δrho=-0.0049 | ΔCidx=-0.0004 | ΔEF1=-0.7983 | ΔEF5=-0.1908 | ΔS@5=+1.0000 | ΔAcc=-0.0942
    lr: 0.000984
    train_ema: Pose=0.8423, BalAcc=0.5104, PR=0.2634, Rneg=0.0253, Rpos=0.9954, MAE=1.9001, RMSE=2.1981, r=0.6430, Cidx=0.7350
------------------------------------------------------------------------------
  [Test Results  epoch 20]
  Pose=0.8697 | Aff=1.0122 | BalAcc=0.5059 | Rneg=0.0118 | Rpos=1.0000 | PR=0.3450 | MCC=0.0400 | MAE=1.3686 | RMSE=1.7043 | r=0.6864 | rho=0.6869 | Cidx=0.7493 | EF1=1.1040 | EF5=1.8612 | S@1=1.0000 | S@5=1.0000 | S@10=1.0000 | Acc=0.1451
  ΔPose=+0.0853 | ΔAff=+0.0975 | ΔBalAcc=-0.0410 | ΔRneg=-0.0981 | ΔRpos=+0.0161 | ΔPR=+0.0180 | ΔMCC=-0.0682 | ΔMAE=+0.0747 | ΔRMSE=+0.1166 | Δr=-0.0084 | Δrho=-0.0026 | ΔCidx=-0.0022 | ΔEF1=-1.2617 | ΔEF5=+0.4492 | ΔS@1=+1.0000 | ΔAcc=-0.0827
    test_ema: Pose=0.8360, BalAcc=0.5119, PR=0.3031, Rneg=0.0272, Rpos=0.9966, MAE=2.0353, RMSE=2.3516, r=0.6265, Cidx=0.7260
------------------------------------------------------------------------------
  [Train Results  epoch 22]  epoch_t=75.28s  total_t=1653s
  Pose=0.8059 | Aff=0.8135 | BalAcc=0.5871 | Rneg=0.2003 | Rpos=0.9738 | PR=0.3243 | MCC=0.1501 | MAE=1.1686 | RMSE=1.4810 | r=0.7033 | rho=0.7088 | Cidx=0.7582 | EF1=1.7512 | EF5=1.4100 | S@1=0.0000 | S@5=1.0000 | S@10=1.0000 | Acc=0.2966
  ΔPose=-0.0757 | ΔAff=-0.0474 | ΔBalAcc=+0.0853 | ΔRneg=+0.1963 | ΔRpos=-0.0257 | ΔPR=+0.0244 | ΔMCC=+0.1307 | ΔMAE=-0.0512 | ΔRMSE=-0.0402 | Δr=+0.0071 | Δrho=+0.0064 | ΔCidx=+0.0038 | ΔEF1=+0.1416 | ΔEF5=-0.1031 | ΔAcc=+0.1687
    lr: 0.000979
    train_ema: Pose=0.8314, BalAcc=0.5334, PR=0.2816, Rneg=0.0778, Rpos=0.9890, MAE=1.6807, RMSE=1.9830, r=0.6610, Cidx=0.7420
------------------------------------------------------------------------------
  [Test Results  epoch 22]
  Pose=0.7896 | Aff=0.9206 | BalAcc=0.5900 | Rneg=0.2073 | Rpos=0.9727 | PR=0.3948 | MCC=0.1590 | MAE=1.2698 | RMSE=1.6230 | r=0.6958 | rho=0.6865 | Cidx=0.7528 | EF1=1.5771 | EF5=1.3156 | S@1=0.0000 | S@5=1.0000 | S@10=1.0000 | Acc=0.3105
  ΔPose=-0.0802 | ΔAff=-0.0917 | ΔBalAcc=+0.0841 | ΔRneg=+0.1955 | ΔRpos=-0.0273 | ΔPR=+0.0498 | ΔMCC=+0.1190 | ΔMAE=-0.0987 | ΔRMSE=-0.0813 | Δr=+0.0094 | Δrho=-0.0003 | ΔCidx=+0.0035 | ΔEF1=+0.4731 | ΔEF5=-0.5455 | ΔS@1=-1.0000 | ΔAcc=+0.1654
    test_ema: Pose=0.8221, BalAcc=0.5353, PR=0.3306, Rneg=0.0812, Rpos=0.9895, MAE=1.8057, RMSE=2.1330, r=0.6473, Cidx=0.7340
------------------------------------------------------------------------------
  [Train Results  epoch 24]  epoch_t=75.23s  total_t=1804s
  Pose=0.7751 | Aff=0.9228 | BalAcc=0.6383 | Rneg=0.3411 | Rpos=0.9356 | PR=0.3361 | MCC=0.1980 | MAE=1.2802 | RMSE=1.6087 | r=0.6979 | rho=0.7074 | Cidx=0.7539 | EF1=1.3778 | EF5=1.3585 | S@1=0.0000 | S@5=1.0000 | S@10=1.0000 | Acc=0.4151
  ΔPose=-0.0308 | ΔAff=+0.1093 | ΔBalAcc=+0.0512 | ΔRneg=+0.1408 | ΔRpos=-0.0383 | ΔPR=+0.0119 | ΔMCC=+0.0480 | ΔMAE=+0.1116 | ΔRMSE=+0.1277 | Δr=-0.0053 | Δrho=-0.0014 | ΔCidx=-0.0043 | ΔEF1=-0.3734 | ΔEF5=-0.0516 | ΔAcc=+0.1185
    lr: 0.000975
    train_ema: Pose=0.8145, BalAcc=0.5649, PR=0.2980, Rneg=0.1568, Rpos=0.9729, MAE=1.5605, RMSE=1.8707, r=0.6721, Cidx=0.7455
------------------------------------------------------------------------------
  [Test Results  epoch 24]
  Pose=0.7630 | Aff=1.0784 | BalAcc=0.6537 | Rneg=0.3539 | Rpos=0.9535 | PR=0.3703 | MCC=0.2266 | MAE=1.4307 | RMSE=1.7964 | r=0.6962 | rho=0.6914 | Cidx=0.7484 | EF1=1.4194 | EF5=1.4119 | S@1=0.0000 | S@5=1.0000 | S@10=1.0000 | Acc=0.4348
  ΔPose=-0.0265 | ΔAff=+0.1578 | ΔBalAcc=+0.0637 | ΔRneg=+0.1467 | ΔRpos=-0.0193 | ΔPR=-0.0245 | ΔMCC=+0.0676 | ΔMAE=+0.1609 | ΔRMSE=+0.1734 | Δr=+0.0004 | Δrho=+0.0048 | ΔCidx=-0.0044 | ΔEF1=-0.1577 | ΔEF5=+0.0963 | ΔAcc=+0.1243
    test_ema: Pose=0.8044, BalAcc=0.5708, PR=0.3425, Rneg=0.1630, Rpos=0.9787, MAE=1.6932, RMSE=2.0320, r=0.6620, Cidx=0.7383
------------------------------------------------------------------------------
  [Train Results  epoch 26]  epoch_t=75.17s  total_t=1954s
  Pose=0.8036 | Aff=0.8090 | BalAcc=0.6152 | Rneg=0.2601 | Rpos=0.9702 | PR=0.3517 | MCC=0.1803 | MAE=1.1661 | RMSE=1.4651 | r=0.7121 | rho=0.7174 | Cidx=0.7609 | EF1=2.2276 | EF5=1.4951 | S@1=0.0000 | S@5=1.0000 | S@10=1.0000 | Acc=0.3485
  ΔPose=+0.0284 | ΔAff=-0.1137 | ΔBalAcc=-0.0231 | ΔRneg=-0.0810 | ΔRpos=+0.0347 | ΔPR=+0.0156 | ΔMCC=-0.0178 | ΔMAE=-0.1141 | ΔRMSE=-0.1437 | Δr=+0.0142 | Δrho=+0.0099 | ΔCidx=+0.0070 | ΔEF1=+0.8498 | ΔEF5=+0.1366 | ΔAcc=-0.0666
    lr: 0.000969
    train_ema: Pose=0.8112, BalAcc=0.5800, PR=0.3141, Rneg=0.1878, Rpos=0.9721, MAE=1.4422, RMSE=1.7490, r=0.6841, Cidx=0.7502
------------------------------------------------------------------------------
  [Test Results  epoch 26]
  Pose=0.7938 | Aff=0.9589 | BalAcc=0.6222 | Rneg=0.2748 | Rpos=0.9695 | PR=0.3874 | MCC=0.1949 | MAE=1.3174 | RMSE=1.6435 | r=0.6993 | rho=0.6944 | Cidx=0.7514 | EF1=2.2080 | EF5=1.7328 | S@1=0.0000 | S@5=1.0000 | S@10=1.0000 | Acc=0.3686
  ΔPose=+0.0308 | ΔAff=-0.1195 | ΔBalAcc=-0.0315 | ΔRneg=-0.0791 | ΔRpos=+0.0161 | ΔPR=+0.0171 | ΔMCC=-0.0316 | ΔMAE=-0.1134 | ΔRMSE=-0.1529 | Δr=+0.0031 | Δrho=+0.0030 | ΔCidx=+0.0030 | ΔEF1=+0.7886 | ΔEF5=+0.3209 | ΔAcc=-0.0663
    test_ema: Pose=0.8012, BalAcc=0.5862, PR=0.3560, Rneg=0.1966, Rpos=0.9759, MAE=1.5805, RMSE=1.9155, r=0.6732, Cidx=0.7423
------------------------------------------------------------------------------
  [Train Results  epoch 28]  epoch_t=75.08s  total_t=2105s
  Pose=0.7813 | Aff=0.8100 | BalAcc=0.6359 | Rneg=0.3149 | Rpos=0.9569 | PR=0.3777 | MCC=0.1996 | MAE=1.1665 | RMSE=1.4841 | r=0.7085 | rho=0.7185 | Cidx=0.7598 | EF1=2.1633 | EF5=1.5286 | S@1=0.0000 | S@5=1.0000 | S@10=1.0000 | Acc=0.3948
  ΔPose=-0.0222 | ΔAff=+0.0009 | ΔBalAcc=+0.0207 | ΔRneg=+0.0547 | ΔRpos=-0.0133 | ΔPR=+0.0260 | ΔMCC=+0.0193 | ΔMAE=+0.0004 | ΔRMSE=+0.0190 | Δr=-0.0036 | Δrho=+0.0011 | ΔCidx=-0.0011 | ΔEF1=-0.0644 | ΔEF5=+0.0335 | ΔAcc=+0.0463
    lr: 0.000963
    train_ema: Pose=0.8023, BalAcc=0.5967, PR=0.3332, Rneg=0.2259, Rpos=0.9676, MAE=1.3595, RMSE=1.6695, r=0.6914, Cidx=0.7531
------------------------------------------------------------------------------
  [Test Results  epoch 28]
  Pose=0.7803 | Aff=0.9241 | BalAcc=0.6339 | Rneg=0.2919 | Rpos=0.9759 | PR=0.4384 | MCC=0.2097 | MAE=1.2891 | RMSE=1.6061 | r=0.7134 | rho=0.7106 | Cidx=0.7580 | EF1=1.2617 | EF5=1.5403 | S@1=0.0000 | S@5=1.0000 | S@10=1.0000 | Acc=0.3841
  ΔPose=-0.0135 | ΔAff=-0.0348 | ΔBalAcc=+0.0117 | ΔRneg=+0.0170 | ΔRpos=+0.0064 | ΔPR=+0.0510 | ΔMCC=+0.0148 | ΔMAE=-0.0283 | ΔRMSE=-0.0374 | Δr=+0.0140 | Δrho=+0.0162 | ΔCidx=+0.0066 | ΔEF1=-0.9463 | ΔEF5=-0.1925 | ΔAcc=+0.0156
    test_ema: Pose=0.7949, BalAcc=0.6005, PR=0.3807, Rneg=0.2252, Rpos=0.9759, MAE=1.4930, RMSE=1.8227, r=0.6852, Cidx=0.7470
------------------------------------------------------------------------------
  [Train Results  epoch 30]  epoch_t=75.19s  total_t=2255s
  Pose=0.7782 | Aff=0.7838 | BalAcc=0.6616 | Rneg=0.3707 | Rpos=0.9526 | PR=0.3781 | MCC=0.2269 | MAE=1.1394 | RMSE=1.4437 | r=0.7158 | rho=0.7239 | Cidx=0.7622 | EF1=2.0345 | EF5=1.5879 | S@1=1.0000 | S@5=1.0000 | S@10=1.0000 | Acc=0.4431
  ΔPose=-0.0032 | ΔAff=-0.0262 | ΔBalAcc=+0.0257 | ΔRneg=+0.0558 | ΔRpos=-0.0044 | ΔPR=+0.0004 | ΔMCC=+0.0272 | ΔMAE=-0.0271 | ΔRMSE=-0.0404 | Δr=+0.0074 | Δrho=+0.0054 | ΔCidx=+0.0024 | ΔEF1=-0.1288 | ΔEF5=+0.0593 | ΔS@1=+1.0000 | ΔAcc=+0.0483
    lr: 0.000957
    train_ema: Pose=0.7950, BalAcc=0.6162, PR=0.3467, Rneg=0.2694, Rpos=0.9631, MAE=1.2935, RMSE=1.6018, r=0.6987, Cidx=0.7558
------------------------------------------------------------------------------
  [Test Results  epoch 30]
  Pose=0.7731 | Aff=0.8757 | BalAcc=0.6679 | Rneg=0.3662 | Rpos=0.9695 | PR=0.4220 | MCC=0.2457 | MAE=1.2490 | RMSE=1.5660 | r=0.7105 | rho=0.7074 | Cidx=0.7603 | EF1=1.7348 | EF5=1.6365 | S@1=0.0000 | S@5=1.0000 | S@10=1.0000 | Acc=0.4476
  ΔPose=-0.0073 | ΔAff=-0.0484 | ΔBalAcc=+0.0340 | ΔRneg=+0.0743 | ΔRpos=-0.0064 | ΔPR=-0.0165 | ΔMCC=+0.0360 | ΔMAE=-0.0401 | ΔRMSE=-0.0401 | Δr=-0.0028 | Δrho=-0.0031 | ΔCidx=+0.0023 | ΔEF1=+0.4731 | ΔEF5=+0.0963 | ΔAcc=+0.0634
    test_ema: Pose=0.7884, BalAcc=0.6207, PR=0.3931, Rneg=0.2675, Rpos=0.9740, MAE=1.4198, RMSE=1.7457, r=0.6928, Cidx=0.7510
------------------------------------------------------------------------------
  [Train Results  epoch 32]  epoch_t=75.14s  total_t=2405s
  Pose=0.7350 | Aff=0.8250 | BalAcc=0.6917 | Rneg=0.4406 | Rpos=0.9428 | PR=0.4105 | MCC=0.2591 | MAE=1.1791 | RMSE=1.4805 | r=0.7150 | rho=0.7237 | Cidx=0.7630 | EF1=3.7599 | EF5=1.9823 | S@1=0.0000 | S@5=1.0000 | S@10=1.0000 | Acc=0.5031
  ΔPose=-0.0432 | ΔAff=+0.0412 | ΔBalAcc=+0.0301 | ΔRneg=+0.0699 | ΔRpos=-0.0098 | ΔPR=+0.0324 | ΔMCC=+0.0323 | ΔMAE=+0.0397 | ΔRMSE=+0.0368 | Δr=-0.0009 | Δrho=-0.0002 | ΔCidx=+0.0008 | ΔEF1=+1.7255 | ΔEF5=+0.3944 | ΔS@1=-1.0000 | ΔAcc=+0.0600
    lr: 0.000950
    train_ema: Pose=0.7770, BalAcc=0.6389, PR=0.3658, Rneg=0.3207, Rpos=0.9570, MAE=1.2591, RMSE=1.5654, r=0.7036, Cidx=0.7580
------------------------------------------------------------------------------
  [Test Results  epoch 32]
  Pose=0.7225 | Aff=0.9612 | BalAcc=0.7050 | Rneg=0.4693 | Rpos=0.9406 | PR=0.4783 | MCC=0.2843 | MAE=1.3087 | RMSE=1.6463 | r=0.7203 | rho=0.7217 | Cidx=0.7628 | EF1=2.2080 | EF5=2.2462 | S@1=1.0000 | S@5=1.0000 | S@10=1.0000 | Acc=0.5329
  ΔPose=-0.0506 | ΔAff=+0.0855 | ΔBalAcc=+0.0371 | ΔRneg=+0.1031 | ΔRpos=-0.0289 | ΔPR=+0.0563 | ΔMCC=+0.0387 | ΔMAE=+0.0597 | ΔRMSE=+0.0803 | Δr=+0.0097 | Δrho=+0.0143 | ΔCidx=+0.0025 | ΔEF1=+0.4731 | ΔEF5=+0.6097 | ΔS@1=+1.0000 | ΔAcc=+0.0853
    test_ema: Pose=0.7686, BalAcc=0.6460, PR=0.4187, Rneg=0.3280, Rpos=0.9640, MAE=1.3865, RMSE=1.7158, r=0.7010, Cidx=0.7545
------------------------------------------------------------------------------
  [Train Results  epoch 34]  epoch_t=75.07s  total_t=2556s
  Pose=0.7607 | Aff=0.8486 | BalAcc=0.6735 | Rneg=0.3986 | Rpos=0.9483 | PR=0.4138 | MCC=0.2393 | MAE=1.2031 | RMSE=1.5076 | r=0.7078 | rho=0.7184 | Cidx=0.7610 | EF1=3.7084 | EF5=2.1112 | S@1=0.0000 | S@5=1.0000 | S@10=1.0000 | Acc=0.4671
  ΔPose=+0.0257 | ΔAff=+0.0236 | ΔBalAcc=-0.0182 | ΔRneg=-0.0420 | ΔRpos=+0.0055 | ΔPR=+0.0033 | ΔMCC=-0.0199 | ΔMAE=+0.0241 | ΔRMSE=+0.0271 | Δr=-0.0072 | Δrho=-0.0053 | ΔCidx=-0.0020 | ΔEF1=-0.0515 | ΔEF5=+0.1289 | ΔAcc=-0.0361
    lr: 0.000943
    train_ema: Pose=0.7721, BalAcc=0.6492, PR=0.3802, Rneg=0.3441, Rpos=0.9544, MAE=1.2423, RMSE=1.5481, r=0.7048, Cidx=0.7589
------------------------------------------------------------------------------
  [Test Results  epoch 34]
  Pose=0.7575 | Aff=1.0204 | BalAcc=0.6868 | Rneg=0.3977 | Rpos=0.9759 | PR=0.4402 | MCC=0.2681 | MAE=1.3797 | RMSE=1.7076 | r=0.7175 | rho=0.7213 | Cidx=0.7633 | EF1=2.8388 | EF5=2.6634 | S@1=1.0000 | S@5=1.0000 | S@10=1.0000 | Acc=0.4757
  ΔPose=+0.0350 | ΔAff=+0.0592 | ΔBalAcc=-0.0181 | ΔRneg=-0.0716 | ΔRpos=+0.0353 | ΔPR=-0.0381 | ΔMCC=-0.0162 | ΔMAE=+0.0710 | ΔRMSE=+0.0613 | Δr=-0.0028 | Δrho=-0.0004 | ΔCidx=+0.0006 | ΔEF1=+0.6309 | ΔEF5=+0.4172 | ΔAcc=-0.0572
    test_ema: Pose=0.7653, BalAcc=0.6583, PR=0.4251, Rneg=0.3489, Rpos=0.9676, MAE=1.3845, RMSE=1.7134, r=0.7060, Cidx=0.7572
------------------------------------------------------------------------------
  [Train Results  epoch 36]  epoch_t=75.22s  total_t=2706s
  Pose=0.7484 | Aff=0.8003 | BalAcc=0.6786 | Rneg=0.4037 | Rpos=0.9535 | PR=0.4109 | MCC=0.2458 | MAE=1.1555 | RMSE=1.4583 | r=0.7196 | rho=0.7257 | Cidx=0.7648 | EF1=3.0517 | EF5=1.7838 | S@1=0.0000 | S@5=1.0000 | S@10=1.0000 | Acc=0.4721
  ΔPose=-0.0123 | ΔAff=-0.0483 | ΔBalAcc=+0.0051 | ΔRneg=+0.0051 | ΔRpos=+0.0052 | ΔPR=-0.0029 | ΔMCC=+0.0065 | ΔMAE=-0.0476 | ΔRMSE=-0.0493 | Δr=+0.0118 | Δrho=+0.0073 | ΔCidx=+0.0038 | ΔEF1=-0.6567 | ΔEF5=-0.3274 | ΔAcc=+0.0051
    lr: 0.000936
    train_ema: Pose=0.7650, BalAcc=0.6581, PR=0.3894, Rneg=0.3620, Rpos=0.9541, MAE=1.2163, RMSE=1.5211, r=0.7093, Cidx=0.7606
------------------------------------------------------------------------------
  [Test Results  epoch 36]
  Pose=0.7333 | Aff=0.9478 | BalAcc=0.6968 | Rneg=0.4353 | Rpos=0.9583 | PR=0.4481 | MCC=0.2767 | MAE=1.2988 | RMSE=1.6419 | r=0.7078 | rho=0.7004 | Cidx=0.7543 | EF1=2.6811 | EF5=2.1500 | S@1=1.0000 | S@5=1.0000 | S@10=1.0000 | Acc=0.5058
  ΔPose=-0.0242 | ΔAff=-0.0726 | ΔBalAcc=+0.0099 | ΔRneg=+0.0375 | ΔRpos=-0.0177 | ΔPR=+0.0079 | ΔMCC=+0.0086 | ΔMAE=-0.0808 | ΔRMSE=-0.0657 | Δr=-0.0097 | Δrho=-0.0209 | ΔCidx=-0.0091 | ΔEF1=-0.1577 | ΔEF5=-0.5134 | ΔAcc=+0.0301
    test_ema: Pose=0.7557, BalAcc=0.6698, PR=0.4320, Rneg=0.3748, Rpos=0.9648, MAE=1.3588, RMSE=1.6919, r=0.7065, Cidx=0.7563
------------------------------------------------------------------------------
  [Train Results  epoch 38]  epoch_t=75.21s  total_t=2856s
  Pose=0.7934 | Aff=0.7638 | BalAcc=0.6579 | Rneg=0.3450 | Rpos=0.9709 | PR=0.4359 | MCC=0.2263 | MAE=1.1207 | RMSE=1.4143 | r=0.7243 | rho=0.7281 | Cidx=0.7691 | EF1=3.5925 | EF5=1.7632 | S@1=0.0000 | S@5=1.0000 | S@10=1.0000 | Acc=0.4229
  ΔPose=+0.0450 | ΔAff=-0.0365 | ΔBalAcc=-0.0207 | ΔRneg=-0.0587 | ΔRpos=+0.0174 | ΔPR=+0.0250 | ΔMCC=-0.0194 | ΔMAE=-0.0349 | ΔRMSE=-0.0439 | Δr=+0.0047 | Δrho=+0.0024 | ΔCidx=+0.0043 | ΔEF1=+0.5408 | ΔEF5=-0.0206 | ΔAcc=-0.0493
    lr: 0.000928
    train_ema: Pose=0.7735, BalAcc=0.6580, PR=0.4034, Rneg=0.3569, Rpos=0.9591, MAE=1.1876, RMSE=1.4891, r=0.7138, Cidx=0.7632
------------------------------------------------------------------------------
  [Test Results  epoch 38]
  Pose=0.7889 | Aff=0.9034 | BalAcc=0.6585 | Rneg=0.3427 | Rpos=0.9743 | PR=0.4863 | MCC=0.2363 | MAE=1.2712 | RMSE=1.5843 | r=0.7094 | rho=0.6960 | Cidx=0.7564 | EF1=2.3657 | EF5=2.2141 | S@1=1.0000 | S@5=1.0000 | S@10=1.0000 | Acc=0.4279
  ΔPose=+0.0556 | ΔAff=-0.0444 | ΔBalAcc=-0.0383 | ΔRneg=-0.0926 | ΔRpos=+0.0161 | ΔPR=+0.0383 | ΔMCC=-0.0404 | ΔMAE=-0.0276 | ΔRMSE=-0.0576 | Δr=+0.0016 | Δrho=-0.0044 | ΔCidx=+0.0021 | ΔEF1=-0.3154 | ΔEF5=+0.0642 | ΔAcc=-0.0780
    test_ema: Pose=0.7656, BalAcc=0.6664, PR=0.4483, Rneg=0.3652, Rpos=0.9676, MAE=1.3325, RMSE=1.6596, r=0.7074, Cidx=0.7563
------------------------------------------------------------------------------
  [Train Results  epoch 40]  epoch_t=75.28s  total_t=3007s
  Pose=0.6936 | Aff=0.7812 | BalAcc=0.7230 | Rneg=0.5144 | Rpos=0.9316 | PR=0.4550 | MCC=0.2954 | MAE=1.1375 | RMSE=1.4283 | r=0.7184 | rho=0.7213 | Cidx=0.7626 | EF1=3.6183 | EF5=1.7116 | S@1=0.0000 | S@5=1.0000 | S@10=1.0000 | Acc=0.5663
  ΔPose=-0.0998 | ΔAff=+0.0175 | ΔBalAcc=+0.0650 | ΔRneg=+0.1694 | ΔRpos=-0.0393 | ΔPR=+0.0192 | ΔMCC=+0.0691 | ΔMAE=+0.0168 | ΔRMSE=+0.0140 | Δr=-0.0059 | Δrho=-0.0068 | ΔCidx=-0.0065 | ΔEF1=+0.0258 | ΔEF5=-0.0516 | ΔAcc=+0.1434
    lr: 0.000919
    train_ema: Pose=0.7496, BalAcc=0.6775, PR=0.4189, Rneg=0.4041, Rpos=0.9509, MAE=1.1726, RMSE=1.4709, r=0.7152, Cidx=0.7630
------------------------------------------------------------------------------
  [Test Results  epoch 40]
  Pose=0.6802 | Aff=0.8717 | BalAcc=0.7439 | Rneg=0.5537 | Rpos=0.9342 | PR=0.5091 | MCC=0.3334 | MAE=1.2400 | RMSE=1.5461 | r=0.7250 | rho=0.7208 | Cidx=0.7657 | EF1=2.5234 | EF5=1.9253 | S@1=1.0000 | S@5=1.0000 | S@10=1.0000 | Acc=0.6050
  ΔPose=-0.1087 | ΔAff=-0.0317 | ΔBalAcc=+0.0854 | ΔRneg=+0.2110 | ΔRpos=-0.0401 | ΔPR=+0.0228 | ΔMCC=+0.0971 | ΔMAE=-0.0312 | ΔRMSE=-0.0382 | Δr=+0.0157 | Δrho=+0.0247 | ΔCidx=+0.0092 | ΔEF1=+0.1577 | ΔEF5=-0.2888 | ΔAcc=+0.1771
    test_ema: Pose=0.7400, BalAcc=0.6897, PR=0.4666, Rneg=0.4217, Rpos=0.9576, MAE=1.3048, RMSE=1.6256, r=0.7127, Cidx=0.7591
------------------------------------------------------------------------------
  [Train Results  epoch 42]  epoch_t=75.20s  total_t=3157s
  Pose=0.7267 | Aff=0.7818 | BalAcc=0.6977 | Rneg=0.4451 | Rpos=0.9504 | PR=0.4283 | MCC=0.2669 | MAE=1.1367 | RMSE=1.4341 | r=0.7302 | rho=0.7338 | Cidx=0.7693 | EF1=4.3523 | EF5=2.2014 | S@1=1.0000 | S@5=1.0000 | S@10=1.0000 | Acc=0.5080
  ΔPose=+0.0331 | ΔAff=+0.0006 | ΔBalAcc=-0.0252 | ΔRneg=-0.0693 | ΔRpos=+0.0188 | ΔPR=-0.0267 | ΔMCC=-0.0285 | ΔMAE=-0.0007 | ΔRMSE=+0.0058 | Δr=+0.0118 | Δrho=+0.0125 | ΔCidx=+0.0067 | ΔEF1=+0.7340 | ΔEF5=+0.4898 | ΔS@1=+1.0000 | ΔAcc=-0.0583
    lr: 0.000910
    train_ema: Pose=0.7427, BalAcc=0.6836, PR=0.4217, Rneg=0.4164, Rpos=0.9507, MAE=1.1618, RMSE=1.4598, r=0.7197, Cidx=0.7649
------------------------------------------------------------------------------
  [Test Results  epoch 42]
  Pose=0.7214 | Aff=0.9104 | BalAcc=0.7053 | Rneg=0.4556 | Rpos=0.9551 | PR=0.4845 | MCC=0.2863 | MAE=1.2670 | RMSE=1.5933 | r=0.7243 | rho=0.7226 | Cidx=0.7650 | EF1=2.5234 | EF5=2.8238 | S@1=1.0000 | S@5=1.0000 | S@10=1.0000 | Acc=0.5230
  ΔPose=+0.0412 | ΔAff=+0.0387 | ΔBalAcc=-0.0386 | ΔRneg=-0.0981 | ΔRpos=+0.0209 | ΔPR=-0.0246 | ΔMCC=-0.0471 | ΔMAE=+0.0270 | ΔRMSE=+0.0471 | Δr=-0.0007 | Δrho=+0.0018 | ΔCidx=-0.0007 | ΔEF5=+0.8985 | ΔAcc=-0.0821
    test_ema: Pose=0.7344, BalAcc=0.6944, PR=0.4719, Rneg=0.4319, Rpos=0.9568, MAE=1.2934, RMSE=1.6159, r=0.7161, Cidx=0.7609
------------------------------------------------------------------------------
  [Train Results  epoch 44]  epoch_t=75.12s  total_t=3308s
  Pose=0.7213 | Aff=0.7564 | BalAcc=0.7067 | Rneg=0.4658 | Rpos=0.9477 | PR=0.4273 | MCC=0.2771 | MAE=1.1148 | RMSE=1.4088 | r=0.7306 | rho=0.7350 | Cidx=0.7690 | EF1=4.3007 | EF5=2.1189 | S@1=0.0000 | S@5=1.0000 | S@10=1.0000 | Acc=0.5258
  ΔPose=-0.0054 | ΔAff=-0.0254 | ΔBalAcc=+0.0090 | ΔRneg=+0.0207 | ΔRpos=-0.0027 | ΔPR=-0.0011 | ΔMCC=+0.0101 | ΔMAE=-0.0219 | ΔRMSE=-0.0253 | Δr=+0.0004 | Δrho=+0.0013 | ΔCidx=-0.0003 | ΔEF1=-0.0515 | ΔEF5=-0.0825 | ΔS@1=-1.0000 | ΔAcc=+0.0178
    lr: 0.000901
    train_ema: Pose=0.7363, BalAcc=0.6905, PR=0.4234, Rneg=0.4312, Rpos=0.9498, MAE=1.1477, RMSE=1.4445, r=0.7230, Cidx=0.7661
------------------------------------------------------------------------------
  [Test Results  epoch 44]
  Pose=0.7123 | Aff=0.8661 | BalAcc=0.7144 | Rneg=0.4753 | Rpos=0.9535 | PR=0.4438 | MCC=0.2970 | MAE=1.2295 | RMSE=1.5450 | r=0.7263 | rho=0.7202 | Cidx=0.7681 | EF1=2.9966 | EF5=2.3425 | S@1=1.0000 | S@5=1.0000 | S@10=1.0000 | Acc=0.5398
  ΔPose=-0.0091 | ΔAff=-0.0443 | ΔBalAcc=+0.0091 | ΔRneg=+0.0198 | ΔRpos=-0.0016 | ΔPR=-0.0407 | ΔMCC=+0.0107 | ΔMAE=-0.0376 | ΔRMSE=-0.0483 | Δr=+0.0020 | Δrho=-0.0024 | ΔCidx=+0.0031 | ΔEF1=+0.4731 | ΔEF5=-0.4813 | ΔAcc=+0.0169
    test_ema: Pose=0.7278, BalAcc=0.7004, PR=0.4635, Rneg=0.4449, Rpos=0.9558, MAE=1.2742, RMSE=1.5946, r=0.7192, Cidx=0.7630
------------------------------------------------------------------------------
  [Train Results  epoch 46]  epoch_t=75.21s  total_t=3458s
  Pose=0.6540 | Aff=0.7488 | BalAcc=0.7545 | Rneg=0.6005 | Rpos=0.9085 | PR=0.4467 | MCC=0.3369 | MAE=1.1030 | RMSE=1.3974 | r=0.7354 | rho=0.7438 | Cidx=0.7732 | EF1=4.5196 | EF5=1.6833 | S@1=1.0000 | S@5=1.0000 | S@10=1.0000 | Acc=0.6388
  ΔPose=-0.0673 | ΔAff=-0.0076 | ΔBalAcc=+0.0478 | ΔRneg=+0.1347 | ΔRpos=-0.0392 | ΔPR=+0.0195 | ΔMCC=+0.0599 | ΔMAE=-0.0117 | ΔRMSE=-0.0114 | Δr=+0.0048 | Δrho=+0.0087 | ΔCidx=+0.0042 | ΔEF1=+0.2189 | ΔEF5=-0.4356 | ΔS@1=+1.0000 | ΔAcc=+0.1131
    lr: 0.000891
    train_ema: Pose=0.7116, BalAcc=0.7097, PR=0.4304, Rneg=0.4820, Rpos=0.9374, MAE=1.1343, RMSE=1.4304, r=0.7267, Cidx=0.7683
------------------------------------------------------------------------------
  [Test Results  epoch 46]
  Pose=0.6414 | Aff=0.9055 | BalAcc=0.7699 | Rneg=0.6313 | Rpos=0.9085 | PR=0.4738 | MCC=0.3714 | MAE=1.2756 | RMSE=1.5818 | r=0.7205 | rho=0.7181 | Cidx=0.7617 | EF1=2.6811 | EF5=2.1179 | S@1=1.0000 | S@5=1.0000 | S@10=1.0000 | Acc=0.6687
  ΔPose=-0.0710 | ΔAff=+0.0393 | ΔBalAcc=+0.0555 | ΔRneg=+0.1559 | ΔRpos=-0.0449 | ΔPR=+0.0300 | ΔMCC=+0.0743 | ΔMAE=+0.0461 | ΔRMSE=+0.0369 | Δr=-0.0058 | Δrho=-0.0021 | ΔCidx=-0.0064 | ΔEF1=-0.3154 | ΔEF5=-0.2246 | ΔAcc=+0.1288
    test_ema: Pose=0.7019, BalAcc=0.7212, PR=0.4666, Rneg=0.5008, Rpos=0.9416, MAE=1.2746, RMSE=1.5908, r=0.7196, Cidx=0.7626
------------------------------------------------------------------------------
  [Train Results  epoch 48]  epoch_t=75.05s  total_t=3608s
  Pose=0.6396 | Aff=0.7339 | BalAcc=0.7540 | Rneg=0.5985 | Rpos=0.9095 | PR=0.4526 | MCC=0.3362 | MAE=1.0890 | RMSE=1.3799 | r=0.7406 | rho=0.7447 | Cidx=0.7756 | EF1=4.3007 | EF5=1.8431 | S@1=1.0000 | S@5=1.0000 | S@10=1.0000 | Acc=0.6372
  ΔPose=-0.0144 | ΔAff=-0.0149 | ΔBalAcc=-0.0005 | ΔRneg=-0.0020 | ΔRpos=+0.0010 | ΔPR=+0.0059 | ΔMCC=-0.0007 | ΔMAE=-0.0140 | ΔRMSE=-0.0175 | Δr=+0.0051 | Δrho=+0.0009 | ΔCidx=+0.0023 | ΔEF1=-0.2189 | ΔEF5=+0.1598 | ΔAcc=-0.0016
    lr: 0.000881
    train_ema: Pose=0.6900, BalAcc=0.7230, PR=0.4371, Rneg=0.5170, Rpos=0.9290, MAE=1.1207, RMSE=1.4152, r=0.7309, Cidx=0.7705
------------------------------------------------------------------------------
  [Test Results  epoch 48]
  Pose=0.6277 | Aff=0.8920 | BalAcc=0.7612 | Rneg=0.6283 | Rpos=0.8941 | PR=0.4761 | MCC=0.3593 | MAE=1.2660 | RMSE=1.5597 | r=0.7126 | rho=0.7003 | Cidx=0.7525 | EF1=2.9966 | EF5=2.4708 | S@1=0.0000 | S@5=1.0000 | S@10=1.0000 | Acc=0.6641
  ΔPose=-0.0137 | ΔAff=-0.0134 | ΔBalAcc=-0.0087 | ΔRneg=-0.0030 | ΔRpos=-0.0144 | ΔPR=+0.0023 | ΔMCC=-0.0121 | ΔMAE=-0.0095 | ΔRMSE=-0.0221 | Δr=-0.0079 | Δrho=-0.0178 | ΔCidx=-0.0092 | ΔEF1=+0.3154 | ΔEF5=+0.3530 | ΔS@1=-1.0000 | ΔAcc=-0.0045
    test_ema: Pose=0.6796, BalAcc=0.7332, PR=0.4694, Rneg=0.5391, Rpos=0.9274, MAE=1.2721, RMSE=1.5815, r=0.7175, Cidx=0.7596
------------------------------------------------------------------------------
  [Train Results  epoch 50]  epoch_t=75.20s  total_t=3759s
  Pose=0.7404 | Aff=0.7290 | BalAcc=0.7020 | Rneg=0.4529 | Rpos=0.9511 | PR=0.4722 | MCC=0.2720 | MAE=1.0851 | RMSE=1.3853 | r=0.7405 | rho=0.7428 | Cidx=0.7751 | EF1=3.3221 | EF5=1.8612 | S@1=1.0000 | S@5=1.0000 | S@10=1.0000 | Acc=0.5149
  ΔPose=+0.1007 | ΔAff=-0.0049 | ΔBalAcc=-0.0520 | ΔRneg=-0.1456 | ΔRpos=+0.0416 | ΔPR=+0.0196 | ΔMCC=-0.0643 | ΔMAE=-0.0039 | ΔRMSE=+0.0054 | Δr=-0.0001 | Δrho=-0.0018 | ΔCidx=-0.0005 | ΔEF1=-0.9786 | ΔEF5=+0.0180 | ΔAcc=-0.1223
    lr: 0.000870
    train_ema: Pose=0.7051, BalAcc=0.7167, PR=0.4476, Rneg=0.4977, Rpos=0.9357, MAE=1.1100, RMSE=1.4062, r=0.7338, Cidx=0.7718
------------------------------------------------------------------------------
  [Test Results  epoch 50]
  Pose=0.7322 | Aff=0.8817 | BalAcc=0.7149 | Rneg=0.4748 | Rpos=0.9551 | PR=0.4856 | MCC=0.2979 | MAE=1.2578 | RMSE=1.5563 | r=0.7054 | rho=0.6866 | Cidx=0.7493 | EF1=2.3657 | EF5=2.1820 | S@1=0.0000 | S@5=1.0000 | S@10=1.0000 | Acc=0.5396
  ΔPose=+0.1046 | ΔAff=-0.0103 | ΔBalAcc=-0.0462 | ΔRneg=-0.1534 | ΔRpos=+0.0610 | ΔPR=+0.0095 | ΔMCC=-0.0614 | ΔMAE=-0.0083 | ΔRMSE=-0.0034 | Δr=-0.0072 | Δrho=-0.0137 | ΔCidx=-0.0032 | ΔEF1=-0.6309 | ΔEF5=-0.2888 | ΔAcc=-0.1245
    test_ema: Pose=0.6954, BalAcc=0.7277, PR=0.4743, Rneg=0.5198, Rpos=0.9357, MAE=1.2678, RMSE=1.5739, r=0.7138, Cidx=0.7565
------------------------------------------------------------------------------
  [Train Results  epoch 52]  epoch_t=75.06s  total_t=3909s
  Pose=0.6751 | Aff=0.7251 | BalAcc=0.7402 | Rneg=0.5607 | Rpos=0.9197 | PR=0.4780 | MCC=0.3172 | MAE=1.0786 | RMSE=1.3669 | r=0.7457 | rho=0.7491 | Cidx=0.7779 | EF1=4.5583 | EF5=2.1060 | S@1=1.0000 | S@5=1.0000 | S@10=1.0000 | Acc=0.6054
  ΔPose=-0.0653 | ΔAff=-0.0039 | ΔBalAcc=+0.0382 | ΔRneg=+0.1078 | ΔRpos=-0.0315 | ΔPR=+0.0058 | ΔMCC=+0.0452 | ΔMAE=-0.0064 | ΔRMSE=-0.0184 | Δr=+0.0051 | Δrho=+0.0063 | ΔCidx=+0.0028 | ΔEF1=+1.2361 | ΔEF5=+0.2449 | ΔAcc=+0.0905
    lr: 0.000859
    train_ema: Pose=0.6961, BalAcc=0.7238, PR=0.4567, Rneg=0.5166, Rpos=0.9309, MAE=1.1006, RMSE=1.3944, r=0.7373, Cidx=0.7737
------------------------------------------------------------------------------
  [Test Results  epoch 52]
  Pose=0.6530 | Aff=0.8530 | BalAcc=0.7645 | Rneg=0.6158 | Rpos=0.9133 | PR=0.5254 | MCC=0.3629 | MAE=1.2205 | RMSE=1.5282 | r=0.7293 | rho=0.7158 | Cidx=0.7632 | EF1=3.7851 | EF5=2.8238 | S@1=0.0000 | S@5=1.0000 | S@10=1.0000 | Acc=0.6559
  ΔPose=-0.0792 | ΔAff=-0.0288 | ΔBalAcc=+0.0496 | ΔRneg=+0.1409 | ΔRpos=-0.0417 | ΔPR=+0.0398 | ΔMCC=+0.0651 | ΔMAE=-0.0373 | ΔRMSE=-0.0281 | Δr=+0.0240 | Δrho=+0.0292 | ΔCidx=+0.0139 | ΔEF1=+1.4194 | ΔEF5=+0.6418 | ΔAcc=+0.1163
    test_ema: Pose=0.6827, BalAcc=0.7388, PR=0.4896, Rneg=0.5486, Rpos=0.9290, MAE=1.2536, RMSE=1.5602, r=0.7185, Cidx=0.7585
------------------------------------------------------------------------------
  [Train Results  epoch 54]  epoch_t=75.00s  total_t=4059s
  Pose=0.7098 | Aff=0.7338 | BalAcc=0.7225 | Rneg=0.4967 | Rpos=0.9483 | PR=0.4828 | MCC=0.2959 | MAE=1.0899 | RMSE=1.3789 | r=0.7413 | rho=0.7487 | Cidx=0.7762 | EF1=3.2706 | EF5=1.5312 | S@1=1.0000 | S@5=1.0000 | S@10=1.0000 | Acc=0.5529
  ΔPose=+0.0347 | ΔAff=+0.0088 | ΔBalAcc=-0.0177 | ΔRneg=-0.0639 | ΔRpos=+0.0286 | ΔPR=+0.0048 | ΔMCC=-0.0213 | ΔMAE=+0.0112 | ΔRMSE=+0.0120 | Δr=-0.0044 | Δrho=-0.0004 | ΔCidx=-0.0017 | ΔEF1=-1.2876 | ΔEF5=-0.5748 | ΔAcc=-0.0524
    lr: 0.000848
    train_ema: Pose=0.7002, BalAcc=0.7234, PR=0.4646, Rneg=0.5107, Rpos=0.9361, MAE=1.0974, RMSE=1.3898, r=0.7385, Cidx=0.7744
------------------------------------------------------------------------------
  [Test Results  epoch 54]
  Pose=0.7053 | Aff=0.8714 | BalAcc=0.7276 | Rneg=0.5129 | Rpos=0.9422 | PR=0.5181 | MCC=0.3124 | MAE=1.2340 | RMSE=1.5535 | r=0.7222 | rho=0.7162 | Cidx=0.7648 | EF1=2.6811 | EF5=2.1179 | S@1=1.0000 | S@5=1.0000 | S@10=1.0000 | Acc=0.5708
  ΔPose=+0.0523 | ΔAff=+0.0185 | ΔBalAcc=-0.0370 | ΔRneg=-0.1029 | ΔRpos=+0.0289 | ΔPR=-0.0073 | ΔMCC=-0.0505 | ΔMAE=+0.0136 | ΔRMSE=+0.0253 | Δr=-0.0072 | Δrho=+0.0005 | ΔCidx=+0.0017 | ΔEF1=-1.1040 | ΔEF5=-0.7060 | ΔS@1=+1.0000 | ΔAcc=-0.0851
    test_ema: Pose=0.6895, BalAcc=0.7354, PR=0.4982, Rneg=0.5379, Rpos=0.9329, MAE=1.2477, RMSE=1.5582, r=0.7196, Cidx=0.7604
------------------------------------------------------------------------------
  [Train Results  epoch 56]  epoch_t=75.18s  total_t=4210s
  Pose=0.6636 | Aff=0.7208 | BalAcc=0.7546 | Rneg=0.5858 | Rpos=0.9234 | PR=0.4938 | MCC=0.3365 | MAE=1.0781 | RMSE=1.3785 | r=0.7472 | rho=0.7521 | Cidx=0.7791 | EF1=4.1977 | EF5=1.8689 | S@1=1.0000 | S@5=1.0000 | S@10=1.0000 | Acc=0.6278
  ΔPose=-0.0462 | ΔAff=-0.0130 | ΔBalAcc=+0.0321 | ΔRneg=+0.0890 | ΔRpos=-0.0249 | ΔPR=+0.0110 | ΔMCC=+0.0406 | ΔMAE=-0.0118 | ΔRMSE=-0.0005 | Δr=+0.0060 | Δrho=+0.0035 | ΔCidx=+0.0029 | ΔEF1=+0.9271 | ΔEF5=+0.3377 | ΔAcc=+0.0749
    lr: 0.000836
    train_ema: Pose=0.6892, BalAcc=0.7328, PR=0.4733, Rneg=0.5332, Rpos=0.9323, MAE=1.0916, RMSE=1.3864, r=0.7411, Cidx=0.7758
------------------------------------------------------------------------------
  [Test Results  epoch 56]
  Pose=0.6639 | Aff=0.8495 | BalAcc=0.7528 | Rneg=0.6068 | Rpos=0.8989 | PR=0.5108 | MCC=0.3465 | MAE=1.2069 | RMSE=1.5153 | r=0.7360 | rho=0.7264 | Cidx=0.7646 | EF1=1.8926 | EF5=2.2141 | S@1=0.0000 | S@5=0.0000 | S@10=1.0000 | Acc=0.6462
  ΔPose=-0.0414 | ΔAff=-0.0219 | ΔBalAcc=+0.0253 | ΔRneg=+0.0939 | ΔRpos=-0.0433 | ΔPR=-0.0073 | ΔMCC=+0.0341 | ΔMAE=-0.0271 | ΔRMSE=-0.0382 | Δr=+0.0138 | Δrho=+0.0102 | ΔCidx=-0.0002 | ΔEF1=-0.7886 | ΔEF5=+0.0963 | ΔS@1=-1.0000 | ΔS@5=-1.0000 | ΔAcc=+0.0754
    test_ema: Pose=0.6818, BalAcc=0.7406, PR=0.5020, Rneg=0.5585, Rpos=0.9227, MAE=1.2355, RMSE=1.5453, r=0.7245, Cidx=0.7617
------------------------------------------------------------------------------
  [Train Results  epoch 58]  epoch_t=75.17s  total_t=4360s
  Pose=0.7171 | Aff=0.7087 | BalAcc=0.7080 | Rneg=0.4609 | Rpos=0.9551 | PR=0.4828 | MCC=0.2794 | MAE=1.0626 | RMSE=1.3526 | r=0.7542 | rho=0.7584 | Cidx=0.7813 | EF1=3.9788 | EF5=1.6884 | S@1=1.0000 | S@5=1.0000 | S@10=1.0000 | Acc=0.5225
  ΔPose=+0.0535 | ΔAff=-0.0121 | ΔBalAcc=-0.0466 | ΔRneg=-0.1248 | ΔRpos=+0.0317 | ΔPR=-0.0110 | ΔMCC=-0.0572 | ΔMAE=-0.0155 | ΔRMSE=-0.0259 | Δr=+0.0069 | Δrho=+0.0063 | ΔCidx=+0.0023 | ΔEF1=-0.2189 | ΔEF5=-0.1804 | ΔAcc=-0.1054
    lr: 0.000824
    train_ema: Pose=0.6976, BalAcc=0.7253, PR=0.4762, Rneg=0.5115, Rpos=0.9392, MAE=1.0829, RMSE=1.3762, r=0.7450, Cidx=0.7775
------------------------------------------------------------------------------
  [Test Results  epoch 58]
  Pose=0.7053 | Aff=0.8530 | BalAcc=0.7141 | Rneg=0.4909 | Rpos=0.9374 | PR=0.5273 | MCC=0.2953 | MAE=1.2195 | RMSE=1.5032 | r=0.7407 | rho=0.7210 | Cidx=0.7649 | EF1=1.8926 | EF5=1.9253 | S@1=0.0000 | S@5=1.0000 | S@10=1.0000 | Acc=0.5511
  ΔPose=+0.0414 | ΔAff=+0.0035 | ΔBalAcc=-0.0387 | ΔRneg=-0.1159 | ΔRpos=+0.0385 | ΔPR=+0.0164 | ΔMCC=-0.0512 | ΔMAE=+0.0126 | ΔRMSE=-0.0121 | Δr=+0.0047 | Δrho=-0.0054 | ΔCidx=+0.0003 | ΔEF5=-0.2888 | ΔS@5=+1.0000 | ΔAcc=-0.0951
    test_ema: Pose=0.6888, BalAcc=0.7327, PR=0.5096, Rneg=0.5382, Rpos=0.9271, MAE=1.2307, RMSE=1.5327, r=0.7294, Cidx=0.7626
------------------------------------------------------------------------------
  [Train Results  epoch 60]  epoch_t=75.15s  total_t=4510s
  Pose=0.7313 | Aff=0.7661 | BalAcc=0.7039 | Rneg=0.4427 | Rpos=0.9652 | PR=0.4854 | MCC=0.2758 | MAE=1.1214 | RMSE=1.4099 | r=0.7447 | rho=0.7499 | Cidx=0.7753 | EF1=4.2492 | EF5=1.7838 | S@1=1.0000 | S@5=1.0000 | S@10=1.0000 | Acc=0.5077
  ΔPose=+0.0142 | ΔAff=+0.0574 | ΔBalAcc=-0.0041 | ΔRneg=-0.0182 | ΔRpos=+0.0101 | ΔPR=+0.0026 | ΔMCC=-0.0035 | ΔMAE=+0.0588 | ΔRMSE=+0.0574 | Δr=-0.0095 | Δrho=-0.0085 | ΔCidx=-0.0060 | ΔEF1=+0.2704 | ΔEF5=+0.0954 | ΔAcc=-0.0147
    lr: 0.000812
    train_ema: Pose=0.7077, BalAcc=0.7189, PR=0.4789, Rneg=0.4909, Rpos=0.9470, MAE=1.0944, RMSE=1.3864, r=0.7449, Cidx=0.7768
------------------------------------------------------------------------------
  [Test Results  epoch 60]
  Pose=0.7251 | Aff=0.9606 | BalAcc=0.7025 | Rneg=0.4548 | Rpos=0.9502 | PR=0.5170 | MCC=0.2824 | MAE=1.3195 | RMSE=1.6348 | r=0.7062 | rho=0.6996 | Cidx=0.7568 | EF1=2.9966 | EF5=2.5671 | S@1=0.0000 | S@5=1.0000 | S@10=1.0000 | Acc=0.5217
  ΔPose=+0.0199 | ΔAff=+0.1076 | ΔBalAcc=-0.0116 | ΔRneg=-0.0360 | ΔRpos=+0.0128 | ΔPR=-0.0103 | ΔMCC=-0.0128 | ΔMAE=+0.1000 | ΔRMSE=+0.1316 | Δr=-0.0345 | Δrho=-0.0214 | ΔCidx=-0.0082 | ΔEF1=+1.1040 | ΔEF5=+0.6418 | ΔAcc=-0.0294
    test_ema: Pose=0.6997, BalAcc=0.7236, PR=0.5118, Rneg=0.5132, Rpos=0.9341, MAE=1.2573, RMSE=1.5633, r=0.7224, Cidx=0.7609
------------------------------------------------------------------------------
  [Train Results  epoch 62]  epoch_t=75.16s  total_t=4661s
  Pose=0.6980 | Aff=0.7399 | BalAcc=0.7275 | Rneg=0.5048 | Rpos=0.9502 | PR=0.5039 | MCC=0.3020 | MAE=1.0950 | RMSE=1.3833 | r=0.7445 | rho=0.7476 | Cidx=0.7782 | EF1=4.4166 | EF5=1.6859 | S@1=1.0000 | S@5=1.0000 | S@10=1.0000 | Acc=0.5602
  ΔPose=-0.0332 | ΔAff=-0.0262 | ΔBalAcc=+0.0236 | ΔRneg=+0.0621 | ΔRpos=-0.0150 | ΔPR=+0.0186 | ΔMCC=+0.0262 | ΔMAE=-0.0264 | ΔRMSE=-0.0266 | Δr=-0.0002 | Δrho=-0.0023 | ΔCidx=+0.0029 | ΔEF1=+0.1674 | ΔEF5=-0.0980 | ΔAcc=+0.0525
    lr: 0.000799
    train_ema: Pose=0.7048, BalAcc=0.7215, PR=0.4864, Rneg=0.4950, Rpos=0.9480, MAE=1.0946, RMSE=1.3854, r=0.7448, Cidx=0.7772
------------------------------------------------------------------------------
  [Test Results  epoch 62]
  Pose=0.7000 | Aff=0.8601 | BalAcc=0.7447 | Rneg=0.5312 | Rpos=0.9583 | PR=0.5284 | MCC=0.3352 | MAE=1.2167 | RMSE=1.5342 | r=0.7380 | rho=0.7275 | Cidx=0.7690 | EF1=2.2080 | EF5=2.2462 | S@1=0.0000 | S@5=1.0000 | S@10=1.0000 | Acc=0.5888
  ΔPose=-0.0252 | ΔAff=-0.1005 | ΔBalAcc=+0.0422 | ΔRneg=+0.0763 | ΔRpos=+0.0080 | ΔPR=+0.0114 | ΔMCC=+0.0528 | ΔMAE=-0.1028 | ΔRMSE=-0.1006 | Δr=+0.0318 | Δrho=+0.0279 | ΔCidx=+0.0123 | ΔEF1=-0.7886 | ΔEF5=-0.3209 | ΔAcc=+0.0671
    test_ema: Pose=0.6998, BalAcc=0.7300, PR=0.5168, Rneg=0.5186, Rpos=0.9413, MAE=1.2452, RMSE=1.5546, r=0.7271, Cidx=0.7633
------------------------------------------------------------------------------
  [Train Results  epoch 64]  epoch_t=74.94s  total_t=4811s
  Pose=0.6722 | Aff=0.7216 | BalAcc=0.7536 | Rneg=0.5791 | Rpos=0.9281 | PR=0.5150 | MCC=0.3350 | MAE=1.0741 | RMSE=1.3608 | r=0.7532 | rho=0.7586 | Cidx=0.7798 | EF1=2.8972 | EF5=1.2863 | S@1=1.0000 | S@5=1.0000 | S@10=1.0000 | Acc=0.6225
  ΔPose=-0.0258 | ΔAff=-0.0183 | ΔBalAcc=+0.0261 | ΔRneg=+0.0743 | ΔRpos=-0.0222 | ΔPR=+0.0111 | ΔMCC=+0.0330 | ΔMAE=-0.0209 | ΔRMSE=-0.0225 | Δr=+0.0086 | Δrho=+0.0110 | ΔCidx=+0.0016 | ΔEF1=-1.5194 | ΔEF5=-0.3996 | ΔAcc=+0.0623
    lr: 0.000786
    train_ema: Pose=0.6950, BalAcc=0.7311, PR=0.4950, Rneg=0.5203, Rpos=0.9420, MAE=1.0885, RMSE=1.3781, r=0.7473, Cidx=0.7780
------------------------------------------------------------------------------
  [Test Results  epoch 64]
  Pose=0.6657 | Aff=0.8637 | BalAcc=0.7658 | Rneg=0.6055 | Rpos=0.9262 | PR=0.5388 | MCC=0.3641 | MAE=1.2253 | RMSE=1.5274 | r=0.7357 | rho=0.7281 | Cidx=0.7667 | EF1=1.4194 | EF5=1.5403 | S@1=1.0000 | S@5=1.0000 | S@10=1.0000 | Acc=0.6488
  ΔPose=-0.0343 | ΔAff=+0.0036 | ΔBalAcc=+0.0211 | ΔRneg=+0.0743 | ΔRpos=-0.0321 | ΔPR=+0.0105 | ΔMCC=+0.0289 | ΔMAE=+0.0085 | ΔRMSE=-0.0068 | Δr=-0.0023 | Δrho=+0.0006 | ΔCidx=-0.0024 | ΔEF1=-0.7886 | ΔEF5=-0.7060 | ΔS@1=+1.0000 | ΔAcc=+0.0600
    test_ema: Pose=0.6896, BalAcc=0.7407, PR=0.5234, Rneg=0.5447, Rpos=0.9368, MAE=1.2392, RMSE=1.5464, r=0.7297, Cidx=0.7643
------------------------------------------------------------------------------
  [Train Results  epoch 66]  epoch_t=75.25s  total_t=4961s
  Pose=0.6651 | Aff=0.7049 | BalAcc=0.7565 | Rneg=0.5828 | Rpos=0.9301 | PR=0.4995 | MCC=0.3389 | MAE=1.0580 | RMSE=1.3461 | r=0.7535 | rho=0.7595 | Cidx=0.7819 | EF1=3.6698 | EF5=1.6137 | S@1=1.0000 | S@5=1.0000 | S@10=1.0000 | Acc=0.6261
  ΔPose=-0.0071 | ΔAff=-0.0166 | ΔBalAcc=+0.0029 | ΔRneg=+0.0037 | ΔRpos=+0.0021 | ΔPR=-0.0155 | ΔMCC=+0.0039 | ΔMAE=-0.0161 | ΔRMSE=-0.0147 | Δr=+0.0003 | Δrho=+0.0009 | ΔCidx=+0.0020 | ΔEF1=+0.7726 | ΔEF5=+0.3274 | ΔAcc=+0.0035
    lr: 0.000773
    train_ema: Pose=0.6860, BalAcc=0.7387, PR=0.4963, Rneg=0.5390, Rpos=0.9384, MAE=1.0793, RMSE=1.3685, r=0.7492, Cidx=0.7792
------------------------------------------------------------------------------
  [Test Results  epoch 66]
  Pose=0.6472 | Aff=0.8548 | BalAcc=0.7715 | Rneg=0.6248 | Rpos=0.9181 | PR=0.5501 | MCC=0.3729 | MAE=1.2284 | RMSE=1.5118 | r=0.7297 | rho=0.7266 | Cidx=0.7683 | EF1=2.2080 | EF5=1.9253 | S@1=0.0000 | S@5=1.0000 | S@10=1.0000 | Acc=0.6644
  ΔPose=-0.0185 | ΔAff=-0.0088 | ΔBalAcc=+0.0056 | ΔRneg=+0.0193 | ΔRpos=-0.0080 | ΔPR=+0.0113 | ΔMCC=+0.0088 | ΔMAE=+0.0031 | ΔRMSE=-0.0156 | Δr=-0.0060 | Δrho=-0.0015 | ΔCidx=+0.0017 | ΔEF1=+0.7886 | ΔEF5=+0.3851 | ΔS@1=-1.0000 | ΔAcc=+0.0156
    test_ema: Pose=0.6768, BalAcc=0.7499, PR=0.5314, Rneg=0.5687, Rpos=0.9312, MAE=1.2360, RMSE=1.5360, r=0.7297, Cidx=0.7655
------------------------------------------------------------------------------
  [Train Results  epoch 68]  epoch_t=75.12s  total_t=5112s
  Pose=0.7186 | Aff=0.7044 | BalAcc=0.7112 | Rneg=0.4632 | Rpos=0.9591 | PR=0.5027 | MCC=0.2834 | MAE=1.0532 | RMSE=1.3503 | r=0.7578 | rho=0.7624 | Cidx=0.7839 | EF1=3.9788 | EF5=1.5157 | S@1=0.0000 | S@5=1.0000 | S@10=1.0000 | Acc=0.5249
  ΔPose=+0.0535 | ΔAff=-0.0005 | ΔBalAcc=-0.0453 | ΔRneg=-0.1197 | ΔRpos=+0.0290 | ΔPR=+0.0032 | ΔMCC=-0.0555 | ΔMAE=-0.0048 | ΔRMSE=+0.0042 | Δr=+0.0044 | Δrho=+0.0029 | ΔCidx=+0.0020 | ΔEF1=+0.3090 | ΔEF5=-0.0980 | ΔS@1=-1.0000 | ΔAcc=-0.1012
    lr: 0.000759
    train_ema: Pose=0.6958, BalAcc=0.7305, PR=0.4983, Rneg=0.5163, Rpos=0.9446, MAE=1.0715, RMSE=1.3630, r=0.7518, Cidx=0.7806
------------------------------------------------------------------------------
  [Test Results  epoch 68]
  Pose=0.7092 | Aff=0.8170 | BalAcc=0.7204 | Rneg=0.4841 | Rpos=0.9567 | PR=0.5404 | MCC=0.3046 | MAE=1.1868 | RMSE=1.4704 | r=0.7419 | rho=0.7377 | Cidx=0.7710 | EF1=3.6274 | EF5=2.0216 | S@1=0.0000 | S@5=1.0000 | S@10=1.0000 | Acc=0.5479
  ΔPose=+0.0621 | ΔAff=-0.0379 | ΔBalAcc=-0.0511 | ΔRneg=-0.1407 | ΔRpos=+0.0385 | ΔPR=-0.0096 | ΔMCC=-0.0683 | ΔMAE=-0.0416 | ΔRMSE=-0.0413 | Δr=+0.0122 | Δrho=+0.0111 | ΔCidx=+0.0027 | ΔEF1=+1.4194 | ΔEF5=+0.0963 | ΔAcc=-0.1165
    test_ema: Pose=0.6866, BalAcc=0.7411, PR=0.5341, Rneg=0.5433, Rpos=0.9388, MAE=1.2212, RMSE=1.5163, r=0.7334, Cidx=0.7672
------------------------------------------------------------------------------
  [Train Results  epoch 70]  epoch_t=75.43s  total_t=5262s
  Pose=0.7534 | Aff=0.7380 | BalAcc=0.6834 | Rneg=0.3971 | Rpos=0.9697 | PR=0.4651 | MCC=0.2536 | MAE=1.0916 | RMSE=1.3760 | r=0.7615 | rho=0.7658 | Cidx=0.7850 | EF1=4.1205 | EF5=1.8818 | S@1=1.0000 | S@5=1.0000 | S@10=1.0000 | Acc=0.4683
  ΔPose=+0.0348 | ΔAff=+0.0336 | ΔBalAcc=-0.0278 | ΔRneg=-0.0661 | ΔRpos=+0.0106 | ΔPR=-0.0377 | ΔMCC=-0.0298 | ΔMAE=+0.0384 | ΔRMSE=+0.0257 | Δr=+0.0037 | Δrho=+0.0033 | ΔCidx=+0.0011 | ΔEF1=+0.1416 | ΔEF5=+0.3660 | ΔS@1=+1.0000 | ΔAcc=-0.0566
    lr: 0.000745
    train_ema: Pose=0.7131, BalAcc=0.7163, PR=0.4883, Rneg=0.4805, Rpos=0.9522, MAE=1.0775, RMSE=1.3669, r=0.7547, Cidx=0.7819
------------------------------------------------------------------------------
  [Test Results  epoch 70]
  Pose=0.7440 | Aff=0.8964 | BalAcc=0.6949 | Rneg=0.4250 | Rpos=0.9647 | PR=0.4954 | MCC=0.2754 | MAE=1.2587 | RMSE=1.5676 | r=0.7379 | rho=0.7294 | Cidx=0.7679 | EF1=3.1543 | EF5=2.5029 | S@1=1.0000 | S@5=1.0000 | S@10=1.0000 | Acc=0.4978
  ΔPose=+0.0347 | ΔAff=+0.0795 | ΔBalAcc=-0.0255 | ΔRneg=-0.0591 | ΔRpos=+0.0080 | ΔPR=-0.0451 | ΔMCC=-0.0292 | ΔMAE=+0.0719 | ΔRMSE=+0.0972 | Δr=-0.0040 | Δrho=-0.0083 | ΔCidx=-0.0031 | ΔEF1=-0.4731 | ΔEF5=+0.4813 | ΔS@1=+1.0000 | ΔAcc=-0.0500
    test_ema: Pose=0.7038, BalAcc=0.7272, PR=0.5225, Rneg=0.5078, Rpos=0.9466, MAE=1.2324, RMSE=1.5317, r=0.7347, Cidx=0.7674
------------------------------------------------------------------------------
  [Train Results  epoch 72]  epoch_t=75.10s  total_t=5413s
  Pose=0.6383 | Aff=0.6918 | BalAcc=0.7609 | Rneg=0.5991 | Rpos=0.9227 | PR=0.5079 | MCC=0.3452 | MAE=1.0464 | RMSE=1.3290 | r=0.7610 | rho=0.7682 | Cidx=0.7847 | EF1=4.5840 | EF5=1.7941 | S@1=1.0000 | S@5=1.0000 | S@10=1.0000 | Acc=0.6393
  ΔPose=-0.1151 | ΔAff=-0.0462 | ΔBalAcc=+0.0775 | ΔRneg=+0.2020 | ΔRpos=-0.0470 | ΔPR=+0.0428 | ΔMCC=+0.0917 | ΔMAE=-0.0452 | ΔRMSE=-0.0471 | Δr=-0.0006 | Δrho=+0.0025 | ΔCidx=-0.0002 | ΔEF1=+0.4636 | ΔEF5=-0.0876 | ΔAcc=+0.1710
    lr: 0.000731
    train_ema: Pose=0.6907, BalAcc=0.7297, PR=0.4942, Rneg=0.5161, Rpos=0.9433, MAE=1.0682, RMSE=1.3555, r=0.7566, Cidx=0.7827
------------------------------------------------------------------------------
  [Test Results  epoch 72]
  Pose=0.6275 | Aff=0.8500 | BalAcc=0.7766 | Rneg=0.6350 | Rpos=0.9181 | PR=0.5346 | MCC=0.3808 | MAE=1.2178 | RMSE=1.5016 | r=0.7371 | rho=0.7271 | Cidx=0.7714 | EF1=2.3657 | EF5=2.3425 | S@1=1.0000 | S@5=1.0000 | S@10=1.0000 | Acc=0.6732
  ΔPose=-0.1164 | ΔAff=-0.0464 | ΔBalAcc=+0.0817 | ΔRneg=+0.2100 | ΔRpos=-0.0465 | ΔPR=+0.0392 | ΔMCC=+0.1054 | ΔMAE=-0.0408 | ΔRMSE=-0.0660 | Δr=-0.0008 | Δrho=-0.0023 | ΔCidx=+0.0035 | ΔEF1=-0.7886 | ΔEF5=-0.1604 | ΔAcc=+0.1754
    test_ema: Pose=0.6809, BalAcc=0.7420, PR=0.5261, Rneg=0.5460, Rpos=0.9381, MAE=1.2281, RMSE=1.5227, r=0.7354, Cidx=0.7686
------------------------------------------------------------------------------
  [Train Results  epoch 74]  epoch_t=75.06s  total_t=5563s
  Pose=0.6740 | Aff=0.7037 | BalAcc=0.7417 | Rneg=0.5454 | Rpos=0.9381 | PR=0.4983 | MCC=0.3193 | MAE=1.0573 | RMSE=1.3389 | r=0.7606 | rho=0.7662 | Cidx=0.7833 | EF1=4.6742 | EF5=1.6936 | S@1=1.0000 | S@5=1.0000 | S@10=1.0000 | Acc=0.5942
  ΔPose=+0.0357 | ΔAff=+0.0120 | ΔBalAcc=-0.0191 | ΔRneg=-0.0537 | ΔRpos=+0.0155 | ΔPR=-0.0096 | ΔMCC=-0.0259 | ΔMAE=+0.0109 | ΔRMSE=+0.0100 | Δr=-0.0003 | Δrho=-0.0020 | ΔCidx=-0.0014 | ΔEF1=+0.0901 | ΔEF5=-0.1005 | ΔAcc=-0.0451
    lr: 0.000717
    train_ema: Pose=0.6857, BalAcc=0.7333, PR=0.4954, Rneg=0.5249, Rpos=0.9418, MAE=1.0649, RMSE=1.3505, r=0.7578, Cidx=0.7829
------------------------------------------------------------------------------
  [Test Results  epoch 74]
  Pose=0.6730 | Aff=0.8783 | BalAcc=0.7539 | Rneg=0.5559 | Rpos=0.9518 | PR=0.5341 | MCC=0.3471 | MAE=1.2460 | RMSE=1.5279 | r=0.7323 | rho=0.7196 | Cidx=0.7617 | EF1=2.2080 | EF5=2.3425 | S@1=0.0000 | S@5=1.0000 | S@10=1.0000 | Acc=0.6094
  ΔPose=+0.0454 | ΔAff=+0.0282 | ΔBalAcc=-0.0227 | ΔRneg=-0.0791 | ΔRpos=+0.0337 | ΔPR=-0.0005 | ΔMCC=-0.0337 | ΔMAE=+0.0282 | ΔRMSE=+0.0263 | Δr=-0.0047 | Δrho=-0.0075 | ΔCidx=-0.0097 | ΔEF1=-0.1577 | ΔS@1=-1.0000 | ΔAcc=-0.0639
    test_ema: Pose=0.6785, BalAcc=0.7456, PR=0.5285, Rneg=0.5490, Rpos=0.9422, MAE=1.2334, RMSE=1.5242, r=0.7345, Cidx=0.7665
------------------------------------------------------------------------------
  [Train Results  epoch 76]  epoch_t=75.24s  total_t=5714s
  Pose=0.6524 | Aff=0.6813 | BalAcc=0.7507 | Rneg=0.5651 | Rpos=0.9362 | PR=0.5017 | MCC=0.3310 | MAE=1.0371 | RMSE=1.3174 | r=0.7664 | rho=0.7709 | Cidx=0.7850 | EF1=4.6742 | EF5=1.6962 | S@1=1.0000 | S@5=1.0000 | S@10=1.0000 | Acc=0.6113
  ΔPose=-0.0216 | ΔAff=-0.0224 | ΔBalAcc=+0.0089 | ΔRneg=+0.0198 | ΔRpos=-0.0019 | ΔPR=+0.0034 | ΔMCC=+0.0116 | ΔMAE=-0.0202 | ΔRMSE=-0.0215 | Δr=+0.0057 | Δrho=+0.0047 | ΔCidx=+0.0016 | ΔEF5=+0.0026 | ΔAcc=+0.0171
    lr: 0.000702
    train_ema: Pose=0.6757, BalAcc=0.7385, PR=0.4973, Rneg=0.5369, Rpos=0.9401, MAE=1.0566, RMSE=1.3406, r=0.7604, Cidx=0.7835
------------------------------------------------------------------------------
  [Test Results  epoch 76]
  Pose=0.6561 | Aff=0.8328 | BalAcc=0.7570 | Rneg=0.5655 | Rpos=0.9486 | PR=0.5214 | MCC=0.3513 | MAE=1.2045 | RMSE=1.4881 | r=0.7399 | rho=0.7195 | Cidx=0.7649 | EF1=2.0503 | EF5=2.1820 | S@1=1.0000 | S@5=1.0000 | S@10=1.0000 | Acc=0.6172
  ΔPose=-0.0169 | ΔAff=-0.0454 | ΔBalAcc=+0.0032 | ΔRneg=+0.0095 | ΔRpos=-0.0032 | ΔPR=-0.0127 | ΔMCC=+0.0042 | ΔMAE=-0.0415 | ΔRMSE=-0.0398 | Δr=+0.0076 | Δrho=-0.0001 | ΔCidx=+0.0032 | ΔEF1=-0.1577 | ΔEF5=-0.1604 | ΔS@1=+1.0000 | ΔAcc=+0.0078
    test_ema: Pose=0.6718, BalAcc=0.7490, PR=0.5264, Rneg=0.5539, Rpos=0.9441, MAE=1.2248, RMSE=1.5134, r=0.7361, Cidx=0.7660
------------------------------------------------------------------------------
  [Train Results  epoch 78]  epoch_t=75.18s  total_t=5864s
  Pose=0.6534 | Aff=0.6926 | BalAcc=0.7523 | Rneg=0.5594 | Rpos=0.9451 | PR=0.5031 | MCC=0.3331 | MAE=1.0434 | RMSE=1.3235 | r=0.7738 | rho=0.7770 | Cidx=0.7890 | EF1=4.6870 | EF5=1.7142 | S@1=0.0000 | S@5=1.0000 | S@10=1.0000 | Acc=0.6074
  ΔPose=+0.0009 | ΔAff=+0.0113 | ΔBalAcc=+0.0016 | ΔRneg=-0.0057 | ΔRpos=+0.0089 | ΔPR=+0.0015 | ΔMCC=+0.0021 | ΔMAE=+0.0063 | ΔRMSE=+0.0061 | Δr=+0.0075 | Δrho=+0.0062 | ΔCidx=+0.0041 | ΔEF1=+0.0129 | ΔEF5=+0.0180 | ΔS@1=-1.0000 | ΔAcc=-0.0039
    lr: 0.000688
    train_ema: Pose=0.6690, BalAcc=0.7426, PR=0.4990, Rneg=0.5437, Rpos=0.9416, MAE=1.0526, RMSE=1.3355, r=0.7644, Cidx=0.7852
------------------------------------------------------------------------------
  [Test Results  epoch 78]
  Pose=0.6529 | Aff=0.8517 | BalAcc=0.7574 | Rneg=0.5662 | Rpos=0.9486 | PR=0.5502 | MCC=0.3518 | MAE=1.2230 | RMSE=1.5202 | r=0.7449 | rho=0.7364 | Cidx=0.7743 | EF1=2.2080 | EF5=2.0537 | S@1=1.0000 | S@5=1.0000 | S@10=1.0000 | Acc=0.6178
  ΔPose=-0.0032 | ΔAff=+0.0188 | ΔBalAcc=+0.0004 | ΔRneg=+0.0008 | ΔPR=+0.0288 | ΔMCC=+0.0005 | ΔMAE=+0.0185 | ΔRMSE=+0.0321 | Δr=+0.0050 | Δrho=+0.0169 | ΔCidx=+0.0094 | ΔEF1=+0.1577 | ΔEF5=-0.1284 | ΔAcc=+0.0006
    test_ema: Pose=0.6661, BalAcc=0.7515, PR=0.5335, Rneg=0.5576, Rpos=0.9455, MAE=1.2242, RMSE=1.5154, r=0.7388, Cidx=0.7685
------------------------------------------------------------------------------
  [Train Results  epoch 80]  epoch_t=75.05s  total_t=6014s
  Pose=0.6752 | Aff=0.6703 | BalAcc=0.7476 | Rneg=0.5519 | Rpos=0.9434 | PR=0.5121 | MCC=0.3270 | MAE=1.0223 | RMSE=1.3028 | r=0.7729 | rho=0.7775 | Cidx=0.7905 | EF1=4.5454 | EF5=1.8225 | S@1=0.0000 | S@5=1.0000 | S@10=1.0000 | Acc=0.6006
  ΔPose=+0.0219 | ΔAff=-0.0223 | ΔBalAcc=-0.0046 | ΔRneg=-0.0076 | ΔRpos=-0.0017 | ΔPR=+0.0090 | ΔMCC=-0.0060 | ΔMAE=-0.0211 | ΔRMSE=-0.0207 | Δr=-0.0009 | Δrho=+0.0005 | ΔCidx=+0.0015 | ΔEF1=-0.1416 | ΔEF5=+0.1083 | ΔAcc=-0.0068
    lr: 0.000673
    train_ema: Pose=0.6709, BalAcc=0.7441, PR=0.5030, Rneg=0.5461, Rpos=0.9421, MAE=1.0435, RMSE=1.3257, r=0.7670, Cidx=0.7868
------------------------------------------------------------------------------
  [Test Results  epoch 80]
  Pose=0.6860 | Aff=0.8038 | BalAcc=0.7481 | Rneg=0.5347 | Rpos=0.9615 | PR=0.5263 | MCC=0.3397 | MAE=1.1711 | RMSE=1.4664 | r=0.7507 | rho=0.7359 | Cidx=0.7690 | EF1=2.6811 | EF5=2.1179 | S@1=0.0000 | S@5=1.0000 | S@10=1.0000 | Acc=0.5922
  ΔPose=+0.0331 | ΔAff=-0.0479 | ΔBalAcc=-0.0093 | ΔRneg=-0.0315 | ΔRpos=+0.0128 | ΔPR=-0.0239 | ΔMCC=-0.0121 | ΔMAE=-0.0519 | ΔRMSE=-0.0538 | Δr=+0.0058 | Δrho=-0.0006 | ΔCidx=-0.0052 | ΔEF1=+0.4731 | ΔEF5=+0.0642 | ΔS@1=-1.0000 | ΔAcc=-0.0256
    test_ema: Pose=0.6721, BalAcc=0.7505, PR=0.5313, Rneg=0.5507, Rpos=0.9503, MAE=1.2083, RMSE=1.5007, r=0.7424, Cidx=0.7687
------------------------------------------------------------------------------
  [Train Results  epoch 82]  epoch_t=75.18s  total_t=6165s
  Pose=0.6383 | Aff=0.6793 | BalAcc=0.7632 | Rneg=0.5882 | Rpos=0.9381 | PR=0.5202 | MCC=0.3479 | MAE=1.0313 | RMSE=1.3151 | r=0.7672 | rho=0.7719 | Cidx=0.7913 | EF1=4.8029 | EF5=1.7374 | S@1=0.0000 | S@5=1.0000 | S@10=1.0000 | Acc=0.6318
  ΔPose=-0.0369 | ΔAff=+0.0090 | ΔBalAcc=+0.0155 | ΔRneg=+0.0364 | ΔRpos=-0.0053 | ΔPR=+0.0080 | ΔMCC=+0.0208 | ΔMAE=+0.0090 | ΔRMSE=+0.0123 | Δr=-0.0057 | Δrho=-0.0057 | ΔCidx=+0.0008 | ΔEF1=+0.2575 | ΔEF5=-0.0851 | ΔAcc=+0.0312
    lr: 0.000658
    train_ema: Pose=0.6611, BalAcc=0.7498, PR=0.5081, Rneg=0.5588, Rpos=0.9409, MAE=1.0398, RMSE=1.3225, r=0.7670, Cidx=0.7881
------------------------------------------------------------------------------
  [Test Results  epoch 82]
  Pose=0.6468 | Aff=0.8299 | BalAcc=0.7703 | Rneg=0.5935 | Rpos=0.9470 | PR=0.5261 | MCC=0.3696 | MAE=1.2011 | RMSE=1.4827 | r=0.7438 | rho=0.7310 | Cidx=0.7678 | EF1=2.9966 | EF5=2.1500 | S@1=1.0000 | S@5=1.0000 | S@10=1.0000 | Acc=0.6412
  ΔPose=-0.0392 | ΔAff=+0.0261 | ΔBalAcc=+0.0222 | ΔRneg=+0.0588 | ΔRpos=-0.0144 | ΔPR=-0.0002 | ΔMCC=+0.0299 | ΔMAE=+0.0300 | ΔRMSE=+0.0163 | Δr=-0.0069 | Δrho=-0.0048 | ΔCidx=-0.0012 | ΔEF1=+0.3154 | ΔEF5=+0.0321 | ΔS@1=+1.0000 | ΔAcc=+0.0489
    test_ema: Pose=0.6645, BalAcc=0.7564, PR=0.5298, Rneg=0.5636, Rpos=0.9493, MAE=1.2061, RMSE=1.4953, r=0.7428, Cidx=0.7684
------------------------------------------------------------------------------
  [Train Results  epoch 84]  epoch_t=75.29s  total_t=6315s
  Pose=0.6054 | Aff=0.6716 | BalAcc=0.7797 | Rneg=0.6361 | Rpos=0.9233 | PR=0.5249 | MCC=0.3726 | MAE=1.0226 | RMSE=1.3032 | r=0.7768 | rho=0.7807 | Cidx=0.7897 | EF1=4.6999 | EF5=1.5802 | S@1=0.0000 | S@5=1.0000 | S@10=1.0000 | Acc=0.6718
  ΔPose=-0.0329 | ΔAff=-0.0077 | ΔBalAcc=+0.0165 | ΔRneg=+0.0478 | ΔRpos=-0.0148 | ΔPR=+0.0047 | ΔMCC=+0.0247 | ΔMAE=-0.0087 | ΔRMSE=-0.0119 | Δr=+0.0096 | Δrho=+0.0089 | ΔCidx=-0.0016 | ΔEF1=-0.1030 | ΔEF5=-0.1572 | ΔAcc=+0.0400
    lr: 0.000642
    train_ema: Pose=0.6444, BalAcc=0.7588, PR=0.5132, Rneg=0.5820, Rpos=0.9356, MAE=1.0347, RMSE=1.3167, r=0.7700, Cidx=0.7886
------------------------------------------------------------------------------
  [Test Results  epoch 84]
  Pose=0.6158 | Aff=0.8221 | BalAcc=0.7812 | Rneg=0.6283 | Rpos=0.9342 | PR=0.5576 | MCC=0.3864 | MAE=1.1940 | RMSE=1.4801 | r=0.7491 | rho=0.7386 | Cidx=0.7733 | EF1=2.5234 | EF5=1.8932 | S@1=0.0000 | S@5=1.0000 | S@10=1.0000 | Acc=0.6696
  ΔPose=-0.0310 | ΔAff=-0.0078 | ΔBalAcc=+0.0110 | ΔRneg=+0.0348 | ΔRpos=-0.0128 | ΔPR=+0.0315 | ΔMCC=+0.0168 | ΔMAE=-0.0071 | ΔRMSE=-0.0026 | Δr=+0.0053 | Δrho=+0.0076 | ΔCidx=+0.0055 | ΔEF1=-0.4731 | ΔEF5=-0.2567 | ΔS@1=-1.0000 | ΔAcc=+0.0284
    test_ema: Pose=0.6499, BalAcc=0.7639, PR=0.5381, Rneg=0.5830, Rpos=0.9448, MAE=1.2025, RMSE=1.4908, r=0.7447, Cidx=0.7699
------------------------------------------------------------------------------
  [Train Results  epoch 86]  epoch_t=75.13s  total_t=6466s
  Pose=0.6937 | Aff=0.7022 | BalAcc=0.7301 | Rneg=0.4946 | Rpos=0.9657 | PR=0.5235 | MCC=0.3063 | MAE=1.0570 | RMSE=1.3290 | r=0.7813 | rho=0.7852 | Cidx=0.7958 | EF1=4.7772 | EF5=1.6214 | S@1=1.0000 | S@5=1.0000 | S@10=1.0000 | Acc=0.5532
  ΔPose=+0.0883 | ΔAff=+0.0306 | ΔBalAcc=-0.0495 | ΔRneg=-0.1415 | ΔRpos=+0.0424 | ΔPR=-0.0014 | ΔMCC=-0.0663 | ΔMAE=+0.0344 | ΔRMSE=+0.0258 | Δr=+0.0045 | Δrho=+0.0044 | ΔCidx=+0.0061 | ΔEF1=+0.0773 | ΔEF5=+0.0412 | ΔS@1=+1.0000 | ΔAcc=-0.1186
    lr: 0.000627
    train_ema: Pose=0.6592, BalAcc=0.7502, PR=0.5163, Rneg=0.5557, Rpos=0.9447, MAE=1.0414, RMSE=1.3204, r=0.7734, Cidx=0.7908
------------------------------------------------------------------------------
  [Test Results  epoch 86]
  Pose=0.7035 | Aff=0.8705 | BalAcc=0.7222 | Rneg=0.4766 | Rpos=0.9679 | PR=0.5566 | MCC=0.3080 | MAE=1.2444 | RMSE=1.5293 | r=0.7514 | rho=0.7427 | Cidx=0.7761 | EF1=2.2080 | EF5=2.0216 | S@1=0.0000 | S@5=1.0000 | S@10=1.0000 | Acc=0.5429
  ΔPose=+0.0877 | ΔAff=+0.0484 | ΔBalAcc=-0.0590 | ΔRneg=-0.1517 | ΔRpos=+0.0337 | ΔPR=-0.0011 | ΔMCC=-0.0784 | ΔMAE=+0.0504 | ΔRMSE=+0.0492 | Δr=+0.0023 | Δrho=+0.0041 | ΔCidx=+0.0028 | ΔEF1=-0.3154 | ΔEF5=+0.1284 | ΔAcc=-0.1267
    test_ema: Pose=0.6660, BalAcc=0.7514, PR=0.5437, Rneg=0.5511, Rpos=0.9517, MAE=1.2151, RMSE=1.5023, r=0.7467, Cidx=0.7717
------------------------------------------------------------------------------
  [Train Results  epoch 88]  epoch_t=75.00s  total_t=6616s
  Pose=0.6153 | Aff=0.6582 | BalAcc=0.7772 | Rneg=0.6263 | Rpos=0.9282 | PR=0.5207 | MCC=0.3685 | MAE=1.0111 | RMSE=1.2790 | r=0.7820 | rho=0.7879 | Cidx=0.7951 | EF1=4.6870 | EF5=1.6859 | S@1=1.0000 | S@5=1.0000 | S@10=1.0000 | Acc=0.6639
  ΔPose=-0.0784 | ΔAff=-0.0440 | ΔBalAcc=+0.0471 | ΔRneg=+0.1317 | ΔRpos=-0.0375 | ΔPR=-0.0028 | ΔMCC=+0.0622 | ΔMAE=-0.0459 | ΔRMSE=-0.0500 | Δr=+0.0007 | Δrho=+0.0027 | ΔCidx=-0.0007 | ΔEF1=-0.0901 | ΔEF5=+0.0644 | ΔAcc=+0.1107
    lr: 0.000611
    train_ema: Pose=0.6460, BalAcc=0.7583, PR=0.5176, Rneg=0.5769, Rpos=0.9397, MAE=1.0323, RMSE=1.3080, r=0.7760, Cidx=0.7921
------------------------------------------------------------------------------
  [Test Results  epoch 88]
  Pose=0.6220 | Aff=0.8240 | BalAcc=0.7858 | Rneg=0.6325 | Rpos=0.9390 | PR=0.5606 | MCC=0.3929 | MAE=1.2041 | RMSE=1.4814 | r=0.7465 | rho=0.7332 | Cidx=0.7697 | EF1=2.2080 | EF5=2.1500 | S@1=1.0000 | S@5=1.0000 | S@10=1.0000 | Acc=0.6739
  ΔPose=-0.0815 | ΔAff=-0.0465 | ΔBalAcc=+0.0635 | ΔRneg=+0.1559 | ΔRpos=-0.0289 | ΔPR=+0.0041 | ΔMCC=+0.0849 | ΔMAE=-0.0403 | ΔRMSE=-0.0479 | Δr=-0.0048 | Δrho=-0.0095 | ΔCidx=-0.0063 | ΔEF5=+0.1284 | ΔS@1=+1.0000 | ΔAcc=+0.1310
    test_ema: Pose=0.6528, BalAcc=0.7617, PR=0.5488, Rneg=0.5755, Rpos=0.9479, MAE=1.2118, RMSE=1.4961, r=0.7467, Cidx=0.7711
------------------------------------------------------------------------------
  [Train Results  epoch 90]  epoch_t=75.25s  total_t=6766s
  Pose=0.6387 | Aff=0.6655 | BalAcc=0.7572 | Rneg=0.5812 | Rpos=0.9331 | PR=0.5167 | MCC=0.3398 | MAE=1.0109 | RMSE=1.2930 | r=0.7837 | rho=0.7892 | Cidx=0.7965 | EF1=4.5969 | EF5=1.7890 | S@1=0.0000 | S@5=1.0000 | S@10=1.0000 | Acc=0.6250
  ΔPose=+0.0235 | ΔAff=+0.0072 | ΔBalAcc=-0.0201 | ΔRneg=-0.0451 | ΔRpos=+0.0049 | ΔPR=-0.0040 | ΔMCC=-0.0287 | ΔMAE=-0.0002 | ΔRMSE=+0.0141 | Δr=+0.0017 | Δrho=+0.0013 | ΔCidx=+0.0014 | ΔEF1=-0.0901 | ΔEF5=+0.1031 | ΔS@1=-1.0000 | ΔAcc=-0.0389
    lr: 0.000596
    train_ema: Pose=0.6438, BalAcc=0.7580, PR=0.5173, Rneg=0.5782, Rpos=0.9377, MAE=1.0259, RMSE=1.3035, r=0.7783, Cidx=0.7934
------------------------------------------------------------------------------
  [Test Results  epoch 90]
  Pose=0.6563 | Aff=0.8466 | BalAcc=0.7545 | Rneg=0.5620 | Rpos=0.9470 | PR=0.5621 | MCC=0.3478 | MAE=1.2112 | RMSE=1.5050 | r=0.7436 | rho=0.7358 | Cidx=0.7706 | EF1=2.8388 | EF5=2.2141 | S@1=0.0000 | S@5=1.0000 | S@10=1.0000 | Acc=0.6139
  ΔPose=+0.0343 | ΔAff=+0.0226 | ΔBalAcc=-0.0313 | ΔRneg=-0.0706 | ΔRpos=+0.0080 | ΔPR=+0.0015 | ΔMCC=-0.0451 | ΔMAE=+0.0071 | ΔRMSE=+0.0235 | Δr=-0.0030 | Δrho=+0.0026 | ΔCidx=+0.0008 | ΔEF1=+0.6309 | ΔEF5=+0.0642 | ΔS@1=-1.0000 | ΔAcc=-0.0600
    test_ema: Pose=0.6538, BalAcc=0.7595, PR=0.5528, Rneg=0.5714, Rpos=0.9476, MAE=1.2116, RMSE=1.4987, r=0.7457, Cidx=0.7710
------------------------------------------------------------------------------
  [Train Results  epoch 92]  epoch_t=75.01s  total_t=6917s
  Pose=0.6793 | Aff=0.6398 | BalAcc=0.7446 | Rneg=0.5330 | Rpos=0.9562 | PR=0.5227 | MCC=0.3234 | MAE=0.9884 | RMSE=1.2605 | r=0.7908 | rho=0.7928 | Cidx=0.7967 | EF1=4.5454 | EF5=1.8173 | S@1=0.0000 | S@5=1.0000 | S@10=1.0000 | Acc=0.5856
  ΔPose=+0.0405 | ΔAff=-0.0257 | ΔBalAcc=-0.0126 | ΔRneg=-0.0483 | ΔRpos=+0.0231 | ΔPR=+0.0060 | ΔMCC=-0.0163 | ΔMAE=-0.0225 | ΔRMSE=-0.0325 | Δr=+0.0071 | Δrho=+0.0036 | ΔCidx=+0.0002 | ΔEF1=-0.0515 | ΔEF5=+0.0284 | ΔAcc=-0.0394
    lr: 0.000580
    train_ema: Pose=0.6544, BalAcc=0.7539, PR=0.5189, Rneg=0.5646, Rpos=0.9433, MAE=1.0146, RMSE=1.2906, r=0.7820, Cidx=0.7944
------------------------------------------------------------------------------
  [Test Results  epoch 92]
  Pose=0.6860 | Aff=0.8121 | BalAcc=0.7514 | Rneg=0.5364 | Rpos=0.9663 | PR=0.5390 | MCC=0.3442 | MAE=1.1887 | RMSE=1.4621 | r=0.7553 | rho=0.7320 | Cidx=0.7728 | EF1=1.8926 | EF5=2.3104 | S@1=1.0000 | S@5=1.0000 | S@10=1.0000 | Acc=0.5944
  ΔPose=+0.0297 | ΔAff=-0.0345 | ΔBalAcc=-0.0031 | ΔRneg=-0.0255 | ΔRpos=+0.0193 | ΔPR=-0.0231 | ΔMCC=-0.0036 | ΔMAE=-0.0225 | ΔRMSE=-0.0429 | Δr=+0.0117 | Δrho=-0.0038 | ΔCidx=+0.0022 | ΔEF1=-0.9463 | ΔEF5=+0.0963 | ΔS@1=+1.0000 | ΔAcc=-0.0195
    test_ema: Pose=0.6635, BalAcc=0.7571, PR=0.5486, Rneg=0.5609, Rpos=0.9532, MAE=1.2047, RMSE=1.4877, r=0.7486, Cidx=0.7715
------------------------------------------------------------------------------
  [Train Results  epoch 94]  epoch_t=75.09s  total_t=7067s
  Pose=0.6335 | Aff=0.6433 | BalAcc=0.7704 | Rneg=0.6075 | Rpos=0.9334 | PR=0.5356 | MCC=0.3582 | MAE=0.9915 | RMSE=1.2661 | r=0.7891 | rho=0.7944 | Cidx=0.7969 | EF1=4.7514 | EF5=1.8637 | S@1=0.0000 | S@5=1.0000 | S@10=1.0000 | Acc=0.6480
  ΔPose=-0.0457 | ΔAff=+0.0035 | ΔBalAcc=+0.0259 | ΔRneg=+0.0745 | ΔRpos=-0.0228 | ΔPR=+0.0129 | ΔMCC=+0.0348 | ΔMAE=+0.0031 | ΔRMSE=+0.0056 | Δr=-0.0017 | Δrho=+0.0015 | ΔCidx=+0.0002 | ΔEF1=+0.2060 | ΔEF5=+0.0464 | ΔAcc=+0.0624
    lr: 0.000564
    train_ema: Pose=0.6482, BalAcc=0.7589, PR=0.5239, Rneg=0.5775, Rpos=0.9403, MAE=1.0077, RMSE=1.2832, r=0.7842, Cidx=0.7952
------------------------------------------------------------------------------
  [Test Results  epoch 94]
  Pose=0.6329 | Aff=0.8446 | BalAcc=0.7855 | Rneg=0.6288 | Rpos=0.9422 | PR=0.5554 | MCC=0.3922 | MAE=1.2112 | RMSE=1.4948 | r=0.7417 | rho=0.7253 | Cidx=0.7658 | EF1=2.3657 | EF5=2.3746 | S@1=0.0000 | S@5=1.0000 | S@10=1.0000 | Acc=0.6711
  ΔPose=-0.0531 | ΔAff=+0.0325 | ΔBalAcc=+0.0341 | ΔRneg=+0.0924 | ΔRpos=-0.0241 | ΔPR=+0.0164 | ΔMCC=+0.0481 | ΔMAE=+0.0225 | ΔRMSE=+0.0327 | Δr=-0.0136 | Δrho=-0.0067 | ΔCidx=-0.0070 | ΔEF1=+0.4731 | ΔEF5=+0.0642 | ΔS@1=-1.0000 | ΔAcc=+0.0767
    test_ema: Pose=0.6543, BalAcc=0.7656, PR=0.5507, Rneg=0.5813, Rpos=0.9499, MAE=1.2067, RMSE=1.4898, r=0.7465, Cidx=0.7698
------------------------------------------------------------------------------
  [Train Results  epoch 96]  epoch_t=75.11s  total_t=7217s
  Pose=0.6340 | Aff=0.6378 | BalAcc=0.7626 | Rneg=0.5800 | Rpos=0.9453 | PR=0.5391 | MCC=0.3470 | MAE=0.9849 | RMSE=1.2550 | r=0.7923 | rho=0.7971 | Cidx=0.7972 | EF1=4.5583 | EF5=1.5802 | S@1=1.0000 | S@5=1.0000 | S@10=1.0000 | Acc=0.6254
  ΔPose=+0.0005 | ΔAff=-0.0056 | ΔBalAcc=-0.0078 | ΔRneg=-0.0275 | ΔRpos=+0.0120 | ΔPR=+0.0035 | ΔMCC=-0.0113 | ΔMAE=-0.0066 | ΔRMSE=-0.0111 | Δr=+0.0032 | Δrho=+0.0027 | ΔCidx=+0.0003 | ΔEF1=-0.1931 | ΔEF5=-0.2836 | ΔS@1=+1.0000 | ΔAcc=-0.0226
    lr: 0.000548
    train_ema: Pose=0.6439, BalAcc=0.7600, PR=0.5285, Rneg=0.5782, Rpos=0.9418, MAE=1.0008, RMSE=1.2748, r=0.7866, Cidx=0.7958
------------------------------------------------------------------------------
  [Test Results  epoch 96]
  Pose=0.6225 | Aff=0.8236 | BalAcc=0.7804 | Rneg=0.6250 | Rpos=0.9358 | PR=0.5565 | MCC=0.3851 | MAE=1.2046 | RMSE=1.4875 | r=0.7434 | rho=0.7316 | Cidx=0.7698 | EF1=2.5234 | EF5=1.7328 | S@1=0.0000 | S@5=1.0000 | S@10=1.0000 | Acc=0.6670
  ΔPose=-0.0104 | ΔAff=-0.0209 | ΔBalAcc=-0.0051 | ΔRneg=-0.0038 | ΔRpos=-0.0064 | ΔPR=+0.0011 | ΔMCC=-0.0072 | ΔMAE=-0.0066 | ΔRMSE=-0.0072 | Δr=+0.0017 | Δrho=+0.0062 | ΔCidx=+0.0040 | ΔEF1=+0.1577 | ΔEF5=-0.6418 | ΔAcc=-0.0041
    test_ema: Pose=0.6448, BalAcc=0.7700, PR=0.5524, Rneg=0.5944, Rpos=0.9457, MAE=1.2061, RMSE=1.4892, r=0.7456, Cidx=0.7698
------------------------------------------------------------------------------
  [Train Results  epoch 98]  epoch_t=75.00s  total_t=7367s
  Pose=0.6485 | Aff=0.6306 | BalAcc=0.7610 | Rneg=0.5756 | Rpos=0.9464 | PR=0.5392 | MCC=0.3447 | MAE=0.9781 | RMSE=1.2519 | r=0.7957 | rho=0.7981 | Cidx=0.8013 | EF1=4.6613 | EF5=1.7503 | S@1=0.0000 | S@5=1.0000 | S@10=1.0000 | Acc=0.6217
  ΔPose=+0.0145 | ΔAff=-0.0072 | ΔBalAcc=-0.0017 | ΔRneg=-0.0044 | ΔRpos=+0.0010 | ΔPR=+0.0001 | ΔMCC=-0.0023 | ΔMAE=-0.0068 | ΔRMSE=-0.0031 | Δr=+0.0034 | Δrho=+0.0010 | ΔCidx=+0.0041 | ΔEF1=+0.1030 | ΔEF5=+0.1701 | ΔS@1=-1.0000 | ΔAcc=-0.0037
    lr: 0.000532
    train_ema: Pose=0.6453, BalAcc=0.7603, PR=0.5317, Rneg=0.5774, Rpos=0.9432, MAE=0.9940, RMSE=1.2679, r=0.7893, Cidx=0.7974
------------------------------------------------------------------------------
  [Test Results  epoch 98]
  Pose=0.6488 | Aff=0.8398 | BalAcc=0.7751 | Rneg=0.6033 | Rpos=0.9470 | PR=0.5545 | MCC=0.3766 | MAE=1.2034 | RMSE=1.4912 | r=0.7465 | rho=0.7379 | Cidx=0.7693 | EF1=2.5234 | EF5=2.3425 | S@1=0.0000 | S@5=1.0000 | S@10=1.0000 | Acc=0.6496
  ΔPose=+0.0262 | ΔAff=+0.0162 | ΔBalAcc=-0.0053 | ΔRneg=-0.0218 | ΔRpos=+0.0112 | ΔPR=-0.0020 | ΔMCC=-0.0084 | ΔMAE=-0.0012 | ΔRMSE=+0.0036 | Δr=+0.0031 | Δrho=+0.0063 | ΔCidx=-0.0005 | ΔEF5=+0.6097 | ΔAcc=-0.0173
    test_ema: Pose=0.6460, BalAcc=0.7716, PR=0.5530, Rneg=0.5971, Rpos=0.9461, MAE=1.2053, RMSE=1.4898, r=0.7459, Cidx=0.7697
------------------------------------------------------------------------------
  [Train Results  epoch 100]  epoch_t=75.19s  total_t=7518s
  Pose=0.6277 | Aff=0.6173 | BalAcc=0.7726 | Rneg=0.6085 | Rpos=0.9366 | PR=0.5459 | MCC=0.3611 | MAE=0.9621 | RMSE=1.2348 | r=0.7976 | rho=0.8019 | Cidx=0.8037 | EF1=4.6999 | EF5=1.6240 | S@1=0.0000 | S@5=1.0000 | S@10=1.0000 | Acc=0.6494
  ΔPose=-0.0208 | ΔAff=-0.0132 | ΔBalAcc=+0.0116 | ΔRneg=+0.0330 | ΔRpos=-0.0098 | ΔPR=+0.0067 | ΔMCC=+0.0164 | ΔMAE=-0.0159 | ΔRMSE=-0.0170 | Δr=+0.0019 | Δrho=+0.0038 | ΔCidx=+0.0024 | ΔEF1=+0.0386 | ΔEF5=-0.1263 | ΔAcc=+0.0276
    lr: 0.000516
    train_ema: Pose=0.6400, BalAcc=0.7640, PR=0.5360, Rneg=0.5868, Rpos=0.9412, MAE=0.9844, RMSE=1.2580, r=0.7918, Cidx=0.7993
------------------------------------------------------------------------------
  [Test Results  epoch 100]
  Pose=0.6168 | Aff=0.7775 | BalAcc=0.7897 | Rneg=0.6516 | Rpos=0.9278 | PR=0.5622 | MCC=0.4002 | MAE=1.1494 | RMSE=1.4173 | r=0.7684 | rho=0.7562 | Cidx=0.7848 | EF1=2.6811 | EF5=2.2462 | S@1=1.0000 | S@5=1.0000 | S@10=1.0000 | Acc=0.6888
  ΔPose=-0.0319 | ΔAff=-0.0623 | ΔBalAcc=+0.0145 | ΔRneg=+0.0483 | ΔRpos=-0.0193 | ΔPR=+0.0076 | ΔMCC=+0.0235 | ΔMAE=-0.0539 | ΔRMSE=-0.0739 | Δr=+0.0219 | Δrho=+0.0183 | ΔCidx=+0.0155 | ΔEF1=+0.1577 | ΔEF5=-0.0963 | ΔS@1=+1.0000 | ΔAcc=+0.0392
    test_ema: Pose=0.6372, BalAcc=0.7770, PR=0.5558, Rneg=0.6134, Rpos=0.9406, MAE=1.1885, RMSE=1.4680, r=0.7526, Cidx=0.7742
