=== geoformerdock vs gnina_dense ===
So mau dung (y_aff > 0, sau khi align): 623
A = geoformerdock.csv   B = gnina_dense.csv
Delta = metric(A) - metric(B)   [n_boot=2000, alpha=0.05, seed=2026]

metric      metric(A)  metric(B)   mean Delta     CI low    CI high  ket luan
-----------------------------------------------------------------------------
mae            1.2210     1.0261      +0.1941    +0.1260    +0.2661  B tot hon dang ke
rmse           1.5247     1.3240      +0.2000    +0.1230    +0.2744  B tot hon dang ke
pearson        0.7522     0.7987      -0.0465    -0.0758    -0.0169  B tot hon dang ke
spearman       0.7322     0.7839      -0.0518    -0.0866    -0.0169  B tot hon dang ke
cidx           0.7707     0.8006      -0.0299    -0.0468    -0.0128  B tot hon dang ke
=== geoformerdock vs gnina_default2018 ===
So mau dung (y_aff > 0, sau khi align): 623
A = geoformerdock.csv   B = gnina_default2018.csv
Delta = metric(A) - metric(B)   [n_boot=2000, alpha=0.05, seed=2026]

metric      metric(A)  metric(B)   mean Delta     CI low    CI high  ket luan
-----------------------------------------------------------------------------
mae            1.2210     1.0455      +0.1759    +0.1076    +0.2457  B tot hon dang ke
rmse           1.5247     1.3814      +0.1439    +0.0647    +0.2238  B tot hon dang ke
pearson        0.7522     0.7752      -0.0233    -0.0552    +0.0082  khong ro ret (CI chua 0)
spearman       0.7322     0.7657      -0.0336    -0.0703    +0.0044  khong ro ret (CI chua 0)
cidx           0.7707     0.7932      -0.0225    -0.0390    -0.0051  B tot hon dang ke
=== geoformerdock vs pafnucy ===
So mau dung (y_aff > 0, sau khi align): 623
A = geoformerdock.csv   B = pafnucy.csv
Delta = metric(A) - metric(B)   [n_boot=2000, alpha=0.05, seed=2026]

metric      metric(A)  metric(B)   mean Delta     CI low    CI high  ket luan
-----------------------------------------------------------------------------
mae            1.2210     1.1494      +0.0721    +0.0022    +0.1418  B tot hon dang ke
rmse           1.5247     1.4173      +0.1081    +0.0353    +0.1806  B tot hon dang ke
pearson        0.7522     0.7684      -0.0166    -0.0454    +0.0134  khong ro ret (CI chua 0)
spearman       0.7322     0.7562      -0.0242    -0.0595    +0.0122  khong ro ret (CI chua 0)
cidx           0.7707     0.7817      -0.0111    -0.0271    +0.0059  khong ro ret (CI chua 0)
=== geoformerdock vs potentialnet ===
So mau dung (y_aff > 0, sau khi align): 623
A = geoformerdock.csv   B = potentialnet.csv
Delta = metric(A) - metric(B)   [n_boot=2000, alpha=0.05, seed=2026]

metric      metric(A)  metric(B)   mean Delta     CI low    CI high  ket luan
-----------------------------------------------------------------------------
mae            1.2210     1.4240      -0.2016    -0.2836    -0.1217  A tot hon dang ke
rmse           1.5247     1.7602      -0.2341    -0.3244    -0.1464  A tot hon dang ke
pearson        0.7522     0.6140      +0.1377    +0.0912    +0.1822  A tot hon dang ke
spearman       0.7322     0.6007      +0.1313    +0.0780    +0.1842  A tot hon dang ke
cidx           0.7707     0.7154      +0.0551    +0.0334    +0.0766  A tot hon dang ke
=== geoformerdock vs tankbind ===
So mau dung (y_aff > 0, sau khi align): 623
A = geoformerdock.csv   B = tankbind.csv
Delta = metric(A) - metric(B)   [n_boot=2000, alpha=0.05, seed=2026]

metric      metric(A)  metric(B)   mean Delta     CI low    CI high  ket luan
-----------------------------------------------------------------------------
mae            1.2210     1.6180      -0.3952    -0.4940    -0.3002  A tot hon dang ke
rmse           1.5247     2.0117      -0.4855    -0.5891    -0.3785  A tot hon dang ke
pearson        0.7522     0.4049      +0.3469    +0.2797    +0.4165  A tot hon dang ke
spearman       0.7322     0.3935      +0.3381    +0.2681    +0.4110  A tot hon dang ke
cidx           0.7707     0.6356      +0.1349    +0.1082    +0.1617  A tot hon dang ke
