--- GNINA TRAINING (5-Loss Pipeline): potentialnet ---

=== TARGET STATISTICS ===
  [DEBUG] Affinity target stats (N=7758):
    mean=6.318  std=2.047
    p01=2.310      p05=3.020      p25=4.712      p50=6.400      p75=7.800      p95=9.700      p99=11.200  
  [DEBUG] Pose sample stats: total=62335, valid=62335, ignored=0, bad=54577, good=7758
          valid ratio: bad=0.8755, good=0.1245
  [NORM] pK mean=6.318, std=2.047
  Pose prior init: disabled by --disable_pose_prior_init
  Pose prior init: skipped (no final 2-logit pose layer found)
  Using eager mode for potentialnet
  Model parameters: 457,478
  Optimizer: AdamW(lr=0.001, wd=0.01)
  Loss (Pose): Focal(γ=2.0, α_good=0.75, α_bad=0.25); λ_pose=1.2, pose_scale=0.5, w_pose=0.85, w_aff=0.15, warmup_epochs=0, pose_only_epochs=4, class_norm=True, batch_balance=True
  Loss 1 (Regression): ConfidenceAware(scale=1.0)
  Loss 2 (Ranking): SoftProbabilistic(scale=0.05, τ=1.0, pairs=128)
  Loss 3 (DistAlign): scale=0.02
  Loss 4 (Anchor): scale=0.01
  Early stopping: composite = 0.500*C-index + 0.500*Balanced Accuracy (min_delta=0.0001, patience=25)
------------------------------------------------------------------------------
  [Train Results  epoch 2]  epoch_t=54.52s  total_t=111s
  Pose=0.8468 | Aff=11.5622 | BalAcc=0.5000 | Rneg=0.0000 | Rpos=1.0000 | PR=0.1285 | MCC=0.0000 | MAE=11.6404 | RMSE=11.8267 | r=0.0192 | rho=0.0856 | Cidx=0.5317 | EF1=0.7468 | EF5=0.8584 | S@1=0.0000 | S@5=1.0000 | S@10=1.0000 | Acc=0.1245
    lr: 0.001000
    train_ema: Pose=0.8468, BalAcc=0.5000, PR=0.1285, Rneg=0.0000, Rpos=1.0000, MAE=11.6404, RMSE=11.8267, r=0.0192, Cidx=0.5317
------------------------------------------------------------------------------
  [Test Results  epoch 2]
  Pose=0.8376 | Aff=11.5264 | BalAcc=0.5000 | Rneg=0.0000 | Rpos=1.0000 | PR=0.1289 | MCC=0.0000 | MAE=11.6077 | RMSE=11.8242 | r=-0.0353 | rho=0.0384 | Cidx=0.5115 | EF1=0.9463 | EF5=0.8985 | S@1=0.0000 | S@5=0.0000 | S@10=1.0000 | Acc=0.1349
    test_ema: Pose=0.8376, BalAcc=0.5000, PR=0.1289, Rneg=0.0000, Rpos=1.0000, MAE=11.6077, RMSE=11.8242, r=-0.0353, Cidx=0.5115
------------------------------------------------------------------------------
  [Train Results  epoch 4]  epoch_t=54.57s  total_t=221s
  Pose=0.8292 | Aff=12.1317 | BalAcc=0.5000 | Rneg=0.0000 | Rpos=1.0000 | PR=0.1267 | MCC=0.0000 | MAE=12.1941 | RMSE=12.3642 | r=0.0766 | rho=0.1259 | Cidx=0.5411 | EF1=0.7597 | EF5=0.9821 | S@1=0.0000 | S@5=1.0000 | S@10=1.0000 | Acc=0.1245
  ΔPose=-0.0176 | ΔAff=+0.5694 | ΔPR=-0.0018 | ΔMAE=+0.5536 | ΔRMSE=+0.5375 | Δr=+0.0574 | Δrho=+0.0403 | ΔCidx=+0.0094 | ΔEF1=+0.0129 | ΔEF5=+0.1237
    lr: 0.001000
    train_ema: Pose=0.8415, BalAcc=0.5000, PR=0.1279, Rneg=0.0000, Rpos=1.0000, MAE=11.8065, RMSE=11.9879, r=0.0364, Cidx=0.5345
------------------------------------------------------------------------------
  [Test Results  epoch 4]
  Pose=0.8220 | Aff=12.1807 | BalAcc=0.5000 | Rneg=0.0000 | Rpos=1.0000 | PR=0.1390 | MCC=0.0000 | MAE=12.2462 | RMSE=12.4405 | r=0.0207 | rho=-0.0006 | Cidx=0.5000 | EF1=1.5771 | EF5=1.2194 | S@1=0.0000 | S@5=0.0000 | S@10=0.0000 | Acc=0.1349
  ΔPose=-0.0156 | ΔAff=+0.6543 | ΔPR=+0.0100 | ΔMAE=+0.6385 | ΔRMSE=+0.6163 | Δr=+0.0560 | Δrho=-0.0390 | ΔCidx=-0.0115 | ΔEF1=+0.6309 | ΔEF5=+0.3209 | ΔS@10=-1.0000
    test_ema: Pose=0.8329, BalAcc=0.5000, PR=0.1319, Rneg=0.0000, Rpos=1.0000, MAE=11.7993, RMSE=12.0091, r=-0.0185, Cidx=0.5080
------------------------------------------------------------------------------
  [Train Results  epoch 6]  epoch_t=54.92s  total_t=330s
  Pose=0.8690 | Aff=1.3480 | BalAcc=0.5000 | Rneg=0.0000 | Rpos=1.0000 | PR=0.1231 | MCC=0.0000 | MAE=1.7037 | RMSE=2.1031 | r=0.3400 | rho=0.3478 | Cidx=0.6147 | EF1=0.9786 | EF5=1.0311 | S@1=1.0000 | S@5=1.0000 | S@10=1.0000 | Acc=0.1245
  ΔPose=+0.0397 | ΔAff=-10.7837 | ΔPR=-0.0036 | ΔMAE=-10.4903 | ΔRMSE=-10.2611 | Δr=+0.2635 | Δrho=+0.2218 | ΔCidx=+0.0735 | ΔEF1=+0.2189 | ΔEF5=+0.0490 | ΔS@1=+1.0000
    lr: 0.001000
    train_ema: Pose=0.8498, BalAcc=0.5000, PR=0.1265, Rneg=0.0000, Rpos=1.0000, MAE=8.7757, RMSE=9.0225, r=0.1275, Cidx=0.5586
------------------------------------------------------------------------------
  [Test Results  epoch 6]
  Pose=0.8679 | Aff=1.4416 | BalAcc=0.5000 | Rneg=0.0000 | Rpos=1.0000 | PR=0.1378 | MCC=0.0000 | MAE=1.8088 | RMSE=2.2716 | r=0.2849 | rho=0.2859 | Cidx=0.5980 | EF1=1.4194 | EF5=0.8985 | S@1=0.0000 | S@5=0.0000 | S@10=1.0000 | Acc=0.1349
  ΔPose=+0.0458 | ΔAff=-10.7392 | ΔPR=-0.0012 | ΔMAE=-10.4374 | ΔRMSE=-10.1689 | Δr=+0.2642 | Δrho=+0.2865 | ΔCidx=+0.0980 | ΔEF1=-0.1577 | ΔEF5=-0.3209 | ΔS@10=+1.0000
    test_ema: Pose=0.8434, BalAcc=0.5000, PR=0.1337, Rneg=0.0000, Rpos=1.0000, MAE=8.8021, RMSE=9.0879, r=0.0726, Cidx=0.5350
------------------------------------------------------------------------------
  [Train Results  epoch 8]  epoch_t=54.78s  total_t=440s
  Pose=0.8613 | Aff=1.1816 | BalAcc=0.5000 | Rneg=0.0000 | Rpos=1.0000 | PR=0.1352 | MCC=0.0000 | MAE=1.5372 | RMSE=1.9488 | r=0.5297 | rho=0.5426 | Cidx=0.6914 | EF1=1.3392 | EF5=1.0595 | S@1=0.0000 | S@5=0.0000 | S@10=0.0000 | Acc=0.1245
  ΔPose=-0.0076 | ΔAff=-0.1663 | ΔPR=+0.0121 | ΔMAE=-0.1666 | ΔRMSE=-0.1543 | Δr=+0.1896 | Δrho=+0.1948 | ΔCidx=+0.0767 | ΔEF1=+0.3605 | ΔEF5=+0.0284 | ΔS@1=-1.0000 | ΔS@5=-1.0000 | ΔS@10=-1.0000
    lr: 0.000999
    train_ema: Pose=0.8532, BalAcc=0.5000, PR=0.1291, Rneg=0.0000, Rpos=1.0000, MAE=6.6041, RMSE=6.9004, r=0.2481, Cidx=0.5984
------------------------------------------------------------------------------
  [Test Results  epoch 8]
  Pose=0.8594 | Aff=1.3227 | BalAcc=0.5000 | Rneg=0.0000 | Rpos=1.0000 | PR=0.1366 | MCC=0.0000 | MAE=1.7053 | RMSE=2.1295 | r=0.4376 | rho=0.4458 | Cidx=0.6549 | EF1=1.1040 | EF5=0.9948 | S@1=0.0000 | S@5=1.0000 | S@10=1.0000 | Acc=0.1349
  ΔPose=-0.0085 | ΔAff=-0.1188 | ΔPR=-0.0012 | ΔMAE=-0.1035 | ΔRMSE=-0.1421 | Δr=+0.1527 | Δrho=+0.1598 | ΔCidx=+0.0570 | ΔEF1=-0.3154 | ΔEF5=+0.0963 | ΔS@5=+1.0000
    test_ema: Pose=0.8482, BalAcc=0.5000, PR=0.1346, Rneg=0.0000, Rpos=1.0000, MAE=6.6731, RMSE=7.0004, r=0.1821, Cidx=0.5710
------------------------------------------------------------------------------
  [Train Results  epoch 10]  epoch_t=54.94s  total_t=550s
  Pose=0.8642 | Aff=1.0464 | BalAcc=0.5000 | Rneg=0.0000 | Rpos=1.0000 | PR=0.1457 | MCC=0.0021 | MAE=1.4109 | RMSE=1.7491 | r=0.5411 | rho=0.5579 | Cidx=0.6954 | EF1=1.1589 | EF5=1.0698 | S@1=0.0000 | S@5=0.0000 | S@10=0.0000 | Acc=0.1245
  ΔPose=+0.0029 | ΔAff=-0.1353 | ΔBalAcc=+0.0000 | ΔRneg=+0.0000 | ΔPR=+0.0105 | ΔMCC=+0.0021 | ΔMAE=-0.1263 | ΔRMSE=-0.1997 | Δr=+0.0114 | Δrho=+0.0153 | ΔCidx=+0.0040 | ΔEF1=-0.1803 | ΔEF5=+0.0103 | ΔAcc=+0.0000
    lr: 0.000998
    train_ema: Pose=0.8565, BalAcc=0.5000, PR=0.1341, Rneg=0.0000, Rpos=1.0000, MAE=5.0462, RMSE=5.3550, r=0.3360, Cidx=0.6275
------------------------------------------------------------------------------
  [Test Results  epoch 10]
  Pose=0.8607 | Aff=1.2401 | BalAcc=0.5000 | Rneg=0.0000 | Rpos=1.0000 | PR=0.1523 | MCC=0.0000 | MAE=1.6097 | RMSE=2.0156 | r=0.4336 | rho=0.4399 | Cidx=0.6518 | EF1=1.2617 | EF5=0.9627 | S@1=0.0000 | S@5=1.0000 | S@10=1.0000 | Acc=0.1349
  ΔPose=+0.0013 | ΔAff=-0.0826 | ΔPR=+0.0157 | ΔMAE=-0.0956 | ΔRMSE=-0.1139 | Δr=-0.0040 | Δrho=-0.0058 | ΔCidx=-0.0032 | ΔEF1=+0.1577 | ΔEF5=-0.0321
    test_ema: Pose=0.8519, BalAcc=0.5000, PR=0.1399, Rneg=0.0000, Rpos=1.0000, MAE=5.1541, RMSE=5.5049, r=0.2575, Cidx=0.5952
------------------------------------------------------------------------------
  [Train Results  epoch 12]  epoch_t=55.03s  total_t=660s
  Pose=0.8578 | Aff=1.0045 | BalAcc=0.5000 | Rneg=0.0000 | Rpos=1.0000 | PR=0.1459 | MCC=0.0021 | MAE=1.3702 | RMSE=1.7244 | r=0.5526 | rho=0.5599 | Cidx=0.6943 | EF1=1.2619 | EF5=1.0981 | S@1=0.0000 | S@5=0.0000 | S@10=1.0000 | Acc=0.1245
  ΔPose=-0.0064 | ΔAff=-0.0419 | ΔPR=+0.0002 | ΔMAE=-0.0407 | ΔRMSE=-0.0247 | Δr=+0.0116 | Δrho=+0.0020 | ΔCidx=-0.0011 | ΔEF1=+0.1030 | ΔEF5=+0.0284 | ΔS@10=+1.0000
    lr: 0.000996
    train_ema: Pose=0.8569, BalAcc=0.5000, PR=0.1376, Rneg=0.0000, Rpos=1.0000, MAE=3.9434, RMSE=4.2658, r=0.4010, Cidx=0.6476
------------------------------------------------------------------------------
  [Test Results  epoch 12]
  Pose=0.8510 | Aff=1.2054 | BalAcc=0.5000 | Rneg=0.0000 | Rpos=1.0000 | PR=0.1468 | MCC=0.0000 | MAE=1.5882 | RMSE=1.9787 | r=0.4492 | rho=0.4470 | Cidx=0.6512 | EF1=1.1040 | EF5=1.0589 | S@1=0.0000 | S@5=1.0000 | S@10=1.0000 | Acc=0.1349
  ΔPose=-0.0097 | ΔAff=-0.0347 | ΔPR=-0.0055 | ΔMAE=-0.0215 | ΔRMSE=-0.0369 | Δr=+0.0156 | Δrho=+0.0071 | ΔCidx=-0.0005 | ΔEF1=-0.1577 | ΔEF5=+0.0963
    test_ema: Pose=0.8517, BalAcc=0.5000, PR=0.1419, Rneg=0.0000, Rpos=1.0000, MAE=4.0843, RMSE=4.4471, r=0.3150, Cidx=0.6120
------------------------------------------------------------------------------
  [Train Results  epoch 14]  epoch_t=54.90s  total_t=770s
  Pose=0.8553 | Aff=1.0173 | BalAcc=0.5000 | Rneg=0.0000 | Rpos=1.0000 | PR=0.1500 | MCC=0.0000 | MAE=1.3768 | RMSE=1.7251 | r=0.5722 | rho=0.5846 | Cidx=0.7071 | EF1=1.0559 | EF5=0.9744 | S@1=0.0000 | S@5=0.0000 | S@10=0.0000 | Acc=0.1245
  ΔPose=-0.0025 | ΔAff=+0.0127 | ΔBalAcc=-0.0000 | ΔRneg=-0.0000 | ΔPR=+0.0042 | ΔMCC=-0.0021 | ΔMAE=+0.0066 | ΔRMSE=+0.0006 | Δr=+0.0196 | Δrho=+0.0247 | ΔCidx=+0.0127 | ΔEF1=-0.2060 | ΔEF5=-0.1237 | ΔS@10=-1.0000 | ΔAcc=-0.0000
    lr: 0.000994
    train_ema: Pose=0.8564, BalAcc=0.5000, PR=0.1413, Rneg=0.0000, Rpos=1.0000, MAE=3.1734, RMSE=3.5036, r=0.4524, Cidx=0.6654
------------------------------------------------------------------------------
  [Test Results  epoch 14]
  Pose=0.8611 | Aff=1.1856 | BalAcc=0.5013 | Rneg=0.0025 | Rpos=1.0000 | PR=0.1476 | MCC=0.0184 | MAE=1.5535 | RMSE=1.9310 | r=0.5233 | rho=0.5092 | Cidx=0.6765 | EF1=1.5771 | EF5=0.9948 | S@1=0.0000 | S@5=1.0000 | S@10=1.0000 | Acc=0.1371
  ΔPose=+0.0101 | ΔAff=-0.0198 | ΔBalAcc=+0.0013 | ΔRneg=+0.0025 | ΔPR=+0.0008 | ΔMCC=+0.0184 | ΔMAE=-0.0347 | ΔRMSE=-0.0477 | Δr=+0.0742 | Δrho=+0.0622 | ΔCidx=+0.0253 | ΔEF1=+0.4731 | ΔEF5=-0.0642 | ΔAcc=+0.0022
    test_ema: Pose=0.8545, BalAcc=0.5004, PR=0.1436, Rneg=0.0008, Rpos=1.0000, MAE=3.3251, RMSE=3.6923, r=0.3775, Cidx=0.6314
------------------------------------------------------------------------------
  [Train Results  epoch 16]  epoch_t=54.93s  total_t=879s
  Pose=0.8604 | Aff=0.9497 | BalAcc=0.5000 | Rneg=0.0000 | Rpos=1.0000 | PR=0.1530 | MCC=0.0000 | MAE=1.3153 | RMSE=1.6443 | r=0.5966 | rho=0.6084 | Cidx=0.7138 | EF1=0.9915 | EF5=1.0620 | S@1=0.0000 | S@5=0.0000 | S@10=0.0000 | Acc=0.1245
  ΔPose=+0.0051 | ΔAff=-0.0676 | ΔPR=+0.0030 | ΔMAE=-0.0615 | ΔRMSE=-0.0807 | Δr=+0.0244 | Δrho=+0.0237 | ΔCidx=+0.0067 | ΔEF1=-0.0644 | ΔEF5=+0.0876
    lr: 0.000991
    train_ema: Pose=0.8576, BalAcc=0.5000, PR=0.1448, Rneg=0.0000, Rpos=1.0000, MAE=2.6160, RMSE=2.9458, r=0.4956, Cidx=0.6799
------------------------------------------------------------------------------
  [Test Results  epoch 16]
  Pose=0.8598 | Aff=1.1091 | BalAcc=0.5000 | Rneg=0.0000 | Rpos=1.0000 | PR=0.1513 | MCC=0.0000 | MAE=1.4820 | RMSE=1.8485 | r=0.5423 | rho=0.5336 | Cidx=0.6867 | EF1=2.2080 | EF5=1.1873 | S@1=0.0000 | S@5=1.0000 | S@10=1.0000 | Acc=0.1349
  ΔPose=-0.0013 | ΔAff=-0.0765 | ΔBalAcc=-0.0013 | ΔRneg=-0.0025 | ΔPR=+0.0037 | ΔMCC=-0.0184 | ΔMAE=-0.0714 | ΔRMSE=-0.0825 | Δr=+0.0190 | Δrho=+0.0244 | ΔCidx=+0.0102 | ΔEF1=+0.6309 | ΔEF5=+0.1925 | ΔAcc=-0.0022
    test_ema: Pose=0.8561, BalAcc=0.5003, PR=0.1459, Rneg=0.0005, Rpos=1.0000, MAE=2.7722, RMSE=3.1391, r=0.4270, Cidx=0.6480
------------------------------------------------------------------------------
  [Train Results  epoch 18]  epoch_t=55.05s  total_t=989s
  Pose=0.8630 | Aff=0.9490 | BalAcc=0.5000 | Rneg=0.0000 | Rpos=1.0000 | PR=0.1527 | MCC=0.0021 | MAE=1.3156 | RMSE=1.6496 | r=0.5931 | rho=0.6096 | Cidx=0.7137 | EF1=1.1589 | EF5=1.0595 | S@1=0.0000 | S@5=0.0000 | S@10=0.0000 | Acc=0.1245
  ΔPose=+0.0026 | ΔAff=-0.0006 | ΔBalAcc=+0.0000 | ΔRneg=+0.0000 | ΔPR=-0.0003 | ΔMCC=+0.0021 | ΔMAE=+0.0003 | ΔRMSE=+0.0053 | Δr=-0.0035 | Δrho=+0.0013 | ΔCidx=-0.0001 | ΔEF1=+0.1674 | ΔEF5=-0.0026 | ΔAcc=+0.0000
    lr: 0.000987
    train_ema: Pose=0.8592, BalAcc=0.5000, PR=0.1472, Rneg=0.0000, Rpos=1.0000, MAE=2.2259, RMSE=2.5570, r=0.5249, Cidx=0.6901
------------------------------------------------------------------------------
  [Test Results  epoch 18]
  Pose=0.8635 | Aff=1.1032 | BalAcc=0.5026 | Rneg=0.0053 | Rpos=1.0000 | PR=0.1554 | MCC=0.0267 | MAE=1.4778 | RMSE=1.8470 | r=0.5380 | rho=0.5389 | Cidx=0.6914 | EF1=1.7348 | EF5=1.1873 | S@1=1.0000 | S@5=1.0000 | S@10=1.0000 | Acc=0.1395
  ΔPose=+0.0037 | ΔAff=-0.0058 | ΔBalAcc=+0.0026 | ΔRneg=+0.0053 | ΔPR=+0.0041 | ΔMCC=+0.0267 | ΔMAE=-0.0042 | ΔRMSE=-0.0016 | Δr=-0.0043 | Δrho=+0.0053 | ΔCidx=+0.0047 | ΔEF1=-0.4731 | ΔS@1=+1.0000 | ΔAcc=+0.0045
    test_ema: Pose=0.8583, BalAcc=0.5010, PR=0.1488, Rneg=0.0019, Rpos=1.0000, MAE=2.3838, RMSE=2.7515, r=0.4603, Cidx=0.6610
------------------------------------------------------------------------------
  [Train Results  epoch 20]  epoch_t=55.01s  total_t=1099s
  Pose=0.8661 | Aff=1.0442 | BalAcc=0.5000 | Rneg=0.0000 | Rpos=1.0000 | PR=0.1500 | MCC=0.0015 | MAE=1.4051 | RMSE=1.7459 | r=0.5792 | rho=0.5934 | Cidx=0.7085 | EF1=1.1331 | EF5=1.0466 | S@1=0.0000 | S@5=1.0000 | S@10=1.0000 | Acc=0.1245
  ΔPose=+0.0031 | ΔAff=+0.0952 | ΔBalAcc=-0.0000 | ΔRneg=-0.0000 | ΔPR=-0.0027 | ΔMCC=-0.0006 | ΔMAE=+0.0895 | ΔRMSE=+0.0963 | Δr=-0.0139 | Δrho=-0.0162 | ΔCidx=-0.0052 | ΔEF1=-0.0258 | ΔEF5=-0.0129 | ΔS@5=+1.0000 | ΔS@10=+1.0000 | ΔAcc=-0.0000
    lr: 0.000984
    train_ema: Pose=0.8613, BalAcc=0.5000, PR=0.1480, Rneg=0.0000, Rpos=1.0000, MAE=1.9796, RMSE=2.3137, r=0.5412, Cidx=0.6956
------------------------------------------------------------------------------
  [Test Results  epoch 20]
  Pose=0.8592 | Aff=1.2176 | BalAcc=0.5026 | Rneg=0.0053 | Rpos=1.0000 | PR=0.1506 | MCC=0.0267 | MAE=1.5922 | RMSE=1.9609 | r=0.5435 | rho=0.5478 | Cidx=0.6920 | EF1=1.1040 | EF5=1.0268 | S@1=1.0000 | S@5=1.0000 | S@10=1.0000 | Acc=0.1395
  ΔPose=-0.0043 | ΔAff=+0.1144 | ΔPR=-0.0048 | ΔMAE=+0.1144 | ΔRMSE=+0.1139 | Δr=+0.0055 | Δrho=+0.0089 | ΔCidx=+0.0006 | ΔEF1=-0.6309 | ΔEF5=-0.1604
    test_ema: Pose=0.8586, BalAcc=0.5015, PR=0.1493, Rneg=0.0029, Rpos=1.0000, MAE=2.1463, RMSE=2.5143, r=0.4853, Cidx=0.6703
------------------------------------------------------------------------------
  [Train Results  epoch 22]  epoch_t=54.65s  total_t=1209s
  Pose=0.8599 | Aff=0.9511 | BalAcc=0.5000 | Rneg=0.0000 | Rpos=1.0000 | PR=0.1519 | MCC=0.0000 | MAE=1.3141 | RMSE=1.6464 | r=0.6076 | rho=0.6208 | Cidx=0.7210 | EF1=1.0945 | EF5=1.0388 | S@1=0.0000 | S@5=0.0000 | S@10=0.0000 | Acc=0.1245
  ΔPose=-0.0062 | ΔAff=-0.0931 | ΔBalAcc=-0.0000 | ΔRneg=-0.0000 | ΔPR=+0.0019 | ΔMCC=-0.0015 | ΔMAE=-0.0910 | ΔRMSE=-0.0995 | Δr=+0.0284 | Δrho=+0.0273 | ΔCidx=+0.0125 | ΔEF1=-0.0386 | ΔEF5=-0.0077 | ΔS@5=-1.0000 | ΔS@10=-1.0000 | ΔAcc=-0.0000
    lr: 0.000979
    train_ema: Pose=0.8609, BalAcc=0.5000, PR=0.1492, Rneg=0.0000, Rpos=1.0000, MAE=1.7800, RMSE=2.1135, r=0.5611, Cidx=0.7032
------------------------------------------------------------------------------
  [Test Results  epoch 22]
  Pose=0.8557 | Aff=1.1102 | BalAcc=0.5000 | Rneg=0.0000 | Rpos=1.0000 | PR=0.1500 | MCC=0.0000 | MAE=1.4862 | RMSE=1.8452 | r=0.5486 | rho=0.5407 | Cidx=0.6877 | EF1=1.4194 | EF5=0.9306 | S@1=1.0000 | S@5=1.0000 | S@10=1.0000 | Acc=0.1349
  ΔPose=-0.0035 | ΔAff=-0.1074 | ΔBalAcc=-0.0026 | ΔRneg=-0.0053 | ΔPR=-0.0006 | ΔMCC=-0.0267 | ΔMAE=-0.1059 | ΔRMSE=-0.1156 | Δr=+0.0051 | Δrho=-0.0071 | ΔCidx=-0.0043 | ΔEF1=+0.3154 | ΔEF5=-0.0963 | ΔAcc=-0.0045
    test_ema: Pose=0.8577, BalAcc=0.5010, PR=0.1495, Rneg=0.0021, Rpos=1.0000, MAE=1.9483, RMSE=2.3136, r=0.5043, Cidx=0.6755
------------------------------------------------------------------------------
  [Train Results  epoch 24]  epoch_t=55.04s  total_t=1319s
  Pose=0.8573 | Aff=0.9724 | BalAcc=0.5000 | Rneg=0.0000 | Rpos=1.0000 | PR=0.1529 | MCC=0.0000 | MAE=1.3328 | RMSE=1.6650 | r=0.6020 | rho=0.6162 | Cidx=0.7204 | EF1=1.0559 | EF5=0.9976 | S@1=0.0000 | S@5=0.0000 | S@10=0.0000 | Acc=0.1245
  ΔPose=-0.0026 | ΔAff=+0.0213 | ΔPR=+0.0010 | ΔMAE=+0.0187 | ΔRMSE=+0.0186 | Δr=-0.0056 | Δrho=-0.0046 | ΔCidx=-0.0006 | ΔEF1=-0.0386 | ΔEF5=-0.0412
    lr: 0.000975
    train_ema: Pose=0.8598, BalAcc=0.5000, PR=0.1503, Rneg=0.0000, Rpos=1.0000, MAE=1.6458, RMSE=1.9789, r=0.5734, Cidx=0.7084
------------------------------------------------------------------------------
  [Test Results  epoch 24]
  Pose=0.8531 | Aff=1.1376 | BalAcc=0.5000 | Rneg=0.0000 | Rpos=1.0000 | PR=0.1497 | MCC=0.0000 | MAE=1.5073 | RMSE=1.8717 | r=0.5406 | rho=0.5360 | Cidx=0.6896 | EF1=1.2617 | EF5=0.9627 | S@1=1.0000 | S@5=1.0000 | S@10=1.0000 | Acc=0.1349
  ΔPose=-0.0027 | ΔAff=+0.0274 | ΔPR=-0.0003 | ΔMAE=+0.0210 | ΔRMSE=+0.0265 | Δr=-0.0080 | Δrho=-0.0047 | ΔCidx=+0.0019 | ΔEF1=-0.1577 | ΔEF5=+0.0321
    test_ema: Pose=0.8563, BalAcc=0.5007, PR=0.1496, Rneg=0.0014, Rpos=1.0000, MAE=1.8160, RMSE=2.1810, r=0.5151, Cidx=0.6797
------------------------------------------------------------------------------
  [Train Results  epoch 26]  epoch_t=54.82s  total_t=1429s
  Pose=0.8687 | Aff=1.0196 | BalAcc=0.5000 | Rneg=0.0000 | Rpos=1.0000 | PR=0.1529 | MCC=0.0000 | MAE=1.3778 | RMSE=1.7224 | r=0.6051 | rho=0.6151 | Cidx=0.7152 | EF1=1.1846 | EF5=1.0105 | S@1=0.0000 | S@5=1.0000 | S@10=1.0000 | Acc=0.1245
  ΔPose=+0.0114 | ΔAff=+0.0472 | ΔPR=+0.0000 | ΔMAE=+0.0450 | ΔRMSE=+0.0574 | Δr=+0.0030 | Δrho=-0.0011 | ΔCidx=-0.0052 | ΔEF1=+0.1288 | ΔEF5=+0.0129 | ΔS@5=+1.0000 | ΔS@10=+1.0000
    lr: 0.000969
    train_ema: Pose=0.8624, BalAcc=0.5000, PR=0.1511, Rneg=0.0000, Rpos=1.0000, MAE=1.5654, RMSE=1.9020, r=0.5829, Cidx=0.7104
------------------------------------------------------------------------------
  [Test Results  epoch 26]
  Pose=0.8688 | Aff=1.2352 | BalAcc=0.5000 | Rneg=0.0000 | Rpos=1.0000 | PR=0.1533 | MCC=0.0000 | MAE=1.6036 | RMSE=1.9887 | r=0.5212 | rho=0.5181 | Cidx=0.6821 | EF1=1.2617 | EF5=0.8985 | S@1=1.0000 | S@5=1.0000 | S@10=1.0000 | Acc=0.1349
  ΔPose=+0.0157 | ΔAff=+0.0976 | ΔPR=+0.0037 | ΔMAE=+0.0963 | ΔRMSE=+0.1170 | Δr=-0.0194 | Δrho=-0.0179 | ΔCidx=-0.0075 | ΔEF5=-0.0642
    test_ema: Pose=0.8601, BalAcc=0.5005, PR=0.1507, Rneg=0.0010, Rpos=1.0000, MAE=1.7523, RMSE=2.1233, r=0.5169, Cidx=0.6804
------------------------------------------------------------------------------
  [Train Results  epoch 28]  epoch_t=54.77s  total_t=1538s
  Pose=0.8609 | Aff=0.9396 | BalAcc=0.5000 | Rneg=0.0000 | Rpos=1.0000 | PR=0.1499 | MCC=0.0000 | MAE=1.3029 | RMSE=1.6404 | r=0.6005 | rho=0.6170 | Cidx=0.7138 | EF1=1.0301 | EF5=0.9744 | S@1=0.0000 | S@5=0.0000 | S@10=1.0000 | Acc=0.1245
  ΔPose=-0.0078 | ΔAff=-0.0800 | ΔPR=-0.0031 | ΔMAE=-0.0749 | ΔRMSE=-0.0820 | Δr=-0.0046 | Δrho=+0.0018 | ΔCidx=-0.0014 | ΔEF1=-0.1545 | ΔEF5=-0.0361 | ΔS@5=-1.0000
    lr: 0.000963
    train_ema: Pose=0.8620, BalAcc=0.5000, PR=0.1507, Rneg=0.0000, Rpos=1.0000, MAE=1.4867, RMSE=1.8235, r=0.5882, Cidx=0.7114
------------------------------------------------------------------------------
  [Test Results  epoch 28]
  Pose=0.8587 | Aff=1.1366 | BalAcc=0.5000 | Rneg=0.0000 | Rpos=1.0000 | PR=0.1491 | MCC=0.0000 | MAE=1.5140 | RMSE=1.8970 | r=0.4961 | rho=0.4819 | Cidx=0.6676 | EF1=1.8926 | EF5=0.9627 | S@1=1.0000 | S@5=1.0000 | S@10=1.0000 | Acc=0.1349
  ΔPose=-0.0100 | ΔAff=-0.0985 | ΔPR=-0.0042 | ΔMAE=-0.0895 | ΔRMSE=-0.0917 | Δr=-0.0250 | Δrho=-0.0362 | ΔCidx=-0.0145 | ΔEF1=+0.6309 | ΔEF5=+0.0642
    test_ema: Pose=0.8597, BalAcc=0.5004, PR=0.1502, Rneg=0.0007, Rpos=1.0000, MAE=1.6808, RMSE=2.0554, r=0.5107, Cidx=0.6766
------------------------------------------------------------------------------
  [Train Results  epoch 30]  epoch_t=54.71s  total_t=1648s
  Pose=0.8576 | Aff=0.9210 | BalAcc=0.5000 | Rneg=0.0000 | Rpos=1.0000 | PR=0.1515 | MCC=0.0000 | MAE=1.2836 | RMSE=1.6183 | r=0.6136 | rho=0.6306 | Cidx=0.7233 | EF1=1.1846 | EF5=0.9976 | S@1=0.0000 | S@5=1.0000 | S@10=1.0000 | Acc=0.1245
  ΔPose=-0.0032 | ΔAff=-0.0186 | ΔPR=+0.0016 | ΔMAE=-0.0194 | ΔRMSE=-0.0221 | Δr=+0.0131 | Δrho=+0.0136 | ΔCidx=+0.0096 | ΔEF1=+0.1545 | ΔEF5=+0.0232 | ΔS@5=+1.0000
    lr: 0.000957
    train_ema: Pose=0.8607, BalAcc=0.5000, PR=0.1510, Rneg=0.0000, Rpos=1.0000, MAE=1.4257, RMSE=1.7620, r=0.5958, Cidx=0.7150
------------------------------------------------------------------------------
  [Test Results  epoch 30]
  Pose=0.8553 | Aff=1.0751 | BalAcc=0.5000 | Rneg=0.0000 | Rpos=1.0000 | PR=0.1515 | MCC=0.0000 | MAE=1.4520 | RMSE=1.8125 | r=0.5662 | rho=0.5465 | Cidx=0.6938 | EF1=1.1040 | EF5=1.1552 | S@1=0.0000 | S@5=0.0000 | S@10=1.0000 | Acc=0.1349
  ΔPose=-0.0034 | ΔAff=-0.0615 | ΔPR=+0.0023 | ΔMAE=-0.0620 | ΔRMSE=-0.0845 | Δr=+0.0701 | Δrho=+0.0646 | ΔCidx=+0.0261 | ΔEF1=-0.7886 | ΔEF5=+0.1925 | ΔS@1=-1.0000 | ΔS@5=-1.0000
    test_ema: Pose=0.8584, BalAcc=0.5002, PR=0.1506, Rneg=0.0005, Rpos=1.0000, MAE=1.6122, RMSE=1.9825, r=0.5274, Cidx=0.6817
------------------------------------------------------------------------------
  [Train Results  epoch 32]  epoch_t=54.89s  total_t=1757s
  Pose=0.8570 | Aff=0.9169 | BalAcc=0.5000 | Rneg=0.0000 | Rpos=1.0000 | PR=0.1523 | MCC=0.0000 | MAE=1.2770 | RMSE=1.6147 | r=0.6270 | rho=0.6366 | Cidx=0.7263 | EF1=1.2104 | EF5=0.9615 | S@1=0.0000 | S@5=0.0000 | S@10=0.0000 | Acc=0.1245
  ΔPose=-0.0006 | ΔAff=-0.0041 | ΔPR=+0.0008 | ΔMAE=-0.0066 | ΔRMSE=-0.0036 | Δr=+0.0134 | Δrho=+0.0060 | ΔCidx=+0.0030 | ΔEF1=+0.0258 | ΔEF5=-0.0361 | ΔS@5=-1.0000 | ΔS@10=-1.0000
    lr: 0.000950
    train_ema: Pose=0.8596, BalAcc=0.5000, PR=0.1514, Rneg=0.0000, Rpos=1.0000, MAE=1.3811, RMSE=1.7178, r=0.6052, Cidx=0.7184
------------------------------------------------------------------------------
  [Test Results  epoch 32]
  Pose=0.8542 | Aff=1.0956 | BalAcc=0.5000 | Rneg=0.0000 | Rpos=1.0000 | PR=0.1495 | MCC=0.0000 | MAE=1.4627 | RMSE=1.8325 | r=0.5658 | rho=0.5538 | Cidx=0.6987 | EF1=1.2617 | EF5=0.8985 | S@1=1.0000 | S@5=1.0000 | S@10=1.0000 | Acc=0.1349
  ΔPose=-0.0012 | ΔAff=+0.0205 | ΔPR=-0.0020 | ΔMAE=+0.0107 | ΔRMSE=+0.0200 | Δr=-0.0004 | Δrho=+0.0073 | ΔCidx=+0.0050 | ΔEF1=+0.1577 | ΔEF5=-0.2567 | ΔS@1=+1.0000 | ΔS@5=+1.0000
    test_ema: Pose=0.8571, BalAcc=0.5002, PR=0.1503, Rneg=0.0003, Rpos=1.0000, MAE=1.5673, RMSE=1.9375, r=0.5389, Cidx=0.6868
------------------------------------------------------------------------------
  [Train Results  epoch 34]  epoch_t=54.71s  total_t=1867s
  Pose=0.8650 | Aff=0.9474 | BalAcc=0.5000 | Rneg=0.0000 | Rpos=1.0000 | PR=0.1514 | MCC=0.0000 | MAE=1.3093 | RMSE=1.6347 | r=0.6272 | rho=0.6421 | Cidx=0.7235 | EF1=1.0044 | EF5=1.0543 | S@1=0.0000 | S@5=0.0000 | S@10=0.0000 | Acc=0.1245
  ΔPose=+0.0080 | ΔAff=+0.0305 | ΔPR=-0.0008 | ΔMAE=+0.0323 | ΔRMSE=+0.0200 | Δr=+0.0002 | Δrho=+0.0055 | ΔCidx=-0.0028 | ΔEF1=-0.2060 | ΔEF5=+0.0928
    lr: 0.000943
    train_ema: Pose=0.8612, BalAcc=0.5000, PR=0.1514, Rneg=0.0000, Rpos=1.0000, MAE=1.3596, RMSE=1.6929, r=0.6118, Cidx=0.7199
------------------------------------------------------------------------------
  [Test Results  epoch 34]
  Pose=0.8652 | Aff=1.1496 | BalAcc=0.5000 | Rneg=0.0000 | Rpos=1.0000 | PR=0.1499 | MCC=0.0000 | MAE=1.5311 | RMSE=1.8792 | r=0.5448 | rho=0.5417 | Cidx=0.6912 | EF1=1.4194 | EF5=0.9306 | S@1=1.0000 | S@5=1.0000 | S@10=1.0000 | Acc=0.1349
  ΔPose=+0.0111 | ΔAff=+0.0540 | ΔPR=+0.0004 | ΔMAE=+0.0684 | ΔRMSE=+0.0466 | Δr=-0.0210 | Δrho=-0.0120 | ΔCidx=-0.0076 | ΔEF1=+0.1577 | ΔEF5=+0.0321
    test_ema: Pose=0.8596, BalAcc=0.5001, PR=0.1501, Rneg=0.0002, Rpos=1.0000, MAE=1.5565, RMSE=1.9200, r=0.5407, Cidx=0.6881
------------------------------------------------------------------------------
  [Train Results  epoch 36]  epoch_t=54.78s  total_t=1976s
  Pose=0.8636 | Aff=0.9078 | BalAcc=0.5000 | Rneg=0.0000 | Rpos=1.0000 | PR=0.1518 | MCC=0.0000 | MAE=1.2674 | RMSE=1.5923 | r=0.6383 | rho=0.6475 | Cidx=0.7295 | EF1=0.9786 | EF5=0.9692 | S@1=0.0000 | S@5=1.0000 | S@10=1.0000 | Acc=0.1245
  ΔPose=-0.0014 | ΔAff=-0.0395 | ΔPR=+0.0003 | ΔMAE=-0.0419 | ΔRMSE=-0.0424 | Δr=+0.0111 | Δrho=+0.0054 | ΔCidx=+0.0060 | ΔEF1=-0.0258 | ΔEF5=-0.0851 | ΔS@5=+1.0000 | ΔS@10=+1.0000
    lr: 0.000936
    train_ema: Pose=0.8619, BalAcc=0.5000, PR=0.1515, Rneg=0.0000, Rpos=1.0000, MAE=1.3319, RMSE=1.6627, r=0.6197, Cidx=0.7228
------------------------------------------------------------------------------
  [Test Results  epoch 36]
  Pose=0.8614 | Aff=1.0932 | BalAcc=0.5000 | Rneg=0.0000 | Rpos=1.0000 | PR=0.1490 | MCC=0.0000 | MAE=1.4625 | RMSE=1.8187 | r=0.5752 | rho=0.5557 | Cidx=0.6962 | EF1=1.7348 | EF5=0.9948 | S@1=1.0000 | S@5=1.0000 | S@10=1.0000 | Acc=0.1349
  ΔPose=-0.0038 | ΔAff=-0.0564 | ΔPR=-0.0009 | ΔMAE=-0.0686 | ΔRMSE=-0.0605 | Δr=+0.0304 | Δrho=+0.0140 | ΔCidx=+0.0050 | ΔEF1=+0.3154 | ΔEF5=+0.0642
    test_ema: Pose=0.8601, BalAcc=0.5001, PR=0.1498, Rneg=0.0002, Rpos=1.0000, MAE=1.5283, RMSE=1.8896, r=0.5510, Cidx=0.6905
------------------------------------------------------------------------------
  [Train Results  epoch 38]  epoch_t=54.79s  total_t=2086s
  Pose=0.8715 | Aff=0.9156 | BalAcc=0.5000 | Rneg=0.0000 | Rpos=1.0000 | PR=0.1382 | MCC=0.0000 | MAE=1.2796 | RMSE=1.5949 | r=0.6351 | rho=0.6467 | Cidx=0.7300 | EF1=0.9657 | EF5=0.9564 | S@1=0.0000 | S@5=0.0000 | S@10=0.0000 | Acc=0.1245
  ΔPose=+0.0080 | ΔAff=+0.0077 | ΔPR=-0.0135 | ΔMAE=+0.0122 | ΔRMSE=+0.0026 | Δr=-0.0032 | Δrho=-0.0009 | ΔCidx=+0.0005 | ΔEF1=-0.0129 | ΔEF5=-0.0129 | ΔS@5=-1.0000 | ΔS@10=-1.0000
    lr: 0.000928
    train_ema: Pose=0.8648, BalAcc=0.5000, PR=0.1475, Rneg=0.0000, Rpos=1.0000, MAE=1.3162, RMSE=1.6424, r=0.6243, Cidx=0.7250
------------------------------------------------------------------------------
  [Test Results  epoch 38]
  Pose=0.8608 | Aff=1.1024 | BalAcc=0.5000 | Rneg=0.0000 | Rpos=1.0000 | PR=0.1399 | MCC=0.0000 | MAE=1.4735 | RMSE=1.8448 | r=0.5431 | rho=0.5307 | Cidx=0.6851 | EF1=1.4194 | EF5=1.0268 | S@1=0.0000 | S@5=1.0000 | S@10=1.0000 | Acc=0.1349
  ΔPose=-0.0006 | ΔAff=+0.0093 | ΔPR=-0.0090 | ΔMAE=+0.0109 | ΔRMSE=+0.0262 | Δr=-0.0322 | Δrho=-0.0250 | ΔCidx=-0.0111 | ΔEF1=-0.3154 | ΔEF5=+0.0321 | ΔS@1=-1.0000
    test_ema: Pose=0.8603, BalAcc=0.5001, PR=0.1468, Rneg=0.0001, Rpos=1.0000, MAE=1.5118, RMSE=1.8762, r=0.5486, Cidx=0.6889
------------------------------------------------------------------------------
  [Train Results  epoch 40]  epoch_t=54.80s  total_t=2196s
  Pose=0.8624 | Aff=0.9180 | BalAcc=0.5000 | Rneg=0.0000 | Rpos=1.0000 | PR=0.1430 | MCC=0.0000 | MAE=1.2782 | RMSE=1.5951 | r=0.6433 | rho=0.6528 | Cidx=0.7329 | EF1=1.0172 | EF5=0.9924 | S@1=0.0000 | S@5=1.0000 | S@10=1.0000 | Acc=0.1245
  ΔPose=-0.0091 | ΔAff=+0.0024 | ΔPR=+0.0048 | ΔMAE=-0.0014 | ΔRMSE=+0.0002 | Δr=+0.0082 | Δrho=+0.0061 | ΔCidx=+0.0029 | ΔEF1=+0.0515 | ΔEF5=+0.0361 | ΔS@5=+1.0000 | ΔS@10=+1.0000
    lr: 0.000919
    train_ema: Pose=0.8641, BalAcc=0.5000, PR=0.1462, Rneg=0.0000, Rpos=1.0000, MAE=1.3048, RMSE=1.6282, r=0.6300, Cidx=0.7274
------------------------------------------------------------------------------
  [Test Results  epoch 40]
  Pose=0.8551 | Aff=1.0992 | BalAcc=0.5000 | Rneg=0.0000 | Rpos=1.0000 | PR=0.1429 | MCC=0.0000 | MAE=1.4680 | RMSE=1.8300 | r=0.5716 | rho=0.5692 | Cidx=0.7064 | EF1=1.5771 | EF5=0.8985 | S@1=1.0000 | S@5=1.0000 | S@10=1.0000 | Acc=0.1349
  ΔPose=-0.0057 | ΔAff=-0.0033 | ΔPR=+0.0030 | ΔMAE=-0.0054 | ΔRMSE=-0.0149 | Δr=+0.0285 | Δrho=+0.0385 | ΔCidx=+0.0213 | ΔEF1=+0.1577 | ΔEF5=-0.1284 | ΔS@1=+1.0000
    test_ema: Pose=0.8588, BalAcc=0.5000, PR=0.1457, Rneg=0.0001, Rpos=1.0000, MAE=1.4987, RMSE=1.8623, r=0.5555, Cidx=0.6941
------------------------------------------------------------------------------
  [Train Results  epoch 42]  epoch_t=54.90s  total_t=2305s
  Pose=0.8736 | Aff=0.9754 | BalAcc=0.5000 | Rneg=0.0000 | Rpos=1.0000 | PR=0.1441 | MCC=0.0000 | MAE=1.3420 | RMSE=1.6636 | r=0.5926 | rho=0.5993 | Cidx=0.7115 | EF1=1.0687 | EF5=0.8713 | S@1=0.0000 | S@5=0.0000 | S@10=0.0000 | Acc=0.1245
  ΔPose=+0.0112 | ΔAff=+0.0574 | ΔPR=+0.0011 | ΔMAE=+0.0638 | ΔRMSE=+0.0686 | Δr=-0.0506 | Δrho=-0.0535 | ΔCidx=-0.0214 | ΔEF1=+0.0515 | ΔEF5=-0.1212 | ΔS@5=-1.0000 | ΔS@10=-1.0000
    lr: 0.000910
    train_ema: Pose=0.8669, BalAcc=0.5000, PR=0.1455, Rneg=0.0000, Rpos=1.0000, MAE=1.3160, RMSE=1.6388, r=0.6188, Cidx=0.7226
------------------------------------------------------------------------------
  [Test Results  epoch 42]
  Pose=0.8701 | Aff=1.1834 | BalAcc=0.5000 | Rneg=0.0000 | Rpos=1.0000 | PR=0.1392 | MCC=0.0000 | MAE=1.5579 | RMSE=1.9196 | r=0.4985 | rho=0.4910 | Cidx=0.6737 | EF1=1.5771 | EF5=0.8985 | S@1=0.0000 | S@5=1.0000 | S@10=1.0000 | Acc=0.1349
  ΔPose=+0.0150 | ΔAff=+0.0842 | ΔPR=-0.0037 | ΔMAE=+0.0898 | ΔRMSE=+0.0896 | Δr=-0.0731 | Δrho=-0.0782 | ΔCidx=-0.0327 | ΔS@1=-1.0000
    test_ema: Pose=0.8622, BalAcc=0.5000, PR=0.1437, Rneg=0.0001, Rpos=1.0000, MAE=1.5164, RMSE=1.8795, r=0.5384, Cidx=0.6880
------------------------------------------------------------------------------
  [Train Results  epoch 44]  epoch_t=54.87s  total_t=2415s
  Pose=0.8622 | Aff=0.9285 | BalAcc=0.5000 | Rneg=0.0000 | Rpos=1.0000 | PR=0.1468 | MCC=0.0000 | MAE=1.2854 | RMSE=1.6256 | r=0.6391 | rho=0.6466 | Cidx=0.7314 | EF1=1.0687 | EF5=0.8816 | S@1=0.0000 | S@5=0.0000 | S@10=0.0000 | Acc=0.1245
  ΔPose=-0.0114 | ΔAff=-0.0469 | ΔPR=+0.0027 | ΔMAE=-0.0567 | ΔRMSE=-0.0381 | Δr=+0.0464 | Δrho=+0.0474 | ΔCidx=+0.0199 | ΔEF5=+0.0103
    lr: 0.000901
    train_ema: Pose=0.8655, BalAcc=0.5000, PR=0.1459, Rneg=0.0000, Rpos=1.0000, MAE=1.3068, RMSE=1.6348, r=0.6249, Cidx=0.7252
------------------------------------------------------------------------------
  [Test Results  epoch 44]
  Pose=0.8569 | Aff=1.1365 | BalAcc=0.5000 | Rneg=0.0000 | Rpos=1.0000 | PR=0.1463 | MCC=0.0000 | MAE=1.5078 | RMSE=1.8791 | r=0.5716 | rho=0.5725 | Cidx=0.7052 | EF1=1.4194 | EF5=0.9627 | S@1=1.0000 | S@5=1.0000 | S@10=1.0000 | Acc=0.1349
  ΔPose=-0.0132 | ΔAff=-0.0469 | ΔPR=+0.0071 | ΔMAE=-0.0500 | ΔRMSE=-0.0405 | Δr=+0.0731 | Δrho=+0.0815 | ΔCidx=+0.0315 | ΔEF1=-0.1577 | ΔEF5=+0.0642 | ΔS@1=+1.0000
    test_ema: Pose=0.8606, BalAcc=0.5000, PR=0.1445, Rneg=0.0000, Rpos=1.0000, MAE=1.5139, RMSE=1.8794, r=0.5484, Cidx=0.6932
------------------------------------------------------------------------------
  [Train Results  epoch 46]  epoch_t=54.69s  total_t=2525s
  Pose=0.8644 | Aff=0.9090 | BalAcc=0.5000 | Rneg=0.0000 | Rpos=1.0000 | PR=0.1449 | MCC=0.0000 | MAE=1.2695 | RMSE=1.5895 | r=0.6388 | rho=0.6463 | Cidx=0.7301 | EF1=1.0044 | EF5=1.0028 | S@1=0.0000 | S@5=0.0000 | S@10=0.0000 | Acc=0.1245
  ΔPose=+0.0021 | ΔAff=-0.0195 | ΔPR=-0.0020 | ΔMAE=-0.0158 | ΔRMSE=-0.0361 | Δr=-0.0002 | Δrho=-0.0003 | ΔCidx=-0.0013 | ΔEF1=-0.0644 | ΔEF5=+0.1212
    lr: 0.000891
    train_ema: Pose=0.8652, BalAcc=0.5000, PR=0.1456, Rneg=0.0000, Rpos=1.0000, MAE=1.2956, RMSE=1.6212, r=0.6291, Cidx=0.7267
------------------------------------------------------------------------------
  [Test Results  epoch 46]
  Pose=0.8595 | Aff=1.0801 | BalAcc=0.5000 | Rneg=0.0000 | Rpos=1.0000 | PR=0.1442 | MCC=0.0000 | MAE=1.4536 | RMSE=1.8262 | r=0.5637 | rho=0.5556 | Cidx=0.6951 | EF1=1.5771 | EF5=0.8343 | S@1=0.0000 | S@5=1.0000 | S@10=1.0000 | Acc=0.1349
  ΔPose=+0.0026 | ΔAff=-0.0564 | ΔPR=-0.0020 | ΔMAE=-0.0542 | ΔRMSE=-0.0529 | Δr=-0.0079 | Δrho=-0.0169 | ΔCidx=-0.0101 | ΔEF1=+0.1577 | ΔEF5=-0.1284 | ΔS@1=-1.0000
    test_ema: Pose=0.8603, BalAcc=0.5000, PR=0.1444, Rneg=0.0000, Rpos=1.0000, MAE=1.4958, RMSE=1.8634, r=0.5530, Cidx=0.6937
------------------------------------------------------------------------------
  [Train Results  epoch 48]  epoch_t=54.82s  total_t=2634s
  Pose=0.8646 | Aff=0.9157 | BalAcc=0.5000 | Rneg=0.0000 | Rpos=1.0000 | PR=0.1478 | MCC=0.0000 | MAE=1.2748 | RMSE=1.6072 | r=0.6384 | rho=0.6461 | Cidx=0.7314 | EF1=1.0816 | EF5=0.9460 | S@1=0.0000 | S@5=0.0000 | S@10=1.0000 | Acc=0.1245
  ΔPose=+0.0002 | ΔAff=+0.0067 | ΔPR=+0.0029 | ΔMAE=+0.0053 | ΔRMSE=+0.0177 | Δr=-0.0004 | Δrho=-0.0002 | ΔCidx=+0.0013 | ΔEF1=+0.0773 | ΔEF5=-0.0567 | ΔS@10=+1.0000
    lr: 0.000881
    train_ema: Pose=0.8650, BalAcc=0.5000, PR=0.1463, Rneg=0.0000, Rpos=1.0000, MAE=1.2894, RMSE=1.6170, r=0.6319, Cidx=0.7281
------------------------------------------------------------------------------
  [Test Results  epoch 48]
  Pose=0.8606 | Aff=1.1162 | BalAcc=0.5000 | Rneg=0.0000 | Rpos=1.0000 | PR=0.1451 | MCC=0.0000 | MAE=1.4830 | RMSE=1.8663 | r=0.5566 | rho=0.5468 | Cidx=0.6921 | EF1=1.4194 | EF5=0.8985 | S@1=0.0000 | S@5=1.0000 | S@10=1.0000 | Acc=0.1349
  ΔPose=+0.0011 | ΔAff=+0.0360 | ΔPR=+0.0009 | ΔMAE=+0.0294 | ΔRMSE=+0.0401 | Δr=-0.0071 | Δrho=-0.0088 | ΔCidx=-0.0030 | ΔEF1=-0.1577 | ΔEF5=+0.0642
    test_ema: Pose=0.8603, BalAcc=0.5000, PR=0.1446, Rneg=0.0000, Rpos=1.0000, MAE=1.4919, RMSE=1.8643, r=0.5541, Cidx=0.6932
------------------------------------------------------------------------------
  [Train Results  epoch 50]  epoch_t=54.87s  total_t=2744s
  Pose=0.8690 | Aff=0.9729 | BalAcc=0.5000 | Rneg=0.0000 | Rpos=1.0000 | PR=0.1454 | MCC=0.0000 | MAE=1.3285 | RMSE=1.6635 | r=0.6480 | rho=0.6587 | Cidx=0.7349 | EF1=0.9142 | EF5=0.9667 | S@1=0.0000 | S@5=0.0000 | S@10=0.0000 | Acc=0.1245
  ΔPose=+0.0045 | ΔAff=+0.0571 | ΔPR=-0.0024 | ΔMAE=+0.0537 | ΔRMSE=+0.0564 | Δr=+0.0096 | Δrho=+0.0126 | ΔCidx=+0.0035 | ΔEF1=-0.1674 | ΔEF5=+0.0206 | ΔS@10=-1.0000
    lr: 0.000870
    train_ema: Pose=0.8662, BalAcc=0.5000, PR=0.1460, Rneg=0.0000, Rpos=1.0000, MAE=1.3011, RMSE=1.6310, r=0.6367, Cidx=0.7302
------------------------------------------------------------------------------
  [Test Results  epoch 50]
  Pose=0.8641 | Aff=1.1187 | BalAcc=0.5000 | Rneg=0.0000 | Rpos=1.0000 | PR=0.1460 | MCC=0.0000 | MAE=1.4925 | RMSE=1.8535 | r=0.6011 | rho=0.5959 | Cidx=0.7139 | EF1=1.7348 | EF5=0.9948 | S@1=1.0000 | S@5=1.0000 | S@10=1.0000 | Acc=0.1349
  ΔPose=+0.0035 | ΔAff=+0.0026 | ΔPR=+0.0008 | ΔMAE=+0.0094 | ΔRMSE=-0.0128 | Δr=+0.0445 | Δrho=+0.0492 | ΔCidx=+0.0218 | ΔEF1=+0.3154 | ΔEF5=+0.0963 | ΔS@1=+1.0000
    test_ema: Pose=0.8615, BalAcc=0.5000, PR=0.1450, Rneg=0.0000, Rpos=1.0000, MAE=1.4921, RMSE=1.8611, r=0.5682, Cidx=0.6994
------------------------------------------------------------------------------
  [Train Results  epoch 52]  epoch_t=54.98s  total_t=2854s
  Pose=0.8627 | Aff=0.9182 | BalAcc=0.5000 | Rneg=0.0000 | Rpos=1.0000 | PR=0.1498 | MCC=0.0000 | MAE=1.2822 | RMSE=1.5989 | r=0.6328 | rho=0.6468 | Cidx=0.7285 | EF1=1.0430 | EF5=0.9873 | S@1=0.0000 | S@5=0.0000 | S@10=1.0000 | Acc=0.1245
  ΔPose=-0.0063 | ΔAff=-0.0546 | ΔPR=+0.0044 | ΔMAE=-0.0463 | ΔRMSE=-0.0646 | Δr=-0.0152 | Δrho=-0.0119 | ΔCidx=-0.0064 | ΔEF1=+0.1288 | ΔEF5=+0.0206 | ΔS@10=+1.0000
    lr: 0.000859
    train_ema: Pose=0.8652, BalAcc=0.5000, PR=0.1472, Rneg=0.0000, Rpos=1.0000, MAE=1.2955, RMSE=1.6213, r=0.6355, Cidx=0.7297
------------------------------------------------------------------------------
  [Test Results  epoch 52]
  Pose=0.8635 | Aff=1.0526 | BalAcc=0.5000 | Rneg=0.0000 | Rpos=1.0000 | PR=0.1498 | MCC=0.0000 | MAE=1.4240 | RMSE=1.7602 | r=0.6140 | rho=0.6007 | Cidx=0.7149 | EF1=1.5771 | EF5=0.9306 | S@1=1.0000 | S@5=1.0000 | S@10=1.0000 | Acc=0.1349
  ΔPose=-0.0006 | ΔAff=-0.0661 | ΔPR=+0.0039 | ΔMAE=-0.0685 | ΔRMSE=-0.0933 | Δr=+0.0129 | Δrho=+0.0048 | ΔCidx=+0.0011 | ΔEF1=-0.1577 | ΔEF5=-0.0642
    test_ema: Pose=0.8621, BalAcc=0.5000, PR=0.1465, Rneg=0.0000, Rpos=1.0000, MAE=1.4717, RMSE=1.8308, r=0.5819, Cidx=0.7041
------------------------------------------------------------------------------
  [Train Results  epoch 54]  epoch_t=54.94s  total_t=2964s
  Pose=0.8678 | Aff=0.9223 | BalAcc=0.5000 | Rneg=0.0000 | Rpos=1.0000 | PR=0.1493 | MCC=0.0000 | MAE=1.2797 | RMSE=1.6062 | r=0.6447 | rho=0.6539 | Cidx=0.7351 | EF1=0.9915 | EF5=0.8996 | S@1=0.0000 | S@5=0.0000 | S@10=0.0000 | Acc=0.1245
  ΔPose=+0.0050 | ΔAff=+0.0041 | ΔPR=-0.0005 | ΔMAE=-0.0025 | ΔRMSE=+0.0073 | Δr=+0.0119 | Δrho=+0.0071 | ΔCidx=+0.0066 | ΔEF1=-0.0515 | ΔEF5=-0.0876 | ΔS@10=-1.0000
    lr: 0.000848
    train_ema: Pose=0.8659, BalAcc=0.5000, PR=0.1478, Rneg=0.0000, Rpos=1.0000, MAE=1.2907, RMSE=1.6168, r=0.6383, Cidx=0.7313
------------------------------------------------------------------------------
  [Test Results  epoch 54]
  Pose=0.8652 | Aff=1.1074 | BalAcc=0.5000 | Rneg=0.0000 | Rpos=1.0000 | PR=0.1496 | MCC=0.0000 | MAE=1.4839 | RMSE=1.8333 | r=0.5775 | rho=0.5624 | Cidx=0.6992 | EF1=1.5771 | EF5=1.0589 | S@1=0.0000 | S@5=1.0000 | S@10=1.0000 | Acc=0.1349
  ΔPose=+0.0018 | ΔAff=+0.0548 | ΔPR=-0.0002 | ΔMAE=+0.0599 | ΔRMSE=+0.0731 | Δr=-0.0365 | Δrho=-0.0383 | ΔCidx=-0.0157 | ΔEF5=+0.1284 | ΔS@1=-1.0000
    test_ema: Pose=0.8630, BalAcc=0.5000, PR=0.1474, Rneg=0.0000, Rpos=1.0000, MAE=1.4753, RMSE=1.8316, r=0.5806, Cidx=0.7026
------------------------------------------------------------------------------
  [Train Results  epoch 56]  epoch_t=54.87s  total_t=3074s
  Pose=0.8600 | Aff=0.8721 | BalAcc=0.5000 | Rneg=0.0000 | Rpos=1.0000 | PR=0.1501 | MCC=0.0000 | MAE=1.2331 | RMSE=1.5509 | r=0.6549 | rho=0.6627 | Cidx=0.7397 | EF1=1.0172 | EF5=0.8584 | S@1=0.0000 | S@5=0.0000 | S@10=0.0000 | Acc=0.1245
  ΔPose=-0.0077 | ΔAff=-0.0502 | ΔPR=+0.0008 | ΔMAE=-0.0466 | ΔRMSE=-0.0552 | Δr=+0.0102 | Δrho=+0.0088 | ΔCidx=+0.0046 | ΔEF1=+0.0258 | ΔEF5=-0.0412
    lr: 0.000836
    train_ema: Pose=0.8642, BalAcc=0.5000, PR=0.1485, Rneg=0.0000, Rpos=1.0000, MAE=1.2734, RMSE=1.5970, r=0.6432, Cidx=0.7338
------------------------------------------------------------------------------
  [Test Results  epoch 56]
  Pose=0.8557 | Aff=1.0349 | BalAcc=0.5000 | Rneg=0.0000 | Rpos=1.0000 | PR=0.1512 | MCC=0.0000 | MAE=1.4044 | RMSE=1.7562 | r=0.6008 | rho=0.5874 | Cidx=0.7090 | EF1=1.2617 | EF5=0.9306 | S@1=1.0000 | S@5=1.0000 | S@10=1.0000 | Acc=0.1349
  ΔPose=-0.0095 | ΔAff=-0.0725 | ΔPR=+0.0016 | ΔMAE=-0.0795 | ΔRMSE=-0.0771 | Δr=+0.0234 | Δrho=+0.0250 | ΔCidx=+0.0097 | ΔEF1=-0.3154 | ΔEF5=-0.1284 | ΔS@1=+1.0000
    test_ema: Pose=0.8608, BalAcc=0.5000, PR=0.1486, Rneg=0.0000, Rpos=1.0000, MAE=1.4540, RMSE=1.8090, r=0.5867, Cidx=0.7045
------------------------------------------------------------------------------
  [Train Results  epoch 58]  epoch_t=54.96s  total_t=3184s
  Pose=0.8648 | Aff=0.8741 | BalAcc=0.5000 | Rneg=0.0000 | Rpos=1.0000 | PR=0.1504 | MCC=0.0000 | MAE=1.2374 | RMSE=1.5501 | r=0.6556 | rho=0.6651 | Cidx=0.7421 | EF1=1.0816 | EF5=0.8893 | S@1=0.0000 | S@5=0.0000 | S@10=0.0000 | Acc=0.1245
  ΔPose=+0.0048 | ΔAff=+0.0020 | ΔPR=+0.0003 | ΔMAE=+0.0043 | ΔRMSE=-0.0008 | Δr=+0.0007 | Δrho=+0.0024 | ΔCidx=+0.0023 | ΔEF1=+0.0644 | ΔEF5=+0.0309
    lr: 0.000824
    train_ema: Pose=0.8644, BalAcc=0.5000, PR=0.1491, Rneg=0.0000, Rpos=1.0000, MAE=1.2626, RMSE=1.5830, r=0.6469, Cidx=0.7363
------------------------------------------------------------------------------
  [Test Results  epoch 58]
  Pose=0.8587 | Aff=1.0717 | BalAcc=0.5000 | Rneg=0.0000 | Rpos=1.0000 | PR=0.1507 | MCC=0.0000 | MAE=1.4405 | RMSE=1.8081 | r=0.5644 | rho=0.5474 | Cidx=0.6940 | EF1=1.2617 | EF5=0.9306 | S@1=0.0000 | S@5=1.0000 | S@10=1.0000 | Acc=0.1349
  ΔPose=+0.0030 | ΔAff=+0.0369 | ΔPR=-0.0005 | ΔMAE=+0.0361 | ΔRMSE=+0.0519 | Δr=-0.0365 | Δrho=-0.0400 | ΔCidx=-0.0150 | ΔS@1=-1.0000
    test_ema: Pose=0.8602, BalAcc=0.5000, PR=0.1492, Rneg=0.0000, Rpos=1.0000, MAE=1.4500, RMSE=1.8087, r=0.5800, Cidx=0.7014
------------------------------------------------------------------------------
  [Train Results  epoch 60]  epoch_t=54.82s  total_t=3294s
  Pose=0.8482 | Aff=1.1602 | BalAcc=0.5000 | Rneg=0.0000 | Rpos=1.0000 | PR=0.1512 | MCC=0.0000 | MAE=1.5185 | RMSE=1.8867 | r=0.6367 | rho=0.6491 | Cidx=0.7314 | EF1=1.0430 | EF5=0.8636 | S@1=0.0000 | S@5=0.0000 | S@10=0.0000 | Acc=0.1245
  ΔPose=-0.0167 | ΔAff=+0.2861 | ΔPR=+0.0008 | ΔMAE=+0.2811 | ΔRMSE=+0.3365 | Δr=-0.0189 | Δrho=-0.0160 | ΔCidx=-0.0107 | ΔEF1=-0.0386 | ΔEF5=-0.0258
    lr: 0.000812
    train_ema: Pose=0.8595, BalAcc=0.5000, PR=0.1497, Rneg=0.0000, Rpos=1.0000, MAE=1.3394, RMSE=1.6741, r=0.6439, Cidx=0.7348
------------------------------------------------------------------------------
  [Test Results  epoch 60]
  Pose=0.8450 | Aff=1.4047 | BalAcc=0.5000 | Rneg=0.0000 | Rpos=1.0000 | PR=0.1516 | MCC=0.0000 | MAE=1.7562 | RMSE=2.1540 | r=0.6015 | rho=0.5982 | Cidx=0.7141 | EF1=1.2617 | EF5=1.0268 | S@1=1.0000 | S@5=1.0000 | S@10=1.0000 | Acc=0.1349
  ΔPose=-0.0138 | ΔAff=+0.3330 | ΔPR=+0.0010 | ΔMAE=+0.3157 | ΔRMSE=+0.3459 | Δr=+0.0371 | Δrho=+0.0508 | ΔCidx=+0.0201 | ΔEF5=+0.0963 | ΔS@1=+1.0000
    test_ema: Pose=0.8556, BalAcc=0.5000, PR=0.1499, Rneg=0.0000, Rpos=1.0000, MAE=1.5419, RMSE=1.9123, r=0.5864, Cidx=0.7052
------------------------------------------------------------------------------
  [Train Results  epoch 62]  epoch_t=54.84s  total_t=3403s
  Pose=0.8711 | Aff=0.9589 | BalAcc=0.5000 | Rneg=0.0000 | Rpos=1.0000 | PR=0.1527 | MCC=0.0000 | MAE=1.3179 | RMSE=1.6496 | r=0.6486 | rho=0.6577 | Cidx=0.7311 | EF1=1.1074 | EF5=0.9228 | S@1=0.0000 | S@5=0.0000 | S@10=0.0000 | Acc=0.1245
  ΔPose=+0.0229 | ΔAff=-0.2013 | ΔPR=+0.0016 | ΔMAE=-0.2005 | ΔRMSE=-0.2371 | Δr=+0.0119 | Δrho=+0.0086 | ΔCidx=-0.0003 | ΔEF1=+0.0644 | ΔEF5=+0.0593
    lr: 0.000799
    train_ema: Pose=0.8630, BalAcc=0.5000, PR=0.1506, Rneg=0.0000, Rpos=1.0000, MAE=1.3330, RMSE=1.6667, r=0.6453, Cidx=0.7337
------------------------------------------------------------------------------
  [Test Results  epoch 62]
  Pose=0.8700 | Aff=1.1465 | BalAcc=0.5000 | Rneg=0.0000 | Rpos=1.0000 | PR=0.1548 | MCC=0.0000 | MAE=1.5165 | RMSE=1.9124 | r=0.5483 | rho=0.5287 | Cidx=0.6921 | EF1=1.5771 | EF5=0.8343 | S@1=1.0000 | S@5=1.0000 | S@10=1.0000 | Acc=0.1349
  ΔPose=+0.0251 | ΔAff=-0.2582 | ΔPR=+0.0032 | ΔMAE=-0.2398 | ΔRMSE=-0.2416 | Δr=-0.0533 | Δrho=-0.0695 | ΔCidx=-0.0220 | ΔEF1=+0.3154 | ΔEF5=-0.1925
    test_ema: Pose=0.8599, BalAcc=0.5000, PR=0.1514, Rneg=0.0000, Rpos=1.0000, MAE=1.5343, RMSE=1.9123, r=0.5750, Cidx=0.7013
------------------------------------------------------------------------------
  [Train Results  epoch 64]  epoch_t=54.84s  total_t=3513s
  Pose=0.8608 | Aff=0.9456 | BalAcc=0.5000 | Rneg=0.0000 | Rpos=1.0000 | PR=0.1526 | MCC=0.0000 | MAE=1.3010 | RMSE=1.6383 | r=0.6563 | rho=0.6626 | Cidx=0.7386 | EF1=0.9400 | EF5=0.8893 | S@1=0.0000 | S@5=0.0000 | S@10=0.0000 | Acc=0.1245
  ΔPose=-0.0103 | ΔAff=-0.0133 | ΔPR=-0.0002 | ΔMAE=-0.0169 | ΔRMSE=-0.0113 | Δr=+0.0076 | Δrho=+0.0049 | ΔCidx=+0.0075 | ΔEF1=-0.1674 | ΔEF5=-0.0335
    lr: 0.000786
    train_ema: Pose=0.8623, BalAcc=0.5000, PR=0.1512, Rneg=0.0000, Rpos=1.0000, MAE=1.3234, RMSE=1.6582, r=0.6486, Cidx=0.7352
------------------------------------------------------------------------------
  [Test Results  epoch 64]
  Pose=0.8625 | Aff=1.1570 | BalAcc=0.5000 | Rneg=0.0000 | Rpos=1.0000 | PR=0.1486 | MCC=0.0000 | MAE=1.5257 | RMSE=1.8866 | r=0.5832 | rho=0.5621 | Cidx=0.6971 | EF1=1.5771 | EF5=0.9306 | S@1=0.0000 | S@5=1.0000 | S@10=1.0000 | Acc=0.1349
  ΔPose=-0.0076 | ΔAff=+0.0105 | ΔPR=-0.0062 | ΔMAE=+0.0092 | ΔRMSE=-0.0259 | Δr=+0.0349 | Δrho=+0.0334 | ΔCidx=+0.0050 | ΔEF5=+0.0963 | ΔS@1=-1.0000
    test_ema: Pose=0.8607, BalAcc=0.5000, PR=0.1506, Rneg=0.0000, Rpos=1.0000, MAE=1.5317, RMSE=1.9046, r=0.5774, Cidx=0.7000
------------------------------------------------------------------------------
  [Train Results  epoch 66]  epoch_t=54.78s  total_t=3623s
  Pose=0.8606 | Aff=0.9958 | BalAcc=0.5000 | Rneg=0.0000 | Rpos=1.0000 | PR=0.1554 | MCC=0.0000 | MAE=1.3560 | RMSE=1.6935 | r=0.6463 | rho=0.6501 | Cidx=0.7323 | EF1=0.8627 | EF5=0.8919 | S@1=0.0000 | S@5=0.0000 | S@10=1.0000 | Acc=0.1245
  ΔPose=-0.0001 | ΔAff=+0.0502 | ΔPR=+0.0029 | ΔMAE=+0.0549 | ΔRMSE=+0.0552 | Δr=-0.0100 | Δrho=-0.0125 | ΔCidx=-0.0064 | ΔEF1=-0.0773 | ΔEF5=+0.0026 | ΔS@10=+1.0000
    lr: 0.000773
    train_ema: Pose=0.8618, BalAcc=0.5000, PR=0.1525, Rneg=0.0000, Rpos=1.0000, MAE=1.3332, RMSE=1.6688, r=0.6479, Cidx=0.7343
------------------------------------------------------------------------------
  [Test Results  epoch 66]
  Pose=0.8602 | Aff=1.2263 | BalAcc=0.5000 | Rneg=0.0000 | Rpos=1.0000 | PR=0.1526 | MCC=0.0000 | MAE=1.5889 | RMSE=1.9829 | r=0.5741 | rho=0.5611 | Cidx=0.6976 | EF1=1.8926 | EF5=0.8664 | S@1=0.0000 | S@5=0.0000 | S@10=1.0000 | Acc=0.1349
  ΔPose=-0.0023 | ΔAff=+0.0693 | ΔPR=+0.0040 | ΔMAE=+0.0633 | ΔRMSE=+0.0963 | Δr=-0.0091 | Δrho=-0.0011 | ΔCidx=+0.0005 | ΔEF1=+0.3154 | ΔEF5=-0.0642 | ΔS@5=-1.0000
    test_ema: Pose=0.8606, BalAcc=0.5000, PR=0.1512, Rneg=0.0000, Rpos=1.0000, MAE=1.5489, RMSE=1.9281, r=0.5764, Cidx=0.6993
------------------------------------------------------------------------------
  [Train Results  epoch 68]  epoch_t=54.67s  total_t=3733s
  Pose=0.8627 | Aff=0.8772 | BalAcc=0.5000 | Rneg=0.0000 | Rpos=1.0000 | PR=0.1560 | MCC=0.0000 | MAE=1.2375 | RMSE=1.5523 | r=0.6546 | rho=0.6545 | Cidx=0.7336 | EF1=0.7983 | EF5=0.8429 | S@1=0.0000 | S@5=0.0000 | S@10=0.0000 | Acc=0.1245
  ΔPose=+0.0020 | ΔAff=-0.1186 | ΔPR=+0.0006 | ΔMAE=-0.1184 | ΔRMSE=-0.1412 | Δr=+0.0083 | Δrho=+0.0044 | ΔCidx=+0.0014 | ΔEF1=-0.0644 | ΔEF5=-0.0490 | ΔS@10=-1.0000
    lr: 0.000759
    train_ema: Pose=0.8621, BalAcc=0.5000, PR=0.1535, Rneg=0.0000, Rpos=1.0000, MAE=1.3045, RMSE=1.6338, r=0.6499, Cidx=0.7341
------------------------------------------------------------------------------
  [Test Results  epoch 68]
  Pose=0.8619 | Aff=1.0546 | BalAcc=0.5000 | Rneg=0.0000 | Rpos=1.0000 | PR=0.1549 | MCC=0.0000 | MAE=1.4329 | RMSE=1.7650 | r=0.6001 | rho=0.5866 | Cidx=0.7071 | EF1=1.2617 | EF5=1.0268 | S@1=0.0000 | S@5=0.0000 | S@10=0.0000 | Acc=0.1349
  ΔPose=+0.0017 | ΔAff=-0.1717 | ΔPR=+0.0022 | ΔMAE=-0.1560 | ΔRMSE=-0.2178 | Δr=+0.0260 | Δrho=+0.0255 | ΔCidx=+0.0095 | ΔEF1=-0.6309 | ΔEF5=+0.1604 | ΔS@10=-1.0000
    test_ema: Pose=0.8610, BalAcc=0.5000, PR=0.1523, Rneg=0.0000, Rpos=1.0000, MAE=1.5141, RMSE=1.8792, r=0.5835, Cidx=0.7016
------------------------------------------------------------------------------
  [Train Results  epoch 70]  epoch_t=54.71s  total_t=3842s
  Pose=0.8608 | Aff=0.8894 | BalAcc=0.5000 | Rneg=0.0000 | Rpos=1.0000 | PR=0.1557 | MCC=0.0000 | MAE=1.2487 | RMSE=1.5685 | r=0.6541 | rho=0.6602 | Cidx=0.7352 | EF1=0.8498 | EF5=0.9254 | S@1=0.0000 | S@5=0.0000 | S@10=1.0000 | Acc=0.1245
  ΔPose=-0.0019 | ΔAff=+0.0122 | ΔPR=-0.0003 | ΔMAE=+0.0112 | ΔRMSE=+0.0162 | Δr=-0.0005 | Δrho=+0.0057 | ΔCidx=+0.0015 | ΔEF1=+0.0515 | ΔEF5=+0.0825 | ΔS@10=+1.0000
    lr: 0.000745
    train_ema: Pose=0.8617, BalAcc=0.5000, PR=0.1542, Rneg=0.0000, Rpos=1.0000, MAE=1.2877, RMSE=1.6142, r=0.6512, Cidx=0.7344
------------------------------------------------------------------------------
  [Test Results  epoch 70]
  Pose=0.8633 | Aff=1.0832 | BalAcc=0.5000 | Rneg=0.0000 | Rpos=1.0000 | PR=0.1539 | MCC=0.0000 | MAE=1.4619 | RMSE=1.8230 | r=0.5694 | rho=0.5537 | Cidx=0.6933 | EF1=0.6309 | EF5=0.8664 | S@1=0.0000 | S@5=0.0000 | S@10=0.0000 | Acc=0.1349
  ΔPose=+0.0013 | ΔAff=+0.0286 | ΔPR=-0.0010 | ΔMAE=+0.0290 | ΔRMSE=+0.0580 | Δr=-0.0306 | Δrho=-0.0328 | ΔCidx=-0.0138 | ΔEF1=-0.6309 | ΔEF5=-0.1604
    test_ema: Pose=0.8617, BalAcc=0.5000, PR=0.1528, Rneg=0.0000, Rpos=1.0000, MAE=1.4984, RMSE=1.8623, r=0.5793, Cidx=0.6991
------------------------------------------------------------------------------
  [Train Results  epoch 72]  epoch_t=54.78s  total_t=3952s
  Pose=0.8697 | Aff=0.8769 | BalAcc=0.5000 | Rneg=0.0000 | Rpos=1.0000 | PR=0.1576 | MCC=0.0000 | MAE=1.2352 | RMSE=1.5465 | r=0.6642 | rho=0.6716 | Cidx=0.7392 | EF1=1.1589 | EF5=0.9151 | S@1=0.0000 | S@5=1.0000 | S@10=1.0000 | Acc=0.1245
  ΔPose=+0.0089 | ΔAff=-0.0124 | ΔPR=+0.0019 | ΔMAE=-0.0135 | ΔRMSE=-0.0219 | Δr=+0.0101 | Δrho=+0.0115 | ΔCidx=+0.0040 | ΔEF1=+0.3090 | ΔEF5=-0.0103 | ΔS@5=+1.0000
    lr: 0.000731
    train_ema: Pose=0.8641, BalAcc=0.5000, PR=0.1552, Rneg=0.0000, Rpos=1.0000, MAE=1.2720, RMSE=1.5939, r=0.6551, Cidx=0.7359
------------------------------------------------------------------------------
  [Test Results  epoch 72]
  Pose=0.8702 | Aff=1.0597 | BalAcc=0.5000 | Rneg=0.0000 | Rpos=1.0000 | PR=0.1578 | MCC=0.0000 | MAE=1.4376 | RMSE=1.7903 | r=0.5901 | rho=0.5723 | Cidx=0.7034 | EF1=1.5771 | EF5=1.1231 | S@1=0.0000 | S@5=0.0000 | S@10=1.0000 | Acc=0.1349
  ΔPose=+0.0069 | ΔAff=-0.0235 | ΔPR=+0.0039 | ΔMAE=-0.0243 | ΔRMSE=-0.0328 | Δr=+0.0207 | Δrho=+0.0186 | ΔCidx=+0.0101 | ΔEF1=+0.9463 | ΔEF5=+0.2567 | ΔS@10=+1.0000
    test_ema: Pose=0.8642, BalAcc=0.5000, PR=0.1543, Rneg=0.0000, Rpos=1.0000, MAE=1.4802, RMSE=1.8407, r=0.5825, Cidx=0.7004
------------------------------------------------------------------------------
  [Train Results  epoch 74]  epoch_t=54.80s  total_t=4062s
  Pose=0.8641 | Aff=0.9010 | BalAcc=0.5000 | Rneg=0.0000 | Rpos=1.0000 | PR=0.1526 | MCC=0.0000 | MAE=1.2526 | RMSE=1.5803 | r=0.6674 | rho=0.6696 | Cidx=0.7418 | EF1=0.8627 | EF5=0.9564 | S@1=0.0000 | S@5=1.0000 | S@10=1.0000 | Acc=0.1245
  ΔPose=-0.0055 | ΔAff=+0.0241 | ΔPR=-0.0050 | ΔMAE=+0.0174 | ΔRMSE=+0.0338 | Δr=+0.0033 | Δrho=-0.0021 | ΔCidx=+0.0026 | ΔEF1=-0.2962 | ΔEF5=+0.0412
    lr: 0.000717
    train_ema: Pose=0.8641, BalAcc=0.5000, PR=0.1544, Rneg=0.0000, Rpos=1.0000, MAE=1.2662, RMSE=1.5898, r=0.6588, Cidx=0.7376
------------------------------------------------------------------------------
  [Test Results  epoch 74]
  Pose=0.8601 | Aff=1.0392 | BalAcc=0.5000 | Rneg=0.0000 | Rpos=1.0000 | PR=0.1512 | MCC=0.0000 | MAE=1.4097 | RMSE=1.7600 | r=0.6250 | rho=0.5862 | Cidx=0.7124 | EF1=1.5771 | EF5=0.9948 | S@1=0.0000 | S@5=1.0000 | S@10=1.0000 | Acc=0.1349
  ΔPose=-0.0101 | ΔAff=-0.0205 | ΔPR=-0.0066 | ΔMAE=-0.0279 | ΔRMSE=-0.0303 | Δr=+0.0349 | Δrho=+0.0139 | ΔCidx=+0.0090 | ΔEF5=-0.1284 | ΔS@5=+1.0000
    test_ema: Pose=0.8630, BalAcc=0.5000, PR=0.1534, Rneg=0.0000, Rpos=1.0000, MAE=1.4590, RMSE=1.8165, r=0.5953, Cidx=0.7040
------------------------------------------------------------------------------
  [Train Results  epoch 76]  epoch_t=54.94s  total_t=4172s
  Pose=0.8785 | Aff=0.8913 | BalAcc=0.5000 | Rneg=0.0000 | Rpos=1.0000 | PR=0.1531 | MCC=0.0000 | MAE=1.2524 | RMSE=1.5785 | r=0.6694 | rho=0.6723 | Cidx=0.7452 | EF1=0.8756 | EF5=0.8816 | S@1=0.0000 | S@5=1.0000 | S@10=1.0000 | Acc=0.1245
  ΔPose=+0.0144 | ΔAff=-0.0098 | ΔPR=+0.0005 | ΔMAE=-0.0001 | ΔRMSE=-0.0018 | Δr=+0.0019 | Δrho=+0.0027 | ΔCidx=+0.0034 | ΔEF1=+0.0129 | ΔEF5=-0.0748
    lr: 0.000702
    train_ema: Pose=0.8684, BalAcc=0.5000, PR=0.1540, Rneg=0.0000, Rpos=1.0000, MAE=1.2620, RMSE=1.5864, r=0.6620, Cidx=0.7399
------------------------------------------------------------------------------
  [Test Results  epoch 76]
  Pose=0.8750 | Aff=1.0445 | BalAcc=0.5000 | Rneg=0.0000 | Rpos=1.0000 | PR=0.1515 | MCC=0.0000 | MAE=1.4200 | RMSE=1.7744 | r=0.6065 | rho=0.5654 | Cidx=0.7026 | EF1=2.2080 | EF5=0.9306 | S@1=0.0000 | S@5=1.0000 | S@10=1.0000 | Acc=0.1349
  ΔPose=+0.0149 | ΔAff=+0.0053 | ΔPR=+0.0003 | ΔMAE=+0.0103 | ΔRMSE=+0.0144 | Δr=-0.0185 | Δrho=-0.0208 | ΔCidx=-0.0098 | ΔEF1=+0.6309 | ΔEF5=-0.0642
    test_ema: Pose=0.8666, BalAcc=0.5000, PR=0.1528, Rneg=0.0000, Rpos=1.0000, MAE=1.4473, RMSE=1.8039, r=0.5986, Cidx=0.7036
------------------------------------------------------------------------------
  [Train Results  epoch 78]  epoch_t=54.71s  total_t=4281s
  Pose=0.8649 | Aff=0.8621 | BalAcc=0.5000 | Rneg=0.0000 | Rpos=1.0000 | PR=0.1511 | MCC=0.0000 | MAE=1.2235 | RMSE=1.5310 | r=0.6690 | rho=0.6695 | Cidx=0.7405 | EF1=0.7340 | EF5=0.8713 | S@1=0.0000 | S@5=0.0000 | S@10=0.0000 | Acc=0.1245
  ΔPose=-0.0136 | ΔAff=-0.0291 | ΔPR=-0.0020 | ΔMAE=-0.0289 | ΔRMSE=-0.0474 | Δr=-0.0004 | Δrho=-0.0027 | ΔCidx=-0.0046 | ΔEF1=-0.1416 | ΔEF5=-0.0103 | ΔS@5=-1.0000 | ΔS@10=-1.0000
    lr: 0.000688
    train_ema: Pose=0.8674, BalAcc=0.5000, PR=0.1532, Rneg=0.0000, Rpos=1.0000, MAE=1.2505, RMSE=1.5698, r=0.6641, Cidx=0.7401
------------------------------------------------------------------------------
  [Test Results  epoch 78]
  Pose=0.8559 | Aff=1.0466 | BalAcc=0.5000 | Rneg=0.0000 | Rpos=1.0000 | PR=0.1527 | MCC=0.0000 | MAE=1.4222 | RMSE=1.7671 | r=0.6071 | rho=0.5781 | Cidx=0.7052 | EF1=1.1040 | EF5=0.8664 | S@1=0.0000 | S@5=1.0000 | S@10=1.0000 | Acc=0.1349
  ΔPose=-0.0190 | ΔAff=+0.0021 | ΔPR=+0.0012 | ΔMAE=+0.0022 | ΔRMSE=-0.0073 | Δr=+0.0006 | Δrho=+0.0127 | ΔCidx=+0.0026 | ΔEF1=-1.1040 | ΔEF5=-0.0642
    test_ema: Pose=0.8634, BalAcc=0.5000, PR=0.1528, Rneg=0.0000, Rpos=1.0000, MAE=1.4398, RMSE=1.7928, r=0.6012, Cidx=0.7041
------------------------------------------------------------------------------
  [Train Results  epoch 80]  epoch_t=54.90s  total_t=4391s
  Pose=0.8480 | Aff=0.8706 | BalAcc=0.5000 | Rneg=0.0000 | Rpos=1.0000 | PR=0.1516 | MCC=0.0000 | MAE=1.2278 | RMSE=1.5486 | r=0.6755 | rho=0.6756 | Cidx=0.7439 | EF1=0.6953 | EF5=0.9203 | S@1=0.0000 | S@5=1.0000 | S@10=1.0000 | Acc=0.1245
  ΔPose=-0.0169 | ΔAff=+0.0085 | ΔPR=+0.0005 | ΔMAE=+0.0043 | ΔRMSE=+0.0175 | Δr=+0.0065 | Δrho=+0.0060 | ΔCidx=+0.0034 | ΔEF1=-0.0386 | ΔEF5=+0.0490 | ΔS@5=+1.0000 | ΔS@10=+1.0000
    lr: 0.000673
    train_ema: Pose=0.8616, BalAcc=0.5000, PR=0.1527, Rneg=0.0000, Rpos=1.0000, MAE=1.2437, RMSE=1.5634, r=0.6675, Cidx=0.7412
------------------------------------------------------------------------------
  [Test Results  epoch 80]
  Pose=0.8406 | Aff=1.0534 | BalAcc=0.5000 | Rneg=0.0000 | Rpos=1.0000 | PR=0.1540 | MCC=0.0000 | MAE=1.4271 | RMSE=1.7723 | r=0.6257 | rho=0.5969 | Cidx=0.7135 | EF1=1.4194 | EF5=1.2515 | S@1=0.0000 | S@5=0.0000 | S@10=1.0000 | Acc=0.1349
  ΔPose=-0.0153 | ΔAff=+0.0068 | ΔPR=+0.0013 | ΔMAE=+0.0049 | ΔRMSE=+0.0052 | Δr=+0.0186 | Δrho=+0.0188 | ΔCidx=+0.0083 | ΔEF1=+0.3154 | ΔEF5=+0.3851 | ΔS@5=-1.0000
    test_ema: Pose=0.8565, BalAcc=0.5000, PR=0.1531, Rneg=0.0000, Rpos=1.0000, MAE=1.4360, RMSE=1.7867, r=0.6085, Cidx=0.7069
------------------------------------------------------------------------------
  [Train Results  epoch 82]  epoch_t=54.85s  total_t=4501s
  Pose=0.8650 | Aff=0.8500 | BalAcc=0.5000 | Rneg=0.0000 | Rpos=1.0000 | PR=0.1512 | MCC=0.0000 | MAE=1.2094 | RMSE=1.5263 | r=0.6673 | rho=0.6691 | Cidx=0.7372 | EF1=0.8885 | EF5=0.9125 | S@1=0.0000 | S@5=1.0000 | S@10=1.0000 | Acc=0.1245
  ΔPose=+0.0170 | ΔAff=-0.0206 | ΔPR=-0.0004 | ΔMAE=-0.0184 | ΔRMSE=-0.0222 | Δr=-0.0082 | Δrho=-0.0065 | ΔCidx=-0.0067 | ΔEF1=+0.1931 | ΔEF5=-0.0077
    lr: 0.000658
    train_ema: Pose=0.8626, BalAcc=0.5000, PR=0.1522, Rneg=0.0000, Rpos=1.0000, MAE=1.2334, RMSE=1.5523, r=0.6674, Cidx=0.7400
------------------------------------------------------------------------------
  [Test Results  epoch 82]
  Pose=0.8571 | Aff=1.0004 | BalAcc=0.5000 | Rneg=0.0000 | Rpos=1.0000 | PR=0.1498 | MCC=0.0000 | MAE=1.3853 | RMSE=1.7152 | r=0.6219 | rho=0.5778 | Cidx=0.7082 | EF1=2.0503 | EF5=1.0268 | S@1=0.0000 | S@5=1.0000 | S@10=1.0000 | Acc=0.1349
  ΔPose=+0.0164 | ΔAff=-0.0530 | ΔPR=-0.0042 | ΔMAE=-0.0418 | ΔRMSE=-0.0571 | Δr=-0.0038 | Δrho=-0.0190 | ΔCidx=-0.0053 | ΔEF1=+0.6309 | ΔEF5=-0.2246 | ΔS@5=+1.0000
    test_ema: Pose=0.8567, BalAcc=0.5000, PR=0.1521, Rneg=0.0000, Rpos=1.0000, MAE=1.4208, RMSE=1.7652, r=0.6125, Cidx=0.7073
------------------------------------------------------------------------------
  [Train Results  epoch 84]  epoch_t=54.93s  total_t=4611s
  Pose=0.8592 | Aff=0.8569 | BalAcc=0.5000 | Rneg=0.0000 | Rpos=1.0000 | PR=0.1528 | MCC=0.0000 | MAE=1.2163 | RMSE=1.5311 | r=0.6652 | rho=0.6665 | Cidx=0.7386 | EF1=0.7468 | EF5=0.9228 | S@1=0.0000 | S@5=0.0000 | S@10=1.0000 | Acc=0.1245
  ΔPose=-0.0058 | ΔAff=+0.0069 | ΔPR=+0.0016 | ΔMAE=+0.0069 | ΔRMSE=+0.0048 | Δr=-0.0021 | Δrho=-0.0026 | ΔCidx=+0.0014 | ΔEF1=-0.1416 | ΔEF5=+0.0103 | ΔS@5=-1.0000
    lr: 0.000642
    train_ema: Pose=0.8616, BalAcc=0.5000, PR=0.1524, Rneg=0.0000, Rpos=1.0000, MAE=1.2283, RMSE=1.5459, r=0.6668, Cidx=0.7396
------------------------------------------------------------------------------
  [Test Results  epoch 84]
  Pose=0.8548 | Aff=1.0632 | BalAcc=0.5000 | Rneg=0.0000 | Rpos=1.0000 | PR=0.1495 | MCC=0.0000 | MAE=1.4379 | RMSE=1.7834 | r=0.5898 | rho=0.5510 | Cidx=0.6942 | EF1=1.2617 | EF5=0.9627 | S@1=0.0000 | S@5=0.0000 | S@10=1.0000 | Acc=0.1349
  ΔPose=-0.0023 | ΔAff=+0.0628 | ΔPR=-0.0003 | ΔMAE=+0.0526 | ΔRMSE=+0.0683 | Δr=-0.0320 | Δrho=-0.0269 | ΔCidx=-0.0140 | ΔEF1=-0.7886 | ΔEF5=-0.0642 | ΔS@5=-1.0000
    test_ema: Pose=0.8561, BalAcc=0.5000, PR=0.1514, Rneg=0.0000, Rpos=1.0000, MAE=1.4259, RMSE=1.7707, r=0.6057, Cidx=0.7034
------------------------------------------------------------------------------
  [Train Results  epoch 86]  epoch_t=54.79s  total_t=4721s
  Pose=0.8590 | Aff=0.9441 | BalAcc=0.5000 | Rneg=0.0000 | Rpos=1.0000 | PR=0.1549 | MCC=0.0000 | MAE=1.3019 | RMSE=1.6410 | r=0.6756 | rho=0.6754 | Cidx=0.7405 | EF1=0.6953 | EF5=0.9847 | S@1=0.0000 | S@5=1.0000 | S@10=1.0000 | Acc=0.1245
  ΔPose=-0.0002 | ΔAff=+0.0872 | ΔPR=+0.0022 | ΔMAE=+0.0856 | ΔRMSE=+0.1099 | Δr=+0.0104 | Δrho=+0.0090 | ΔCidx=+0.0019 | ΔEF1=-0.0515 | ΔEF5=+0.0619 | ΔS@5=+1.0000
    lr: 0.000627
    train_ema: Pose=0.8608, BalAcc=0.5000, PR=0.1532, Rneg=0.0000, Rpos=1.0000, MAE=1.2504, RMSE=1.5745, r=0.6694, Cidx=0.7399
------------------------------------------------------------------------------
  [Test Results  epoch 86]
  Pose=0.8563 | Aff=1.1697 | BalAcc=0.5000 | Rneg=0.0000 | Rpos=1.0000 | PR=0.1524 | MCC=0.0000 | MAE=1.5365 | RMSE=1.9044 | r=0.6054 | rho=0.5707 | Cidx=0.7019 | EF1=1.5771 | EF5=1.0910 | S@1=1.0000 | S@5=1.0000 | S@10=1.0000 | Acc=0.1349
  ΔPose=+0.0015 | ΔAff=+0.1065 | ΔPR=+0.0028 | ΔMAE=+0.0987 | ΔRMSE=+0.1209 | Δr=+0.0156 | Δrho=+0.0197 | ΔCidx=+0.0078 | ΔEF1=+0.3154 | ΔEF5=+0.1284 | ΔS@1=+1.0000 | ΔS@5=+1.0000
    test_ema: Pose=0.8562, BalAcc=0.5000, PR=0.1517, Rneg=0.0000, Rpos=1.0000, MAE=1.4591, RMSE=1.8108, r=0.6056, Cidx=0.7029
------------------------------------------------------------------------------
  [Train Results  epoch 88]  epoch_t=54.79s  total_t=4831s
  Pose=0.8532 | Aff=0.8513 | BalAcc=0.5000 | Rneg=0.0000 | Rpos=1.0000 | PR=0.1544 | MCC=0.0000 | MAE=1.2114 | RMSE=1.5180 | r=0.6779 | rho=0.6779 | Cidx=0.7432 | EF1=0.7855 | EF5=0.9821 | S@1=0.0000 | S@5=1.0000 | S@10=1.0000 | Acc=0.1245
  ΔPose=-0.0058 | ΔAff=-0.0928 | ΔPR=-0.0005 | ΔMAE=-0.0906 | ΔRMSE=-0.1230 | Δr=+0.0023 | Δrho=+0.0024 | ΔCidx=+0.0027 | ΔEF1=+0.0901 | ΔEF5=-0.0026
    lr: 0.000611
    train_ema: Pose=0.8585, BalAcc=0.5000, PR=0.1535, Rneg=0.0000, Rpos=1.0000, MAE=1.2387, RMSE=1.5575, r=0.6720, Cidx=0.7409
------------------------------------------------------------------------------
  [Test Results  epoch 88]
  Pose=0.8480 | Aff=1.0466 | BalAcc=0.5000 | Rneg=0.0000 | Rpos=1.0000 | PR=0.1557 | MCC=0.0000 | MAE=1.4188 | RMSE=1.7583 | r=0.6020 | rho=0.5708 | Cidx=0.7029 | EF1=0.9463 | EF5=1.2836 | S@1=0.0000 | S@5=1.0000 | S@10=1.0000 | Acc=0.1349
  ΔPose=-0.0083 | ΔAff=-0.1231 | ΔPR=+0.0034 | ΔMAE=-0.1177 | ΔRMSE=-0.1461 | Δr=-0.0034 | Δrho=+0.0002 | ΔCidx=+0.0010 | ΔEF1=-0.6309 | ΔEF5=+0.1925 | ΔS@1=-1.0000
    test_ema: Pose=0.8537, BalAcc=0.5000, PR=0.1529, Rneg=0.0000, Rpos=1.0000, MAE=1.4470, RMSE=1.7950, r=0.6046, Cidx=0.7029
------------------------------------------------------------------------------
  [Train Results  epoch 90]  epoch_t=54.94s  total_t=4940s
  Pose=0.8706 | Aff=0.8601 | BalAcc=0.5000 | Rneg=0.0000 | Rpos=1.0000 | PR=0.1538 | MCC=0.0000 | MAE=1.2194 | RMSE=1.5248 | r=0.6761 | rho=0.6764 | Cidx=0.7425 | EF1=0.7726 | EF5=0.9332 | S@1=0.0000 | S@5=1.0000 | S@10=1.0000 | Acc=0.1245
  ΔPose=+0.0174 | ΔAff=+0.0088 | ΔPR=-0.0006 | ΔMAE=+0.0080 | ΔRMSE=+0.0068 | Δr=-0.0018 | Δrho=-0.0015 | ΔCidx=-0.0007 | ΔEF1=-0.0129 | ΔEF5=-0.0490
    lr: 0.000596
    train_ema: Pose=0.8621, BalAcc=0.5000, PR=0.1536, Rneg=0.0000, Rpos=1.0000, MAE=1.2329, RMSE=1.5477, r=0.6732, Cidx=0.7414
------------------------------------------------------------------------------
  [Test Results  epoch 90]
  Pose=0.8700 | Aff=1.0897 | BalAcc=0.5000 | Rneg=0.0000 | Rpos=1.0000 | PR=0.1565 | MCC=0.0000 | MAE=1.4704 | RMSE=1.8062 | r=0.5806 | rho=0.5520 | Cidx=0.6971 | EF1=0.7886 | EF5=0.8664 | S@1=0.0000 | S@5=1.0000 | S@10=1.0000 | Acc=0.1349
  ΔPose=+0.0221 | ΔAff=+0.0430 | ΔPR=+0.0008 | ΔMAE=+0.0516 | ΔRMSE=+0.0478 | Δr=-0.0214 | Δrho=-0.0189 | ΔCidx=-0.0059 | ΔEF1=-0.1577 | ΔEF5=-0.4172
    test_ema: Pose=0.8586, BalAcc=0.5000, PR=0.1540, Rneg=0.0000, Rpos=1.0000, MAE=1.4540, RMSE=1.7984, r=0.5974, Cidx=0.7012
------------------------------------------------------------------------------
  [Train Results  epoch 92]  epoch_t=54.84s  total_t=5050s
  Pose=0.8639 | Aff=0.9395 | BalAcc=0.5000 | Rneg=0.0000 | Rpos=1.0000 | PR=0.1550 | MCC=0.0000 | MAE=1.2962 | RMSE=1.6283 | r=0.6800 | rho=0.6804 | Cidx=0.7469 | EF1=0.9142 | EF5=0.9589 | S@1=0.0000 | S@5=0.0000 | S@10=1.0000 | Acc=0.1245
  ΔPose=-0.0067 | ΔAff=+0.0793 | ΔPR=+0.0011 | ΔMAE=+0.0768 | ΔRMSE=+0.1035 | Δr=+0.0039 | Δrho=+0.0040 | ΔCidx=+0.0044 | ΔEF1=+0.1416 | ΔEF5=+0.0258 | ΔS@5=-1.0000
    lr: 0.000580
    train_ema: Pose=0.8627, BalAcc=0.5000, PR=0.1540, Rneg=0.0000, Rpos=1.0000, MAE=1.2519, RMSE=1.5719, r=0.6752, Cidx=0.7430
------------------------------------------------------------------------------
  [Test Results  epoch 92]
  Pose=0.8585 | Aff=1.1791 | BalAcc=0.5000 | Rneg=0.0000 | Rpos=1.0000 | PR=0.1512 | MCC=0.0000 | MAE=1.5407 | RMSE=1.9042 | r=0.6076 | rho=0.5769 | Cidx=0.7047 | EF1=1.2617 | EF5=0.9627 | S@1=0.0000 | S@5=1.0000 | S@10=1.0000 | Acc=0.1349
  ΔPose=-0.0115 | ΔAff=+0.0894 | ΔPR=-0.0054 | ΔMAE=+0.0703 | ΔRMSE=+0.0981 | Δr=+0.0270 | Δrho=+0.0249 | ΔCidx=+0.0076 | ΔEF1=+0.4731 | ΔEF5=+0.0963
    test_ema: Pose=0.8586, BalAcc=0.5000, PR=0.1531, Rneg=0.0000, Rpos=1.0000, MAE=1.4800, RMSE=1.8301, r=0.6004, Cidx=0.7022
------------------------------------------------------------------------------
  [Train Results  epoch 94]  epoch_t=54.88s  total_t=5160s
  Pose=0.8654 | Aff=0.8665 | BalAcc=0.5000 | Rneg=0.0000 | Rpos=1.0000 | PR=0.1555 | MCC=0.0000 | MAE=1.2240 | RMSE=1.5293 | r=0.6888 | rho=0.6866 | Cidx=0.7495 | EF1=0.8498 | EF5=0.9409 | S@1=0.0000 | S@5=0.0000 | S@10=1.0000 | Acc=0.1245
  ΔPose=+0.0015 | ΔAff=-0.0729 | ΔPR=+0.0005 | ΔMAE=-0.0722 | ΔRMSE=-0.0990 | Δr=+0.0088 | Δrho=+0.0062 | ΔCidx=+0.0026 | ΔEF1=-0.0644 | ΔEF5=-0.0180
    lr: 0.000564
    train_ema: Pose=0.8635, BalAcc=0.5000, PR=0.1545, Rneg=0.0000, Rpos=1.0000, MAE=1.2435, RMSE=1.5591, r=0.6793, Cidx=0.7450
------------------------------------------------------------------------------
  [Test Results  epoch 94]
  Pose=0.8641 | Aff=1.0971 | BalAcc=0.5000 | Rneg=0.0000 | Rpos=1.0000 | PR=0.1554 | MCC=0.0000 | MAE=1.4793 | RMSE=1.8042 | r=0.5959 | rho=0.5642 | Cidx=0.6962 | EF1=1.1040 | EF5=1.0589 | S@1=0.0000 | S@5=0.0000 | S@10=1.0000 | Acc=0.1349
  ΔPose=+0.0055 | ΔAff=-0.0820 | ΔPR=+0.0042 | ΔMAE=-0.0613 | ΔRMSE=-0.1000 | Δr=-0.0117 | Δrho=-0.0127 | ΔCidx=-0.0085 | ΔEF1=-0.1577 | ΔEF5=+0.0963 | ΔS@5=-1.0000
    test_ema: Pose=0.8602, BalAcc=0.5000, PR=0.1538, Rneg=0.0000, Rpos=1.0000, MAE=1.4798, RMSE=1.8223, r=0.5991, Cidx=0.7004
------------------------------------------------------------------------------
  [Train Results  epoch 96]  epoch_t=55.00s  total_t=5270s
  Pose=0.8751 | Aff=0.8364 | BalAcc=0.5000 | Rneg=0.0000 | Rpos=1.0000 | PR=0.1546 | MCC=0.0000 | MAE=1.1943 | RMSE=1.5007 | r=0.6891 | rho=0.6857 | Cidx=0.7490 | EF1=0.9657 | EF5=0.9383 | S@1=0.0000 | S@5=0.0000 | S@10=0.0000 | Acc=0.1245
  ΔPose=+0.0096 | ΔAff=-0.0301 | ΔPR=-0.0009 | ΔMAE=-0.0298 | ΔRMSE=-0.0286 | Δr=+0.0003 | Δrho=-0.0009 | ΔCidx=-0.0006 | ΔEF1=+0.1159 | ΔEF5=-0.0026 | ΔS@10=-1.0000
    lr: 0.000548
    train_ema: Pose=0.8670, BalAcc=0.5000, PR=0.1545, Rneg=0.0000, Rpos=1.0000, MAE=1.2287, RMSE=1.5416, r=0.6822, Cidx=0.7462
------------------------------------------------------------------------------
  [Test Results  epoch 96]
  Pose=0.8789 | Aff=1.0835 | BalAcc=0.5000 | Rneg=0.0000 | Rpos=1.0000 | PR=0.1563 | MCC=0.0000 | MAE=1.4670 | RMSE=1.7948 | r=0.5803 | rho=0.5553 | Cidx=0.6975 | EF1=1.1040 | EF5=0.7060 | S@1=0.0000 | S@5=0.0000 | S@10=1.0000 | Acc=0.1349
  ΔPose=+0.0149 | ΔAff=-0.0135 | ΔPR=+0.0009 | ΔMAE=-0.0123 | ΔRMSE=-0.0094 | Δr=-0.0157 | Δrho=-0.0089 | ΔCidx=+0.0014 | ΔEF5=-0.3530
    test_ema: Pose=0.8658, BalAcc=0.5000, PR=0.1545, Rneg=0.0000, Rpos=1.0000, MAE=1.4759, RMSE=1.8141, r=0.5935, Cidx=0.6996
------------------------------------------------------------------------------
  [Train Results  epoch 98]  epoch_t=54.81s  total_t=5379s
  Pose=0.8576 | Aff=0.8181 | BalAcc=0.5000 | Rneg=0.0000 | Rpos=1.0000 | PR=0.1576 | MCC=0.0000 | MAE=1.1785 | RMSE=1.4853 | r=0.6926 | rho=0.6907 | Cidx=0.7483 | EF1=0.8370 | EF5=0.9306 | S@1=0.0000 | S@5=1.0000 | S@10=1.0000 | Acc=0.1245
  ΔPose=-0.0174 | ΔAff=-0.0183 | ΔPR=+0.0030 | ΔMAE=-0.0157 | ΔRMSE=-0.0154 | Δr=+0.0035 | Δrho=+0.0050 | ΔCidx=-0.0007 | ΔEF1=-0.1288 | ΔEF5=-0.0077 | ΔS@5=+1.0000 | ΔS@10=+1.0000
    lr: 0.000532
    train_ema: Pose=0.8642, BalAcc=0.5000, PR=0.1554, Rneg=0.0000, Rpos=1.0000, MAE=1.2137, RMSE=1.5247, r=0.6854, Cidx=0.7468
------------------------------------------------------------------------------
  [Test Results  epoch 98]
  Pose=0.8543 | Aff=1.0778 | BalAcc=0.5000 | Rneg=0.0000 | Rpos=1.0000 | PR=0.1615 | MCC=0.0000 | MAE=1.4605 | RMSE=1.7870 | r=0.5841 | rho=0.5455 | Cidx=0.6928 | EF1=1.7348 | EF5=1.0589 | S@1=0.0000 | S@5=0.0000 | S@10=1.0000 | Acc=0.1349
  ΔPose=-0.0246 | ΔAff=-0.0058 | ΔPR=+0.0052 | ΔMAE=-0.0065 | ΔRMSE=-0.0078 | Δr=+0.0038 | Δrho=-0.0098 | ΔCidx=-0.0047 | ΔEF1=+0.6309 | ΔEF5=+0.3530
    test_ema: Pose=0.8624, BalAcc=0.5000, PR=0.1566, Rneg=0.0000, Rpos=1.0000, MAE=1.4713, RMSE=1.8059, r=0.5906, Cidx=0.6975
------------------------------------------------------------------------------
  [Train Results  epoch 100]  epoch_t=54.86s  total_t=5489s
  Pose=0.8520 | Aff=0.8118 | BalAcc=0.5000 | Rneg=0.0000 | Rpos=1.0000 | PR=0.1552 | MCC=0.0000 | MAE=1.1697 | RMSE=1.4782 | r=0.6948 | rho=0.6915 | Cidx=0.7503 | EF1=0.8370 | EF5=0.9409 | S@1=0.0000 | S@5=1.0000 | S@10=1.0000 | Acc=0.1245
  ΔPose=-0.0056 | ΔAff=-0.0063 | ΔPR=-0.0024 | ΔMAE=-0.0089 | ΔRMSE=-0.0070 | Δr=+0.0022 | Δrho=+0.0007 | ΔCidx=+0.0020 | ΔEF5=+0.0103
    lr: 0.000516
    train_ema: Pose=0.8605, BalAcc=0.5000, PR=0.1554, Rneg=0.0000, Rpos=1.0000, MAE=1.2005, RMSE=1.5108, r=0.6882, Cidx=0.7479
------------------------------------------------------------------------------
  [Test Results  epoch 100]
  Pose=0.8516 | Aff=1.0579 | BalAcc=0.5000 | Rneg=0.0000 | Rpos=1.0000 | PR=0.1582 | MCC=0.0000 | MAE=1.4320 | RMSE=1.7816 | r=0.5804 | rho=0.5388 | Cidx=0.6930 | EF1=1.5771 | EF5=1.0589 | S@1=0.0000 | S@5=1.0000 | S@10=1.0000 | Acc=0.1349
  ΔPose=-0.0027 | ΔAff=-0.0199 | ΔPR=-0.0033 | ΔMAE=-0.0285 | ΔRMSE=-0.0053 | Δr=-0.0037 | Δrho=-0.0067 | ΔCidx=+0.0001 | ΔEF1=-0.1577 | ΔS@5=+1.0000
    test_ema: Pose=0.8591, BalAcc=0.5000, PR=0.1571, Rneg=0.0000, Rpos=1.0000, MAE=1.4595, RMSE=1.7986, r=0.5876, Cidx=0.6962
