--- GNINA TRAINING (5-Loss Pipeline): tankbind ---

=== TARGET STATISTICS ===
  [DEBUG] Affinity target stats (N=7758):
    mean=6.318  std=2.047
    p01=2.310      p05=3.020      p25=4.712      p50=6.400      p75=7.800      p95=9.700      p99=11.200  
  [DEBUG] Pose sample stats: total=62335, valid=62335, ignored=0, bad=54577, good=7758
          valid ratio: bad=0.8755, good=0.1245
  [NORM] pK mean=6.318, std=2.047
  Pose prior init: disabled by --disable_pose_prior_init
  Pose prior init: skipped (no final 2-logit pose layer found)
  Using eager mode for tankbind
  Model parameters: 214,062
  Optimizer: AdamW(lr=0.001, wd=0.01)
  Loss (Pose): Focal(γ=2.0, α_good=0.75, α_bad=0.25); λ_pose=1.2, pose_scale=0.5, w_pose=0.85, w_aff=0.15, warmup_epochs=0, pose_only_epochs=4, class_norm=True, batch_balance=True
  Loss 1 (Regression): ConfidenceAware(scale=1.0)
  Loss 2 (Ranking): SoftProbabilistic(scale=0.05, τ=1.0, pairs=128)
  Loss 3 (DistAlign): scale=0.02
  Loss 4 (Anchor): scale=0.01
  Early stopping: composite = 0.500*C-index + 0.500*Balanced Accuracy (min_delta=0.0001, patience=25)
------------------------------------------------------------------------------
  [Train Results  epoch 2]  epoch_t=58.00s  total_t=119s
  Pose=0.5121 | Aff=11.4560 | BalAcc=0.4980 | Rneg=0.9930 | Rpos=0.0031 | PR=0.1183 | MCC=-0.0161 | MAE=11.5391 | RMSE=11.7810 | r=0.0333 | rho=0.0328 | Cidx=0.5119 | EF1=0.5408 | EF5=0.7012 | S@1=0.0000 | S@5=0.0000 | S@10=0.0000 | Acc=0.8698
    lr: 0.001000
    train_ema: Pose=0.5121, BalAcc=0.4980, PR=0.1183, Rneg=0.9930, Rpos=0.0031, MAE=11.5391, RMSE=11.7810, r=0.0333, Cidx=0.5119
------------------------------------------------------------------------------
  [Test Results  epoch 2]
  Pose=0.5241 | Aff=11.6084 | BalAcc=0.4917 | Rneg=0.9770 | Rpos=0.0064 | PR=0.1300 | MCC=-0.0398 | MAE=11.6827 | RMSE=11.9650 | r=-0.0183 | rho=-0.0131 | Cidx=0.4952 | EF1=0.1577 | EF5=0.8343 | S@1=0.0000 | S@5=0.0000 | S@10=0.0000 | Acc=0.8460
    test_ema: Pose=0.5241, BalAcc=0.4917, PR=0.1300, Rneg=0.9770, Rpos=0.0064, MAE=11.6827, RMSE=11.9650, r=-0.0183, Cidx=0.4952
------------------------------------------------------------------------------
  [Train Results  epoch 4]  epoch_t=58.01s  total_t=235s
  Pose=0.6005 | Aff=12.2597 | BalAcc=0.4989 | Rneg=0.9792 | Rpos=0.0186 | PR=0.1339 | MCC=-0.0052 | MAE=12.3201 | RMSE=12.5929 | r=-0.0419 | rho=-0.0432 | Cidx=0.4853 | EF1=0.7468 | EF5=0.8507 | S@1=0.0000 | S@5=1.0000 | S@10=1.0000 | Acc=0.8596
  ΔPose=+0.0885 | ΔAff=+0.8038 | ΔBalAcc=+0.0009 | ΔRneg=-0.0138 | ΔRpos=+0.0155 | ΔPR=+0.0156 | ΔMCC=+0.0109 | ΔMAE=+0.7810 | ΔRMSE=+0.8118 | Δr=-0.0752 | Δrho=-0.0761 | ΔCidx=-0.0266 | ΔEF1=+0.2060 | ΔEF5=+0.1495 | ΔS@5=+1.0000 | ΔS@10=+1.0000 | ΔAcc=-0.0101
    lr: 0.001000
    train_ema: Pose=0.5386, BalAcc=0.4983, PR=0.1229, Rneg=0.9888, Rpos=0.0077, MAE=11.7734, RMSE=12.0246, r=0.0107, Cidx=0.5039
------------------------------------------------------------------------------
  [Test Results  epoch 4]
  Pose=0.6061 | Aff=12.3855 | BalAcc=0.4919 | Rneg=0.9662 | Rpos=0.0177 | PR=0.1425 | MCC=-0.0315 | MAE=12.4529 | RMSE=12.7922 | r=-0.1279 | rho=-0.1489 | Cidx=0.4483 | EF1=0.1577 | EF5=0.8985 | S@1=0.0000 | S@5=0.0000 | S@10=0.0000 | Acc=0.8382
  ΔPose=+0.0819 | ΔAff=+0.7771 | ΔBalAcc=+0.0002 | ΔRneg=-0.0108 | ΔRpos=+0.0112 | ΔPR=+0.0125 | ΔMCC=+0.0083 | ΔMAE=+0.7702 | ΔRMSE=+0.8272 | Δr=-0.1097 | Δrho=-0.1358 | ΔCidx=-0.0469 | ΔEF5=+0.0642 | ΔAcc=-0.0078
    test_ema: Pose=0.5487, BalAcc=0.4918, PR=0.1338, Rneg=0.9737, Rpos=0.0098, MAE=11.9138, RMSE=12.2132, r=-0.0512, Cidx=0.4811
------------------------------------------------------------------------------
  [Train Results  epoch 6]  epoch_t=58.25s  total_t=351s
  Pose=0.7879 | Aff=1.5742 | BalAcc=0.5056 | Rneg=0.0254 | Rpos=0.9858 | PR=0.1375 | MCC=0.0242 | MAE=1.9111 | RMSE=2.3660 | r=0.1418 | rho=0.1604 | Cidx=0.5453 | EF1=0.6181 | EF5=0.7166 | S@1=0.0000 | S@5=0.0000 | S@10=0.0000 | Acc=0.1449
  ΔPose=+0.1873 | ΔAff=-10.6856 | ΔBalAcc=+0.0067 | ΔRneg=-0.9538 | ΔRpos=+0.9673 | ΔPR=+0.0036 | ΔMCC=+0.0294 | ΔMAE=-10.4090 | ΔRMSE=-10.2269 | Δr=+0.1837 | Δrho=+0.2037 | ΔCidx=+0.0600 | ΔEF1=-0.1288 | ΔEF5=-0.1340 | ΔS@5=-1.0000 | ΔS@10=-1.0000 | ΔAcc=-0.7147
    lr: 0.001000
    train_ema: Pose=0.6134, BalAcc=0.5005, PR=0.1273, Rneg=0.6998, Rpos=0.3012, MAE=8.8147, RMSE=9.1270, r=0.0501, Cidx=0.5163
------------------------------------------------------------------------------
  [Test Results  epoch 6]
  Pose=0.7705 | Aff=1.6349 | BalAcc=0.5134 | Rneg=0.0526 | Rpos=0.9743 | PR=0.1529 | MCC=0.0426 | MAE=1.9902 | RMSE=2.4341 | r=0.2486 | rho=0.2377 | Cidx=0.5793 | EF1=0.1577 | EF5=0.8343 | S@1=0.0000 | S@5=0.0000 | S@10=0.0000 | Acc=0.1769
  ΔPose=+0.1644 | ΔAff=-10.7507 | ΔBalAcc=+0.0215 | ΔRneg=-0.9136 | ΔRpos=+0.9567 | ΔPR=+0.0104 | ΔMCC=+0.0741 | ΔMAE=-10.4627 | ΔRMSE=-10.3580 | Δr=+0.3765 | Δrho=+0.3866 | ΔCidx=+0.1311 | ΔEF5=-0.0642 | ΔAcc=-0.6613
    test_ema: Pose=0.6152, BalAcc=0.4983, PR=0.1395, Rneg=0.6974, Rpos=0.2991, MAE=8.9367, RMSE=9.2794, r=0.0388, Cidx=0.5106
------------------------------------------------------------------------------
  [Train Results  epoch 8]  epoch_t=58.16s  total_t=468s
  Pose=0.8425 | Aff=1.3032 | BalAcc=0.5014 | Rneg=0.0052 | Rpos=0.9976 | PR=0.1562 | MCC=0.0129 | MAE=1.6722 | RMSE=2.0301 | r=0.2209 | rho=0.2132 | Cidx=0.5673 | EF1=0.7726 | EF5=0.8893 | S@1=0.0000 | S@5=0.0000 | S@10=0.0000 | Acc=0.1287
  ΔPose=+0.0547 | ΔAff=-0.2710 | ΔBalAcc=-0.0042 | ΔRneg=-0.0202 | ΔRpos=+0.0117 | ΔPR=+0.0187 | ΔMCC=-0.0112 | ΔMAE=-0.2389 | ΔRMSE=-0.3359 | Δr=+0.0791 | Δrho=+0.0527 | ΔCidx=+0.0219 | ΔEF1=+0.1545 | ΔEF5=+0.1727 | ΔAcc=-0.0162
    lr: 0.000999
    train_ema: Pose=0.6821, BalAcc=0.5007, PR=0.1360, Rneg=0.4914, Rpos=0.5101, MAE=6.6720, RMSE=6.9979, r=0.1013, Cidx=0.5316
------------------------------------------------------------------------------
  [Test Results  epoch 8]
  Pose=0.8292 | Aff=1.4031 | BalAcc=0.5055 | Rneg=0.0190 | Rpos=0.9920 | PR=0.1527 | MCC=0.0286 | MAE=1.7727 | RMSE=2.2163 | r=0.1361 | rho=0.1717 | Cidx=0.5556 | EF1=0.1577 | EF5=0.4813 | S@1=0.0000 | S@5=1.0000 | S@10=1.0000 | Acc=0.1503
  ΔPose=+0.0587 | ΔAff=-0.2318 | ΔBalAcc=-0.0079 | ΔRneg=-0.0335 | ΔRpos=+0.0177 | ΔPR=-0.0002 | ΔMCC=-0.0139 | ΔMAE=-0.2175 | ΔRMSE=-0.2179 | Δr=-0.1125 | Δrho=-0.0660 | ΔCidx=-0.0237 | ΔEF5=-0.3530 | ΔS@5=+1.0000 | ΔS@10=+1.0000 | ΔAcc=-0.0266
    test_ema: Pose=0.6794, BalAcc=0.5004, PR=0.1435, Rneg=0.4939, Rpos=0.5070, MAE=6.7875, RMSE=7.1605, r=0.0680, Cidx=0.5241
------------------------------------------------------------------------------
  [Train Results  epoch 10]  epoch_t=58.11s  total_t=584s
  Pose=0.8589 | Aff=1.2994 | BalAcc=0.5013 | Rneg=0.0032 | Rpos=0.9994 | PR=0.1544 | MCC=0.0158 | MAE=1.6609 | RMSE=2.0426 | r=0.2444 | rho=0.2277 | Cidx=0.5763 | EF1=0.6181 | EF5=0.7836 | S@1=0.0000 | S@5=0.0000 | S@10=0.0000 | Acc=0.1272
  ΔPose=+0.0164 | ΔAff=-0.0038 | ΔBalAcc=-0.0001 | ΔRneg=-0.0019 | ΔRpos=+0.0018 | ΔPR=-0.0018 | ΔMCC=+0.0029 | ΔMAE=-0.0114 | ΔRMSE=+0.0125 | Δr=+0.0235 | Δrho=+0.0145 | ΔCidx=+0.0090 | ΔEF1=-0.1545 | ΔEF5=-0.1057 | ΔAcc=-0.0015
    lr: 0.000998
    train_ema: Pose=0.7352, BalAcc=0.5009, PR=0.1415, Rneg=0.3450, Rpos=0.6569, MAE=5.1687, RMSE=5.5113, r=0.1442, Cidx=0.5450
------------------------------------------------------------------------------
  [Test Results  epoch 10]
  Pose=0.8463 | Aff=1.4164 | BalAcc=0.5073 | Rneg=0.0145 | Rpos=1.0000 | PR=0.1653 | MCC=0.0445 | MAE=1.7970 | RMSE=2.1866 | r=0.1892 | rho=0.1684 | Cidx=0.5584 | EF1=0.3154 | EF5=0.7701 | S@1=0.0000 | S@5=0.0000 | S@10=0.0000 | Acc=0.1475
  ΔPose=+0.0171 | ΔAff=+0.0133 | ΔBalAcc=+0.0018 | ΔRneg=-0.0045 | ΔRpos=+0.0080 | ΔPR=+0.0126 | ΔMCC=+0.0159 | ΔMAE=+0.0243 | ΔRMSE=-0.0297 | Δr=+0.0531 | Δrho=-0.0032 | ΔCidx=+0.0029 | ΔEF1=+0.1577 | ΔEF5=+0.2888 | ΔS@5=-1.0000 | ΔS@10=-1.0000 | ΔAcc=-0.0028
    test_ema: Pose=0.7295, BalAcc=0.5025, PR=0.1500, Rneg=0.3501, Rpos=0.6549, MAE=5.2903, RMSE=5.6683, r=0.1043, Cidx=0.5344
------------------------------------------------------------------------------
  [Train Results  epoch 12]  epoch_t=58.13s  total_t=700s
  Pose=0.8871 | Aff=1.5405 | BalAcc=0.5015 | Rneg=0.0041 | Rpos=0.9990 | PR=0.1422 | MCC=0.0166 | MAE=1.8901 | RMSE=2.3145 | r=0.2861 | rho=0.2683 | Cidx=0.5873 | EF1=0.7211 | EF5=0.8868 | S@1=0.0000 | S@5=0.0000 | S@10=0.0000 | Acc=0.1279
  ΔPose=+0.0281 | ΔAff=+0.2411 | ΔBalAcc=+0.0002 | ΔRneg=+0.0009 | ΔRpos=-0.0004 | ΔPR=-0.0121 | ΔMCC=+0.0008 | ΔMAE=+0.2293 | ΔRMSE=+0.2719 | Δr=+0.0417 | Δrho=+0.0406 | ΔCidx=+0.0110 | ΔEF1=+0.1030 | ΔEF5=+0.1031 | ΔAcc=+0.0007
    lr: 0.000996
    train_ema: Pose=0.7807, BalAcc=0.5011, PR=0.1417, Rneg=0.2427, Rpos=0.7595, MAE=4.1851, RMSE=4.5523, r=0.1868, Cidx=0.5577
------------------------------------------------------------------------------
  [Test Results  epoch 12]
  Pose=0.8753 | Aff=1.5978 | BalAcc=0.5068 | Rneg=0.0153 | Rpos=0.9984 | PR=0.1505 | MCC=0.0406 | MAE=1.9597 | RMSE=2.4590 | r=0.2186 | rho=0.2211 | Cidx=0.5789 | EF1=0.1577 | EF5=0.6739 | S@1=0.0000 | S@5=0.0000 | S@10=0.0000 | Acc=0.1479
  ΔPose=+0.0289 | ΔAff=+0.1813 | ΔBalAcc=-0.0004 | ΔRneg=+0.0008 | ΔRpos=-0.0016 | ΔPR=-0.0147 | ΔMCC=-0.0040 | ΔMAE=+0.1627 | ΔRMSE=+0.2724 | Δr=+0.0294 | Δrho=+0.0526 | ΔCidx=+0.0205 | ΔEF1=-0.1577 | ΔEF5=-0.0963 | ΔAcc=+0.0004
    test_ema: Pose=0.7732, BalAcc=0.5038, PR=0.1502, Rneg=0.2496, Rpos=0.7579, MAE=4.2911, RMSE=4.7055, r=0.1386, Cidx=0.5477
------------------------------------------------------------------------------
  [Train Results  epoch 14]  epoch_t=58.08s  total_t=817s
  Pose=0.8817 | Aff=1.2672 | BalAcc=0.5009 | Rneg=0.0022 | Rpos=0.9996 | PR=0.1543 | MCC=0.0136 | MAE=1.6324 | RMSE=1.9858 | r=0.3368 | rho=0.3298 | Cidx=0.6147 | EF1=0.8885 | EF5=0.8713 | S@1=0.0000 | S@5=0.0000 | S@10=1.0000 | Acc=0.1264
  ΔPose=-0.0053 | ΔAff=-0.2733 | ΔBalAcc=-0.0006 | ΔRneg=-0.0019 | ΔRpos=+0.0006 | ΔPR=+0.0121 | ΔMCC=-0.0030 | ΔMAE=-0.2577 | ΔRMSE=-0.3287 | Δr=+0.0507 | Δrho=+0.0615 | ΔCidx=+0.0274 | ΔEF1=+0.1674 | ΔEF5=-0.0155 | ΔS@10=+1.0000 | ΔAcc=-0.0015
    lr: 0.000994
    train_ema: Pose=0.8110, BalAcc=0.5010, PR=0.1455, Rneg=0.1706, Rpos=0.8315, MAE=3.4193, RMSE=3.7823, r=0.2318, Cidx=0.5748
------------------------------------------------------------------------------
  [Test Results  epoch 14]
  Pose=0.8750 | Aff=1.3861 | BalAcc=0.5042 | Rneg=0.0100 | Rpos=0.9984 | PR=0.1501 | MCC=0.0306 | MAE=1.7574 | RMSE=2.2041 | r=0.1951 | rho=0.2093 | Cidx=0.5743 | EF1=1.1040 | EF5=0.9306 | S@1=0.0000 | S@5=0.0000 | S@10=1.0000 | Acc=0.1434
  ΔPose=-0.0002 | ΔAff=-0.2117 | ΔBalAcc=-0.0026 | ΔRneg=-0.0053 | ΔPR=-0.0004 | ΔMCC=-0.0099 | ΔMAE=-0.2022 | ΔRMSE=-0.2549 | Δr=-0.0235 | Δrho=-0.0117 | ΔCidx=-0.0046 | ΔEF1=+0.9463 | ΔEF5=+0.2567 | ΔS@10=+1.0000 | ΔAcc=-0.0045
    test_ema: Pose=0.8038, BalAcc=0.5039, PR=0.1501, Rneg=0.1777, Rpos=0.8301, MAE=3.5310, RMSE=3.9551, r=0.1555, Cidx=0.5557
------------------------------------------------------------------------------
  [Train Results  epoch 16]  epoch_t=58.07s  total_t=933s
  Pose=0.8585 | Aff=1.4263 | BalAcc=0.5010 | Rneg=0.0027 | Rpos=0.9994 | PR=0.1444 | MCC=0.0137 | MAE=1.7822 | RMSE=2.1750 | r=0.2841 | rho=0.2890 | Cidx=0.5988 | EF1=0.5537 | EF5=0.6728 | S@1=1.0000 | S@5=1.0000 | S@10=1.0000 | Acc=0.1267
  ΔPose=-0.0232 | ΔAff=+0.1591 | ΔBalAcc=+0.0001 | ΔRneg=+0.0005 | ΔRpos=-0.0003 | ΔPR=-0.0099 | ΔMCC=+0.0001 | ΔMAE=+0.1498 | ΔRMSE=+0.1893 | Δr=-0.0527 | Δrho=-0.0407 | ΔCidx=-0.0159 | ΔEF1=-0.3348 | ΔEF5=-0.1985 | ΔS@1=+1.0000 | ΔS@5=+1.0000 | ΔAcc=+0.0004
    lr: 0.000991
    train_ema: Pose=0.8253, BalAcc=0.5010, PR=0.1452, Rneg=0.1202, Rpos=0.8819, MAE=2.9282, RMSE=3.3001, r=0.2475, Cidx=0.5820
------------------------------------------------------------------------------
  [Test Results  epoch 16]
  Pose=0.8547 | Aff=1.5033 | BalAcc=0.5020 | Rneg=0.0055 | Rpos=0.9984 | PR=0.1429 | MCC=0.0189 | MAE=1.8668 | RMSE=2.3325 | r=0.1782 | rho=0.2183 | Cidx=0.5727 | EF1=0.1577 | EF5=0.4813 | S@1=0.0000 | S@5=1.0000 | S@10=1.0000 | Acc=0.1395
  ΔPose=-0.0204 | ΔAff=+0.1172 | ΔBalAcc=-0.0023 | ΔRneg=-0.0045 | ΔPR=-0.0073 | ΔMCC=-0.0117 | ΔMAE=+0.1094 | ΔRMSE=+0.1284 | Δr=-0.0169 | Δrho=+0.0090 | ΔCidx=-0.0016 | ΔEF1=-0.9463 | ΔEF5=-0.4492 | ΔS@5=+1.0000 | ΔAcc=-0.0039
    test_ema: Pose=0.8190, BalAcc=0.5033, PR=0.1480, Rneg=0.1261, Rpos=0.8806, MAE=3.0318, RMSE=3.4683, r=0.1623, Cidx=0.5608
------------------------------------------------------------------------------
  [Train Results  epoch 18]  epoch_t=58.11s  total_t=1049s
  Pose=0.8639 | Aff=1.2707 | BalAcc=0.5007 | Rneg=0.0021 | Rpos=0.9992 | PR=0.1488 | MCC=0.0102 | MAE=1.6388 | RMSE=1.9901 | r=0.3150 | rho=0.2942 | Cidx=0.6019 | EF1=0.7211 | EF5=0.8507 | S@1=0.0000 | S@5=1.0000 | S@10=1.0000 | Acc=0.1262
  ΔPose=+0.0054 | ΔAff=-0.1556 | ΔBalAcc=-0.0003 | ΔRneg=-0.0005 | ΔRpos=-0.0001 | ΔPR=+0.0044 | ΔMCC=-0.0035 | ΔMAE=-0.1434 | ΔRMSE=-0.1849 | Δr=+0.0309 | Δrho=+0.0051 | ΔCidx=+0.0031 | ΔEF1=+0.1674 | ΔEF5=+0.1779 | ΔS@1=-1.0000 | ΔAcc=-0.0005
    lr: 0.000987
    train_ema: Pose=0.8369, BalAcc=0.5009, PR=0.1463, Rneg=0.0848, Rpos=0.9171, MAE=2.5414, RMSE=2.9071, r=0.2677, Cidx=0.5880
------------------------------------------------------------------------------
  [Test Results  epoch 18]
  Pose=0.8587 | Aff=1.3950 | BalAcc=0.5025 | Rneg=0.0050 | Rpos=1.0000 | PR=0.1552 | MCC=0.0260 | MAE=1.7672 | RMSE=2.1856 | r=0.2101 | rho=0.1960 | Cidx=0.5632 | EF1=0.4731 | EF5=0.9627 | S@1=0.0000 | S@5=0.0000 | S@10=0.0000 | Acc=0.1392
  ΔPose=+0.0040 | ΔAff=-0.1084 | ΔBalAcc=+0.0006 | ΔRneg=-0.0005 | ΔRpos=+0.0016 | ΔPR=+0.0123 | ΔMCC=+0.0071 | ΔMAE=-0.0996 | ΔRMSE=-0.1469 | Δr=+0.0319 | Δrho=-0.0223 | ΔCidx=-0.0095 | ΔEF1=+0.3154 | ΔEF5=+0.4813 | ΔS@5=-1.0000 | ΔS@10=-1.0000 | ΔAcc=-0.0002
    test_ema: Pose=0.8309, BalAcc=0.5031, PR=0.1501, Rneg=0.0898, Rpos=0.9164, MAE=2.6524, RMSE=3.0835, r=0.1767, Cidx=0.5615
------------------------------------------------------------------------------
  [Train Results  epoch 20]  epoch_t=58.12s  total_t=1166s
  Pose=0.8795 | Aff=1.2326 | BalAcc=0.5019 | Rneg=0.0052 | Rpos=0.9987 | PR=0.1479 | MCC=0.0187 | MAE=1.6035 | RMSE=1.9561 | r=0.3093 | rho=0.2838 | Cidx=0.5965 | EF1=0.8241 | EF5=0.9589 | S@1=0.0000 | S@5=0.0000 | S@10=1.0000 | Acc=0.1288
  ΔPose=+0.0156 | ΔAff=-0.0381 | ΔBalAcc=+0.0013 | ΔRneg=+0.0030 | ΔRpos=-0.0005 | ΔPR=-0.0009 | ΔMCC=+0.0086 | ΔMAE=-0.0353 | ΔRMSE=-0.0340 | Δr=-0.0056 | Δrho=-0.0103 | ΔCidx=-0.0054 | ΔEF1=+0.1030 | ΔEF5=+0.1083 | ΔS@5=-1.0000 | ΔAcc=+0.0026
    lr: 0.000984
    train_ema: Pose=0.8497, BalAcc=0.5012, PR=0.1467, Rneg=0.0609, Rpos=0.9416, MAE=2.2600, RMSE=2.6218, r=0.2802, Cidx=0.5905
------------------------------------------------------------------------------
  [Test Results  epoch 20]
  Pose=0.8643 | Aff=1.3678 | BalAcc=0.5134 | Rneg=0.0300 | Rpos=0.9968 | PR=0.1535 | MCC=0.0571 | MAE=1.7408 | RMSE=2.1569 | r=0.2017 | rho=0.1974 | Cidx=0.5668 | EF1=0.3154 | EF5=0.7060 | S@1=0.0000 | S@5=0.0000 | S@10=0.0000 | Acc=0.1605
  ΔPose=+0.0056 | ΔAff=-0.0272 | ΔBalAcc=+0.0109 | ΔRneg=+0.0250 | ΔRpos=-0.0032 | ΔPR=-0.0016 | ΔMCC=+0.0311 | ΔMAE=-0.0264 | ΔRMSE=-0.0287 | Δr=-0.0084 | Δrho=+0.0013 | ΔCidx=+0.0036 | ΔEF1=-0.1577 | ΔEF5=-0.2567 | ΔAcc=+0.0212
    test_ema: Pose=0.8409, BalAcc=0.5062, PR=0.1512, Rneg=0.0718, Rpos=0.9405, MAE=2.3789, RMSE=2.8055, r=0.1842, Cidx=0.5631
------------------------------------------------------------------------------
  [Train Results  epoch 22]  epoch_t=57.91s  total_t=1282s
  Pose=0.8584 | Aff=1.2316 | BalAcc=0.5014 | Rneg=0.0034 | Rpos=0.9994 | PR=0.1500 | MCC=0.0164 | MAE=1.6023 | RMSE=1.9442 | r=0.3320 | rho=0.3096 | Cidx=0.6080 | EF1=0.6438 | EF5=0.8300 | S@1=0.0000 | S@5=0.0000 | S@10=1.0000 | Acc=0.1273
  ΔPose=-0.0211 | ΔAff=-0.0010 | ΔBalAcc=-0.0006 | ΔRneg=-0.0018 | ΔRpos=+0.0006 | ΔPR=+0.0021 | ΔMCC=-0.0024 | ΔMAE=-0.0012 | ΔRMSE=-0.0119 | Δr=+0.0227 | Δrho=+0.0258 | ΔCidx=+0.0115 | ΔEF1=-0.1803 | ΔEF5=-0.1289 | ΔAcc=-0.0015
    lr: 0.000979
    train_ema: Pose=0.8523, BalAcc=0.5013, PR=0.1477, Rneg=0.0436, Rpos=0.9589, MAE=2.0627, RMSE=2.4185, r=0.2958, Cidx=0.5958
------------------------------------------------------------------------------
  [Test Results  epoch 22]
  Pose=0.8515 | Aff=1.3750 | BalAcc=0.5064 | Rneg=0.0128 | Rpos=1.0000 | PR=0.1604 | MCC=0.0417 | MAE=1.7477 | RMSE=2.1540 | r=0.2088 | rho=0.2182 | Cidx=0.5723 | EF1=0.4731 | EF5=0.6418 | S@1=0.0000 | S@5=0.0000 | S@10=0.0000 | Acc=0.1460
  ΔPose=-0.0128 | ΔAff=+0.0073 | ΔBalAcc=-0.0070 | ΔRneg=-0.0173 | ΔRpos=+0.0032 | ΔPR=+0.0068 | ΔMCC=-0.0154 | ΔMAE=+0.0069 | ΔRMSE=-0.0029 | Δr=+0.0071 | Δrho=+0.0208 | ΔCidx=+0.0056 | ΔEF1=+0.1577 | ΔEF5=-0.0642 | ΔAcc=-0.0145
    test_ema: Pose=0.8441, BalAcc=0.5062, PR=0.1539, Rneg=0.0541, Rpos=0.9584, MAE=2.1896, RMSE=2.6101, r=0.1915, Cidx=0.5659
------------------------------------------------------------------------------
  [Train Results  epoch 24]  epoch_t=58.04s  total_t=1398s
  Pose=0.8356 | Aff=1.2835 | BalAcc=0.5012 | Rneg=0.0024 | Rpos=1.0000 | PR=0.1559 | MCC=0.0173 | MAE=1.6484 | RMSE=1.9969 | r=0.3526 | rho=0.3081 | Cidx=0.6019 | EF1=0.7726 | EF5=0.7965 | S@1=0.0000 | S@5=0.0000 | S@10=0.0000 | Acc=0.1266
  ΔPose=-0.0228 | ΔAff=+0.0518 | ΔBalAcc=-0.0002 | ΔRneg=-0.0010 | ΔRpos=+0.0006 | ΔPR=+0.0059 | ΔMCC=+0.0009 | ΔMAE=+0.0461 | ΔRMSE=+0.0527 | Δr=+0.0206 | Δrho=-0.0015 | ΔCidx=-0.0062 | ΔEF1=+0.1288 | ΔEF5=-0.0335 | ΔS@10=-1.0000 | ΔAcc=-0.0008
    lr: 0.000975
    train_ema: Pose=0.8473, BalAcc=0.5013, PR=0.1502, Rneg=0.0313, Rpos=0.9712, MAE=1.9384, RMSE=2.2921, r=0.3128, Cidx=0.5976
------------------------------------------------------------------------------
  [Test Results  epoch 24]
  Pose=0.8301 | Aff=1.4343 | BalAcc=0.5068 | Rneg=0.0135 | Rpos=1.0000 | PR=0.1614 | MCC=0.0430 | MAE=1.7993 | RMSE=2.2230 | r=0.2219 | rho=0.2280 | Cidx=0.5715 | EF1=0.7886 | EF5=0.7701 | S@1=0.0000 | S@5=1.0000 | S@10=1.0000 | Acc=0.1466
  ΔPose=-0.0214 | ΔAff=+0.0592 | ΔBalAcc=+0.0004 | ΔRneg=+0.0008 | ΔPR=+0.0010 | ΔMCC=+0.0012 | ΔMAE=+0.0515 | ΔRMSE=+0.0690 | Δr=+0.0131 | Δrho=+0.0098 | ΔCidx=-0.0008 | ΔEF1=+0.3154 | ΔEF5=+0.1284 | ΔS@5=+1.0000 | ΔS@10=+1.0000 | ΔAcc=+0.0006
    test_ema: Pose=0.8399, BalAcc=0.5064, PR=0.1562, Rneg=0.0419, Rpos=0.9709, MAE=2.0725, RMSE=2.4940, r=0.2006, Cidx=0.5676
------------------------------------------------------------------------------
  [Train Results  epoch 26]  epoch_t=58.11s  total_t=1514s
  Pose=0.8717 | Aff=1.1879 | BalAcc=0.5010 | Rneg=0.0027 | Rpos=0.9994 | PR=0.1545 | MCC=0.0136 | MAE=1.5617 | RMSE=1.8985 | r=0.3764 | rho=0.3177 | Cidx=0.6071 | EF1=0.8241 | EF5=0.9022 | S@1=0.0000 | S@5=0.0000 | S@10=0.0000 | Acc=0.1267
  ΔPose=+0.0361 | ΔAff=-0.0956 | ΔBalAcc=-0.0002 | ΔRneg=+0.0003 | ΔRpos=-0.0006 | ΔPR=-0.0014 | ΔMCC=-0.0037 | ΔMAE=-0.0867 | ΔRMSE=-0.0985 | Δr=+0.0238 | Δrho=+0.0095 | ΔCidx=+0.0052 | ΔEF1=+0.0515 | ΔEF5=+0.1057 | ΔAcc=+0.0001
    lr: 0.000969
    train_ema: Pose=0.8546, BalAcc=0.5012, PR=0.1515, Rneg=0.0227, Rpos=0.9797, MAE=1.8254, RMSE=2.1740, r=0.3319, Cidx=0.6004
------------------------------------------------------------------------------
  [Test Results  epoch 26]
  Pose=0.8582 | Aff=1.3543 | BalAcc=0.5090 | Rneg=0.0195 | Rpos=0.9984 | PR=0.1621 | MCC=0.0472 | MAE=1.7279 | RMSE=2.1423 | r=0.2160 | rho=0.2108 | Cidx=0.5716 | EF1=0.4731 | EF5=0.8664 | S@1=0.0000 | S@5=1.0000 | S@10=1.0000 | Acc=0.1516
  ΔPose=+0.0282 | ΔAff=-0.0800 | ΔBalAcc=+0.0022 | ΔRneg=+0.0060 | ΔRpos=-0.0016 | ΔPR=+0.0007 | ΔMCC=+0.0043 | ΔMAE=-0.0713 | ΔRMSE=-0.0807 | Δr=-0.0059 | Δrho=-0.0172 | ΔCidx=+0.0001 | ΔEF1=-0.3154 | ΔEF5=+0.0963 | ΔAcc=+0.0050
    test_ema: Pose=0.8454, BalAcc=0.5072, PR=0.1580, Rneg=0.0352, Rpos=0.9791, MAE=1.9691, RMSE=2.3885, r=0.2053, Cidx=0.5688
------------------------------------------------------------------------------
  [Train Results  epoch 28]  epoch_t=58.00s  total_t=1630s
  Pose=0.8816 | Aff=1.2078 | BalAcc=0.5010 | Rneg=0.0022 | Rpos=0.9999 | PR=0.1569 | MCC=0.0154 | MAE=1.5791 | RMSE=1.9110 | r=0.3926 | rho=0.3435 | Cidx=0.6153 | EF1=0.7726 | EF5=0.9280 | S@1=0.0000 | S@5=0.0000 | S@10=0.0000 | Acc=0.1263
  ΔPose=+0.0099 | ΔAff=+0.0200 | ΔBalAcc=+0.0000 | ΔRneg=-0.0005 | ΔRpos=+0.0005 | ΔPR=+0.0024 | ΔMCC=+0.0018 | ΔMAE=+0.0174 | ΔRMSE=+0.0125 | Δr=+0.0162 | Δrho=+0.0258 | ΔCidx=+0.0083 | ΔEF1=-0.0515 | ΔEF5=+0.0258 | ΔAcc=-0.0004
    lr: 0.000963
    train_ema: Pose=0.8627, BalAcc=0.5011, PR=0.1531, Rneg=0.0165, Rpos=0.9857, MAE=1.7515, RMSE=2.0951, r=0.3501, Cidx=0.6049
------------------------------------------------------------------------------
  [Test Results  epoch 28]
  Pose=0.8713 | Aff=1.3732 | BalAcc=0.5051 | Rneg=0.0118 | Rpos=0.9984 | PR=0.1667 | MCC=0.0342 | MAE=1.7412 | RMSE=2.1565 | r=0.2389 | rho=0.2278 | Cidx=0.5762 | EF1=0.9463 | EF5=0.5776 | S@1=0.0000 | S@5=0.0000 | S@10=0.0000 | Acc=0.1449
  ΔPose=+0.0131 | ΔAff=+0.0190 | ΔBalAcc=-0.0039 | ΔRneg=-0.0078 | ΔPR=+0.0045 | ΔMCC=-0.0130 | ΔMAE=+0.0133 | ΔRMSE=+0.0142 | Δr=+0.0229 | Δrho=+0.0170 | ΔCidx=+0.0046 | ΔEF1=+0.4731 | ΔEF5=-0.2888 | ΔS@5=-1.0000 | ΔS@10=-1.0000 | ΔAcc=-0.0067
    test_ema: Pose=0.8532, BalAcc=0.5065, PR=0.1606, Rneg=0.0282, Rpos=0.9849, MAE=1.9008, RMSE=2.3189, r=0.2154, Cidx=0.5710
------------------------------------------------------------------------------
  [Train Results  epoch 30]  epoch_t=58.13s  total_t=1747s
  Pose=0.8553 | Aff=1.1919 | BalAcc=0.5008 | Rneg=0.0023 | Rpos=0.9994 | PR=0.1526 | MCC=0.0119 | MAE=1.5619 | RMSE=1.8961 | r=0.3885 | rho=0.3493 | Cidx=0.6162 | EF1=0.9014 | EF5=0.9589 | S@1=0.0000 | S@5=0.0000 | S@10=0.0000 | Acc=0.1264
  ΔPose=-0.0262 | ΔAff=-0.0159 | ΔBalAcc=-0.0002 | ΔRneg=+0.0001 | ΔRpos=-0.0005 | ΔPR=-0.0043 | ΔMCC=-0.0035 | ΔMAE=-0.0171 | ΔRMSE=-0.0149 | Δr=-0.0041 | Δrho=+0.0058 | ΔCidx=+0.0009 | ΔEF1=+0.1288 | ΔEF5=+0.0309 | ΔAcc=+0.0000
    lr: 0.000957
    train_ema: Pose=0.8605, BalAcc=0.5010, PR=0.1529, Rneg=0.0123, Rpos=0.9898, MAE=1.6946, RMSE=2.0354, r=0.3616, Cidx=0.6083
------------------------------------------------------------------------------
  [Test Results  epoch 30]
  Pose=0.8507 | Aff=1.3560 | BalAcc=0.5046 | Rneg=0.0108 | Rpos=0.9984 | PR=0.1512 | MCC=0.0322 | MAE=1.7260 | RMSE=2.1281 | r=0.2618 | rho=0.2515 | Cidx=0.5843 | EF1=0.0000 | EF5=0.7380 | S@1=0.0000 | S@5=0.0000 | S@10=0.0000 | Acc=0.1440
  ΔPose=-0.0206 | ΔAff=-0.0172 | ΔBalAcc=-0.0005 | ΔRneg=-0.0010 | ΔPR=-0.0155 | ΔMCC=-0.0020 | ΔMAE=-0.0152 | ΔRMSE=-0.0285 | Δr=+0.0229 | Δrho=+0.0236 | ΔCidx=+0.0081 | ΔEF1=-0.9463 | ΔEF5=+0.1604 | ΔAcc=-0.0009
    test_ema: Pose=0.8524, BalAcc=0.5060, PR=0.1578, Rneg=0.0230, Rpos=0.9889, MAE=1.8483, RMSE=2.2616, r=0.2293, Cidx=0.5750
------------------------------------------------------------------------------
  [Train Results  epoch 32]  epoch_t=58.08s  total_t=1863s
  Pose=0.8660 | Aff=1.1960 | BalAcc=0.5019 | Rneg=0.0058 | Rpos=0.9979 | PR=0.1578 | MCC=0.0170 | MAE=1.5687 | RMSE=1.9064 | r=0.3751 | rho=0.3343 | Cidx=0.6153 | EF1=0.8370 | EF5=0.9615 | S@1=0.0000 | S@5=1.0000 | S@10=1.0000 | Acc=0.1293
  ΔPose=+0.0106 | ΔAff=+0.0041 | ΔBalAcc=+0.0011 | ΔRneg=+0.0035 | ΔRpos=-0.0014 | ΔPR=+0.0053 | ΔMCC=+0.0051 | ΔMAE=+0.0067 | ΔRMSE=+0.0103 | Δr=-0.0135 | Δrho=-0.0150 | ΔCidx=-0.0009 | ΔEF1=-0.0644 | ΔEF5=+0.0026 | ΔS@5=+1.0000 | ΔS@10=+1.0000 | ΔAcc=+0.0029
    lr: 0.000950
    train_ema: Pose=0.8621, BalAcc=0.5013, PR=0.1544, Rneg=0.0103, Rpos=0.9923, MAE=1.6568, RMSE=1.9967, r=0.3657, Cidx=0.6104
------------------------------------------------------------------------------
  [Test Results  epoch 32]
  Pose=0.8521 | Aff=1.3778 | BalAcc=0.5110 | Rneg=0.0253 | Rpos=0.9968 | PR=0.1656 | MCC=0.0511 | MAE=1.7539 | RMSE=2.1636 | r=0.2027 | rho=0.2203 | Cidx=0.5737 | EF1=0.4731 | EF5=0.5455 | S@1=0.0000 | S@5=1.0000 | S@10=1.0000 | Acc=0.1563
  ΔPose=+0.0014 | ΔAff=+0.0218 | ΔBalAcc=+0.0065 | ΔRneg=+0.0145 | ΔRpos=-0.0016 | ΔPR=+0.0144 | ΔMCC=+0.0189 | ΔMAE=+0.0279 | ΔRMSE=+0.0356 | Δr=-0.0591 | Δrho=-0.0312 | ΔCidx=-0.0106 | ΔEF1=+0.4731 | ΔEF5=-0.1925 | ΔS@5=+1.0000 | ΔS@10=+1.0000 | ΔAcc=+0.0123
    test_ema: Pose=0.8523, BalAcc=0.5075, PR=0.1601, Rneg=0.0237, Rpos=0.9913, MAE=1.8200, RMSE=2.2322, r=0.2213, Cidx=0.5746
------------------------------------------------------------------------------
  [Train Results  epoch 34]  epoch_t=58.10s  total_t=1979s
  Pose=0.8565 | Aff=1.2463 | BalAcc=0.5006 | Rneg=0.0015 | Rpos=0.9996 | PR=0.1567 | MCC=0.0102 | MAE=1.6116 | RMSE=1.9596 | r=0.3889 | rho=0.3469 | Cidx=0.6194 | EF1=0.7597 | EF5=0.9486 | S@1=0.0000 | S@5=0.0000 | S@10=0.0000 | Acc=0.1258
  ΔPose=-0.0094 | ΔAff=+0.0503 | ΔBalAcc=-0.0013 | ΔRneg=-0.0043 | ΔRpos=+0.0017 | ΔPR=-0.0012 | ΔMCC=-0.0068 | ΔMAE=+0.0430 | ΔRMSE=+0.0532 | Δr=+0.0139 | Δrho=+0.0126 | ΔCidx=+0.0041 | ΔEF1=-0.0773 | ΔEF5=-0.0129 | ΔS@5=-1.0000 | ΔS@10=-1.0000 | ΔAcc=-0.0035
    lr: 0.000943
    train_ema: Pose=0.8605, BalAcc=0.5011, PR=0.1551, Rneg=0.0077, Rpos=0.9945, MAE=1.6433, RMSE=1.9856, r=0.3726, Cidx=0.6131
------------------------------------------------------------------------------
  [Test Results  epoch 34]
  Pose=0.8543 | Aff=1.4119 | BalAcc=0.5013 | Rneg=0.0075 | Rpos=0.9952 | PR=0.1520 | MCC=0.0109 | MAE=1.7852 | RMSE=2.2072 | r=0.2431 | rho=0.2375 | Cidx=0.5799 | EF1=0.1577 | EF5=0.4172 | S@1=0.0000 | S@5=0.0000 | S@10=0.0000 | Acc=0.1408
  ΔPose=+0.0022 | ΔAff=+0.0341 | ΔBalAcc=-0.0097 | ΔRneg=-0.0178 | ΔRpos=-0.0016 | ΔPR=-0.0137 | ΔMCC=-0.0401 | ΔMAE=+0.0313 | ΔRMSE=+0.0436 | Δr=+0.0404 | Δrho=+0.0173 | ΔCidx=+0.0062 | ΔEF1=-0.3154 | ΔEF5=-0.1284 | ΔS@5=-1.0000 | ΔS@10=-1.0000 | ΔAcc=-0.0156
    test_ema: Pose=0.8529, BalAcc=0.5056, PR=0.1577, Rneg=0.0188, Rpos=0.9925, MAE=1.8096, RMSE=2.2247, r=0.2278, Cidx=0.5762
------------------------------------------------------------------------------
  [Train Results  epoch 36]  epoch_t=58.05s  total_t=2095s
  Pose=0.8623 | Aff=1.2839 | BalAcc=0.5020 | Rneg=0.0066 | Rpos=0.9974 | PR=0.1575 | MCC=0.0170 | MAE=1.6476 | RMSE=1.9985 | r=0.3833 | rho=0.3280 | Cidx=0.6121 | EF1=1.0430 | EF5=0.9151 | S@1=0.0000 | S@5=0.0000 | S@10=0.0000 | Acc=0.1299
  ΔPose=+0.0058 | ΔAff=+0.0376 | ΔBalAcc=+0.0014 | ΔRneg=+0.0050 | ΔRpos=-0.0022 | ΔPR=+0.0009 | ΔMCC=+0.0068 | ΔMAE=+0.0360 | ΔRMSE=+0.0389 | Δr=-0.0056 | Δrho=-0.0189 | ΔCidx=-0.0073 | ΔEF1=+0.2833 | ΔEF5=-0.0335 | ΔAcc=+0.0041
    lr: 0.000936
    train_ema: Pose=0.8610, BalAcc=0.5014, PR=0.1558, Rneg=0.0074, Rpos=0.9953, MAE=1.6446, RMSE=1.9895, r=0.3758, Cidx=0.6128
------------------------------------------------------------------------------
  [Test Results  epoch 36]
  Pose=0.8519 | Aff=1.4761 | BalAcc=0.5071 | Rneg=0.0190 | Rpos=0.9952 | PR=0.1537 | MCC=0.0374 | MAE=1.8461 | RMSE=2.2586 | r=0.2111 | rho=0.1968 | Cidx=0.5652 | EF1=0.6309 | EF5=0.7060 | S@1=0.0000 | S@5=1.0000 | S@10=1.0000 | Acc=0.1507
  ΔPose=-0.0024 | ΔAff=+0.0642 | ΔBalAcc=+0.0058 | ΔRneg=+0.0115 | ΔPR=+0.0017 | ΔMCC=+0.0265 | ΔMAE=+0.0609 | ΔRMSE=+0.0514 | Δr=-0.0320 | Δrho=-0.0407 | ΔCidx=-0.0148 | ΔEF1=+0.4731 | ΔEF5=+0.2888 | ΔS@5=+1.0000 | ΔS@10=+1.0000 | ΔAcc=+0.0100
    test_ema: Pose=0.8526, BalAcc=0.5061, PR=0.1565, Rneg=0.0189, Rpos=0.9933, MAE=1.8205, RMSE=2.2349, r=0.2228, Cidx=0.5729
------------------------------------------------------------------------------
  [Train Results  epoch 38]  epoch_t=58.10s  total_t=2211s
  Pose=0.8605 | Aff=1.1824 | BalAcc=0.5024 | Rneg=0.0071 | Rpos=0.9977 | PR=0.1638 | MCC=0.0196 | MAE=1.5522 | RMSE=1.8955 | r=0.3866 | rho=0.3556 | Cidx=0.6248 | EF1=0.9915 | EF5=0.8584 | S@1=0.0000 | S@5=0.0000 | S@10=0.0000 | Acc=0.1304
  ΔPose=-0.0018 | ΔAff=-0.1015 | ΔBalAcc=+0.0004 | ΔRneg=+0.0005 | ΔRpos=+0.0003 | ΔPR=+0.0063 | ΔMCC=+0.0026 | ΔMAE=-0.0954 | ΔRMSE=-0.1030 | Δr=+0.0033 | Δrho=+0.0276 | ΔCidx=+0.0127 | ΔEF1=-0.0515 | ΔEF5=-0.0567 | ΔAcc=+0.0005
    lr: 0.000928
    train_ema: Pose=0.8609, BalAcc=0.5017, PR=0.1582, Rneg=0.0073, Rpos=0.9960, MAE=1.6169, RMSE=1.9613, r=0.3790, Cidx=0.6164
------------------------------------------------------------------------------
  [Test Results  epoch 38]
  Pose=0.8439 | Aff=1.3514 | BalAcc=0.5131 | Rneg=0.0310 | Rpos=0.9952 | PR=0.1727 | MCC=0.0548 | MAE=1.7336 | RMSE=2.1362 | r=0.2175 | rho=0.2108 | Cidx=0.5715 | EF1=1.2617 | EF5=0.6739 | S@1=0.0000 | S@5=1.0000 | S@10=1.0000 | Acc=0.1611
  ΔPose=-0.0080 | ΔAff=-0.1247 | ΔBalAcc=+0.0060 | ΔRneg=+0.0120 | ΔPR=+0.0191 | ΔMCC=+0.0173 | ΔMAE=-0.1125 | ΔRMSE=-0.1224 | Δr=+0.0063 | Δrho=+0.0140 | ΔCidx=+0.0064 | ΔEF1=+0.6309 | ΔEF5=-0.0321 | ΔAcc=+0.0104
    test_ema: Pose=0.8500, BalAcc=0.5082, PR=0.1613, Rneg=0.0225, Rpos=0.9939, MAE=1.7944, RMSE=2.2053, r=0.2212, Cidx=0.5725
------------------------------------------------------------------------------
  [Train Results  epoch 40]  epoch_t=58.00s  total_t=2327s
  Pose=0.8355 | Aff=1.1712 | BalAcc=0.5015 | Rneg=0.0043 | Rpos=0.9987 | PR=0.1598 | MCC=0.0157 | MAE=1.5405 | RMSE=1.8772 | r=0.4180 | rho=0.3800 | Cidx=0.6292 | EF1=1.0301 | EF5=0.9873 | S@1=0.0000 | S@5=0.0000 | S@10=0.0000 | Acc=0.1280
  ΔPose=-0.0251 | ΔAff=-0.0112 | ΔBalAcc=-0.0009 | ΔRneg=-0.0028 | ΔRpos=+0.0010 | ΔPR=-0.0040 | ΔMCC=-0.0038 | ΔMAE=-0.0117 | ΔRMSE=-0.0182 | Δr=+0.0314 | Δrho=+0.0244 | ΔCidx=+0.0044 | ΔEF1=+0.0386 | ΔEF5=+0.1289 | ΔAcc=-0.0023
    lr: 0.000919
    train_ema: Pose=0.8532, BalAcc=0.5016, PR=0.1587, Rneg=0.0064, Rpos=0.9968, MAE=1.5940, RMSE=1.9361, r=0.3907, Cidx=0.6202
------------------------------------------------------------------------------
  [Test Results  epoch 40]
  Pose=0.8265 | Aff=1.3585 | BalAcc=0.5036 | Rneg=0.0120 | Rpos=0.9952 | PR=0.1871 | MCC=0.0235 | MAE=1.7320 | RMSE=2.1390 | r=0.2526 | rho=0.2343 | Cidx=0.5786 | EF1=0.7886 | EF5=0.6097 | S@1=0.0000 | S@5=0.0000 | S@10=0.0000 | Acc=0.1447
  ΔPose=-0.0174 | ΔAff=+0.0072 | ΔBalAcc=-0.0095 | ΔRneg=-0.0190 | ΔPR=+0.0143 | ΔMCC=-0.0312 | ΔMAE=-0.0015 | ΔRMSE=+0.0028 | Δr=+0.0351 | Δrho=+0.0235 | ΔCidx=+0.0071 | ΔEF1=-0.4731 | ΔEF5=-0.0642 | ΔS@5=-1.0000 | ΔS@10=-1.0000 | ΔAcc=-0.0165
    test_ema: Pose=0.8429, BalAcc=0.5068, PR=0.1691, Rneg=0.0194, Rpos=0.9943, MAE=1.7757, RMSE=2.1854, r=0.2306, Cidx=0.5743
------------------------------------------------------------------------------
  [Train Results  epoch 42]  epoch_t=58.05s  total_t=2444s
  Pose=0.8655 | Aff=1.2169 | BalAcc=0.5005 | Rneg=0.0010 | Rpos=0.9999 | PR=0.1599 | MCC=0.0099 | MAE=1.5836 | RMSE=1.9297 | r=0.3897 | rho=0.3509 | Cidx=0.6218 | EF1=1.0044 | EF5=0.9899 | S@1=0.0000 | S@5=0.0000 | S@10=1.0000 | Acc=0.1254
  ΔPose=+0.0300 | ΔAff=+0.0458 | ΔBalAcc=-0.0010 | ΔRneg=-0.0032 | ΔRpos=+0.0012 | ΔPR=+0.0000 | ΔMCC=-0.0058 | ΔMAE=+0.0431 | ΔRMSE=+0.0524 | Δr=-0.0283 | Δrho=-0.0291 | ΔCidx=-0.0074 | ΔEF1=-0.0258 | ΔEF5=+0.0026 | ΔS@10=+1.0000 | ΔAcc=-0.0027
    lr: 0.000910
    train_ema: Pose=0.8569, BalAcc=0.5013, PR=0.1591, Rneg=0.0048, Rpos=0.9978, MAE=1.5908, RMSE=1.9341, r=0.3904, Cidx=0.6207
------------------------------------------------------------------------------
  [Test Results  epoch 42]
  Pose=0.8542 | Aff=1.3924 | BalAcc=0.5004 | Rneg=0.0008 | Rpos=1.0000 | PR=0.1686 | MCC=0.0101 | MAE=1.7651 | RMSE=2.1599 | r=0.2832 | rho=0.2713 | Cidx=0.5901 | EF1=0.7886 | EF5=0.7380 | S@1=0.0000 | S@5=1.0000 | S@10=1.0000 | Acc=0.1356
  ΔPose=+0.0277 | ΔAff=+0.0339 | ΔBalAcc=-0.0032 | ΔRneg=-0.0113 | ΔRpos=+0.0048 | ΔPR=-0.0184 | ΔMCC=-0.0135 | ΔMAE=+0.0331 | ΔRMSE=+0.0210 | Δr=+0.0307 | Δrho=+0.0371 | ΔCidx=+0.0115 | ΔEF5=+0.1284 | ΔS@5=+1.0000 | ΔS@10=+1.0000 | ΔAcc=-0.0091
    test_ema: Pose=0.8463, BalAcc=0.5049, PR=0.1689, Rneg=0.0138, Rpos=0.9960, MAE=1.7725, RMSE=2.1777, r=0.2464, Cidx=0.5790
------------------------------------------------------------------------------
  [Train Results  epoch 44]  epoch_t=57.95s  total_t=2560s
  Pose=0.8493 | Aff=1.1569 | BalAcc=0.5009 | Rneg=0.0026 | Rpos=0.9992 | PR=0.1575 | MCC=0.0124 | MAE=1.5297 | RMSE=1.8678 | r=0.4103 | rho=0.3589 | Cidx=0.6248 | EF1=0.9271 | EF5=1.0002 | S@1=0.0000 | S@5=0.0000 | S@10=1.0000 | Acc=0.1266
  ΔPose=-0.0162 | ΔAff=-0.0601 | ΔBalAcc=+0.0005 | ΔRneg=+0.0016 | ΔRpos=-0.0006 | ΔPR=-0.0024 | ΔMCC=+0.0025 | ΔMAE=-0.0539 | ΔRMSE=-0.0619 | Δr=+0.0206 | Δrho=+0.0080 | ΔCidx=+0.0030 | ΔEF1=-0.0773 | ΔEF5=+0.0103 | ΔAcc=+0.0013
    lr: 0.000901
    train_ema: Pose=0.8546, BalAcc=0.5012, PR=0.1586, Rneg=0.0041, Rpos=0.9982, MAE=1.5725, RMSE=1.9142, r=0.3964, Cidx=0.6219
------------------------------------------------------------------------------
  [Test Results  epoch 44]
  Pose=0.8395 | Aff=1.3678 | BalAcc=0.5035 | Rneg=0.0070 | Rpos=1.0000 | PR=0.1758 | MCC=0.0308 | MAE=1.7436 | RMSE=2.1357 | r=0.2186 | rho=0.2281 | Cidx=0.5773 | EF1=1.2617 | EF5=0.8022 | S@1=0.0000 | S@5=0.0000 | S@10=0.0000 | Acc=0.1410
  ΔPose=-0.0147 | ΔAff=-0.0246 | ΔBalAcc=+0.0031 | ΔRneg=+0.0063 | ΔPR=+0.0071 | ΔMCC=+0.0208 | ΔMAE=-0.0216 | ΔRMSE=-0.0243 | Δr=-0.0647 | Δrho=-0.0432 | ΔCidx=-0.0128 | ΔEF1=+0.4731 | ΔEF5=+0.0642 | ΔS@5=-1.0000 | ΔS@10=-1.0000 | ΔAcc=+0.0054
    test_ema: Pose=0.8443, BalAcc=0.5045, PR=0.1710, Rneg=0.0118, Rpos=0.9972, MAE=1.7639, RMSE=2.1651, r=0.2381, Cidx=0.5785
------------------------------------------------------------------------------
  [Train Results  epoch 46]  epoch_t=57.97s  total_t=2676s
  Pose=0.8393 | Aff=1.2847 | BalAcc=0.5019 | Rneg=0.0051 | Rpos=0.9987 | PR=0.1621 | MCC=0.0186 | MAE=1.6440 | RMSE=2.0154 | r=0.4039 | rho=0.3595 | Cidx=0.6225 | EF1=0.9400 | EF5=0.9383 | S@1=0.0000 | S@5=0.0000 | S@10=0.0000 | Acc=0.1288
  ΔPose=-0.0100 | ΔAff=+0.1279 | ΔBalAcc=+0.0010 | ΔRneg=+0.0025 | ΔRpos=-0.0005 | ΔPR=+0.0047 | ΔMCC=+0.0062 | ΔMAE=+0.1143 | ΔRMSE=+0.1476 | Δr=-0.0064 | Δrho=+0.0006 | ΔCidx=-0.0023 | ΔEF1=+0.0129 | ΔEF5=-0.0619 | ΔS@10=-1.0000 | ΔAcc=+0.0021
    lr: 0.000891
    train_ema: Pose=0.8500, BalAcc=0.5014, PR=0.1597, Rneg=0.0044, Rpos=0.9984, MAE=1.5939, RMSE=1.9446, r=0.3986, Cidx=0.6221
------------------------------------------------------------------------------
  [Test Results  epoch 46]
  Pose=0.8264 | Aff=1.4956 | BalAcc=0.5120 | Rneg=0.0273 | Rpos=0.9968 | PR=0.1660 | MCC=0.0537 | MAE=1.8611 | RMSE=2.3003 | r=0.2116 | rho=0.2193 | Cidx=0.5748 | EF1=0.3154 | EF5=0.5455 | S@1=0.0000 | S@5=0.0000 | S@10=0.0000 | Acc=0.1581
  ΔPose=-0.0131 | ΔAff=+0.1278 | ΔBalAcc=+0.0085 | ΔRneg=+0.0203 | ΔRpos=-0.0032 | ΔPR=-0.0098 | ΔMCC=+0.0229 | ΔMAE=+0.1175 | ΔRMSE=+0.1646 | Δr=-0.0070 | Δrho=-0.0088 | ΔCidx=-0.0025 | ΔEF1=-0.9463 | ΔEF5=-0.2567 | ΔAcc=+0.0171
    test_ema: Pose=0.8389, BalAcc=0.5067, PR=0.1695, Rneg=0.0164, Rpos=0.9971, MAE=1.7930, RMSE=2.2057, r=0.2301, Cidx=0.5774
------------------------------------------------------------------------------
  [Train Results  epoch 48]  epoch_t=58.22s  total_t=2792s
  Pose=0.8553 | Aff=1.1645 | BalAcc=0.5002 | Rneg=0.0005 | Rpos=0.9999 | PR=0.1550 | MCC=0.0061 | MAE=1.5367 | RMSE=1.8710 | r=0.4060 | rho=0.3658 | Cidx=0.6270 | EF1=1.0301 | EF5=0.9821 | S@1=1.0000 | S@5=1.0000 | S@10=1.0000 | Acc=0.1249
  ΔPose=+0.0160 | ΔAff=-0.1203 | ΔBalAcc=-0.0017 | ΔRneg=-0.0046 | ΔRpos=+0.0012 | ΔPR=-0.0071 | ΔMCC=-0.0126 | ΔMAE=-0.1073 | ΔRMSE=-0.1444 | Δr=+0.0021 | Δrho=+0.0063 | ΔCidx=+0.0046 | ΔEF1=+0.0901 | ΔEF5=+0.0438 | ΔS@1=+1.0000 | ΔS@5=+1.0000 | ΔS@10=+1.0000 | ΔAcc=-0.0039
    lr: 0.000881
    train_ema: Pose=0.8516, BalAcc=0.5010, PR=0.1583, Rneg=0.0033, Rpos=0.9988, MAE=1.5768, RMSE=1.9225, r=0.4008, Cidx=0.6236
------------------------------------------------------------------------------
  [Test Results  epoch 48]
  Pose=0.8476 | Aff=1.3515 | BalAcc=0.5016 | Rneg=0.0033 | Rpos=1.0000 | PR=0.1674 | MCC=0.0210 | MAE=1.7286 | RMSE=2.1358 | r=0.2195 | rho=0.2119 | Cidx=0.5675 | EF1=1.1040 | EF5=0.8343 | S@1=0.0000 | S@5=1.0000 | S@10=1.0000 | Acc=0.1377
  ΔPose=+0.0212 | ΔAff=-0.1441 | ΔBalAcc=-0.0104 | ΔRneg=-0.0240 | ΔRpos=+0.0032 | ΔPR=+0.0014 | ΔMCC=-0.0327 | ΔMAE=-0.1325 | ΔRMSE=-0.1645 | Δr=+0.0080 | Δrho=-0.0074 | ΔCidx=-0.0073 | ΔEF1=+0.7886 | ΔEF5=+0.2888 | ΔS@5=+1.0000 | ΔS@10=+1.0000 | ΔAcc=-0.0204
    test_ema: Pose=0.8415, BalAcc=0.5052, PR=0.1689, Rneg=0.0125, Rpos=0.9979, MAE=1.7737, RMSE=2.1847, r=0.2269, Cidx=0.5744
------------------------------------------------------------------------------
  [Train Results  epoch 50]  epoch_t=57.98s  total_t=2908s
  Pose=0.8696 | Aff=1.2929 | BalAcc=0.5013 | Rneg=0.0032 | Rpos=0.9994 | PR=0.1556 | MCC=0.0159 | MAE=1.6544 | RMSE=2.0162 | r=0.4154 | rho=0.3722 | Cidx=0.6294 | EF1=0.9271 | EF5=0.9564 | S@1=0.0000 | S@5=0.0000 | S@10=1.0000 | Acc=0.1272
  ΔPose=+0.0142 | ΔAff=+0.1284 | ΔBalAcc=+0.0011 | ΔRneg=+0.0027 | ΔRpos=-0.0005 | ΔPR=+0.0006 | ΔMCC=+0.0098 | ΔMAE=+0.1177 | ΔRMSE=+0.1452 | Δr=+0.0094 | Δrho=+0.0064 | ΔCidx=+0.0024 | ΔEF1=-0.1030 | ΔEF5=-0.0258 | ΔS@1=-1.0000 | ΔS@5=-1.0000 | ΔAcc=+0.0023
    lr: 0.000870
    train_ema: Pose=0.8570, BalAcc=0.5011, PR=0.1575, Rneg=0.0033, Rpos=0.9990, MAE=1.6000, RMSE=1.9506, r=0.4052, Cidx=0.6253
------------------------------------------------------------------------------
  [Test Results  epoch 50]
  Pose=0.8574 | Aff=1.4747 | BalAcc=0.5056 | Rneg=0.0128 | Rpos=0.9984 | PR=0.1813 | MCC=0.0361 | MAE=1.8371 | RMSE=2.2714 | r=0.2557 | rho=0.2410 | Cidx=0.5813 | EF1=1.5771 | EF5=0.9306 | S@1=0.0000 | S@5=0.0000 | S@10=1.0000 | Acc=0.1457
  ΔPose=+0.0098 | ΔAff=+0.1232 | ΔBalAcc=+0.0040 | ΔRneg=+0.0095 | ΔRpos=-0.0016 | ΔPR=+0.0139 | ΔMCC=+0.0152 | ΔMAE=+0.1086 | ΔRMSE=+0.1356 | Δr=+0.0361 | Δrho=+0.0291 | ΔCidx=+0.0138 | ΔEF1=+0.4731 | ΔEF5=+0.0963 | ΔS@5=-1.0000 | ΔAcc=+0.0080
    test_ema: Pose=0.8463, BalAcc=0.5053, PR=0.1726, Rneg=0.0126, Rpos=0.9981, MAE=1.7927, RMSE=2.2107, r=0.2356, Cidx=0.5765
------------------------------------------------------------------------------
  [Train Results  epoch 52]  epoch_t=58.20s  total_t=3025s
  Pose=0.8342 | Aff=1.1513 | BalAcc=0.5019 | Rneg=0.0051 | Rpos=0.9987 | PR=0.1563 | MCC=0.0187 | MAE=1.5220 | RMSE=1.8624 | r=0.4223 | rho=0.3735 | Cidx=0.6269 | EF1=0.9915 | EF5=0.9357 | S@1=0.0000 | S@5=1.0000 | S@10=1.0000 | Acc=0.1288
  ΔPose=-0.0354 | ΔAff=-0.1416 | ΔBalAcc=+0.0006 | ΔRneg=+0.0019 | ΔRpos=-0.0006 | ΔPR=+0.0007 | ΔMCC=+0.0028 | ΔMAE=-0.1324 | ΔRMSE=-0.1538 | Δr=+0.0069 | Δrho=+0.0013 | ΔCidx=-0.0025 | ΔEF1=+0.0644 | ΔEF5=-0.0206 | ΔS@5=+1.0000 | ΔAcc=+0.0016
    lr: 0.000859
    train_ema: Pose=0.8501, BalAcc=0.5014, PR=0.1571, Rneg=0.0038, Rpos=0.9989, MAE=1.5766, RMSE=1.9242, r=0.4103, Cidx=0.6258
------------------------------------------------------------------------------
  [Test Results  epoch 52]
  Pose=0.8226 | Aff=1.3613 | BalAcc=0.5111 | Rneg=0.0270 | Rpos=0.9952 | PR=0.1759 | MCC=0.0496 | MAE=1.7416 | RMSE=2.1319 | r=0.2266 | rho=0.2010 | Cidx=0.5659 | EF1=1.1040 | EF5=0.8664 | S@1=0.0000 | S@5=1.0000 | S@10=1.0000 | Acc=0.1576
  ΔPose=-0.0348 | ΔAff=-0.1135 | ΔBalAcc=+0.0055 | ΔRneg=+0.0143 | ΔRpos=-0.0032 | ΔPR=-0.0054 | ΔMCC=+0.0134 | ΔMAE=-0.0956 | ΔRMSE=-0.1395 | Δr=-0.0290 | Δrho=-0.0401 | ΔCidx=-0.0154 | ΔEF1=-0.4731 | ΔEF5=-0.0642 | ΔS@5=+1.0000 | ΔAcc=+0.0119
    test_ema: Pose=0.8392, BalAcc=0.5071, PR=0.1736, Rneg=0.0169, Rpos=0.9972, MAE=1.7774, RMSE=2.1871, r=0.2329, Cidx=0.5733
------------------------------------------------------------------------------
  [Train Results  epoch 54]  epoch_t=58.18s  total_t=3141s
  Pose=0.8323 | Aff=1.1595 | BalAcc=0.5008 | Rneg=0.0019 | Rpos=0.9997 | PR=0.1576 | MCC=0.0129 | MAE=1.5322 | RMSE=1.8658 | r=0.4250 | rho=0.3779 | Cidx=0.6276 | EF1=0.9657 | EF5=1.0053 | S@1=0.0000 | S@5=1.0000 | S@10=1.0000 | Acc=0.1260
  ΔPose=-0.0018 | ΔAff=+0.0082 | ΔBalAcc=-0.0011 | ΔRneg=-0.0033 | ΔRpos=+0.0010 | ΔPR=+0.0013 | ΔMCC=-0.0057 | ΔMAE=+0.0103 | ΔRMSE=+0.0034 | Δr=+0.0027 | Δrho=+0.0044 | ΔCidx=+0.0007 | ΔEF1=-0.0258 | ΔEF5=+0.0696 | ΔAcc=-0.0028
    lr: 0.000848
    train_ema: Pose=0.8448, BalAcc=0.5012, PR=0.1573, Rneg=0.0032, Rpos=0.9991, MAE=1.5633, RMSE=1.9066, r=0.4147, Cidx=0.6263
------------------------------------------------------------------------------
  [Test Results  epoch 54]
  Pose=0.8264 | Aff=1.3629 | BalAcc=0.5020 | Rneg=0.0055 | Rpos=0.9984 | PR=0.1713 | MCC=0.0189 | MAE=1.7398 | RMSE=2.1356 | r=0.2591 | rho=0.2673 | Cidx=0.5889 | EF1=1.2617 | EF5=1.0589 | S@1=0.0000 | S@5=1.0000 | S@10=1.0000 | Acc=0.1395
  ΔPose=+0.0038 | ΔAff=+0.0017 | ΔBalAcc=-0.0092 | ΔRneg=-0.0215 | ΔRpos=+0.0032 | ΔPR=-0.0046 | ΔMCC=-0.0306 | ΔMAE=-0.0018 | ΔRMSE=+0.0037 | Δr=+0.0325 | Δrho=+0.0663 | ΔCidx=+0.0230 | ΔEF1=+0.1577 | ΔEF5=+0.1925 | ΔAcc=-0.0182
    test_ema: Pose=0.8354, BalAcc=0.5055, PR=0.1729, Rneg=0.0135, Rpos=0.9976, MAE=1.7661, RMSE=2.1716, r=0.2408, Cidx=0.5780
------------------------------------------------------------------------------
  [Train Results  epoch 56]  epoch_t=58.00s  total_t=3257s
  Pose=0.8278 | Aff=1.1871 | BalAcc=0.5008 | Rneg=0.0019 | Rpos=0.9997 | PR=0.1537 | MCC=0.0132 | MAE=1.5503 | RMSE=1.9098 | r=0.4264 | rho=0.3795 | Cidx=0.6283 | EF1=1.0687 | EF5=1.0156 | S@1=0.0000 | S@5=0.0000 | S@10=1.0000 | Acc=0.1261
  ΔPose=-0.0045 | ΔAff=+0.0276 | ΔBalAcc=+0.0000 | ΔRneg=+0.0001 | ΔPR=-0.0038 | ΔMCC=+0.0003 | ΔMAE=+0.0180 | ΔRMSE=+0.0440 | Δr=+0.0014 | Δrho=+0.0016 | ΔCidx=+0.0007 | ΔEF1=+0.1030 | ΔEF5=+0.0103 | ΔS@5=-1.0000 | ΔAcc=+0.0000
    lr: 0.000836
    train_ema: Pose=0.8397, BalAcc=0.5011, PR=0.1562, Rneg=0.0028, Rpos=0.9993, MAE=1.5594, RMSE=1.9076, r=0.4183, Cidx=0.6269
------------------------------------------------------------------------------
  [Test Results  epoch 56]
  Pose=0.8196 | Aff=1.3632 | BalAcc=0.5056 | Rneg=0.0128 | Rpos=0.9984 | PR=0.1636 | MCC=0.0361 | MAE=1.7355 | RMSE=2.1262 | r=0.2898 | rho=0.2646 | Cidx=0.5902 | EF1=0.7886 | EF5=0.9627 | S@1=0.0000 | S@5=0.0000 | S@10=0.0000 | Acc=0.1457
  ΔPose=-0.0068 | ΔAff=+0.0002 | ΔBalAcc=+0.0036 | ΔRneg=+0.0073 | ΔPR=-0.0077 | ΔMCC=+0.0172 | ΔMAE=-0.0042 | ΔRMSE=-0.0094 | Δr=+0.0307 | Δrho=-0.0027 | ΔCidx=+0.0013 | ΔEF1=-0.4731 | ΔEF5=-0.0963 | ΔS@5=-1.0000 | ΔS@10=-1.0000 | ΔAcc=+0.0063
    test_ema: Pose=0.8306, BalAcc=0.5055, PR=0.1701, Rneg=0.0133, Rpos=0.9978, MAE=1.7569, RMSE=2.1580, r=0.2555, Cidx=0.5817
------------------------------------------------------------------------------
  [Train Results  epoch 58]  epoch_t=58.10s  total_t=3373s
  Pose=0.8555 | Aff=1.1541 | BalAcc=0.5018 | Rneg=0.0047 | Rpos=0.9988 | PR=0.1559 | MCC=0.0179 | MAE=1.5209 | RMSE=1.8699 | r=0.4228 | rho=0.3682 | Cidx=0.6274 | EF1=1.2361 | EF5=1.0285 | S@1=0.0000 | S@5=0.0000 | S@10=1.0000 | Acc=0.1284
  ΔPose=+0.0277 | ΔAff=-0.0330 | ΔBalAcc=+0.0009 | ΔRneg=+0.0028 | ΔRpos=-0.0009 | ΔPR=+0.0022 | ΔMCC=+0.0047 | ΔMAE=-0.0294 | ΔRMSE=-0.0400 | Δr=-0.0036 | Δrho=-0.0114 | ΔCidx=-0.0008 | ΔEF1=+0.1674 | ΔEF5=+0.0129 | ΔAcc=+0.0023
    lr: 0.000824
    train_ema: Pose=0.8444, BalAcc=0.5013, PR=0.1561, Rneg=0.0034, Rpos=0.9992, MAE=1.5478, RMSE=1.8963, r=0.4196, Cidx=0.6271
------------------------------------------------------------------------------
  [Test Results  epoch 58]
  Pose=0.8435 | Aff=1.3317 | BalAcc=0.5105 | Rneg=0.0243 | Rpos=0.9968 | PR=0.1733 | MCC=0.0497 | MAE=1.7114 | RMSE=2.1096 | r=0.2658 | rho=0.2517 | Cidx=0.5841 | EF1=1.1040 | EF5=0.8985 | S@1=0.0000 | S@5=1.0000 | S@10=1.0000 | Acc=0.1555
  ΔPose=+0.0239 | ΔAff=-0.0315 | ΔBalAcc=+0.0050 | ΔRneg=+0.0115 | ΔRpos=-0.0016 | ΔPR=+0.0097 | ΔMCC=+0.0136 | ΔMAE=-0.0241 | ΔRMSE=-0.0166 | Δr=-0.0240 | Δrho=-0.0129 | ΔCidx=-0.0061 | ΔEF1=+0.3154 | ΔEF5=-0.0642 | ΔS@5=+1.0000 | ΔS@10=+1.0000 | ΔAcc=+0.0097
    test_ema: Pose=0.8345, BalAcc=0.5070, PR=0.1711, Rneg=0.0166, Rpos=0.9975, MAE=1.7433, RMSE=2.1435, r=0.2586, Cidx=0.5824
------------------------------------------------------------------------------
  [Train Results  epoch 60]  epoch_t=58.18s  total_t=3490s
  Pose=0.8622 | Aff=1.1686 | BalAcc=0.5002 | Rneg=0.0007 | Rpos=0.9997 | PR=0.1588 | MCC=0.0055 | MAE=1.5379 | RMSE=1.8742 | r=0.4227 | rho=0.3862 | Cidx=0.6333 | EF1=1.0172 | EF5=1.0002 | S@1=0.0000 | S@5=1.0000 | S@10=1.0000 | Acc=0.1250
  ΔPose=+0.0067 | ΔAff=+0.0145 | ΔBalAcc=-0.0016 | ΔRneg=-0.0040 | ΔRpos=+0.0009 | ΔPR=+0.0029 | ΔMCC=-0.0124 | ΔMAE=+0.0170 | ΔRMSE=+0.0043 | Δr=-0.0001 | Δrho=+0.0181 | ΔCidx=+0.0059 | ΔEF1=-0.2189 | ΔEF5=-0.0284 | ΔS@5=+1.0000 | ΔAcc=-0.0034
    lr: 0.000812
    train_ema: Pose=0.8498, BalAcc=0.5010, PR=0.1569, Rneg=0.0026, Rpos=0.9993, MAE=1.5449, RMSE=1.8896, r=0.4206, Cidx=0.6289
------------------------------------------------------------------------------
  [Test Results  epoch 60]
  Pose=0.8612 | Aff=1.3565 | BalAcc=0.5003 | Rneg=0.0005 | Rpos=1.0000 | PR=0.1603 | MCC=0.0082 | MAE=1.7338 | RMSE=2.1327 | r=0.2772 | rho=0.2750 | Cidx=0.5920 | EF1=0.6309 | EF5=0.7380 | S@1=0.0000 | S@5=0.0000 | S@10=1.0000 | Acc=0.1353
  ΔPose=+0.0177 | ΔAff=+0.0247 | ΔBalAcc=-0.0103 | ΔRneg=-0.0238 | ΔRpos=+0.0032 | ΔPR=-0.0130 | ΔMCC=-0.0415 | ΔMAE=+0.0224 | ΔRMSE=+0.0231 | Δr=+0.0114 | Δrho=+0.0233 | ΔCidx=+0.0079 | ΔEF1=-0.4731 | ΔEF5=-0.1604 | ΔS@5=-1.0000 | ΔAcc=-0.0201
    test_ema: Pose=0.8425, BalAcc=0.5050, PR=0.1678, Rneg=0.0117, Rpos=0.9983, MAE=1.7404, RMSE=2.1402, r=0.2641, Cidx=0.5853
------------------------------------------------------------------------------
  [Train Results  epoch 62]  epoch_t=57.99s  total_t=3606s
  Pose=0.8651 | Aff=1.1948 | BalAcc=0.5015 | Rneg=0.0037 | Rpos=0.9992 | PR=0.1555 | MCC=0.0168 | MAE=1.5616 | RMSE=1.9167 | r=0.4188 | rho=0.3715 | Cidx=0.6225 | EF1=1.2361 | EF5=1.0208 | S@1=0.0000 | S@5=1.0000 | S@10=1.0000 | Acc=0.1276
  ΔPose=+0.0029 | ΔAff=+0.0262 | ΔBalAcc=+0.0013 | ΔRneg=+0.0030 | ΔRpos=-0.0005 | ΔPR=-0.0033 | ΔMCC=+0.0112 | ΔMAE=+0.0238 | ΔRMSE=+0.0425 | Δr=-0.0039 | Δrho=-0.0148 | ΔCidx=-0.0108 | ΔEF1=+0.2189 | ΔEF5=+0.0206 | ΔAcc=+0.0026
    lr: 0.000799
    train_ema: Pose=0.8544, BalAcc=0.5011, PR=0.1565, Rneg=0.0029, Rpos=0.9993, MAE=1.5499, RMSE=1.8978, r=0.4200, Cidx=0.6270
------------------------------------------------------------------------------
  [Test Results  epoch 62]
  Pose=0.8542 | Aff=1.4164 | BalAcc=0.5047 | Rneg=0.0125 | Rpos=0.9968 | PR=0.1700 | MCC=0.0301 | MAE=1.7848 | RMSE=2.2215 | r=0.2085 | rho=0.2053 | Cidx=0.5667 | EF1=0.4731 | EF5=0.8022 | S@1=0.0000 | S@5=0.0000 | S@10=0.0000 | Acc=0.1453
  ΔPose=-0.0070 | ΔAff=+0.0599 | ΔBalAcc=+0.0044 | ΔRneg=+0.0120 | ΔRpos=-0.0032 | ΔPR=+0.0097 | ΔMCC=+0.0219 | ΔMAE=+0.0510 | ΔRMSE=+0.0888 | Δr=-0.0687 | Δrho=-0.0697 | ΔCidx=-0.0253 | ΔEF1=-0.1577 | ΔEF5=+0.0642 | ΔS@10=-1.0000 | ΔAcc=+0.0100
    test_ema: Pose=0.8460, BalAcc=0.5049, PR=0.1685, Rneg=0.0120, Rpos=0.9978, MAE=1.7537, RMSE=2.1646, r=0.2475, Cidx=0.5797
------------------------------------------------------------------------------
  [Train Results  epoch 64]  epoch_t=58.02s  total_t=3722s
  Pose=0.8869 | Aff=1.1453 | BalAcc=0.5007 | Rneg=0.0015 | Rpos=0.9999 | PR=0.1596 | MCC=0.0126 | MAE=1.5108 | RMSE=1.8626 | r=0.4303 | rho=0.3853 | Cidx=0.6329 | EF1=1.3392 | EF5=1.0363 | S@1=0.0000 | S@5=1.0000 | S@10=1.0000 | Acc=0.1258
  ΔPose=+0.0218 | ΔAff=-0.0495 | ΔBalAcc=-0.0008 | ΔRneg=-0.0022 | ΔRpos=+0.0006 | ΔPR=+0.0041 | ΔMCC=-0.0041 | ΔMAE=-0.0509 | ΔRMSE=-0.0541 | Δr=+0.0115 | Δrho=+0.0139 | ΔCidx=+0.0104 | ΔEF1=+0.1030 | ΔEF5=+0.0155 | ΔAcc=-0.0018
    lr: 0.000786
    train_ema: Pose=0.8641, BalAcc=0.5010, PR=0.1574, Rneg=0.0025, Rpos=0.9995, MAE=1.5382, RMSE=1.8872, r=0.4231, Cidx=0.6288
------------------------------------------------------------------------------
  [Test Results  epoch 64]
  Pose=0.8783 | Aff=1.3266 | BalAcc=0.5035 | Rneg=0.0070 | Rpos=1.0000 | PR=0.1736 | MCC=0.0308 | MAE=1.7064 | RMSE=2.1118 | r=0.2666 | rho=0.2650 | Cidx=0.5896 | EF1=0.9463 | EF5=0.7701 | S@1=0.0000 | S@5=0.0000 | S@10=1.0000 | Acc=0.1410
  ΔPose=+0.0240 | ΔAff=-0.0897 | ΔBalAcc=-0.0011 | ΔRneg=-0.0055 | ΔRpos=+0.0032 | ΔPR=+0.0036 | ΔMCC=+0.0007 | ΔMAE=-0.0784 | ΔRMSE=-0.1097 | Δr=+0.0581 | Δrho=+0.0597 | ΔCidx=+0.0229 | ΔEF1=+0.4731 | ΔEF5=-0.0321 | ΔS@10=+1.0000 | ΔAcc=-0.0043
    test_ema: Pose=0.8557, BalAcc=0.5045, PR=0.1700, Rneg=0.0105, Rpos=0.9985, MAE=1.7395, RMSE=2.1488, r=0.2532, Cidx=0.5827
------------------------------------------------------------------------------
  [Train Results  epoch 66]  epoch_t=57.98s  total_t=3838s
  Pose=0.8433 | Aff=1.2045 | BalAcc=0.5003 | Rneg=0.0008 | Rpos=0.9999 | PR=0.1559 | MCC=0.0082 | MAE=1.5750 | RMSE=1.9428 | r=0.3537 | rho=0.3547 | Cidx=0.6222 | EF1=1.3005 | EF5=0.9976 | S@1=0.0000 | S@5=1.0000 | S@10=1.0000 | Acc=0.1251
  ΔPose=-0.0437 | ΔAff=+0.0592 | ΔBalAcc=-0.0004 | ΔRneg=-0.0008 | ΔPR=-0.0037 | ΔMCC=-0.0044 | ΔMAE=+0.0642 | ΔRMSE=+0.0802 | Δr=-0.0766 | Δrho=-0.0306 | ΔCidx=-0.0107 | ΔEF1=-0.0386 | ΔEF5=-0.0387 | ΔAcc=-0.0007
    lr: 0.000773
    train_ema: Pose=0.8579, BalAcc=0.5008, PR=0.1570, Rneg=0.0020, Rpos=0.9996, MAE=1.5492, RMSE=1.9039, r=0.4023, Cidx=0.6268
------------------------------------------------------------------------------
  [Test Results  epoch 66]
  Pose=0.8388 | Aff=1.4033 | BalAcc=0.5021 | Rneg=0.0075 | Rpos=0.9968 | PR=0.1637 | MCC=0.0177 | MAE=1.7895 | RMSE=2.1911 | r=0.1794 | rho=0.1924 | Cidx=0.5600 | EF1=1.1040 | EF5=1.0589 | S@1=0.0000 | S@5=0.0000 | S@10=0.0000 | Acc=0.1410
  ΔPose=-0.0395 | ΔAff=+0.0767 | ΔBalAcc=-0.0014 | ΔRneg=+0.0005 | ΔRpos=-0.0032 | ΔPR=-0.0099 | ΔMCC=-0.0131 | ΔMAE=+0.0831 | ΔRMSE=+0.0793 | Δr=-0.0872 | Δrho=-0.0726 | ΔCidx=-0.0296 | ΔEF1=+0.1577 | ΔEF5=+0.2888 | ΔS@10=-1.0000
    test_ema: Pose=0.8506, BalAcc=0.5038, PR=0.1681, Rneg=0.0096, Rpos=0.9980, MAE=1.7545, RMSE=2.1615, r=0.2311, Cidx=0.5759
------------------------------------------------------------------------------
  [Train Results  epoch 68]  epoch_t=58.11s  total_t=3954s
  Pose=0.8443 | Aff=1.1888 | BalAcc=0.5001 | Rneg=0.0002 | Rpos=1.0000 | PR=0.1578 | MCC=0.0048 | MAE=1.5562 | RMSE=1.8921 | r=0.4346 | rho=0.4091 | Cidx=0.6382 | EF1=1.1846 | EF5=1.0053 | S@1=0.0000 | S@5=1.0000 | S@10=1.0000 | Acc=0.1246
  ΔPose=+0.0010 | ΔAff=-0.0157 | ΔBalAcc=-0.0002 | ΔRneg=-0.0006 | ΔRpos=+0.0001 | ΔPR=+0.0019 | ΔMCC=-0.0034 | ΔMAE=-0.0188 | ΔRMSE=-0.0507 | Δr=+0.0809 | Δrho=+0.0544 | ΔCidx=+0.0160 | ΔEF1=-0.1159 | ΔEF5=+0.0077 | ΔAcc=-0.0005
    lr: 0.000759
    train_ema: Pose=0.8538, BalAcc=0.5006, PR=0.1572, Rneg=0.0014, Rpos=0.9997, MAE=1.5513, RMSE=1.9003, r=0.4120, Cidx=0.6302
------------------------------------------------------------------------------
  [Test Results  epoch 68]
  Pose=0.8376 | Aff=1.4030 | BalAcc=0.5018 | Rneg=0.0035 | Rpos=1.0000 | PR=0.1757 | MCC=0.0218 | MAE=1.7741 | RMSE=2.1816 | r=0.2311 | rho=0.2311 | Cidx=0.5746 | EF1=0.3154 | EF5=0.8343 | S@1=0.0000 | S@5=0.0000 | S@10=0.0000 | Acc=0.1379
  ΔPose=-0.0012 | ΔAff=-0.0003 | ΔBalAcc=-0.0004 | ΔRneg=-0.0040 | ΔRpos=+0.0032 | ΔPR=+0.0120 | ΔMCC=+0.0041 | ΔMAE=-0.0154 | ΔRMSE=-0.0095 | Δr=+0.0516 | Δrho=+0.0387 | ΔCidx=+0.0146 | ΔEF1=-0.7886 | ΔEF5=-0.2246 | ΔAcc=-0.0030
    test_ema: Pose=0.8467, BalAcc=0.5032, PR=0.1704, Rneg=0.0078, Rpos=0.9986, MAE=1.7604, RMSE=2.1675, r=0.2311, Cidx=0.5755
------------------------------------------------------------------------------
  [Train Results  epoch 70]  epoch_t=58.07s  total_t=4070s
  Pose=0.8467 | Aff=1.1568 | BalAcc=0.5001 | Rneg=0.0007 | Rpos=0.9996 | PR=0.1534 | MCC=0.0036 | MAE=1.5259 | RMSE=1.8695 | r=0.4186 | rho=0.3916 | Cidx=0.6334 | EF1=1.2490 | EF5=0.9821 | S@1=0.0000 | S@5=0.0000 | S@10=0.0000 | Acc=0.1250
  ΔPose=+0.0024 | ΔAff=-0.0320 | ΔBalAcc=+0.0000 | ΔRneg=+0.0005 | ΔRpos=-0.0004 | ΔPR=-0.0044 | ΔMCC=-0.0012 | ΔMAE=-0.0303 | ΔRMSE=-0.0226 | Δr=-0.0160 | Δrho=-0.0175 | ΔCidx=-0.0049 | ΔEF1=+0.0644 | ΔEF5=-0.0232 | ΔS@5=-1.0000 | ΔS@10=-1.0000 | ΔAcc=+0.0004
    lr: 0.000745
    train_ema: Pose=0.8517, BalAcc=0.5004, PR=0.1561, Rneg=0.0012, Rpos=0.9997, MAE=1.5437, RMSE=1.8911, r=0.4140, Cidx=0.6312
------------------------------------------------------------------------------
  [Test Results  epoch 70]
  Pose=0.8390 | Aff=1.3630 | BalAcc=0.5001 | Rneg=0.0003 | Rpos=1.0000 | PR=0.1692 | MCC=0.0058 | MAE=1.7426 | RMSE=2.1449 | r=0.2304 | rho=0.2310 | Cidx=0.5756 | EF1=0.9463 | EF5=0.8664 | S@1=0.0000 | S@5=0.0000 | S@10=1.0000 | Acc=0.1351
  ΔPose=+0.0015 | ΔAff=-0.0401 | ΔBalAcc=-0.0016 | ΔRneg=-0.0033 | ΔPR=-0.0065 | ΔMCC=-0.0160 | ΔMAE=-0.0315 | ΔRMSE=-0.0367 | Δr=-0.0006 | Δrho=-0.0002 | ΔCidx=+0.0010 | ΔEF1=+0.6309 | ΔEF5=+0.0321 | ΔS@10=+1.0000 | ΔAcc=-0.0028
    test_ema: Pose=0.8444, BalAcc=0.5023, PR=0.1701, Rneg=0.0055, Rpos=0.9990, MAE=1.7551, RMSE=2.1607, r=0.2309, Cidx=0.5755
------------------------------------------------------------------------------
  [Train Results  epoch 72]  epoch_t=58.07s  total_t=4187s
  Pose=0.8604 | Aff=1.3204 | BalAcc=0.5002 | Rneg=0.0003 | Rpos=1.0000 | PR=0.1570 | MCC=0.0066 | MAE=1.6803 | RMSE=2.0616 | r=0.4356 | rho=0.4126 | Cidx=0.6361 | EF1=1.3392 | EF5=1.0775 | S@1=0.0000 | S@5=1.0000 | S@10=1.0000 | Acc=0.1248
  ΔPose=+0.0137 | ΔAff=+0.1637 | ΔBalAcc=+0.0000 | ΔRneg=-0.0003 | ΔRpos=+0.0004 | ΔPR=+0.0036 | ΔMCC=+0.0030 | ΔMAE=+0.1544 | ΔRMSE=+0.1921 | Δr=+0.0169 | Δrho=+0.0209 | ΔCidx=+0.0027 | ΔEF1=+0.0901 | ΔEF5=+0.0954 | ΔS@5=+1.0000 | ΔS@10=+1.0000 | ΔAcc=-0.0002
    lr: 0.000731
    train_ema: Pose=0.8543, BalAcc=0.5004, PR=0.1563, Rneg=0.0010, Rpos=0.9998, MAE=1.5847, RMSE=1.9422, r=0.4205, Cidx=0.6327
------------------------------------------------------------------------------
  [Test Results  epoch 72]
  Pose=0.8584 | Aff=1.5504 | BalAcc=0.5010 | Rneg=0.0020 | Rpos=1.0000 | PR=0.1677 | MCC=0.0165 | MAE=1.9083 | RMSE=2.3637 | r=0.1898 | rho=0.1946 | Cidx=0.5692 | EF1=0.6309 | EF5=0.7060 | S@1=0.0000 | S@5=0.0000 | S@10=0.0000 | Acc=0.1366
  ΔPose=+0.0193 | ΔAff=+0.1874 | ΔBalAcc=+0.0009 | ΔRneg=+0.0018 | ΔPR=-0.0015 | ΔMCC=+0.0106 | ΔMAE=+0.1657 | ΔRMSE=+0.2187 | Δr=-0.0406 | Δrho=-0.0364 | ΔCidx=-0.0064 | ΔEF1=-0.3154 | ΔEF5=-0.1604 | ΔS@10=-1.0000 | ΔAcc=+0.0015
    test_ema: Pose=0.8486, BalAcc=0.5019, PR=0.1694, Rneg=0.0045, Rpos=0.9993, MAE=1.8010, RMSE=2.2216, r=0.2186, Cidx=0.5736
------------------------------------------------------------------------------
  [Train Results  epoch 74]  epoch_t=58.01s  total_t=4303s
  Pose=0.8573 | Aff=1.1496 | BalAcc=0.5008 | Rneg=0.0025 | Rpos=0.9991 | PR=0.1523 | MCC=0.0109 | MAE=1.5169 | RMSE=1.8592 | r=0.4500 | rho=0.4223 | Cidx=0.6467 | EF1=1.2233 | EF5=1.0182 | S@1=0.0000 | S@5=1.0000 | S@10=1.0000 | Acc=0.1265
  ΔPose=-0.0032 | ΔAff=-0.1708 | ΔBalAcc=+0.0006 | ΔRneg=+0.0021 | ΔRpos=-0.0009 | ΔPR=-0.0046 | ΔMCC=+0.0043 | ΔMAE=-0.1633 | ΔRMSE=-0.2025 | Δr=+0.0145 | Δrho=+0.0098 | ΔCidx=+0.0106 | ΔEF1=-0.1159 | ΔEF5=-0.0593 | ΔAcc=+0.0017
    lr: 0.000717
    train_ema: Pose=0.8552, BalAcc=0.5005, PR=0.1551, Rneg=0.0014, Rpos=0.9996, MAE=1.5643, RMSE=1.9173, r=0.4293, Cidx=0.6369
------------------------------------------------------------------------------
  [Test Results  epoch 74]
  Pose=0.8509 | Aff=1.3872 | BalAcc=0.5067 | Rneg=0.0150 | Rpos=0.9984 | PR=0.1813 | MCC=0.0401 | MAE=1.7626 | RMSE=2.1626 | r=0.2385 | rho=0.2341 | Cidx=0.5714 | EF1=0.9463 | EF5=0.9627 | S@1=0.0000 | S@5=0.0000 | S@10=1.0000 | Acc=0.1477
  ΔPose=-0.0075 | ΔAff=-0.1632 | ΔBalAcc=+0.0057 | ΔRneg=+0.0130 | ΔRpos=-0.0016 | ΔPR=+0.0136 | ΔMCC=+0.0237 | ΔMAE=-0.1457 | ΔRMSE=-0.2011 | Δr=+0.0487 | Δrho=+0.0396 | ΔCidx=+0.0022 | ΔEF1=+0.3154 | ΔEF5=+0.2567 | ΔS@10=+1.0000 | ΔAcc=+0.0110
    test_ema: Pose=0.8493, BalAcc=0.5033, PR=0.1729, Rneg=0.0076, Rpos=0.9990, MAE=1.7895, RMSE=2.2039, r=0.2245, Cidx=0.5729
------------------------------------------------------------------------------
  [Train Results  epoch 76]  epoch_t=58.09s  total_t=4419s
  Pose=0.8720 | Aff=1.2272 | BalAcc=0.5007 | Rneg=0.0022 | Rpos=0.9992 | PR=0.1565 | MCC=0.0106 | MAE=1.5895 | RMSE=1.9496 | r=0.4706 | rho=0.4401 | Cidx=0.6518 | EF1=0.9915 | EF5=1.0440 | S@1=0.0000 | S@5=1.0000 | S@10=1.0000 | Acc=0.1263
  ΔPose=+0.0147 | ΔAff=+0.0776 | ΔBalAcc=-0.0001 | ΔRneg=-0.0003 | ΔRpos=+0.0001 | ΔPR=+0.0041 | ΔMCC=-0.0003 | ΔMAE=+0.0725 | ΔRMSE=+0.0904 | Δr=+0.0205 | Δrho=+0.0177 | ΔCidx=+0.0050 | ΔEF1=-0.2318 | ΔEF5=+0.0258 | ΔAcc=-0.0002
    lr: 0.000702
    train_ema: Pose=0.8602, BalAcc=0.5006, PR=0.1555, Rneg=0.0017, Rpos=0.9995, MAE=1.5719, RMSE=1.9270, r=0.4417, Cidx=0.6413
------------------------------------------------------------------------------
  [Test Results  epoch 76]
  Pose=0.8669 | Aff=1.4694 | BalAcc=0.5078 | Rneg=0.0188 | Rpos=0.9968 | PR=0.1686 | MCC=0.0415 | MAE=1.8366 | RMSE=2.2582 | r=0.2560 | rho=0.2183 | Cidx=0.5717 | EF1=0.7886 | EF5=0.8664 | S@1=0.0000 | S@5=0.0000 | S@10=1.0000 | Acc=0.1507
  ΔPose=+0.0160 | ΔAff=+0.0821 | ΔBalAcc=+0.0011 | ΔRneg=+0.0038 | ΔRpos=-0.0016 | ΔPR=-0.0127 | ΔMCC=+0.0014 | ΔMAE=+0.0739 | ΔRMSE=+0.0957 | Δr=+0.0175 | Δrho=-0.0158 | ΔCidx=+0.0004 | ΔEF1=-0.1577 | ΔEF5=-0.0963 | ΔAcc=+0.0030
    test_ema: Pose=0.8546, BalAcc=0.5047, PR=0.1717, Rneg=0.0110, Rpos=0.9984, MAE=1.8036, RMSE=2.2202, r=0.2340, Cidx=0.5726
------------------------------------------------------------------------------
  [Train Results  epoch 78]  epoch_t=58.02s  total_t=4535s
  Pose=0.8732 | Aff=1.1025 | BalAcc=0.5009 | Rneg=0.0027 | Rpos=0.9991 | PR=0.1547 | MCC=0.0118 | MAE=1.4731 | RMSE=1.8128 | r=0.4803 | rho=0.4585 | Cidx=0.6554 | EF1=1.1331 | EF5=1.0852 | S@1=1.0000 | S@5=1.0000 | S@10=1.0000 | Acc=0.1267
  ΔPose=+0.0012 | ΔAff=-0.1247 | ΔBalAcc=+0.0002 | ΔRneg=+0.0005 | ΔRpos=-0.0001 | ΔPR=-0.0017 | ΔMCC=+0.0013 | ΔMAE=-0.1163 | ΔRMSE=-0.1367 | Δr=+0.0097 | Δrho=+0.0185 | ΔCidx=+0.0036 | ΔEF1=+0.1416 | ΔEF5=+0.0412 | ΔS@1=+1.0000 | ΔAcc=+0.0004
    lr: 0.000688
    train_ema: Pose=0.8641, BalAcc=0.5007, PR=0.1553, Rneg=0.0020, Rpos=0.9994, MAE=1.5423, RMSE=1.8928, r=0.4533, Cidx=0.6456
------------------------------------------------------------------------------
  [Test Results  epoch 78]
  Pose=0.8654 | Aff=1.3545 | BalAcc=0.5075 | Rneg=0.0183 | Rpos=0.9968 | PR=0.1687 | MCC=0.0407 | MAE=1.7384 | RMSE=2.1242 | r=0.2643 | rho=0.2391 | Cidx=0.5801 | EF1=1.5771 | EF5=1.0910 | S@1=0.0000 | S@5=0.0000 | S@10=0.0000 | Acc=0.1503
  ΔPose=-0.0015 | ΔAff=-0.1149 | ΔBalAcc=-0.0003 | ΔRneg=-0.0005 | ΔPR=+0.0001 | ΔMCC=-0.0008 | ΔMAE=-0.0982 | ΔRMSE=-0.1341 | Δr=+0.0083 | Δrho=+0.0208 | ΔCidx=+0.0083 | ΔEF1=+0.7886 | ΔEF5=+0.2246 | ΔS@10=-1.0000 | ΔAcc=-0.0004
    test_ema: Pose=0.8578, BalAcc=0.5055, PR=0.1708, Rneg=0.0132, Rpos=0.9979, MAE=1.7841, RMSE=2.1914, r=0.2431, Cidx=0.5748
------------------------------------------------------------------------------
  [Train Results  epoch 80]  epoch_t=57.93s  total_t=4651s
  Pose=0.8759 | Aff=1.1354 | BalAcc=0.5001 | Rneg=0.0004 | Rpos=0.9999 | PR=0.1601 | MCC=0.0047 | MAE=1.5045 | RMSE=1.8461 | r=0.4548 | rho=0.4456 | Cidx=0.6533 | EF1=1.0687 | EF5=0.9564 | S@1=1.0000 | S@5=1.0000 | S@10=1.0000 | Acc=0.1248
  ΔPose=+0.0027 | ΔAff=+0.0328 | ΔBalAcc=-0.0007 | ΔRneg=-0.0023 | ΔRpos=+0.0008 | ΔPR=+0.0054 | ΔMCC=-0.0071 | ΔMAE=+0.0314 | ΔRMSE=+0.0333 | Δr=-0.0255 | Δrho=-0.0130 | ΔCidx=-0.0021 | ΔEF1=-0.0644 | ΔEF5=-0.1289 | ΔAcc=-0.0019
    lr: 0.000673
    train_ema: Pose=0.8677, BalAcc=0.5005, PR=0.1567, Rneg=0.0015, Rpos=0.9995, MAE=1.5309, RMSE=1.8788, r=0.4537, Cidx=0.6479
------------------------------------------------------------------------------
  [Test Results  epoch 80]
  Pose=0.8723 | Aff=1.3043 | BalAcc=0.5000 | Rneg=0.0000 | Rpos=1.0000 | PR=0.1731 | MCC=0.0000 | MAE=1.6829 | RMSE=2.0682 | r=0.3445 | rho=0.3264 | Cidx=0.6073 | EF1=1.1040 | EF5=0.8343 | S@1=0.0000 | S@5=1.0000 | S@10=1.0000 | Acc=0.1349
  ΔPose=+0.0069 | ΔAff=-0.0502 | ΔBalAcc=-0.0075 | ΔRneg=-0.0183 | ΔRpos=+0.0032 | ΔPR=+0.0044 | ΔMCC=-0.0407 | ΔMAE=-0.0555 | ΔRMSE=-0.0560 | Δr=+0.0802 | Δrho=+0.0873 | ΔCidx=+0.0272 | ΔEF1=-0.4731 | ΔEF5=-0.2567 | ΔS@5=+1.0000 | ΔS@10=+1.0000 | ΔAcc=-0.0154
    test_ema: Pose=0.8621, BalAcc=0.5039, PR=0.1715, Rneg=0.0092, Rpos=0.9985, MAE=1.7537, RMSE=2.1544, r=0.2735, Cidx=0.5846
------------------------------------------------------------------------------
  [Train Results  epoch 82]  epoch_t=58.01s  total_t=4767s
  Pose=0.8567 | Aff=1.0775 | BalAcc=0.5001 | Rneg=0.0001 | Rpos=1.0000 | PR=0.1623 | MCC=0.0043 | MAE=1.4518 | RMSE=1.7990 | r=0.4852 | rho=0.4682 | Cidx=0.6573 | EF1=1.0430 | EF5=1.0337 | S@1=0.0000 | S@5=0.0000 | S@10=1.0000 | Acc=0.1246
  ΔPose=-0.0192 | ΔAff=-0.0579 | ΔBalAcc=-0.0001 | ΔRneg=-0.0003 | ΔRpos=+0.0001 | ΔPR=+0.0022 | ΔMCC=-0.0004 | ΔMAE=-0.0527 | ΔRMSE=-0.0471 | Δr=+0.0304 | Δrho=+0.0226 | ΔCidx=+0.0040 | ΔEF1=-0.0258 | ΔEF5=+0.0773 | ΔS@1=-1.0000 | ΔS@5=-1.0000 | ΔAcc=-0.0002
    lr: 0.000658
    train_ema: Pose=0.8644, BalAcc=0.5004, PR=0.1584, Rneg=0.0011, Rpos=0.9997, MAE=1.5072, RMSE=1.8548, r=0.4632, Cidx=0.6507
------------------------------------------------------------------------------
  [Test Results  epoch 82]
  Pose=0.8514 | Aff=1.3197 | BalAcc=0.5001 | Rneg=0.0003 | Rpos=1.0000 | PR=0.1732 | MCC=0.0058 | MAE=1.6987 | RMSE=2.0824 | r=0.3140 | rho=0.2930 | Cidx=0.5962 | EF1=1.2617 | EF5=1.0268 | S@1=0.0000 | S@5=0.0000 | S@10=1.0000 | Acc=0.1351
  ΔPose=-0.0208 | ΔAff=+0.0154 | ΔBalAcc=+0.0001 | ΔRneg=+0.0003 | ΔPR=+0.0001 | ΔMCC=+0.0058 | ΔMAE=+0.0158 | ΔRMSE=+0.0142 | Δr=-0.0305 | Δrho=-0.0334 | ΔCidx=-0.0111 | ΔEF1=+0.1577 | ΔEF5=+0.1925 | ΔS@5=-1.0000 | ΔAcc=+0.0002
    test_ema: Pose=0.8589, BalAcc=0.5027, PR=0.1720, Rneg=0.0065, Rpos=0.9990, MAE=1.7372, RMSE=2.1328, r=0.2857, Cidx=0.5881
------------------------------------------------------------------------------
  [Train Results  epoch 84]  epoch_t=58.18s  total_t=4884s
  Pose=0.8473 | Aff=1.1259 | BalAcc=0.5000 | Rneg=0.0000 | Rpos=1.0000 | PR=0.1536 | MCC=0.0000 | MAE=1.4976 | RMSE=1.8407 | r=0.4407 | rho=0.4103 | Cidx=0.6450 | EF1=1.2619 | EF5=1.1007 | S@1=0.0000 | S@5=1.0000 | S@10=1.0000 | Acc=0.1245
  ΔPose=-0.0094 | ΔAff=+0.0484 | ΔBalAcc=-0.0001 | ΔRneg=-0.0001 | ΔPR=-0.0086 | ΔMCC=-0.0043 | ΔMAE=+0.0458 | ΔRMSE=+0.0416 | Δr=-0.0445 | Δrho=-0.0578 | ΔCidx=-0.0123 | ΔEF1=+0.2189 | ΔEF5=+0.0670 | ΔS@5=+1.0000 | ΔAcc=-0.0001
    lr: 0.000642
    train_ema: Pose=0.8593, BalAcc=0.5003, PR=0.1570, Rneg=0.0008, Rpos=0.9998, MAE=1.5043, RMSE=1.8506, r=0.4564, Cidx=0.6490
------------------------------------------------------------------------------
  [Test Results  epoch 84]
  Pose=0.8413 | Aff=1.3642 | BalAcc=0.5000 | Rneg=0.0000 | Rpos=1.0000 | PR=0.1796 | MCC=0.0000 | MAE=1.7435 | RMSE=2.1498 | r=0.2190 | rho=0.1891 | Cidx=0.5635 | EF1=0.4731 | EF5=1.0910 | S@1=0.0000 | S@5=0.0000 | S@10=0.0000 | Acc=0.1349
  ΔPose=-0.0101 | ΔAff=+0.0445 | ΔBalAcc=-0.0001 | ΔRneg=-0.0003 | ΔPR=+0.0064 | ΔMCC=-0.0058 | ΔMAE=+0.0449 | ΔRMSE=+0.0674 | Δr=-0.0951 | Δrho=-0.1039 | ΔCidx=-0.0327 | ΔEF1=-0.7886 | ΔEF5=+0.0642 | ΔS@10=-1.0000 | ΔAcc=-0.0002
    test_ema: Pose=0.8536, BalAcc=0.5019, PR=0.1743, Rneg=0.0046, Rpos=0.9993, MAE=1.7391, RMSE=2.1379, r=0.2657, Cidx=0.5807
------------------------------------------------------------------------------
  [Train Results  epoch 86]  epoch_t=58.05s  total_t=5000s
  Pose=0.8615 | Aff=1.2300 | BalAcc=0.5000 | Rneg=0.0001 | Rpos=0.9999 | PR=0.1616 | MCC=-0.0013 | MAE=1.5844 | RMSE=1.9806 | r=0.4909 | rho=0.4771 | Cidx=0.6618 | EF1=0.8370 | EF5=0.9641 | S@1=0.0000 | S@5=0.0000 | S@10=0.0000 | Acc=0.1245
  ΔPose=+0.0141 | ΔAff=+0.1041 | ΔBalAcc=-0.0000 | ΔRneg=+0.0001 | ΔRpos=-0.0001 | ΔPR=+0.0079 | ΔMCC=-0.0013 | ΔMAE=+0.0868 | ΔRMSE=+0.1399 | Δr=+0.0502 | Δrho=+0.0667 | ΔCidx=+0.0167 | ΔEF1=-0.4249 | ΔEF5=-0.1366 | ΔS@5=-1.0000 | ΔS@10=-1.0000 | ΔAcc=+0.0001
    lr: 0.000627
    train_ema: Pose=0.8599, BalAcc=0.5002, PR=0.1584, Rneg=0.0006, Rpos=0.9998, MAE=1.5283, RMSE=1.8896, r=0.4668, Cidx=0.6528
------------------------------------------------------------------------------
  [Test Results  epoch 86]
  Pose=0.8554 | Aff=1.4816 | BalAcc=0.5001 | Rneg=0.0003 | Rpos=1.0000 | PR=0.1707 | MCC=0.0058 | MAE=1.8522 | RMSE=2.2733 | r=0.3215 | rho=0.3158 | Cidx=0.6032 | EF1=1.4194 | EF5=1.0589 | S@1=0.0000 | S@5=0.0000 | S@10=1.0000 | Acc=0.1351
  ΔPose=+0.0141 | ΔAff=+0.1174 | ΔBalAcc=+0.0001 | ΔRneg=+0.0003 | ΔPR=-0.0089 | ΔMCC=+0.0058 | ΔMAE=+0.1087 | ΔRMSE=+0.1235 | Δr=+0.1025 | Δrho=+0.1267 | ΔCidx=+0.0397 | ΔEF1=+0.9463 | ΔEF5=-0.0321 | ΔS@10=+1.0000 | ΔAcc=+0.0002
    test_ema: Pose=0.8542, BalAcc=0.5014, PR=0.1732, Rneg=0.0033, Rpos=0.9995, MAE=1.7730, RMSE=2.1785, r=0.2824, Cidx=0.5875
------------------------------------------------------------------------------
  [Train Results  epoch 88]  epoch_t=58.05s  total_t=5116s
  Pose=0.8650 | Aff=1.1199 | BalAcc=0.5001 | Rneg=0.0003 | Rpos=1.0000 | PR=0.1551 | MCC=0.0058 | MAE=1.4930 | RMSE=1.8297 | r=0.4507 | rho=0.4195 | Cidx=0.6445 | EF1=1.3263 | EF5=1.0388 | S@1=0.0000 | S@5=0.0000 | S@10=1.0000 | Acc=0.1247
  ΔPose=+0.0036 | ΔAff=-0.1101 | ΔBalAcc=+0.0002 | ΔRneg=+0.0002 | ΔRpos=+0.0001 | ΔPR=-0.0064 | ΔMCC=+0.0071 | ΔMAE=-0.0914 | ΔRMSE=-0.1508 | Δr=-0.0402 | Δrho=-0.0575 | ΔCidx=-0.0172 | ΔEF1=+0.4893 | ΔEF5=+0.0748 | ΔS@10=+1.0000 | ΔAcc=+0.0002
    lr: 0.000611
    train_ema: Pose=0.8615, BalAcc=0.5002, PR=0.1574, Rneg=0.0005, Rpos=0.9999, MAE=1.5177, RMSE=1.8716, r=0.4620, Cidx=0.6504
------------------------------------------------------------------------------
  [Test Results  epoch 88]
  Pose=0.8595 | Aff=1.3575 | BalAcc=0.5003 | Rneg=0.0005 | Rpos=1.0000 | PR=0.1655 | MCC=0.0082 | MAE=1.7317 | RMSE=2.1302 | r=0.2460 | rho=0.1999 | Cidx=0.5653 | EF1=1.4194 | EF5=1.2515 | S@1=0.0000 | S@5=1.0000 | S@10=1.0000 | Acc=0.1353
  ΔPose=+0.0041 | ΔAff=-0.1241 | ΔBalAcc=+0.0001 | ΔRneg=+0.0003 | ΔPR=-0.0052 | ΔMCC=+0.0024 | ΔMAE=-0.1205 | ΔRMSE=-0.1431 | Δr=-0.0754 | Δrho=-0.1159 | ΔCidx=-0.0379 | ΔEF5=+0.1925 | ΔS@5=+1.0000 | ΔAcc=+0.0002
    test_ema: Pose=0.8558, BalAcc=0.5010, PR=0.1709, Rneg=0.0024, Rpos=0.9996, MAE=1.7606, RMSE=2.1640, r=0.2715, Cidx=0.5808
------------------------------------------------------------------------------
  [Train Results  epoch 90]  epoch_t=58.19s  total_t=5232s
  Pose=0.8260 | Aff=1.1340 | BalAcc=0.5001 | Rneg=0.0005 | Rpos=0.9997 | PR=0.1590 | MCC=0.0034 | MAE=1.4970 | RMSE=1.8570 | r=0.4735 | rho=0.4489 | Cidx=0.6535 | EF1=1.3520 | EF5=1.0852 | S@1=0.0000 | S@5=1.0000 | S@10=1.0000 | Acc=0.1248
  ΔPose=-0.0391 | ΔAff=+0.0141 | ΔBalAcc=-0.0000 | ΔRneg=+0.0002 | ΔRpos=-0.0003 | ΔPR=+0.0039 | ΔMCC=-0.0024 | ΔMAE=+0.0039 | ΔRMSE=+0.0273 | Δr=+0.0228 | Δrho=+0.0293 | ΔCidx=+0.0089 | ΔEF1=+0.0258 | ΔEF5=+0.0464 | ΔS@5=+1.0000 | ΔAcc=+0.0001
    lr: 0.000596
    train_ema: Pose=0.8508, BalAcc=0.5001, PR=0.1579, Rneg=0.0005, Rpos=0.9998, MAE=1.5115, RMSE=1.8672, r=0.4654, Cidx=0.6513
------------------------------------------------------------------------------
  [Test Results  epoch 90]
  Pose=0.8181 | Aff=1.3961 | BalAcc=0.5003 | Rneg=0.0005 | Rpos=1.0000 | PR=0.1657 | MCC=0.0082 | MAE=1.7676 | RMSE=2.1920 | r=0.2307 | rho=0.2022 | Cidx=0.5691 | EF1=1.4194 | EF5=1.2836 | S@1=0.0000 | S@5=0.0000 | S@10=0.0000 | Acc=0.1353
  ΔPose=-0.0414 | ΔAff=+0.0386 | ΔPR=+0.0002 | ΔMAE=+0.0359 | ΔRMSE=+0.0618 | Δr=-0.0154 | Δrho=+0.0023 | ΔCidx=+0.0037 | ΔEF5=+0.0321 | ΔS@5=-1.0000 | ΔS@10=-1.0000
    test_ema: Pose=0.8445, BalAcc=0.5008, PR=0.1693, Rneg=0.0019, Rpos=0.9998, MAE=1.7627, RMSE=2.1724, r=0.2592, Cidx=0.5773
------------------------------------------------------------------------------
  [Train Results  epoch 92]  epoch_t=57.90s  total_t=5348s
  Pose=0.8563 | Aff=1.0604 | BalAcc=0.5004 | Rneg=0.0010 | Rpos=0.9997 | PR=0.1652 | MCC=0.0084 | MAE=1.4306 | RMSE=1.7721 | r=0.5014 | rho=0.4841 | Cidx=0.6686 | EF1=1.2104 | EF5=1.0105 | S@1=0.0000 | S@5=0.0000 | S@10=1.0000 | Acc=0.1253
  ΔPose=+0.0304 | ΔAff=-0.0736 | ΔBalAcc=+0.0003 | ΔRneg=+0.0006 | ΔPR=+0.0062 | ΔMCC=+0.0050 | ΔMAE=-0.0664 | ΔRMSE=-0.0849 | Δr=+0.0279 | Δrho=+0.0352 | ΔCidx=+0.0151 | ΔEF1=-0.1416 | ΔEF5=-0.0748 | ΔS@5=-1.0000 | ΔAcc=+0.0005
    lr: 0.000580
    train_ema: Pose=0.8525, BalAcc=0.5002, PR=0.1601, Rneg=0.0006, Rpos=0.9998, MAE=1.4872, RMSE=1.8387, r=0.4762, Cidx=0.6565
------------------------------------------------------------------------------
  [Test Results  epoch 92]
  Pose=0.8476 | Aff=1.2831 | BalAcc=0.5036 | Rneg=0.0088 | Rpos=0.9984 | PR=0.1626 | MCC=0.0278 | MAE=1.6642 | RMSE=2.0390 | r=0.3592 | rho=0.3343 | Cidx=0.6115 | EF1=1.4194 | EF5=0.9306 | S@1=1.0000 | S@5=1.0000 | S@10=1.0000 | Acc=0.1423
  ΔPose=+0.0294 | ΔAff=-0.1130 | ΔBalAcc=+0.0033 | ΔRneg=+0.0083 | ΔRpos=-0.0016 | ΔPR=-0.0031 | ΔMCC=+0.0196 | ΔMAE=-0.1034 | ΔRMSE=-0.1530 | Δr=+0.1285 | Δrho=+0.1321 | ΔCidx=+0.0425 | ΔEF5=-0.3530 | ΔS@1=+1.0000 | ΔS@5=+1.0000 | ΔS@10=+1.0000 | ΔAcc=+0.0069
    test_ema: Pose=0.8454, BalAcc=0.5016, PR=0.1673, Rneg=0.0039, Rpos=0.9993, MAE=1.7332, RMSE=2.1324, r=0.2892, Cidx=0.5876
------------------------------------------------------------------------------
  [Train Results  epoch 94]  epoch_t=58.02s  total_t=5464s
  Pose=0.8687 | Aff=1.0754 | BalAcc=0.5006 | Rneg=0.0020 | Rpos=0.9992 | PR=0.1659 | MCC=0.0094 | MAE=1.4385 | RMSE=1.7832 | r=0.4988 | rho=0.4827 | Cidx=0.6723 | EF1=0.8241 | EF5=0.9615 | S@1=0.0000 | S@5=0.0000 | S@10=1.0000 | Acc=0.1261
  ΔPose=+0.0123 | ΔAff=+0.0149 | ΔBalAcc=+0.0002 | ΔRneg=+0.0010 | ΔRpos=-0.0005 | ΔPR=+0.0007 | ΔMCC=+0.0010 | ΔMAE=+0.0079 | ΔRMSE=+0.0110 | Δr=-0.0026 | Δrho=-0.0015 | ΔCidx=+0.0037 | ΔEF1=-0.3863 | ΔEF5=-0.0490 | ΔAcc=+0.0008
    lr: 0.000564
    train_ema: Pose=0.8573, BalAcc=0.5003, PR=0.1618, Rneg=0.0011, Rpos=0.9996, MAE=1.4726, RMSE=1.8221, r=0.4830, Cidx=0.6612
------------------------------------------------------------------------------
  [Test Results  epoch 94]
  Pose=0.8631 | Aff=1.2469 | BalAcc=0.5056 | Rneg=0.0128 | Rpos=0.9984 | PR=0.1733 | MCC=0.0361 | MAE=1.6180 | RMSE=2.0117 | r=0.4049 | rho=0.3935 | Cidx=0.6360 | EF1=1.1040 | EF5=0.8343 | S@1=0.0000 | S@5=1.0000 | S@10=1.0000 | Acc=0.1457
  ΔPose=+0.0155 | ΔAff=-0.0362 | ΔBalAcc=+0.0020 | ΔRneg=+0.0040 | ΔPR=+0.0107 | ΔMCC=+0.0083 | ΔMAE=-0.0462 | ΔRMSE=-0.0273 | Δr=+0.0457 | Δrho=+0.0593 | ΔCidx=+0.0244 | ΔEF1=-0.3154 | ΔEF5=-0.0963 | ΔS@1=-1.0000 | ΔAcc=+0.0035
    test_ema: Pose=0.8507, BalAcc=0.5028, PR=0.1691, Rneg=0.0066, Rpos=0.9991, MAE=1.6986, RMSE=2.0962, r=0.3239, Cidx=0.6021
------------------------------------------------------------------------------
  [Train Results  epoch 96]  epoch_t=58.05s  total_t=5580s
  Pose=0.8285 | Aff=1.0974 | BalAcc=0.5002 | Rneg=0.0008 | Rpos=0.9996 | PR=0.1591 | MCC=0.0050 | MAE=1.4679 | RMSE=1.8111 | r=0.4822 | rho=0.4539 | Cidx=0.6574 | EF1=1.0559 | EF5=1.0981 | S@1=0.0000 | S@5=0.0000 | S@10=0.0000 | Acc=0.1251
  ΔPose=-0.0402 | ΔAff=+0.0221 | ΔBalAcc=-0.0004 | ΔRneg=-0.0012 | ΔRpos=+0.0004 | ΔPR=-0.0069 | ΔMCC=-0.0044 | ΔMAE=+0.0294 | ΔRMSE=+0.0279 | Δr=-0.0166 | Δrho=-0.0287 | ΔCidx=-0.0149 | ΔEF1=+0.2318 | ΔEF5=+0.1366 | ΔS@10=-1.0000 | ΔAcc=-0.0010
    lr: 0.000548
    train_ema: Pose=0.8487, BalAcc=0.5003, PR=0.1610, Rneg=0.0010, Rpos=0.9996, MAE=1.4712, RMSE=1.8188, r=0.4827, Cidx=0.6601
------------------------------------------------------------------------------
  [Test Results  epoch 96]
  Pose=0.8211 | Aff=1.3221 | BalAcc=0.5000 | Rneg=0.0000 | Rpos=1.0000 | PR=0.1651 | MCC=0.0000 | MAE=1.6990 | RMSE=2.0985 | r=0.3012 | rho=0.2947 | Cidx=0.6012 | EF1=0.9463 | EF5=0.8985 | S@1=0.0000 | S@5=0.0000 | S@10=0.0000 | Acc=0.1349
  ΔPose=-0.0420 | ΔAff=+0.0752 | ΔBalAcc=-0.0056 | ΔRneg=-0.0128 | ΔRpos=+0.0016 | ΔPR=-0.0082 | ΔMCC=-0.0361 | ΔMAE=+0.0810 | ΔRMSE=+0.0867 | Δr=-0.1037 | Δrho=-0.0988 | ΔCidx=-0.0347 | ΔEF1=-0.1577 | ΔEF5=+0.0642 | ΔS@5=-1.0000 | ΔS@10=-1.0000 | ΔAcc=-0.0108
    test_ema: Pose=0.8418, BalAcc=0.5020, PR=0.1679, Rneg=0.0046, Rpos=0.9993, MAE=1.6987, RMSE=2.0969, r=0.3171, Cidx=0.6018
------------------------------------------------------------------------------
  [Train Results  epoch 98]  epoch_t=58.11s  total_t=5697s
  Pose=0.8653 | Aff=1.0816 | BalAcc=0.5009 | Rneg=0.0028 | Rpos=0.9990 | PR=0.1649 | MCC=0.0114 | MAE=1.4491 | RMSE=1.7855 | r=0.4900 | rho=0.4702 | Cidx=0.6635 | EF1=1.0044 | EF5=1.0053 | S@1=1.0000 | S@5=1.0000 | S@10=1.0000 | Acc=0.1268
  ΔPose=+0.0368 | ΔAff=-0.0158 | ΔBalAcc=+0.0007 | ΔRneg=+0.0020 | ΔRpos=-0.0006 | ΔPR=+0.0058 | ΔMCC=+0.0064 | ΔMAE=-0.0187 | ΔRMSE=-0.0256 | Δr=+0.0078 | Δrho=+0.0163 | ΔCidx=+0.0061 | ΔEF1=-0.0515 | ΔEF5=-0.0928 | ΔS@1=+1.0000 | ΔS@5=+1.0000 | ΔS@10=+1.0000 | ΔAcc=+0.0017
    lr: 0.000532
    train_ema: Pose=0.8537, BalAcc=0.5005, PR=0.1622, Rneg=0.0015, Rpos=0.9994, MAE=1.4646, RMSE=1.8088, r=0.4849, Cidx=0.6611
------------------------------------------------------------------------------
  [Test Results  epoch 98]
  Pose=0.8575 | Aff=1.2839 | BalAcc=0.5051 | Rneg=0.0118 | Rpos=0.9984 | PR=0.1885 | MCC=0.0342 | MAE=1.6661 | RMSE=2.0367 | r=0.3622 | rho=0.3362 | Cidx=0.6150 | EF1=1.2617 | EF5=1.1231 | S@1=0.0000 | S@5=1.0000 | S@10=1.0000 | Acc=0.1449
  ΔPose=+0.0364 | ΔAff=-0.0382 | ΔBalAcc=+0.0051 | ΔRneg=+0.0118 | ΔRpos=-0.0016 | ΔPR=+0.0234 | ΔMCC=+0.0342 | ΔMAE=-0.0329 | ΔRMSE=-0.0618 | Δr=+0.0610 | Δrho=+0.0414 | ΔCidx=+0.0138 | ΔEF1=+0.3154 | ΔEF5=+0.2246 | ΔS@5=+1.0000 | ΔS@10=+1.0000 | ΔAcc=+0.0100
    test_ema: Pose=0.8465, BalAcc=0.5029, PR=0.1741, Rneg=0.0068, Rpos=0.9991, MAE=1.6889, RMSE=2.0788, r=0.3307, Cidx=0.6058
------------------------------------------------------------------------------
  [Train Results  epoch 100]  epoch_t=58.01s  total_t=5813s
  Pose=0.8393 | Aff=1.1143 | BalAcc=0.5014 | Rneg=0.0037 | Rpos=0.9991 | PR=0.1657 | MCC=0.0158 | MAE=1.4801 | RMSE=1.8261 | r=0.4991 | rho=0.4899 | Cidx=0.6708 | EF1=0.9786 | EF5=1.0131 | S@1=0.0000 | S@5=0.0000 | S@10=1.0000 | Acc=0.1276
  ΔPose=-0.0259 | ΔAff=+0.0327 | ΔBalAcc=+0.0005 | ΔRneg=+0.0009 | ΔRpos=+0.0001 | ΔPR=+0.0008 | ΔMCC=+0.0044 | ΔMAE=+0.0310 | ΔRMSE=+0.0406 | Δr=+0.0091 | Δrho=+0.0196 | ΔCidx=+0.0073 | ΔEF1=-0.0258 | ΔEF5=+0.0077 | ΔS@1=-1.0000 | ΔS@5=-1.0000 | ΔAcc=+0.0008
    lr: 0.000516
    train_ema: Pose=0.8494, BalAcc=0.5007, PR=0.1632, Rneg=0.0022, Rpos=0.9993, MAE=1.4692, RMSE=1.8140, r=0.4892, Cidx=0.6640
------------------------------------------------------------------------------
  [Test Results  epoch 100]
  Pose=0.8353 | Aff=1.3284 | BalAcc=0.5039 | Rneg=0.0078 | Rpos=1.0000 | PR=0.1687 | MCC=0.0325 | MAE=1.6974 | RMSE=2.1035 | r=0.3353 | rho=0.3278 | Cidx=0.6092 | EF1=1.4194 | EF5=1.0589 | S@1=0.0000 | S@5=1.0000 | S@10=1.0000 | Acc=0.1416
  ΔPose=-0.0222 | ΔAff=+0.0445 | ΔBalAcc=-0.0012 | ΔRneg=-0.0040 | ΔRpos=+0.0016 | ΔPR=-0.0199 | ΔMCC=-0.0018 | ΔMAE=+0.0313 | ΔRMSE=+0.0668 | Δr=-0.0269 | Δrho=-0.0084 | ΔCidx=-0.0058 | ΔEF1=+0.1577 | ΔEF5=-0.0642 | ΔAcc=-0.0032
    test_ema: Pose=0.8431, BalAcc=0.5032, PR=0.1725, Rneg=0.0071, Rpos=0.9993, MAE=1.6915, RMSE=2.0862, r=0.3321, Cidx=0.6068
