--- GNINA TRAINING (5-Loss Pipeline) ---
trainfile = 'data/types/ref_uff_train0.types'
testfile = 'data/types/ref_uff_test0.types'
data_root = 'data'
shuffle = True
label_pos = 0
affinity_pos = 1
rmsd_pos = None
flexlabel_pos = None
stratify_receptor = False
stratify_pos = 1
stratify_max = 0
stratify_min = 0
stratify_step = 0
ligmolcache = ''
recmolcache = ''
out_dir = 'results/models/gnina_default2018'
log_file = 'training.log'
model = 'gnina_default2018'
dimension: 2.35000E+01
resolution: 5.00000E-01
base_lr: 1.00000E-03
momentum: 9.00000E-01
weight_decay: 1.00000E-02
batch_size = 1024
random_rotation = True
random_translation: 1.00000E+00
iterations = 100
iteration_scheme = 'small'
lr_dynamic = True
lr_patience = 5
lr_reduce: 1.00000E-01
lr_min: 1.00000E-06
warmup_epochs = 2
clip_gradients: 5.00000E+00
use_sam = False
sam_rho: 5.00000E-02
use_amp = True
use_pose_to_affinity_gate = False
stop_grad_pose_to_affinity = False
metric_ema_alpha: 3.00000E-01
early_stop_metric = 'composite_cidx_balacc'
early_stop_composite_w_cidx: 5.00000E-01
early_stop_patience = 25
early_stop_min_delta: 1.00000E-04
scale_affinity_loss: 1.00000E+00
delta_affinity_loss: 1.00000E+00
scale_ranking: 5.00000E-02
ranking_num_pairs = 128
ranking_temperature: 1.00000E+00
hard_neg_fraction: 3.00000E-01
rank_warmup_epochs = 10
rank_rampup_epochs = 15
scale_pose_coupling: 0.00000E+00
lambda_pose: 1.20000E+00
pose_total_weight: 8.50000E-01
aff_total_weight: 1.50000E-01
pose_warmup_epochs = 0
pose_only_epochs = 4
pose_loss_scale: 5.00000E-01
pose_focal_gamma: 2.00000E+00
pose_focal_alpha: 7.50000E-01
pose_class_normalize = True
pose_balance_batch = True
pose_balance_target_per_class = 32
pose_prior_logit_scale: 2.50000E-01
disable_pose_prior_init = True
pose_loss_type = 'focal'
rmsd_good_max: 1.50000E+00
rmsd_bad_min: 3.00000E+00
use_gradient_alignment = False
scale_align: 1.00000E-01
full_loss_epoch = 15
scale_dist_constraint: 2.00000E-02
scale_anchor_loss: 1.00000E-02
normalize_targets = True
max_pseudo_atoms = 12
num_transformer_layers = 2
geoformer_uncertainty = False
scale_flexpose_loss: 1.00000E+00
test_every = 2
checkpoint_every = 100
num_checkpoints = 1
checkpoint_prefix = ''
checkpoint_dir = ''
progress_bar = False
gpu = 'cuda:0'
roc_auc = False
cache_structures = True
seed = 2026
silent = False
pytorch = '2.2.2+cu121'
ignite = '0.5.4'
cuda = '12.1'

=== TARGET STATISTICS ===
  [DEBUG] Affinity target stats (N=7758):
    mean=6.318  std=2.047
    p01=2.310      p05=3.020      p25=4.712      p50=6.400      p75=7.800      p95=9.700      p99=11.200  
  [DEBUG] Pose sample stats: total=62335, valid=62335, ignored=0, bad=54577, good=7758
          valid ratio: bad=0.8755, good=0.1245
  [NORM] pK mean=6.318, std=2.047
  Pose prior init: disabled by --disable_pose_prior_init
  Pose prior init: skipped (no final 2-logit pose layer found)
  Calibration head: scale=1.0, bias=0.0 (z-space; frozen — no drift)
  Using eager mode for gnina_default2018
  Model parameters: 2,158,662
  Optimizer: AdamW(lr=0.001, wd=0.01)
  Mixed-precision (AMP) enabled
  Loss (Pose): Focal(γ=2.0, α_good=0.75, α_bad=0.25); λ_pose=1.2, pose_scale=0.5, w_pose=0.85, w_aff=0.15, warmup_epochs=0, pose_only_epochs=4, class_norm=True, batch_balance=True
  Loss 1 (Regression): ConfidenceAware(scale=1.0)
  Loss 2 (Ranking): SoftProbabilistic(scale=0.05, τ=1.0, pairs=128)
  Loss 3 (DistAlign): scale=0.02
  Loss 4 (Anchor): scale=0.01
  Early stopping: composite = 0.500*C-index + 0.500*Balanced Accuracy (min_delta=0.0001, patience=25)
  [DEBUG] Grad norms:
    features: 0.0322
    pose: 0.0283
>>> Train Results - Epoch[2] <<<
    Balanced Accuracy: 0.51870
    Accuracy: 0.16689
    Pose Loss: 0.90000
    Pose Recall Neg: 0.05030
    Pose Recall Pos: 0.98711
    MCC: 0.05916
    PR AUC: 0.25094
    MAE: 1.68995
    RMSE: 2.05227
    Pearson R: 0.00940
    Spearman Rho: 0.01165
    C-index: 0.50776
    EF_1pct: 2.53667
    EF_5pct: 2.33547
    Success_at_1: 0.00000
    Success_at_5: 1.00000
    Success_at_10: 1.00000
    Affinity Loss: 1.32719
    Loss: 2.22719
    Epoch Time: 14.09950
    Elapsed Time: 29.12349
    lr: 0.001000
    train_ema: Pose=0.9000, BalAcc=0.5187, PR=0.2509, Rneg=0.0503, Rpos=0.9871, MAE=1.6899, RMSE=2.0523, r=0.0094, Cidx=0.5078
>>> Test Results - Epoch[2] <<<
    Balanced Accuracy: 0.53231
    Accuracy: 0.19316
    Pose Loss: 0.90282
    Pose Recall Neg: 0.06783
    Pose Recall Pos: 0.99679
    MCC: 0.09361
    PR AUC: 0.29323
    MAE: 1.77286
    RMSE: 2.18218
    Pearson R: 0.18461
    Spearman Rho: 0.18556
    C-index: 0.56450
    EF_1pct: 2.20798
    EF_5pct: 2.56711
    Success_at_1: 0.00000
    Success_at_5: 1.00000
    Success_at_10: 1.00000
    Affinity Loss: 1.39866
    Loss: 2.30148
    test_ema: Pose=0.9028, BalAcc=0.5323, PR=0.2932, Rneg=0.0678, Rpos=0.9968, MAE=1.7729, RMSE=2.1822, r=0.1846, Cidx=0.5645
>>> Train Results - Epoch[4] <<<
    Balanced Accuracy: 0.53589
    Accuracy: 0.19950
    Pose Loss: 0.82604
    Pose Recall Neg: 0.08802
    Pose Recall Pos: 0.98376
    MCC: 0.08780
    PR AUC: 0.28151
    MAE: 1.68859
    RMSE: 2.04590
    Pearson R: 0.07191
    Spearman Rho: 0.07456
    C-index: 0.52805
    EF_1pct: 2.62680
    EF_5pct: 2.32258
    Success_at_1: 0.00000
    Success_at_5: 1.00000
    Success_at_10: 1.00000
    Affinity Loss: 1.32578
    Loss: 2.15183
    Epoch Time: 14.03164
    Elapsed Time: 57.23656
    lr: 0.001000
    train_ema: Pose=0.8778, BalAcc=0.5239, PR=0.2601, Rneg=0.0616, Rpos=0.9861, MAE=1.6895, RMSE=2.0504, r=0.0282, Cidx=0.5138
>>> Test Results - Epoch[4] <<<
    Balanced Accuracy: 0.54950
    Accuracy: 0.22759
    Pose Loss: 0.82001
    Pose Recall Neg: 0.10864
    Pose Recall Pos: 0.99037
    MCC: 0.11520
    PR AUC: 0.33327
    MAE: 1.77214
    RMSE: 2.18086
    Pearson R: 0.17053
    Spearman Rho: 0.16875
    C-index: 0.55036
    EF_1pct: 4.57368
    EF_5pct: 2.79173
    Success_at_1: 1.00000
    Success_at_5: 1.00000
    Success_at_10: 1.00000
    Affinity Loss: 1.39629
    Loss: 2.21630
    test_ema: Pose=0.8780, BalAcc=0.5375, PR=0.3052, Rneg=0.0801, Rpos=0.9949, MAE=1.7726, RMSE=2.1818, r=0.1804, Cidx=0.5603
>>> Train Results - Epoch[6] <<<
    Balanced Accuracy: 0.55090
    Accuracy: 0.23391
    Pose Loss: 0.79945
    Pose Recall Neg: 0.12886
    Pose Recall Pos: 0.97293
    MCC: 0.10486
    PR AUC: 0.28383
    MAE: 1.26932
    RMSE: 1.58410
    Pearson R: 0.63926
    Spearman Rho: 0.64646
    C-index: 0.73176
    EF_1pct: 1.35203
    EF_5pct: 0.99244
    Success_at_1: 0.00000
    Success_at_5: 0.00000
    Success_at_10: 0.00000
    Affinity Loss: 0.90896
    Loss: 1.70842
    Epoch Time: 14.20655
    Elapsed Time: 85.74344
    lr: 0.001000
    train_ema: Pose=0.8543, BalAcc=0.5320, PR=0.2672, Rneg=0.0818, Rpos=0.9822, MAE=1.5635, RMSE=1.9105, r=0.2115, Cidx=0.5792
>>> Test Results - Epoch[6] <<<
    Balanced Accuracy: 0.55133
    Accuracy: 0.23192
    Pose Loss: 0.80455
    Pose Recall Neg: 0.11389
    Pose Recall Pos: 0.98876
    MCC: 0.11688
    PR AUC: 0.32157
    MAE: 1.35826
    RMSE: 1.68062
    Pearson R: 0.68101
    Spearman Rho: 0.70502
    C-index: 0.75448
    EF_1pct: 1.26171
    EF_5pct: 1.05893
    Success_at_1: 1.00000
    Success_at_5: 1.00000
    Success_at_10: 1.00000
    Affinity Loss: 0.99869
    Loss: 1.80324
    test_ema: Pose=0.8559, BalAcc=0.5416, PR=0.3101, Rneg=0.0902, Rpos=0.9930, MAE=1.6483, RMSE=2.0314, r=0.3306, Cidx=0.6185
>>> Train Results - Epoch[8] <<<
    Balanced Accuracy: 0.59161
    Accuracy: 0.32390
    Pose Loss: 0.78663
    Pose Recall Neg: 0.23517
    Pose Recall Pos: 0.94805
    MCC: 0.14789
    PR AUC: 0.29295
    MAE: 1.20774
    RMSE: 1.51089
    Pearson R: 0.68535
    Spearman Rho: 0.69178
    C-index: 0.74792
    EF_1pct: 2.04736
    EF_5pct: 1.67298
    Success_at_1: 0.00000
    Success_at_5: 1.00000
    Success_at_10: 1.00000
    Affinity Loss: 0.84842
    Loss: 1.63505
    Epoch Time: 14.24141
    Elapsed Time: 114.17328
    lr: 0.000999
    train_ema: Pose=0.8340, BalAcc=0.5499, PR=0.2749, Rneg=0.1278, Rpos=0.9719, MAE=1.4568, RMSE=1.7906, r=0.3536, Cidx=0.6298
>>> Test Results - Epoch[8] <<<
    Balanced Accuracy: 0.56710
    Accuracy: 0.27328
    Pose Loss: 0.81114
    Pose Recall Neg: 0.16471
    Pose Recall Pos: 0.96950
    MCC: 0.12962
    PR AUC: 0.34998
    MAE: 1.26890
    RMSE: 1.56933
    Pearson R: 0.72071
    Spearman Rho: 0.74605
    C-index: 0.77644
    EF_1pct: 2.05027
    EF_5pct: 1.50818
    Success_at_1: 1.00000
    Success_at_5: 1.00000
    Success_at_10: 1.00000
    Affinity Loss: 0.89949
    Loss: 1.71063
    test_ema: Pose=0.8425, BalAcc=0.5493, PR=0.3221, Rneg=0.1126, Rpos=0.9860, MAE=1.5345, RMSE=1.8928, r=0.4476, Cidx=0.6659
  [DEBUG] Grad norms:
    features: 1.0745
    pose: 0.0223
    affinity: 0.1770
    log_sigma_head: 0.0699
>>> Train Results - Epoch[10] <<<
    Balanced Accuracy: 0.62708
    Accuracy: 0.40555
    Pose Loss: 0.74744
    Pose Recall Neg: 0.33214
    Pose Recall Pos: 0.92202
    MCC: 0.18299
    PR AUC: 0.32532
    MAE: 1.15620
    RMSE: 1.44305
    Pearson R: 0.71172
    Spearman Rho: 0.71212
    C-index: 0.75756
    EF_1pct: 3.03885
    EF_5pct: 2.05964
    Success_at_1: 0.00000
    Success_at_5: 1.00000
    Success_at_10: 1.00000
    Affinity Loss: 0.79806
    Loss: 1.54551
    Epoch Time: 14.21571
    Elapsed Time: 142.59437
    lr: 0.000998
    train_ema: Pose=0.8080, BalAcc=0.5730, PR=0.2901, Rneg=0.1891, Rpos=0.9570, MAE=1.3666, RMSE=1.6863, r=0.4611, Cidx=0.6681
>>> Test Results - Epoch[10] <<<
    Balanced Accuracy: 0.63325
    Accuracy: 0.39476
    Pose Loss: 0.75933
    Pose Recall Neg: 0.30663
    Pose Recall Pos: 0.95987
    MCC: 0.20491
    PR AUC: 0.37977
    MAE: 1.22777
    RMSE: 1.53745
    Pearson R: 0.74016
    Spearman Rho: 0.74341
    C-index: 0.77596
    EF_1pct: 2.68112
    EF_5pct: 2.21413
    Success_at_1: 1.00000
    Success_at_5: 1.00000
    Success_at_10: 1.00000
    Affinity Loss: 0.87123
    Loss: 1.63056
    test_ema: Pose=0.8176, BalAcc=0.5745, PR=0.3394, Rneg=0.1708, Rpos=0.9781, MAE=1.4425, RMSE=1.7862, r=0.5354, Cidx=0.6989
>>> Train Results - Epoch[12] <<<
    Balanced Accuracy: 0.53754
    Accuracy: 0.19793
    Pose Loss: 0.83167
    Pose Recall Neg: 0.08538
    Pose Recall Pos: 0.98969
    MCC: 0.09349
    PR AUC: 0.33942
    MAE: 1.20967
    RMSE: 1.50998
    Pearson R: 0.71937
    Spearman Rho: 0.71920
    C-index: 0.76292
    EF_1pct: 2.94872
    EF_5pct: 1.78898
    Success_at_1: 1.00000
    Success_at_5: 1.00000
    Success_at_10: 1.00000
    Affinity Loss: 0.85289
    Loss: 1.68456
    Epoch Time: 14.11790
    Elapsed Time: 170.87913
    lr: 0.000996
    train_ema: Pose=0.8151, BalAcc=0.5624, PR=0.3049, Rneg=0.1580, Rpos=0.9668, MAE=1.3195, RMSE=1.6334, r=0.5386, Cidx=0.6966
>>> Test Results - Epoch[12] <<<
    Balanced Accuracy: 0.53517
    Accuracy: 0.19576
    Pose Loss: 0.83988
    Pose Recall Neg: 0.07034
    Pose Recall Pos: 1.00000
    MCC: 0.10052
    PR AUC: 0.39289
    MAE: 1.30089
    RMSE: 1.58334
    Pearson R: 0.75521
    Spearman Rho: 0.75709
    C-index: 0.78296
    EF_1pct: 2.36570
    EF_5pct: 1.92533
    Success_at_1: 1.00000
    Success_at_5: 1.00000
    Success_at_10: 1.00000
    Affinity Loss: 0.91891
    Loss: 1.75879
    test_ema: Pose=0.8243, BalAcc=0.5627, PR=0.3554, Rneg=0.1407, Rpos=0.9847, MAE=1.4000, RMSE=1.7253, r=0.6013, Cidx=0.7241
>>> Train Results - Epoch[14] <<<
    Balanced Accuracy: 0.64001
    Accuracy: 0.41474
    Pose Loss: 0.75889
    Pose Recall Neg: 0.34009
    Pose Recall Pos: 0.93993
    MCC: 0.20073
    PR AUC: 0.35736
    MAE: 1.11928
    RMSE: 1.41009
    Pearson R: 0.73514
    Spearman Rho: 0.73320
    C-index: 0.76846
    EF_1pct: 3.41227
    EF_5pct: 1.95396
    Success_at_1: 0.00000
    Success_at_5: 1.00000
    Success_at_10: 1.00000
    Affinity Loss: 0.76520
    Loss: 1.52409
    Epoch Time: 14.27096
    Elapsed Time: 199.42828
    lr: 0.000994
    train_ema: Pose=0.7983, BalAcc=0.5857, PR=0.3206, Rneg=0.2126, Rpos=0.9587, MAE=1.2594, RMSE=1.5664, r=0.5975, Cidx=0.7181
>>> Test Results - Epoch[14] <<<
    Balanced Accuracy: 0.64130
    Accuracy: 0.39931
    Pose Loss: 0.75980
    Pose Recall Neg: 0.30989
    Pose Recall Pos: 0.97271
    MCC: 0.21701
    PR AUC: 0.42153
    MAE: 1.20333
    RMSE: 1.45657
    Pearson R: 0.76512
    Spearman Rho: 0.75400
    C-index: 0.78164
    EF_1pct: 2.68112
    EF_5pct: 1.98951
    Success_at_1: 0.00000
    Success_at_5: 1.00000
    Success_at_10: 1.00000
    Affinity Loss: 0.81941
    Loss: 1.57921
    test_ema: Pose=0.8049, BalAcc=0.5863, PR=0.3753, Rneg=0.1914, Rpos=0.9811, MAE=1.3410, RMSE=1.6447, r=0.6505, Cidx=0.7414
>>> Train Results - Epoch[16] <<<
    Balanced Accuracy: 0.64081
    Accuracy: 0.42069
    Pose Loss: 0.75764
    Pose Recall Neg: 0.34775
    Pose Recall Pos: 0.93387
    MCC: 0.20053
    PR AUC: 0.36867
    MAE: 1.11299
    RMSE: 1.39525
    Pearson R: 0.74008
    Spearman Rho: 0.73761
    C-index: 0.77048
    EF_1pct: 3.85007
    EF_5pct: 2.18596
    Success_at_1: 0.00000
    Success_at_5: 1.00000
    Success_at_10: 1.00000
    Affinity Loss: 0.75682
    Loss: 1.51446
    Epoch Time: 14.00992
    Elapsed Time: 227.95024
    lr: 0.000991
    train_ema: Pose=0.7861, BalAcc=0.6022, PR=0.3350, Rneg=0.2532, Rpos=0.9513, MAE=1.2155, RMSE=1.5151, r=0.6403, Cidx=0.7338
>>> Test Results - Epoch[16] <<<
    Balanced Accuracy: 0.64012
    Accuracy: 0.39844
    Pose Loss: 0.76887
    Pose Recall Neg: 0.30914
    Pose Recall Pos: 0.97111
    MCC: 0.21531
    PR AUC: 0.41202
    MAE: 1.19925
    RMSE: 1.48674
    Pearson R: 0.76789
    Spearman Rho: 0.76223
    C-index: 0.78716
    EF_1pct: 2.68112
    EF_5pct: 2.47084
    Success_at_1: 0.00000
    Success_at_5: 1.00000
    Success_at_10: 1.00000
    Affinity Loss: 0.82337
    Loss: 1.59224
    test_ema: Pose=0.7941, BalAcc=0.6024, PR=0.3863, Rneg=0.2267, Rpos=0.9781, MAE=1.2985, RMSE=1.5973, r=0.6857, Cidx=0.7551
>>> Train Results - Epoch[18] <<<
    Balanced Accuracy: 0.68232
    Accuracy: 0.51507
    Pose Loss: 0.71584
    Pose Recall Neg: 0.45964
    Pose Recall Pos: 0.90500
    MCC: 0.24436
    PR AUC: 0.38480
    MAE: 1.07519
    RMSE: 1.35665
    Pearson R: 0.74937
    Spearman Rho: 0.74706
    C-index: 0.77686
    EF_1pct: 3.48953
    EF_5pct: 1.84569
    Success_at_1: 1.00000
    Success_at_5: 1.00000
    Success_at_10: 1.00000
    Affinity Loss: 0.72030
    Loss: 1.43614
    Epoch Time: 14.09736
    Elapsed Time: 256.17159
    lr: 0.000987
    train_ema: Pose=0.7650, BalAcc=0.6262, PR=0.3500, Rneg=0.3151, Rpos=0.9374, MAE=1.1734, RMSE=1.4675, r=0.6730, Cidx=0.7467
>>> Test Results - Epoch[18] <<<
    Balanced Accuracy: 0.70481
    Accuracy: 0.54201
    Pose Loss: 0.71499
    Pose Recall Neg: 0.48185
    Pose Recall Pos: 0.92777
    MCC: 0.28294
    PR AUC: 0.42891
    MAE: 1.15185
    RMSE: 1.40986
    Pearson R: 0.77877
    Spearman Rho: 0.76171
    C-index: 0.78748
    EF_1pct: 3.15426
    EF_5pct: 2.63128
    Success_at_1: 1.00000
    Success_at_5: 1.00000
    Success_at_10: 1.00000
    Affinity Loss: 0.77456
    Loss: 1.48955
    test_ema: Pose=0.7704, BalAcc=0.6331, PR=0.3991, Rneg=0.3033, Rpos=0.9630, MAE=1.2545, RMSE=1.5411, r=0.7136, Cidx=0.7648
  [DEBUG] Grad norms:
    features: 0.2562
    pose: 0.0492
    affinity: 0.0671
    log_sigma_head: 0.0341
>>> Train Results - Epoch[20] <<<
    Balanced Accuracy: 0.57833
    Accuracy: 0.27498
    Pose Loss: 0.83908
    Pose Recall Neg: 0.17445
    Pose Recall Pos: 0.98221
    MCC: 0.14291
    PR AUC: 0.38495
    MAE: 1.07356
    RMSE: 1.35211
    Pearson R: 0.75337
    Spearman Rho: 0.75049
    C-index: 0.77756
    EF_1pct: 3.54104
    EF_5pct: 1.94107
    Success_at_1: 0.00000
    Success_at_5: 1.00000
    Success_at_10: 1.00000
    Affinity Loss: 0.72134
    Loss: 1.56042
    Epoch Time: 14.13811
    Elapsed Time: 284.46765
    lr: 0.000984
    train_ema: Pose=0.7872, BalAcc=0.6119, PR=0.3605, Rneg=0.2729, Rpos=0.9508, MAE=1.1435, RMSE=1.4329, r=0.6971, Cidx=0.7560
>>> Test Results - Epoch[20] <<<
    Balanced Accuracy: 0.56543
    Accuracy: 0.25162
    Pose Loss: 0.84685
    Pose Recall Neg: 0.13567
    Pose Recall Pos: 0.99518
    MCC: 0.13856
    PR AUC: 0.44275
    MAE: 1.16863
    RMSE: 1.45567
    Pearson R: 0.76658
    Spearman Rho: 0.74808
    C-index: 0.78622
    EF_1pct: 2.05027
    EF_5pct: 2.47084
    Success_at_1: 0.00000
    Success_at_5: 1.00000
    Success_at_10: 1.00000
    Affinity Loss: 0.80298
    Loss: 1.64983
    test_ema: Pose=0.7933, BalAcc=0.6128, PR=0.4122, Rneg=0.2530, Rpos=0.9727, MAE=1.2287, RMSE=1.5155, r=0.7295, Cidx=0.7712
>>> Train Results - Epoch[22] <<<
    Balanced Accuracy: 0.66553
    Accuracy: 0.46301
    Pose Loss: 0.72928
    Pose Recall Neg: 0.39590
    Pose Recall Pos: 0.93516
    MCC: 0.22843
    PR AUC: 0.39768
    MAE: 1.08536
    RMSE: 1.36141
    Pearson R: 0.75671
    Spearman Rho: 0.75555
    C-index: 0.77848
    EF_1pct: 3.57967
    EF_5pct: 2.02356
    Success_at_1: 1.00000
    Success_at_5: 1.00000
    Success_at_10: 1.00000
    Affinity Loss: 0.73095
    Loss: 1.46023
    Epoch Time: 14.23540
    Elapsed Time: 312.94497
    lr: 0.000979
    train_ema: Pose=0.7698, BalAcc=0.6280, PR=0.3716, Rneg=0.3098, Rpos=0.9461, MAE=1.1260, RMSE=1.4115, r=0.7150, Cidx=0.7627
>>> Test Results - Epoch[22] <<<
    Balanced Accuracy: 0.67059
    Accuracy: 0.44998
    Pose Loss: 0.73864
    Pose Recall Neg: 0.36846
    Pose Recall Pos: 0.97271
    MCC: 0.24936
    PR AUC: 0.44507
    MAE: 1.16854
    RMSE: 1.43548
    Pearson R: 0.78760
    Spearman Rho: 0.76926
    C-index: 0.79640
    EF_1pct: 2.36570
    EF_5pct: 2.40666
    Success_at_1: 1.00000
    Success_at_5: 1.00000
    Success_at_10: 1.00000
    Affinity Loss: 0.79427
    Loss: 1.53291
    test_ema: Pose=0.7769, BalAcc=0.6302, PR=0.4220, Rneg=0.2876, Rpos=0.9727, MAE=1.2107, RMSE=1.4915, r=0.7469, Cidx=0.7788
>>> Train Results - Epoch[24] <<<
    Balanced Accuracy: 0.69816
    Accuracy: 0.54319
    Pose Loss: 0.69494
    Pose Recall Neg: 0.49184
    Pose Recall Pos: 0.90449
    MCC: 0.26340
    PR AUC: 0.40533
    MAE: 1.04494
    RMSE: 1.32583
    Pearson R: 0.76387
    Spearman Rho: 0.75984
    C-index: 0.78064
    EF_1pct: 3.79857
    EF_5pct: 1.95138
    Success_at_1: 1.00000
    Success_at_5: 1.00000
    Success_at_10: 1.00000
    Affinity Loss: 0.69471
    Loss: 1.38966
    Epoch Time: 14.18804
    Elapsed Time: 341.34706
    lr: 0.000975
    train_ema: Pose=0.7474, BalAcc=0.6490, PR=0.3817, Rneg=0.3644, Rpos=0.9336, MAE=1.1017, RMSE=1.3858, r=0.7297, Cidx=0.7681
>>> Test Results - Epoch[24] <<<
    Balanced Accuracy: 0.70428
    Accuracy: 0.54461
    Pose Loss: 0.69721
    Pose Recall Neg: 0.48561
    Pose Recall Pos: 0.92295
    MCC: 0.28189
    PR AUC: 0.44936
    MAE: 1.12737
    RMSE: 1.42317
    Pearson R: 0.78376
    Spearman Rho: 0.76758
    C-index: 0.79102
    EF_1pct: 3.31198
    EF_5pct: 2.59920
    Success_at_1: 1.00000
    Success_at_5: 1.00000
    Success_at_10: 1.00000
    Affinity Loss: 0.76978
    Loss: 1.46699
    test_ema: Pose=0.7530, BalAcc=0.6524, PR=0.4302, Rneg=0.3470, Rpos=0.9578, MAE=1.1857, RMSE=1.4710, r=0.7580, Cidx=0.7825
>>> Train Results - Epoch[26] <<<
    Balanced Accuracy: 0.64992
    Accuracy: 0.41845
    Pose Loss: 0.75290
    Pose Recall Neg: 0.34174
    Pose Recall Pos: 0.95811
    MCC: 0.21510
    PR AUC: 0.41521
    MAE: 1.03131
    RMSE: 1.30485
    Pearson R: 0.77272
    Spearman Rho: 0.77174
    C-index: 0.78562
    EF_1pct: 3.45090
    EF_5pct: 1.66009
    Success_at_1: 1.00000
    Success_at_5: 1.00000
    Success_at_10: 1.00000
    Affinity Loss: 0.67817
    Loss: 1.43107
    Epoch Time: 14.24973
    Elapsed Time: 369.80392
    lr: 0.000969
    train_ema: Pose=0.7490, BalAcc=0.6493, PR=0.3918, Rneg=0.3576, Rpos=0.9410, MAE=1.0806, RMSE=1.3615, r=0.7426, Cidx=0.7734
>>> Test Results - Epoch[26] <<<
    Balanced Accuracy: 0.64278
    Accuracy: 0.39952
    Pose Loss: 0.75748
    Pose Recall Neg: 0.30964
    Pose Recall Pos: 0.97592
    MCC: 0.21945
    PR AUC: 0.45464
    MAE: 1.13750
    RMSE: 1.41271
    Pearson R: 0.78497
    Spearman Rho: 0.75868
    C-index: 0.78682
    EF_1pct: 2.05027
    EF_5pct: 2.05369
    Success_at_1: 1.00000
    Success_at_5: 1.00000
    Success_at_10: 1.00000
    Affinity Loss: 0.77012
    Loss: 1.52760
    test_ema: Pose=0.7543, BalAcc=0.6495, PR=0.4376, Rneg=0.3358, Rpos=0.9632, MAE=1.1712, RMSE=1.4535, r=0.7661, Cidx=0.7838
>>> Train Results - Epoch[28] <<<
    Balanced Accuracy: 0.71776
    Accuracy: 0.58612
    Pose Loss: 0.67984
    Pose Recall Neg: 0.54250
    Pose Recall Pos: 0.89301
    MCC: 0.28761
    PR AUC: 0.40938
    MAE: 1.01332
    RMSE: 1.29061
    Pearson R: 0.77696
    Spearman Rho: 0.77400
    C-index: 0.78876
    EF_1pct: 3.23200
    EF_5pct: 1.69360
    Success_at_1: 1.00000
    Success_at_5: 1.00000
    Success_at_10: 1.00000
    Affinity Loss: 0.66330
    Loss: 1.34314
    Epoch Time: 14.35019
    Elapsed Time: 398.30356
    lr: 0.000963
    train_ema: Pose=0.7283, BalAcc=0.6698, PR=0.3971, Rneg=0.4131, Rpos=0.9266, MAE=1.0604, RMSE=1.3402, r=0.7529, Cidx=0.7780
>>> Test Results - Epoch[28] <<<
    Balanced Accuracy: 0.72247
    Accuracy: 0.58077
    Pose Loss: 0.69027
    Pose Recall Neg: 0.52841
    Pose Recall Pos: 0.91653
    MCC: 0.30462
    PR AUC: 0.45693
    MAE: 1.10781
    RMSE: 1.38068
    Pearson R: 0.78022
    Spearman Rho: 0.75857
    C-index: 0.78844
    EF_1pct: 2.83884
    EF_5pct: 2.27831
    Success_at_1: 1.00000
    Success_at_5: 1.00000
    Success_at_10: 1.00000
    Affinity Loss: 0.73558
    Loss: 1.42586
    test_ema: Pose=0.7351, BalAcc=0.6714, PR=0.4434, Rneg=0.3936, Rpos=0.9492, MAE=1.1522, RMSE=1.4317, r=0.7703, Cidx=0.7852
  [DEBUG] Grad norms:
    features: 1.2684
    pose: 0.0182
    affinity: 0.1839
    log_sigma_head: 0.0245
>>> Train Results - Epoch[30] <<<
    Balanced Accuracy: 0.68687
    Accuracy: 0.50124
    Pose Loss: 0.72527
    Pose Recall Neg: 0.43973
    Pose Recall Pos: 0.93400
    MCC: 0.25257
    PR AUC: 0.42091
    MAE: 1.00745
    RMSE: 1.27911
    Pearson R: 0.78394
    Spearman Rho: 0.78057
    C-index: 0.78794
    EF_1pct: 3.38652
    EF_5pct: 1.71422
    Success_at_1: 1.00000
    Success_at_5: 1.00000
    Success_at_10: 1.00000
    Affinity Loss: 0.65851
    Loss: 1.38378
    Epoch Time: 14.14332
    Elapsed Time: 426.71515
    lr: 0.000957
    train_ema: Pose=0.7274, BalAcc=0.6749, PR=0.4042, Rneg=0.4211, Rpos=0.9288, MAE=1.0445, RMSE=1.3219, r=0.7622, Cidx=0.7810
>>> Test Results - Epoch[30] <<<
    Balanced Accuracy: 0.69779
    Accuracy: 0.50173
    Pose Loss: 0.73349
    Pose Recall Neg: 0.42929
    Pose Recall Pos: 0.96629
    MCC: 0.27901
    PR AUC: 0.47173
    MAE: 1.10777
    RMSE: 1.38014
    Pearson R: 0.78969
    Spearman Rho: 0.76747
    C-index: 0.79050
    EF_1pct: 2.68112
    EF_5pct: 2.27831
    Success_at_1: 0.00000
    Success_at_5: 1.00000
    Success_at_10: 1.00000
    Affinity Loss: 0.73757
    Loss: 1.47106
    test_ema: Pose=0.7346, BalAcc=0.6793, PR=0.4519, Rneg=0.4043, Rpos=0.9543, MAE=1.1389, RMSE=1.4162, r=0.7761, Cidx=0.7868
>>> Train Results - Epoch[32] <<<
    Balanced Accuracy: 0.72520
    Accuracy: 0.61901
    Pose Loss: 0.64355
    Pose Recall Neg: 0.58382
    Pose Recall Pos: 0.86659
    MCC: 0.29782
    PR AUC: 0.41221
    MAE: 0.98685
    RMSE: 1.25302
    Pearson R: 0.79318
    Spearman Rho: 0.79102
    C-index: 0.79732
    EF_1pct: 3.64405
    EF_5pct: 1.74516
    Success_at_1: 1.00000
    Success_at_5: 1.00000
    Success_at_10: 1.00000
    Affinity Loss: 0.63831
    Loss: 1.28186
    Epoch Time: 14.25505
    Elapsed Time: 455.17007
    lr: 0.000950
    train_ema: Pose=0.7022, BalAcc=0.6900, PR=0.4066, Rneg=0.4699, Rpos=0.9101, MAE=1.0272, RMSE=1.3012, r=0.7715, Cidx=0.7859
>>> Test Results - Epoch[32] <<<
    Balanced Accuracy: 0.73701
    Accuracy: 0.62819
    Pose Loss: 0.63942
    Pose Recall Neg: 0.58798
    Pose Recall Pos: 0.88604
    MCC: 0.32425
    PR AUC: 0.45984
    MAE: 1.13192
    RMSE: 1.41254
    Pearson R: 0.77462
    Spearman Rho: 0.74969
    C-index: 0.78414
    EF_1pct: 2.68112
    EF_5pct: 2.50293
    Success_at_1: 0.00000
    Success_at_5: 1.00000
    Success_at_10: 1.00000
    Affinity Loss: 0.75837
    Loss: 1.39779
    test_ema: Pose=0.7061, BalAcc=0.6966, PR=0.4543, Rneg=0.4594, Rpos=0.9338, MAE=1.1368, RMSE=1.4151, r=0.7757, Cidx=0.7860
>>> Train Results - Epoch[34] <<<
    Balanced Accuracy: 0.70380
    Accuracy: 0.53912
    Pose Loss: 0.70206
    Pose Recall Neg: 0.48454
    Pose Recall Pos: 0.92305
    MCC: 0.27148
    PR AUC: 0.42331
    MAE: 0.96884
    RMSE: 1.24015
    Pearson R: 0.79562
    Spearman Rho: 0.79140
    C-index: 0.79772
    EF_1pct: 3.94021
    EF_5pct: 1.95138
    Success_at_1: 1.00000
    Success_at_5: 1.00000
    Success_at_10: 1.00000
    Affinity Loss: 0.62320
    Loss: 1.32526
    Epoch Time: 14.13798
    Elapsed Time: 483.60662
    lr: 0.000943
    train_ema: Pose=0.7022, BalAcc=0.6942, PR=0.4116, Rneg=0.4743, Rpos=0.9140, MAE=1.0097, RMSE=1.2829, r=0.7787, Cidx=0.7894
>>> Test Results - Epoch[34] <<<
    Balanced Accuracy: 0.71067
    Accuracy: 0.52988
    Pose Loss: 0.71729
    Pose Recall Neg: 0.46308
    Pose Recall Pos: 0.95827
    MCC: 0.29308
    PR AUC: 0.46655
    MAE: 1.08528
    RMSE: 1.36614
    Pearson R: 0.78815
    Spearman Rho: 0.76362
    C-index: 0.79062
    EF_1pct: 2.83884
    EF_5pct: 2.59920
    Success_at_1: 0.00000
    Success_at_5: 1.00000
    Success_at_10: 1.00000
    Affinity Loss: 0.71782
    Loss: 1.43511
    test_ema: Pose=0.7094, BalAcc=0.7008, PR=0.4580, Rneg=0.4605, Rpos=0.9412, MAE=1.1213, RMSE=1.4004, r=0.7794, Cidx=0.7874
>>> Train Results - Epoch[36] <<<
    Balanced Accuracy: 0.69313
    Accuracy: 0.50756
    Pose Loss: 0.71270
    Pose Recall Neg: 0.44607
    Pose Recall Pos: 0.94019
    MCC: 0.26049
    PR AUC: 0.42475
    MAE: 1.02762
    RMSE: 1.30036
    Pearson R: 0.79435
    Spearman Rho: 0.79466
    C-index: 0.79848
    EF_1pct: 3.61829
    EF_5pct: 1.84053
    Success_at_1: 1.00000
    Success_at_5: 1.00000
    Success_at_10: 1.00000
    Affinity Loss: 0.68097
    Loss: 1.39367
    Epoch Time: 13.90512
    Elapsed Time: 511.98858
    lr: 0.000936
    train_ema: Pose=0.7053, BalAcc=0.6938, PR=0.4156, Rneg=0.4658, Rpos=0.9219, MAE=1.0151, RMSE=1.2881, r=0.7834, Cidx=0.7921
>>> Test Results - Epoch[36] <<<
    Balanced Accuracy: 0.70018
    Accuracy: 0.51408
    Pose Loss: 0.71628
    Pose Recall Neg: 0.44531
    Pose Recall Pos: 0.95506
    MCC: 0.28025
    PR AUC: 0.45814
    MAE: 1.15991
    RMSE: 1.47466
    Pearson R: 0.77646
    Spearman Rho: 0.75384
    C-index: 0.78726
    EF_1pct: 1.89256
    EF_5pct: 2.08577
    Success_at_1: 1.00000
    Success_at_5: 1.00000
    Success_at_10: 1.00000
    Affinity Loss: 0.80431
    Loss: 1.52059
    test_ema: Pose=0.7115, BalAcc=0.7006, PR=0.4580, Rneg=0.4559, Rpos=0.9453, MAE=1.1329, RMSE=1.4227, r=0.7785, Cidx=0.7873
>>> Train Results - Epoch[38] <<<
    Balanced Accuracy: 0.70429
    Accuracy: 0.53147
    Pose Loss: 0.69565
    Pose Recall Neg: 0.47419
    Pose Recall Pos: 0.93439
    MCC: 0.27298
    PR AUC: 0.44083
    MAE: 0.95423
    RMSE: 1.21869
    Pearson R: 0.80439
    Spearman Rho: 0.80262
    C-index: 0.80268
    EF_1pct: 3.81144
    EF_5pct: 2.02871
    Success_at_1: 1.00000
    Success_at_5: 1.00000
    Success_at_10: 1.00000
    Affinity Loss: 0.61015
    Loss: 1.30580
    Epoch Time: 13.85663
    Elapsed Time: 539.84894
    lr: 0.000928
    train_ema: Pose=0.7024, BalAcc=0.6970, PR=0.4231, Rneg=0.4683, Rpos=0.9256, MAE=0.9968, RMSE=1.2673, r=0.7897, Cidx=0.7953
>>> Test Results - Epoch[38] <<<
    Balanced Accuracy: 0.70917
    Accuracy: 0.52728
    Pose Loss: 0.69960
    Pose Recall Neg: 0.46008
    Pose Recall Pos: 0.95827
    MCC: 0.29129
    PR AUC: 0.48260
    MAE: 1.12323
    RMSE: 1.43124
    Pearson R: 0.76571
    Spearman Rho: 0.74268
    C-index: 0.78126
    EF_1pct: 2.36570
    EF_5pct: 2.72755
    Success_at_1: 1.00000
    Success_at_5: 1.00000
    Success_at_10: 1.00000
    Affinity Loss: 0.75929
    Loss: 1.45889
    test_ema: Pose=0.7079, BalAcc=0.7032, PR=0.4654, Rneg=0.4572, Rpos=0.9492, MAE=1.1300, RMSE=1.4253, r=0.7747, Cidx=0.7855
  [DEBUG] Grad norms:
    features: 0.8366
    pose: 0.0333
    affinity: 0.1120
    log_sigma_head: 0.0152
>>> Train Results - Epoch[40] <<<
    Balanced Accuracy: 0.65243
    Accuracy: 0.41404
    Pose Loss: 0.79535
    Pose Recall Neg: 0.33503
    Pose Recall Pos: 0.96984
    MCC: 0.22023
    PR AUC: 0.43934
    MAE: 0.94618
    RMSE: 1.21202
    Pearson R: 0.80638
    Spearman Rho: 0.80466
    C-index: 0.80568
    EF_1pct: 3.78569
    EF_5pct: 2.07511
    Success_at_1: 1.00000
    Success_at_5: 1.00000
    Success_at_10: 1.00000
    Affinity Loss: 0.60502
    Loss: 1.40038
    Epoch Time: 14.44035
    Elapsed Time: 568.41910
    lr: 0.000919
    train_ema: Pose=0.7303, BalAcc=0.6836, PR=0.4280, Rneg=0.4283, Rpos=0.9389, MAE=0.9816, RMSE=1.2507, r=0.7947, Cidx=0.7984
>>> Test Results - Epoch[40] <<<
    Balanced Accuracy: 0.64964
    Accuracy: 0.40905
    Pose Loss: 0.80901
    Pose Recall Neg: 0.32015
    Pose Recall Pos: 0.97913
    MCC: 0.22777
    PR AUC: 0.46760
    MAE: 1.09281
    RMSE: 1.41069
    Pearson R: 0.77039
    Spearman Rho: 0.74610
    C-index: 0.78270
    EF_1pct: 2.68112
    EF_5pct: 2.95217
    Success_at_1: 1.00000
    Success_at_5: 1.00000
    Success_at_10: 1.00000
    Affinity Loss: 0.73177
    Loss: 1.54078
    test_ema: Pose=0.7382, BalAcc=0.6871, PR=0.4660, Rneg=0.4161, Rpos=0.9582, MAE=1.1188, RMSE=1.4209, r=0.7734, Cidx=0.7847
>>> Train Results - Epoch[42] <<<
    Balanced Accuracy: 0.71505
    Accuracy: 0.55176
    Pose Loss: 0.69378
    Pose Recall Neg: 0.49765
    Pose Recall Pos: 0.93246
    MCC: 0.28575
    PR AUC: 0.44467
    MAE: 0.94195
    RMSE: 1.20533
    Pearson R: 0.81165
    Spearman Rho: 0.80979
    C-index: 0.80872
    EF_1pct: 3.56679
    EF_5pct: 2.00809
    Success_at_1: 1.00000
    Success_at_5: 1.00000
    Success_at_10: 1.00000
    Affinity Loss: 0.60077
    Loss: 1.29454
    Epoch Time: 13.93498
    Elapsed Time: 596.46628
    lr: 0.000910
    train_ema: Pose=0.7193, BalAcc=0.6930, PR=0.4330, Rneg=0.4491, Rpos=0.9370, MAE=0.9697, RMSE=1.2371, r=0.7998, Cidx=0.8015
>>> Test Results - Epoch[42] <<<
    Balanced Accuracy: 0.71044
    Accuracy: 0.55175
    Pose Loss: 0.70442
    Pose Recall Neg: 0.49312
    Pose Recall Pos: 0.92777
    MCC: 0.28993
    PR AUC: 0.47783
    MAE: 1.13058
    RMSE: 1.43262
    Pearson R: 0.76039
    Spearman Rho: 0.73698
    C-index: 0.78210
    EF_1pct: 2.83884
    EF_5pct: 2.72755
    Success_at_1: 0.00000
    Success_at_5: 1.00000
    Success_at_10: 1.00000
    Affinity Loss: 0.75726
    Loss: 1.46167
    test_ema: Pose=0.7281, BalAcc=0.6941, PR=0.4696, Rneg=0.4392, Rpos=0.9491, MAE=1.1224, RMSE=1.4244, r=0.7695, Cidx=0.7839
>>> Train Results - Epoch[44] <<<
    Balanced Accuracy: 0.73030
    Accuracy: 0.59182
    Pose Loss: 0.66864
    Pose Recall Neg: 0.54593
    Pose Recall Pos: 0.91467
    MCC: 0.30417
    PR AUC: 0.44209
    MAE: 0.91962
    RMSE: 1.18631
    Pearson R: 0.81681
    Spearman Rho: 0.81475
    C-index: 0.81036
    EF_1pct: 3.12899
    EF_5pct: 1.85342
    Success_at_1: 1.00000
    Success_at_5: 1.00000
    Success_at_10: 1.00000
    Affinity Loss: 0.58078
    Loss: 1.24942
    Epoch Time: 14.07896
    Elapsed Time: 624.77616
    lr: 0.000901
    train_ema: Pose=0.7041, BalAcc=0.7042, PR=0.4357, Rneg=0.4782, Rpos=0.9303, MAE=0.9547, RMSE=1.2219, r=0.8049, Cidx=0.8042
>>> Test Results - Epoch[44] <<<
    Balanced Accuracy: 0.72989
    Accuracy: 0.57016
    Pose Loss: 0.67823
    Pose Recall Neg: 0.51114
    Pose Recall Pos: 0.94864
    MCC: 0.31578
    PR AUC: 0.49207
    MAE: 1.08505
    RMSE: 1.36602
    Pearson R: 0.78787
    Spearman Rho: 0.76133
    C-index: 0.78948
    EF_1pct: 2.05027
    EF_5pct: 2.21413
    Success_at_1: 0.00000
    Success_at_5: 1.00000
    Success_at_10: 1.00000
    Affinity Loss: 0.71626
    Loss: 1.39449
    test_ema: Pose=0.7131, BalAcc=0.7049, PR=0.4763, Rneg=0.4608, Rpos=0.9489, MAE=1.1112, RMSE=1.4069, r=0.7750, Cidx=0.7856
>>> Train Results - Epoch[46] <<<
    Balanced Accuracy: 0.71096
    Accuracy: 0.53472
    Pose Loss: 0.70975
    Pose Recall Neg: 0.47632
    Pose Recall Pos: 0.94560
    MCC: 0.28185
    PR AUC: 0.45344
    MAE: 0.94358
    RMSE: 1.20801
    Pearson R: 0.81494
    Spearman Rho: 0.81179
    C-index: 0.81128
    EF_1pct: 3.14186
    EF_5pct: 1.76062
    Success_at_1: 1.00000
    Success_at_5: 1.00000
    Success_at_10: 1.00000
    Affinity Loss: 0.60513
    Loss: 1.31488
    Epoch Time: 14.44343
    Elapsed Time: 653.33255
    lr: 0.000891
    train_ema: Pose=0.7058, BalAcc=0.7062, PR=0.4410, Rneg=0.4776, Rpos=0.9349, MAE=0.9514, RMSE=1.2177, r=0.8079, Cidx=0.8063
>>> Test Results - Epoch[46] <<<
    Balanced Accuracy: 0.70602
    Accuracy: 0.51949
    Pose Loss: 0.71554
    Pose Recall Neg: 0.45056
    Pose Recall Pos: 0.96148
    MCC: 0.28795
    PR AUC: 0.49116
    MAE: 1.13436
    RMSE: 1.44355
    Pearson R: 0.77127
    Spearman Rho: 0.74720
    C-index: 0.78534
    EF_1pct: 1.73485
    EF_5pct: 2.14995
    Success_at_1: 0.00000
    Success_at_5: 1.00000
    Success_at_10: 1.00000
    Affinity Loss: 0.77250
    Loss: 1.48803
    test_ema: Pose=0.7139, BalAcc=0.7052, PR=0.4808, Rneg=0.4577, Rpos=0.9527, MAE=1.1181, RMSE=1.4179, r=0.7739, Cidx=0.7855
>>> Train Results - Epoch[48] <<<
    Balanced Accuracy: 0.71898
    Accuracy: 0.55787
    Pose Loss: 0.68455
    Pose Recall Neg: 0.50448
    Pose Recall Pos: 0.93349
    MCC: 0.29061
    PR AUC: 0.45871
    MAE: 0.92248
    RMSE: 1.19263
    Pearson R: 0.82133
    Spearman Rho: 0.81810
    C-index: 0.81342
    EF_1pct: 3.20625
    EF_5pct: 1.84053
    Success_at_1: 1.00000
    Success_at_5: 1.00000
    Success_at_10: 1.00000
    Affinity Loss: 0.58524
    Loss: 1.26980
    Epoch Time: 14.21710
    Elapsed Time: 681.63767
    lr: 0.000881
    train_ema: Pose=0.6994, BalAcc=0.7101, PR=0.4463, Rneg=0.4857, Rpos=0.9345, MAE=0.9427, RMSE=1.2102, r=0.8119, Cidx=0.8084
>>> Test Results - Epoch[48] <<<
    Balanced Accuracy: 0.71176
    Accuracy: 0.52707
    Pose Loss: 0.70801
    Pose Recall Neg: 0.45882
    Pose Recall Pos: 0.96469
    MCC: 0.29512
    PR AUC: 0.50145
    MAE: 1.11439
    RMSE: 1.39439
    Pearson R: 0.77827
    Spearman Rho: 0.75052
    C-index: 0.78540
    EF_1pct: 2.05027
    EF_5pct: 2.53502
    Success_at_1: 0.00000
    Success_at_5: 1.00000
    Success_at_10: 1.00000
    Affinity Loss: 0.73667
    Loss: 1.44468
    test_ema: Pose=0.7121, BalAcc=0.7072, PR=0.4870, Rneg=0.4580, Rpos=0.9563, MAE=1.1170, RMSE=1.4108, r=0.7752, Cidx=0.7855
  [DEBUG] Grad norms:
    features: 0.6610
    pose: 0.0202
    affinity: 0.1096
    log_sigma_head: 0.0737
>>> Train Results - Epoch[50] <<<
    Balanced Accuracy: 0.67884
    Accuracy: 0.46346
    Pose Loss: 0.74806
    Pose Recall Neg: 0.39209
    Pose Recall Pos: 0.96558
    MCC: 0.24794
    PR AUC: 0.46246
    MAE: 0.93092
    RMSE: 1.20407
    Pearson R: 0.82473
    Spearman Rho: 0.82164
    C-index: 0.81298
    EF_1pct: 2.89721
    EF_5pct: 1.76062
    Success_at_1: 1.00000
    Success_at_5: 1.00000
    Success_at_10: 1.00000
    Affinity Loss: 0.59607
    Loss: 1.34413
    Epoch Time: 14.41014
    Elapsed Time: 710.40720
    lr: 0.000870
    train_ema: Pose=0.7140, BalAcc=0.7007, PR=0.4512, Rneg=0.4576, Rpos=0.9438, MAE=0.9392, RMSE=1.2083, r=0.8158, Cidx=0.8098
>>> Test Results - Epoch[50] <<<
    Balanced Accuracy: 0.66733
    Accuracy: 0.44435
    Pose Loss: 0.76192
    Pose Recall Neg: 0.36195
    Pose Recall Pos: 0.97271
    MCC: 0.24575
    PR AUC: 0.46942
    MAE: 1.08390
    RMSE: 1.36749
    Pearson R: 0.78851
    Spearman Rho: 0.76906
    C-index: 0.79224
    EF_1pct: 1.89256
    EF_5pct: 2.43875
    Success_at_1: 0.00000
    Success_at_5: 1.00000
    Success_at_10: 1.00000
    Affinity Loss: 0.71144
    Loss: 1.47336
    test_ema: Pose=0.7270, BalAcc=0.6952, PR=0.4817, Rneg=0.4292, Rpos=0.9612, MAE=1.1071, RMSE=1.3978, r=0.7792, Cidx=0.7875
>>> Train Results - Epoch[52] <<<
    Balanced Accuracy: 0.70560
    Accuracy: 0.51730
    Pose Loss: 0.71223
    Pose Recall Neg: 0.45490
    Pose Recall Pos: 0.95630
    MCC: 0.27665
    PR AUC: 0.46511
    MAE: 0.88370
    RMSE: 1.14454
    Pearson R: 0.83037
    Spearman Rho: 0.82726
    C-index: 0.81716
    EF_1pct: 3.09036
    EF_5pct: 1.84053
    Success_at_1: 1.00000
    Success_at_5: 1.00000
    Success_at_10: 1.00000
    Affinity Loss: 0.55072
    Loss: 1.26295
    Epoch Time: 14.31743
    Elapsed Time: 739.06436
    lr: 0.000859
    train_ema: Pose=0.7135, BalAcc=0.7022, PR=0.4554, Rneg=0.4568, Rpos=0.9475, MAE=0.9225, RMSE=1.1892, r=0.8202, Cidx=0.8120
>>> Test Results - Epoch[52] <<<
    Balanced Accuracy: 0.69220
    Accuracy: 0.49675
    Pose Loss: 0.71902
    Pose Recall Neg: 0.42453
    Pose Recall Pos: 0.95987
    MCC: 0.27160
    PR AUC: 0.45885
    MAE: 1.07897
    RMSE: 1.36199
    Pearson R: 0.79088
    Spearman Rho: 0.76545
    C-index: 0.79218
    EF_1pct: 1.57713
    EF_5pct: 2.21413
    Success_at_1: 1.00000
    Success_at_5: 1.00000
    Success_at_10: 1.00000
    Affinity Loss: 0.70607
    Loss: 1.42509
    test_ema: Pose=0.7246, BalAcc=0.6943, PR=0.4749, Rneg=0.4278, Rpos=0.9608, MAE=1.0986, RMSE=1.3871, r=0.7827, Cidx=0.7889
>>> Train Results - Epoch[54] <<<
    Balanced Accuracy: 0.72471
    Accuracy: 0.56461
    Pose Loss: 0.68926
    Pose Recall Neg: 0.51155
    Pose Recall Pos: 0.93787
    MCC: 0.29789
    PR AUC: 0.45483
    MAE: 0.86840
    RMSE: 1.13065
    Pearson R: 0.83360
    Spearman Rho: 0.83238
    C-index: 0.82242
    EF_1pct: 2.97447
    EF_5pct: 1.53378
    Success_at_1: 0.00000
    Success_at_5: 1.00000
    Success_at_10: 1.00000
    Affinity Loss: 0.53443
    Loss: 1.22369
    Epoch Time: 14.20822
    Elapsed Time: 767.43100
    lr: 0.000848
    train_ema: Pose=0.7062, BalAcc=0.7089, PR=0.4552, Rneg=0.4732, Rpos=0.9446, MAE=0.9063, RMSE=1.1716, r=0.8242, Cidx=0.8151
>>> Test Results - Epoch[54] <<<
    Balanced Accuracy: 0.71561
    Accuracy: 0.53140
    Pose Loss: 0.70527
    Pose Recall Neg: 0.46333
    Pose Recall Pos: 0.96790
    MCC: 0.30008
    PR AUC: 0.48651
    MAE: 1.08205
    RMSE: 1.38448
    Pearson R: 0.77406
    Spearman Rho: 0.74701
    C-index: 0.78360
    EF_1pct: 1.89256
    EF_5pct: 2.21413
    Success_at_1: 0.00000
    Success_at_5: 1.00000
    Success_at_10: 1.00000
    Affinity Loss: 0.71136
    Loss: 1.41663
    test_ema: Pose=0.7188, BalAcc=0.7007, PR=0.4784, Rneg=0.4385, Rpos=0.9629, MAE=1.0937, RMSE=1.3863, r=0.7801, Cidx=0.7873
>>> Train Results - Epoch[56] <<<
    Balanced Accuracy: 0.74104
    Accuracy: 0.59718
    Pose Loss: 0.65864
    Pose Recall Neg: 0.54950
    Pose Recall Pos: 0.93259
    MCC: 0.31834
    PR AUC: 0.47911
    MAE: 0.86313
    RMSE: 1.12238
    Pearson R: 0.83976
    Spearman Rho: 0.83593
    C-index: 0.82294
    EF_1pct: 2.93584
    EF_5pct: 1.79671
    Success_at_1: 1.00000
    Success_at_5: 1.00000
    Success_at_10: 1.00000
    Affinity Loss: 0.53217
    Loss: 1.19081
    Epoch Time: 14.40449
    Elapsed Time: 796.03128
    lr: 0.000836
    train_ema: Pose=0.6919, BalAcc=0.7186, PR=0.4624, Rneg=0.4961, Rpos=0.9410, MAE=0.8933, RMSE=1.1569, r=0.8289, Cidx=0.8175
>>> Test Results - Epoch[56] <<<
    Balanced Accuracy: 0.73241
    Accuracy: 0.57687
    Pose Loss: 0.67450
    Pose Recall Neg: 0.51940
    Pose Recall Pos: 0.94543
    MCC: 0.31879
    PR AUC: 0.48417
    MAE: 1.09279
    RMSE: 1.38496
    Pearson R: 0.77560
    Spearman Rho: 0.75366
    C-index: 0.78476
    EF_1pct: 2.20798
    EF_5pct: 2.47084
    Success_at_1: 0.00000
    Success_at_5: 1.00000
    Success_at_10: 1.00000
    Affinity Loss: 0.71849
    Loss: 1.39299
    test_ema: Pose=0.7055, BalAcc=0.7102, PR=0.4801, Rneg=0.4627, Rpos=0.9577, MAE=1.0934, RMSE=1.3859, r=0.7788, Cidx=0.7865
>>> Train Results - Epoch[58] <<<
    Balanced Accuracy: 0.71788
    Accuracy: 0.54201
    Pose Loss: 0.69668
    Pose Recall Neg: 0.48372
    Pose Recall Pos: 0.95205
    MCC: 0.29060
    PR AUC: 0.47329
    MAE: 0.84230
    RMSE: 1.10135
    Pearson R: 0.84337
    Spearman Rho: 0.84078
    C-index: 0.82496
    EF_1pct: 3.11611
    EF_5pct: 1.87404
    Success_at_1: 1.00000
    Success_at_5: 1.00000
    Success_at_10: 1.00000
    Affinity Loss: 0.51553
    Loss: 1.21221
    Epoch Time: 14.28291
    Elapsed Time: 824.68665
    lr: 0.000824
    train_ema: Pose=0.6934, BalAcc=0.7184, PR=0.4656, Rneg=0.4924, Rpos=0.9443, MAE=0.8780, RMSE=1.1402, r=0.8332, Cidx=0.8197
>>> Test Results - Epoch[58] <<<
    Balanced Accuracy: 0.70446
    Accuracy: 0.52382
    Pose Loss: 0.70490
    Pose Recall Neg: 0.45707
    Pose Recall Pos: 0.95185
    MCC: 0.28493
    PR AUC: 0.48150
    MAE: 1.07860
    RMSE: 1.38043
    Pearson R: 0.77665
    Spearman Rho: 0.75880
    C-index: 0.78918
    EF_1pct: 1.89256
    EF_5pct: 2.63128
    Success_at_1: 0.00000
    Success_at_5: 1.00000
    Success_at_10: 1.00000
    Affinity Loss: 0.70731
    Loss: 1.41221
    test_ema: Pose=0.7053, BalAcc=0.7085, PR=0.4805, Rneg=0.4610, Rpos=0.9559, MAE=1.0890, RMSE=1.3843, r=0.7781, Cidx=0.7873
  [DEBUG] Grad norms:
    features: 0.9222
    pose: 0.0213
    affinity: 0.1108
    log_sigma_head: 0.0289
>>> Train Results - Epoch[60] <<<
    Balanced Accuracy: 0.73948
    Accuracy: 0.59541
    Pose Loss: 0.65894
    Pose Recall Neg: 0.54767
    Pose Recall Pos: 0.93130
    MCC: 0.31630
    PR AUC: 0.47218
    MAE: 0.84972
    RMSE: 1.10766
    Pearson R: 0.84196
    Spearman Rho: 0.84153
    C-index: 0.82636
    EF_1pct: 3.02598
    EF_5pct: 1.85600
    Success_at_1: 1.00000
    Success_at_5: 1.00000
    Success_at_10: 1.00000
    Affinity Loss: 0.51916
    Loss: 1.17811
    Epoch Time: 14.16737
    Elapsed Time: 853.65422
    lr: 0.000812
    train_ema: Pose=0.6830, BalAcc=0.7247, PR=0.4676, Rneg=0.5090, Rpos=0.9404, MAE=0.8695, RMSE=1.1304, r=0.8358, Cidx=0.8217
>>> Test Results - Epoch[60] <<<
    Balanced Accuracy: 0.73211
    Accuracy: 0.57752
    Pose Loss: 0.66829
    Pose Recall Neg: 0.52040
    Pose Recall Pos: 0.94382
    MCC: 0.31832
    PR AUC: 0.48374
    MAE: 1.09442
    RMSE: 1.41765
    Pearson R: 0.76342
    Spearman Rho: 0.74744
    C-index: 0.77912
    EF_1pct: 2.05027
    EF_5pct: 2.43875
    Success_at_1: 0.00000
    Success_at_5: 1.00000
    Success_at_10: 1.00000
    Affinity Loss: 0.72635
    Loss: 1.39464
    test_ema: Pose=0.6942, BalAcc=0.7156, PR=0.4815, Rneg=0.4789, Rpos=0.9523, MAE=1.0906, RMSE=1.3943, r=0.7737, Cidx=0.7849
>>> Train Results - Epoch[62] <<<
    Balanced Accuracy: 0.75711
    Accuracy: 0.65068
    Pose Loss: 0.62548
    Pose Recall Neg: 0.61541
    Pose Recall Pos: 0.89881
    MCC: 0.34130
    PR AUC: 0.48049
    MAE: 0.83610
    RMSE: 1.09892
    Pearson R: 0.84394
    Spearman Rho: 0.84384
    C-index: 0.82718
    EF_1pct: 3.03885
    EF_5pct: 1.58791
    Success_at_1: 0.00000
    Success_at_5: 1.00000
    Success_at_10: 1.00000
    Affinity Loss: 0.50949
    Loss: 1.13496
    Epoch Time: 14.21321
    Elapsed Time: 881.83122
    lr: 0.000799
    train_ema: Pose=0.6658, BalAcc=0.7344, PR=0.4715, Rneg=0.5409, Rpos=0.9279, MAE=0.8595, RMSE=1.1210, r=0.8383, Cidx=0.8234
>>> Test Results - Epoch[62] <<<
    Balanced Accuracy: 0.75483
    Accuracy: 0.62386
    Pose Loss: 0.64202
    Pose Recall Neg: 0.57547
    Pose Recall Pos: 0.93419
    MCC: 0.34825
    PR AUC: 0.48256
    MAE: 1.06221
    RMSE: 1.39222
    Pearson R: 0.77231
    Spearman Rho: 0.75047
    C-index: 0.78406
    EF_1pct: 1.89256
    EF_5pct: 2.11786
    Success_at_1: 0.00000
    Success_at_5: 1.00000
    Success_at_10: 1.00000
    Affinity Loss: 0.71299
    Loss: 1.35500
    test_ema: Pose=0.6786, BalAcc=0.7274, PR=0.4818, Rneg=0.5078, Rpos=0.9469, MAE=1.0821, RMSE=1.3937, r=0.7733, Cidx=0.7846
>>> Train Results - Epoch[64] <<<
    Balanced Accuracy: 0.69618
    Accuracy: 0.49693
    Pose Loss: 0.73635
    Pose Recall Neg: 0.43090
    Pose Recall Pos: 0.96146
    MCC: 0.26656
    PR AUC: 0.47615
    MAE: 0.82561
    RMSE: 1.08379
    Pearson R: 0.85090
    Spearman Rho: 0.84903
    C-index: 0.83166
    EF_1pct: 3.21912
    EF_5pct: 1.99778
    Success_at_1: 1.00000
    Success_at_5: 1.00000
    Success_at_10: 1.00000
    Affinity Loss: 0.50346
    Loss: 1.23981
    Epoch Time: 14.09634
    Elapsed Time: 910.01553
    lr: 0.000786
    train_ema: Pose=0.6869, BalAcc=0.7229, PR=0.4729, Rneg=0.5079, Rpos=0.9380, MAE=0.8493, RMSE=1.1098, r=0.8421, Cidx=0.8258
>>> Test Results - Epoch[64] <<<
    Balanced Accuracy: 0.67986
    Accuracy: 0.46016
    Pose Loss: 0.76056
    Pose Recall Neg: 0.37897
    Pose Recall Pos: 0.98074
    MCC: 0.26125
    PR AUC: 0.47325
    MAE: 1.06040
    RMSE: 1.37462
    Pearson R: 0.78563
    Spearman Rho: 0.76608
    C-index: 0.79724
    EF_1pct: 2.36570
    EF_5pct: 2.63128
    Success_at_1: 0.00000
    Success_at_5: 1.00000
    Success_at_10: 1.00000
    Affinity Loss: 0.70708
    Loss: 1.46763
    test_ema: Pose=0.7032, BalAcc=0.7131, PR=0.4792, Rneg=0.4692, Rpos=0.9570, MAE=1.0756, RMSE=1.3879, r=0.7770, Cidx=0.7884
>>> Train Results - Epoch[66] <<<
    Balanced Accuracy: 0.73195
    Accuracy: 0.57515
    Pose Loss: 0.67236
    Pose Recall Neg: 0.52319
    Pose Recall Pos: 0.94071
    MCC: 0.30700
    PR AUC: 0.48330
    MAE: 0.82412
    RMSE: 1.07811
    Pearson R: 0.85490
    Spearman Rho: 0.85294
    C-index: 0.83150
    EF_1pct: 2.71694
    EF_5pct: 1.59049
    Success_at_1: 0.00000
    Success_at_5: 1.00000
    Success_at_10: 1.00000
    Affinity Loss: 0.49809
    Loss: 1.17045
    Epoch Time: 14.10401
    Elapsed Time: 938.21077
    lr: 0.000773
    train_ema: Pose=0.6826, BalAcc=0.7256, PR=0.4760, Rneg=0.5125, Rpos=0.9388, MAE=0.8418, RMSE=1.1003, r=0.8459, Cidx=0.8275
>>> Test Results - Epoch[66] <<<
    Balanced Accuracy: 0.70283
    Accuracy: 0.52100
    Pose Loss: 0.70283
    Pose Recall Neg: 0.45382
    Pose Recall Pos: 0.95185
    MCC: 0.28299
    PR AUC: 0.46578
    MAE: 1.07884
    RMSE: 1.40398
    Pearson R: 0.77967
    Spearman Rho: 0.76118
    C-index: 0.79292
    EF_1pct: 1.57713
    EF_5pct: 1.98951
    Success_at_1: 0.00000
    Success_at_5: 0.00000
    Success_at_10: 1.00000
    Affinity Loss: 0.72571
    Loss: 1.42854
    test_ema: Pose=0.7031, BalAcc=0.7100, PR=0.4752, Rneg=0.4646, Rpos=0.9555, MAE=1.0766, RMSE=1.3928, r=0.7778, Cidx=0.7898
>>> Train Results - Epoch[68] <<<
    Balanced Accuracy: 0.75058
    Accuracy: 0.62753
    Pose Loss: 0.62947
    Pose Recall Neg: 0.58675
    Pose Recall Pos: 0.91441
    MCC: 0.33126
    PR AUC: 0.47804
    MAE: 0.82097
    RMSE: 1.07509
    Pearson R: 0.85309
    Spearman Rho: 0.85187
    C-index: 0.83422
    EF_1pct: 2.51092
    EF_5pct: 1.50800
    Success_at_1: 1.00000
    Success_at_5: 1.00000
    Success_at_10: 1.00000
    Affinity Loss: 0.49607
    Loss: 1.12554
    Epoch Time: 14.17256
    Elapsed Time: 966.50377
    lr: 0.000759
    train_ema: Pose=0.6666, BalAcc=0.7331, PR=0.4766, Rneg=0.5348, Rpos=0.9315, MAE=0.8355, RMSE=1.0927, r=0.8481, Cidx=0.8295
>>> Test Results - Epoch[68] <<<
    Balanced Accuracy: 0.74519
    Accuracy: 0.60719
    Pose Loss: 0.64702
    Pose Recall Neg: 0.55620
    Pose Recall Pos: 0.93419
    MCC: 0.33512
    PR AUC: 0.47288
    MAE: 1.08570
    RMSE: 1.38099
    Pearson R: 0.77625
    Spearman Rho: 0.75347
    C-index: 0.78462
    EF_1pct: 2.20798
    EF_5pct: 2.75964
    Success_at_1: 0.00000
    Success_at_5: 0.00000
    Success_at_10: 1.00000
    Affinity Loss: 0.71565
    Loss: 1.36266
    test_ema: Pose=0.6862, BalAcc=0.7206, PR=0.4745, Rneg=0.4921, Rpos=0.9491, MAE=1.0793, RMSE=1.3892, r=0.7773, Cidx=0.7882
  [DEBUG] Grad norms:
    features: 0.7910
    pose: 0.0239
    affinity: 0.1436
    log_sigma_head: 0.0657
>>> Train Results - Epoch[70] <<<
    Balanced Accuracy: 0.74139
    Accuracy: 0.59373
    Pose Loss: 0.66386
    Pose Recall Neg: 0.54479
    Pose Recall Pos: 0.93800
    MCC: 0.31889
    PR AUC: 0.48135
    MAE: 0.80870
    RMSE: 1.06303
    Pearson R: 0.85469
    Spearman Rho: 0.85281
    C-index: 0.83404
    EF_1pct: 2.49804
    EF_5pct: 1.47191
    Success_at_1: 1.00000
    Success_at_5: 1.00000
    Success_at_10: 1.00000
    Affinity Loss: 0.48537
    Loss: 1.14923
    Epoch Time: 14.23868
    Elapsed Time: 994.93735
    lr: 0.000745
    train_ema: Pose=0.6658, BalAcc=0.7356, PR=0.4780, Rneg=0.5378, Rpos=0.9334, MAE=0.8275, RMSE=1.0838, r=0.8500, Cidx=0.8309
>>> Test Results - Epoch[70] <<<
    Balanced Accuracy: 0.71921
    Accuracy: 0.54699
    Pose Loss: 0.68974
    Pose Recall Neg: 0.48335
    Pose Recall Pos: 0.95506
    MCC: 0.30304
    PR AUC: 0.47263
    MAE: 1.07869
    RMSE: 1.36304
    Pearson R: 0.78447
    Spearman Rho: 0.76623
    C-index: 0.78858
    EF_1pct: 1.57713
    EF_5pct: 2.34248
    Success_at_1: 0.00000
    Success_at_5: 0.00000
    Success_at_10: 0.00000
    Affinity Loss: 0.70432
    Loss: 1.39406
    test_ema: Pose=0.6873, BalAcc=0.7202, PR=0.4739, Rneg=0.4894, Rpos=0.9509, MAE=1.0791, RMSE=1.3814, r=0.7795, Cidx=0.7883
>>> Train Results - Epoch[72] <<<
    Balanced Accuracy: 0.71828
    Accuracy: 0.54368
    Pose Loss: 0.69890
    Pose Recall Neg: 0.48581
    Pose Recall Pos: 0.95076
    MCC: 0.29097
    PR AUC: 0.47886
    MAE: 0.78815
    RMSE: 1.04325
    Pearson R: 0.86037
    Spearman Rho: 0.85825
    C-index: 0.83654
    EF_1pct: 2.98735
    EF_5pct: 1.80960
    Success_at_1: 0.00000
    Success_at_5: 1.00000
    Success_at_10: 1.00000
    Affinity Loss: 0.46984
    Loss: 1.16874
    Epoch Time: 14.32422
    Elapsed Time: 1023.42863
    lr: 0.000731
    train_ema: Pose=0.6757, BalAcc=0.7304, PR=0.4783, Rneg=0.5222, Rpos=0.9386, MAE=0.8157, RMSE=1.0717, r=0.8531, Cidx=0.8326
>>> Test Results - Epoch[72] <<<
    Balanced Accuracy: 0.69685
    Accuracy: 0.49307
    Pose Loss: 0.73344
    Pose Recall Neg: 0.41777
    Pose Recall Pos: 0.97592
    MCC: 0.27942
    PR AUC: 0.47228
    MAE: 1.04203
    RMSE: 1.36140
    Pearson R: 0.78647
    Spearman Rho: 0.77025
    C-index: 0.79586
    EF_1pct: 1.57713
    EF_5pct: 2.14995
    Success_at_1: 0.00000
    Success_at_5: 0.00000
    Success_at_10: 1.00000
    Affinity Loss: 0.68558
    Loss: 1.41902
    test_ema: Pose=0.7011, BalAcc=0.7132, PR=0.4734, Rneg=0.4679, Rpos=0.9584, MAE=1.0680, RMSE=1.3754, r=0.7816, Cidx=0.7906
>>> Train Results - Epoch[74] <<<
    Balanced Accuracy: 0.68528
    Accuracy: 0.47126
    Pose Loss: 0.75917
    Pose Recall Neg: 0.40033
    Pose Recall Pos: 0.97022
    MCC: 0.25576
    PR AUC: 0.48564
    MAE: 0.79126
    RMSE: 1.04383
    Pearson R: 0.86097
    Spearman Rho: 0.85782
    C-index: 0.83646
    EF_1pct: 3.09036
    EF_5pct: 1.87920
    Success_at_1: 1.00000
    Success_at_5: 1.00000
    Success_at_10: 1.00000
    Affinity Loss: 0.47176
    Loss: 1.23092
    Epoch Time: 14.07370
    Elapsed Time: 1051.91818
    lr: 0.000717
    train_ema: Pose=0.7008, BalAcc=0.7169, PR=0.4805, Rneg=0.4856, Rpos=0.9481, MAE=0.8084, RMSE=1.0633, r=0.8555, Cidx=0.8337
>>> Test Results - Epoch[74] <<<
    Balanced Accuracy: 0.65617
    Accuracy: 0.42269
    Pose Loss: 0.78923
    Pose Recall Neg: 0.33642
    Pose Recall Pos: 0.97592
    MCC: 0.23414
    PR AUC: 0.49070
    MAE: 1.08170
    RMSE: 1.40284
    Pearson R: 0.77126
    Spearman Rho: 0.75291
    C-index: 0.78910
    EF_1pct: 1.89256
    EF_5pct: 2.56711
    Success_at_1: 0.00000
    Success_at_5: 0.00000
    Success_at_10: 1.00000
    Affinity Loss: 0.71764
    Loss: 1.50687
    test_ema: Pose=0.7276, BalAcc=0.6961, PR=0.4786, Rneg=0.4285, Rpos=0.9637, MAE=1.0721, RMSE=1.3836, r=0.7785, Cidx=0.7901
>>> Train Results - Epoch[76] <<<
    Balanced Accuracy: 0.72089
    Accuracy: 0.55142
    Pose Loss: 0.68701
    Pose Recall Neg: 0.49526
    Pose Recall Pos: 0.94651
    MCC: 0.29376
    PR AUC: 0.47421
    MAE: 0.78981
    RMSE: 1.04378
    Pearson R: 0.86135
    Spearman Rho: 0.85848
    C-index: 0.83730
    EF_1pct: 2.57530
    EF_5pct: 1.53378
    Success_at_1: 0.00000
    Success_at_5: 0.00000
    Success_at_10: 0.00000
    Affinity Loss: 0.46841
    Loss: 1.15542
    Epoch Time: 14.07923
    Elapsed Time: 1079.85235
    lr: 0.000702
    train_ema: Pose=0.6966, BalAcc=0.7181, PR=0.4786, Rneg=0.4885, Rpos=0.9476, MAE=0.8028, RMSE=1.0575, r=0.8572, Cidx=0.8348
>>> Test Results - Epoch[76] <<<
    Balanced Accuracy: 0.70534
    Accuracy: 0.51949
    Pose Loss: 0.71071
    Pose Recall Neg: 0.45081
    Pose Recall Pos: 0.95987
    MCC: 0.28695
    PR AUC: 0.45195
    MAE: 1.02577
    RMSE: 1.34815
    Pearson R: 0.78728
    Spearman Rho: 0.76459
    C-index: 0.79566
    EF_1pct: 1.57713
    EF_5pct: 2.37457
    Success_at_1: 0.00000
    Success_at_5: 0.00000
    Success_at_10: 1.00000
    Affinity Loss: 0.66848
    Loss: 1.37918
    test_ema: Pose=0.7225, BalAcc=0.6989, PR=0.4706, Rneg=0.4352, Rpos=0.9625, MAE=1.0582, RMSE=1.3730, r=0.7811, Cidx=0.7918
>>> Train Results - Epoch[78] <<<
    Balanced Accuracy: 0.69847
    Accuracy: 0.49398
    Pose Loss: 0.72448
    Pose Recall Neg: 0.42621
    Pose Recall Pos: 0.97074
    MCC: 0.27040
    PR AUC: 0.48624
    MAE: 0.76681
    RMSE: 1.02180
    Pearson R: 0.86749
    Spearman Rho: 0.86537
    C-index: 0.84370
    EF_1pct: 3.02598
    EF_5pct: 1.78640
    Success_at_1: 1.00000
    Success_at_5: 1.00000
    Success_at_10: 1.00000
    Affinity Loss: 0.45270
    Loss: 1.17719
    Epoch Time: 14.06588
    Elapsed Time: 1108.22848
    lr: 0.000688
    train_ema: Pose=0.7050, BalAcc=0.7122, PR=0.4809, Rneg=0.4698, Rpos=0.9546, MAE=0.7920, RMSE=1.0468, r=0.8603, Cidx=0.8375
>>> Test Results - Epoch[78] <<<
    Balanced Accuracy: 0.67084
    Accuracy: 0.44456
    Pose Loss: 0.74416
    Pose Recall Neg: 0.36095
    Pose Recall Pos: 0.98074
    MCC: 0.25132
    PR AUC: 0.47268
    MAE: 1.06124
    RMSE: 1.36637
    Pearson R: 0.78162
    Spearman Rho: 0.75773
    C-index: 0.78702
    EF_1pct: 1.57713
    EF_5pct: 2.27831
    Success_at_1: 0.00000
    Success_at_5: 0.00000
    Success_at_10: 1.00000
    Affinity Loss: 0.68504
    Loss: 1.42919
    test_ema: Pose=0.7290, BalAcc=0.6904, PR=0.4712, Rneg=0.4129, Rpos=0.9680, MAE=1.0591, RMSE=1.3710, r=0.7813, Cidx=0.7904
  [DEBUG] Grad norms:
    features: 1.5119
    pose: 0.0331
    affinity: 0.1993
    log_sigma_head: 0.0443
>>> Train Results - Epoch[80] <<<
    Balanced Accuracy: 0.74367
    Accuracy: 0.59732
    Pose Loss: 0.65719
    Pose Recall Neg: 0.54882
    Pose Recall Pos: 0.93852
    MCC: 0.32183
    PR AUC: 0.48722
    MAE: 0.78807
    RMSE: 1.03976
    Pearson R: 0.86173
    Spearman Rho: 0.85862
    C-index: 0.83724
    EF_1pct: 2.71694
    EF_5pct: 1.69618
    Success_at_1: 1.00000
    Success_at_5: 1.00000
    Success_at_10: 1.00000
    Affinity Loss: 0.46663
    Loss: 1.12382
    Epoch Time: 13.96903
    Elapsed Time: 1136.52574
    lr: 0.000673
    train_ema: Pose=0.6907, BalAcc=0.7216, PR=0.4828, Rneg=0.4935, Rpos=0.9497, MAE=0.7908, RMSE=1.0447, r=0.8607, Cidx=0.8374
>>> Test Results - Epoch[80] <<<
    Balanced Accuracy: 0.73242
    Accuracy: 0.57103
    Pose Loss: 0.67721
    Pose Recall Neg: 0.51139
    Pose Recall Pos: 0.95345
    MCC: 0.31929
    PR AUC: 0.46546
    MAE: 1.03420
    RMSE: 1.32572
    Pearson R: 0.79625
    Spearman Rho: 0.77446
    C-index: 0.79524
    EF_1pct: 1.73485
    EF_5pct: 2.53502
    Success_at_1: 0.00000
    Success_at_5: 0.00000
    Success_at_10: 1.00000
    Affinity Loss: 0.67122
    Loss: 1.34843
    test_ema: Pose=0.7135, BalAcc=0.7030, PR=0.4695, Rneg=0.4425, Rpos=0.9636, MAE=1.0516, RMSE=1.3574, r=0.7858, Cidx=0.7918
>>> Train Results - Epoch[82] <<<
    Balanced Accuracy: 0.75153
    Accuracy: 0.62028
    Pose Loss: 0.63501
    Pose Recall Neg: 0.57678
    Pose Recall Pos: 0.92627
    MCC: 0.33225
    PR AUC: 0.49299
    MAE: 0.77317
    RMSE: 1.02666
    Pearson R: 0.86543
    Spearman Rho: 0.86483
    C-index: 0.84150
    EF_1pct: 2.63968
    EF_5pct: 1.48738
    Success_at_1: 1.00000
    Success_at_5: 1.00000
    Success_at_10: 1.00000
    Affinity Loss: 0.45647
    Loss: 1.09148
    Epoch Time: 14.38022
    Elapsed Time: 1164.95334
    lr: 0.000658
    train_ema: Pose=0.6740, BalAcc=0.7306, PR=0.4859, Rneg=0.5185, Rpos=0.9427, MAE=0.7855, RMSE=1.0393, r=0.8621, Cidx=0.8386
>>> Test Results - Epoch[82] <<<
    Balanced Accuracy: 0.74393
    Accuracy: 0.61087
    Pose Loss: 0.64545
    Pose Recall Neg: 0.56170
    Pose Recall Pos: 0.92616
    MCC: 0.33334
    PR AUC: 0.49148
    MAE: 1.05813
    RMSE: 1.36274
    Pearson R: 0.78663
    Spearman Rho: 0.76965
    C-index: 0.79220
    EF_1pct: 1.57713
    EF_5pct: 2.47084
    Success_at_1: 0.00000
    Success_at_5: 0.00000
    Success_at_10: 1.00000
    Affinity Loss: 0.69678
    Loss: 1.34224
    test_ema: Pose=0.6931, BalAcc=0.7153, PR=0.4761, Rneg=0.4782, Rpos=0.9524, MAE=1.0536, RMSE=1.3590, r=0.7860, Cidx=0.7919
>>> Train Results - Epoch[84] <<<
    Balanced Accuracy: 0.72437
    Accuracy: 0.55279
    Pose Loss: 0.68229
    Pose Recall Neg: 0.49592
    Pose Recall Pos: 0.95282
    MCC: 0.29841
    PR AUC: 0.49268
    MAE: 0.77412
    RMSE: 1.02855
    Pearson R: 0.86839
    Spearman Rho: 0.86664
    C-index: 0.84174
    EF_1pct: 3.11611
    EF_5pct: 1.89724
    Success_at_1: 1.00000
    Success_at_5: 1.00000
    Success_at_10: 1.00000
    Affinity Loss: 0.45952
    Loss: 1.14181
    Epoch Time: 14.31100
    Elapsed Time: 1193.40025
    lr: 0.000642
    train_ema: Pose=0.6765, BalAcc=0.7287, PR=0.4879, Rneg=0.5117, Rpos=0.9457, MAE=0.7821, RMSE=1.0360, r=0.8640, Cidx=0.8396
>>> Test Results - Epoch[84] <<<
    Balanced Accuracy: 0.70877
    Accuracy: 0.52425
    Pose Loss: 0.69716
    Pose Recall Neg: 0.45607
    Pose Recall Pos: 0.96148
    MCC: 0.29120
    PR AUC: 0.48601
    MAE: 1.05984
    RMSE: 1.37790
    Pearson R: 0.77719
    Spearman Rho: 0.75895
    C-index: 0.79424
    EF_1pct: 1.57713
    EF_5pct: 2.40666
    Success_at_1: 0.00000
    Success_at_5: 1.00000
    Success_at_10: 1.00000
    Affinity Loss: 0.69155
    Loss: 1.38871
    test_ema: Pose=0.6943, BalAcc=0.7133, PR=0.4791, Rneg=0.4716, Rpos=0.9551, MAE=1.0555, RMSE=1.3647, r=0.7834, Cidx=0.7926
>>> Train Results - Epoch[86] <<<
    Balanced Accuracy: 0.75539
    Accuracy: 0.62957
    Pose Loss: 0.63047
    Pose Recall Neg: 0.58787
    Pose Recall Pos: 0.92292
    MCC: 0.33762
    PR AUC: 0.50383
    MAE: 0.75853
    RMSE: 1.01023
    Pearson R: 0.87359
    Spearman Rho: 0.87156
    C-index: 0.84566
    EF_1pct: 2.74269
    EF_5pct: 1.66782
    Success_at_1: 1.00000
    Success_at_5: 1.00000
    Success_at_10: 1.00000
    Affinity Loss: 0.44688
    Loss: 1.07735
    Epoch Time: 14.32261
    Elapsed Time: 1222.00565
    lr: 0.000627
    train_ema: Pose=0.6627, BalAcc=0.7367, PR=0.4927, Rneg=0.5346, Rpos=0.9389, MAE=0.7750, RMSE=1.0283, r=0.8669, Cidx=0.8414
>>> Test Results - Epoch[86] <<<
    Balanced Accuracy: 0.74617
    Accuracy: 0.60654
    Pose Loss: 0.64819
    Pose Recall Neg: 0.55494
    Pose Recall Pos: 0.93740
    MCC: 0.33648
    PR AUC: 0.47619
    MAE: 1.04184
    RMSE: 1.38044
    Pearson R: 0.79000
    Spearman Rho: 0.77172
    C-index: 0.79554
    EF_1pct: 1.57713
    EF_5pct: 2.40666
    Success_at_1: 0.00000
    Success_at_5: 0.00000
    Success_at_10: 1.00000
    Affinity Loss: 0.69001
    Loss: 1.33820
    test_ema: Pose=0.6805, BalAcc=0.7232, PR=0.4782, Rneg=0.4966, Rpos=0.9498, MAE=1.0514, RMSE=1.3694, r=0.7854, Cidx=0.7935
>>> Train Results - Epoch[88] <<<
    Balanced Accuracy: 0.76277
    Accuracy: 0.64219
    Pose Loss: 0.62165
    Pose Recall Neg: 0.60223
    Pose Recall Pos: 0.92330
    MCC: 0.34791
    PR AUC: 0.50081
    MAE: 0.76635
    RMSE: 1.01564
    Pearson R: 0.87183
    Spearman Rho: 0.86925
    C-index: 0.84490
    EF_1pct: 2.72982
    EF_5pct: 1.66009
    Success_at_1: 1.00000
    Success_at_5: 1.00000
    Success_at_10: 1.00000
    Affinity Loss: 0.44902
    Loss: 1.07067
    Epoch Time: 14.20973
    Elapsed Time: 1250.33900
    lr: 0.000611
    train_ema: Pose=0.6504, BalAcc=0.7445, PR=0.4951, Rneg=0.5549, Rpos=0.9342, MAE=0.7724, RMSE=1.0245, r=0.8684, Cidx=0.8424
>>> Test Results - Epoch[88] <<<
    Balanced Accuracy: 0.75343
    Accuracy: 0.61910
    Pose Loss: 0.63917
    Pose Recall Neg: 0.56946
    Pose Recall Pos: 0.93740
    MCC: 0.34631
    PR AUC: 0.48641
    MAE: 1.01837
    RMSE: 1.34322
    Pearson R: 0.79017
    Spearman Rho: 0.77270
    C-index: 0.79976
    EF_1pct: 1.89256
    EF_5pct: 2.85591
    Success_at_1: 0.00000
    Success_at_5: 1.00000
    Success_at_10: 1.00000
    Affinity Loss: 0.66304
    Loss: 1.30221
    test_ema: Pose=0.6681, BalAcc=0.7323, PR=0.4807, Rneg=0.5185, Rpos=0.9461, MAE=1.0415, RMSE=1.3616, r=0.7868, Cidx=0.7954
  [DEBUG] Grad norms:
    features: 1.6879
    pose: 0.0163
    affinity: 0.1981
    log_sigma_head: 0.0233
>>> Train Results - Epoch[90] <<<
    Balanced Accuracy: 0.75738
    Accuracy: 0.62676
    Pose Loss: 0.63083
    Pose Recall Neg: 0.58347
    Pose Recall Pos: 0.93130
    MCC: 0.34011
    PR AUC: 0.50149
    MAE: 0.73965
    RMSE: 0.98526
    Pearson R: 0.87831
    Spearman Rho: 0.87602
    C-index: 0.84836
    EF_1pct: 2.39503
    EF_5pct: 1.53893
    Success_at_1: 0.00000
    Success_at_5: 1.00000
    Success_at_10: 1.00000
    Affinity Loss: 0.43058
    Loss: 1.06141
    Epoch Time: 13.85491
    Elapsed Time: 1277.85913
    lr: 0.000596
    train_ema: Pose=0.6445, BalAcc=0.7484, PR=0.4970, Rneg=0.5634, Rpos=0.9333, MAE=0.7626, RMSE=1.0127, r=0.8714, Cidx=0.8442
>>> Test Results - Epoch[90] <<<
    Balanced Accuracy: 0.74441
    Accuracy: 0.59528
    Pose Loss: 0.65193
    Pose Recall Neg: 0.54018
    Pose Recall Pos: 0.94864
    MCC: 0.33442
    PR AUC: 0.48872
    MAE: 1.03151
    RMSE: 1.36212
    Pearson R: 0.78262
    Spearman Rho: 0.76295
    C-index: 0.79006
    EF_1pct: 1.57713
    EF_5pct: 2.18204
    Success_at_1: 0.00000
    Success_at_5: 0.00000
    Success_at_10: 1.00000
    Affinity Loss: 0.66995
    Loss: 1.32189
    test_ema: Pose=0.6632, BalAcc=0.7359, PR=0.4831, Rneg=0.5250, Rpos=0.9468, MAE=1.0385, RMSE=1.3617, r=0.7855, Cidx=0.7938
>>> Train Results - Epoch[92] <<<
    Balanced Accuracy: 0.74106
    Accuracy: 0.58521
    Pose Loss: 0.65849
    Pose Recall Neg: 0.53356
    Pose Recall Pos: 0.94857
    MCC: 0.31875
    PR AUC: 0.50177
    MAE: 0.77044
    RMSE: 1.01932
    Pearson R: 0.87545
    Spearman Rho: 0.87426
    C-index: 0.84580
    EF_1pct: 2.38215
    EF_5pct: 1.51831
    Success_at_1: 1.00000
    Success_at_5: 1.00000
    Success_at_10: 1.00000
    Affinity Loss: 0.45550
    Loss: 1.11399
    Epoch Time: 14.40253
    Elapsed Time: 1306.30500
    lr: 0.000580
    train_ema: Pose=0.6487, BalAcc=0.7462, PR=0.4984, Rneg=0.5545, Rpos=0.9379, MAE=0.7649, RMSE=1.0147, r=0.8726, Cidx=0.8447
>>> Test Results - Epoch[92] <<<
    Balanced Accuracy: 0.72765
    Accuracy: 0.55457
    Pose Loss: 0.67955
    Pose Recall Neg: 0.49061
    Pose Recall Pos: 0.96469
    MCC: 0.31425
    PR AUC: 0.48456
    MAE: 1.03554
    RMSE: 1.34246
    Pearson R: 0.79288
    Spearman Rho: 0.76970
    C-index: 0.79934
    EF_1pct: 1.57713
    EF_5pct: 2.02160
    Success_at_1: 0.00000
    Success_at_5: 0.00000
    Success_at_10: 1.00000
    Affinity Loss: 0.67167
    Loss: 1.35121
    test_ema: Pose=0.6681, BalAcc=0.7334, PR=0.4835, Rneg=0.5147, Rpos=0.9522, MAE=1.0376, RMSE=1.3559, r=0.7877, Cidx=0.7955
>>> Train Results - Epoch[94] <<<
    Balanced Accuracy: 0.76448
    Accuracy: 0.64896
    Pose Loss: 0.61629
    Pose Recall Neg: 0.61068
    Pose Recall Pos: 0.91828
    MCC: 0.35063
    PR AUC: 0.50590
    MAE: 0.74435
    RMSE: 0.98941
    Pearson R: 0.87740
    Spearman Rho: 0.87597
    C-index: 0.84872
    EF_1pct: 2.81995
    EF_5pct: 1.79413
    Success_at_1: 0.00000
    Success_at_5: 1.00000
    Success_at_10: 1.00000
    Affinity Loss: 0.43240
    Loss: 1.04869
    Epoch Time: 14.37951
    Elapsed Time: 1334.91298
    lr: 0.000564
    train_ema: Pose=0.6390, BalAcc=0.7517, PR=0.5007, Rneg=0.5713, Rpos=0.9320, MAE=0.7588, RMSE=1.0071, r=0.8740, Cidx=0.8459
>>> Test Results - Epoch[94] <<<
    Balanced Accuracy: 0.75397
    Accuracy: 0.63058
    Pose Loss: 0.63614
    Pose Recall Neg: 0.58498
    Pose Recall Pos: 0.92295
    MCC: 0.34723
    PR AUC: 0.46504
    MAE: 1.05540
    RMSE: 1.39857
    Pearson R: 0.77458
    Spearman Rho: 0.76035
    C-index: 0.78878
    EF_1pct: 1.57713
    EF_5pct: 2.27831
    Success_at_1: 0.00000
    Success_at_5: 0.00000
    Success_at_10: 0.00000
    Affinity Loss: 0.69267
    Loss: 1.32881
    test_ema: Pose=0.6585, BalAcc=0.7396, PR=0.4780, Rneg=0.5358, Rpos=0.9434, MAE=1.0429, RMSE=1.3687, r=0.7838, Cidx=0.7934
>>> Train Results - Epoch[96] <<<
    Balanced Accuracy: 0.73828
    Accuracy: 0.57666
    Pose Loss: 0.67107
    Pose Recall Neg: 0.52310
    Pose Recall Pos: 0.95347
    MCC: 0.31546
    PR AUC: 0.50033
    MAE: 0.71609
    RMSE: 0.96637
    Pearson R: 0.88170
    Spearman Rho: 0.88031
    C-index: 0.85204
    EF_1pct: 2.72982
    EF_5pct: 1.71164
    Success_at_1: 1.00000
    Success_at_5: 1.00000
    Success_at_10: 1.00000
    Affinity Loss: 0.41076
    Loss: 1.08183
    Epoch Time: 14.21131
    Elapsed Time: 1363.50170
    lr: 0.000548
    train_ema: Pose=0.6486, BalAcc=0.7477, PR=0.5006, Rneg=0.5569, Rpos=0.9385, MAE=0.7460, RMSE=0.9949, r=0.8763, Cidx=0.8477
>>> Test Results - Epoch[96] <<<
    Balanced Accuracy: 0.71739
    Accuracy: 0.53681
    Pose Loss: 0.70248
    Pose Recall Neg: 0.47009
    Pose Recall Pos: 0.96469
    MCC: 0.30183
    PR AUC: 0.45317
    MAE: 1.02291
    RMSE: 1.34430
    Pearson R: 0.78935
    Spearman Rho: 0.77770
    C-index: 0.79862
    EF_1pct: 1.26171
    EF_5pct: 2.34248
    Success_at_1: 0.00000
    Success_at_5: 0.00000
    Success_at_10: 1.00000
    Affinity Loss: 0.66238
    Loss: 1.36486
    test_ema: Pose=0.6717, BalAcc=0.7329, PR=0.4705, Rneg=0.5161, Rpos=0.9498, MAE=1.0369, RMSE=1.3614, r=0.7855, Cidx=0.7950
>>> Train Results - Epoch[98] <<<
    Balanced Accuracy: 0.71437
    Accuracy: 0.52802
    Pose Loss: 0.70802
    Pose Recall Neg: 0.46626
    Pose Recall Pos: 0.96249
    MCC: 0.28746
    PR AUC: 0.49842
    MAE: 0.74985
    RMSE: 0.99950
    Pearson R: 0.87491
    Spearman Rho: 0.87304
    C-index: 0.84528
    EF_1pct: 2.74269
    EF_5pct: 1.68844
    Success_at_1: 1.00000
    Success_at_5: 1.00000
    Success_at_10: 1.00000
    Affinity Loss: 0.43716
    Loss: 1.14518
    Epoch Time: 14.05696
    Elapsed Time: 1391.48990
    lr: 0.000532
    train_ema: Pose=0.6664, BalAcc=0.7377, PR=0.4999, Rneg=0.5297, Rpos=0.9457, MAE=0.7471, RMSE=0.9963, r=0.8759, Cidx=0.8470
>>> Test Results - Epoch[98] <<<
    Balanced Accuracy: 0.70733
    Accuracy: 0.51472
    Pose Loss: 0.72486
    Pose Recall Neg: 0.44355
    Pose Recall Pos: 0.97111
    MCC: 0.29076
    PR AUC: 0.45447
    MAE: 1.08179
    RMSE: 1.44064
    Pearson R: 0.76091
    Spearman Rho: 0.75607
    C-index: 0.78726
    EF_1pct: 2.20798
    EF_5pct: 2.37457
    Success_at_1: 0.00000
    Success_at_5: 1.00000
    Success_at_10: 1.00000
    Affinity Loss: 0.72290
    Loss: 1.44776
    test_ema: Pose=0.6877, BalAcc=0.7253, PR=0.4657, Rneg=0.4943, Rpos=0.9562, MAE=1.0504, RMSE=1.3852, r=0.7781, Cidx=0.7927
  [DEBUG] Grad norms:
    features: 1.1143
    pose: 0.0209
    affinity: 0.1947
    log_sigma_head: 0.0345
>>> Train Results - Epoch[100] <<<
    Balanced Accuracy: 0.76556
    Accuracy: 0.64301
    Pose Loss: 0.62125
    Pose Recall Neg: 0.60240
    Pose Recall Pos: 0.92872
    MCC: 0.35157
    PR AUC: 0.50620
    MAE: 0.71715
    RMSE: 0.97234
    Pearson R: 0.88077
    Spearman Rho: 0.87883
    C-index: 0.85192
    EF_1pct: 2.52379
    EF_5pct: 1.64720
    Success_at_1: 1.00000
    Success_at_5: 1.00000
    Success_at_10: 1.00000
    Affinity Loss: 0.41600
    Loss: 1.03725
    Epoch Time: 14.05395
    Elapsed Time: 1419.64480
    lr: 0.000516
    train_ema: Pose=0.6529, BalAcc=0.7460, PR=0.5018, Rneg=0.5515, Rpos=0.9406, MAE=0.7381, RMSE=0.9891, r=0.8774, Cidx=0.8485
>>> Test Results - Epoch[100] <<<
    Balanced Accuracy: 0.76145
    Accuracy: 0.62711
    Pose Loss: 0.64115
    Pose Recall Neg: 0.57747
    Pose Recall Pos: 0.94543
    MCC: 0.35730
    PR AUC: 0.48619
    MAE: 1.04553
    RMSE: 1.38136
    Pearson R: 0.77524
    Spearman Rho: 0.76569
    C-index: 0.79206
    EF_1pct: 1.57713
    EF_5pct: 2.11786
    Success_at_1: 0.00000
    Success_at_5: 0.00000
    Success_at_10: 1.00000
    Affinity Loss: 0.68535
    Loss: 1.32650
    test_ema: Pose=0.6737, BalAcc=0.7361, PR=0.4719, Rneg=0.5193, Rpos=0.9530, MAE=1.0489, RMSE=1.3840, r=0.7772, Cidx=0.7925
