--- GNINA TRAINING (5-Loss Pipeline) ---
trainfile = 'data/types/ref_uff_train0.types'
testfile = 'data/types/ref_uff_test0.types'
data_root = 'data'
shuffle = True
label_pos = 0
affinity_pos = 1
rmsd_pos = None
flexlabel_pos = None
stratify_receptor = False
stratify_pos = 1
stratify_max = 0
stratify_min = 0
stratify_step = 0
ligmolcache = ''
recmolcache = ''
out_dir = 'results/models/geoformerdock'
log_file = 'training.log'
model = 'geoformerdock'
dimension: 2.35000E+01
resolution: 5.00000E-01
base_lr: 1.00000E-03
momentum: 9.00000E-01
weight_decay: 1.00000E-02
batch_size = 1024
random_rotation = True
random_translation: 1.00000E+00
iterations = 100
iteration_scheme = 'small'
lr_dynamic = True
lr_patience = 5
lr_reduce: 1.00000E-01
lr_min: 1.00000E-06
warmup_epochs = 2
clip_gradients: 5.00000E+00
use_sam = False
sam_rho: 5.00000E-02
use_amp = True
use_pose_to_affinity_gate = False
stop_grad_pose_to_affinity = False
metric_ema_alpha: 3.00000E-01
early_stop_metric = 'composite_cidx_balacc'
early_stop_composite_w_cidx: 5.00000E-01
early_stop_patience = 25
early_stop_min_delta: 1.00000E-04
scale_affinity_loss: 1.00000E+00
delta_affinity_loss: 1.00000E+00
scale_ranking: 5.00000E-02
ranking_num_pairs = 128
ranking_temperature: 1.00000E+00
hard_neg_fraction: 3.00000E-01
rank_warmup_epochs = 10
rank_rampup_epochs = 15
scale_pose_coupling: 0.00000E+00
lambda_pose: 1.20000E+00
pose_total_weight: 8.50000E-01
aff_total_weight: 1.50000E-01
pose_warmup_epochs = 0
pose_only_epochs = 4
pose_loss_scale: 5.00000E-01
pose_focal_gamma: 2.00000E+00
pose_focal_alpha: 7.50000E-01
pose_class_normalize = True
pose_balance_batch = True
pose_balance_target_per_class = 32
pose_prior_logit_scale: 2.50000E-01
disable_pose_prior_init = True
pose_loss_type = 'focal'
rmsd_good_max: 1.50000E+00
rmsd_bad_min: 3.00000E+00
use_gradient_alignment = False
scale_align: 1.00000E-01
full_loss_epoch = 15
scale_dist_constraint: 2.00000E-02
scale_anchor_loss: 1.00000E-02
normalize_targets = True
max_pseudo_atoms = 12
num_transformer_layers = 2
geoformer_uncertainty = False
scale_flexpose_loss: 1.00000E+00
test_every = 2
checkpoint_every = 100
num_checkpoints = 1
checkpoint_prefix = ''
checkpoint_dir = ''
progress_bar = False
gpu = 'cuda:0'
roc_auc = False
cache_structures = True
seed = 2026
silent = False
pytorch = '2.2.2+cu121'
ignite = '0.5.4'
cuda = '12.1'

=== TARGET STATISTICS ===
  [DEBUG] Affinity target stats (N=7758):
    mean=6.318  std=2.047
    p01=2.310      p05=3.020      p25=4.712      p50=6.400      p75=7.800      p95=9.700      p99=11.200  
  [DEBUG] Pose sample stats: total=62335, valid=62335, ignored=0, bad=54577, good=7758
          valid ratio: bad=0.8755, good=0.1245
  [NORM] pK mean=6.318, std=2.047
  Pose prior init: disabled by --disable_pose_prior_init
  Pose prior init: skipped (no final 2-logit pose layer found)
  Calibration head: scale=1.0, bias=0.0 (z-space; frozen — no drift)
  Using eager mode for geoformerdock
  Model parameters: 1,594,573
  Optimizer: AdamW(lr=0.001, wd=0.01)
  Mixed-precision (AMP) enabled
  Loss (Pose): Focal(γ=2.0, α_good=0.75, α_bad=0.25); λ_pose=1.2, pose_scale=0.5, w_pose=0.85, w_aff=0.15, warmup_epochs=0, pose_only_epochs=4, class_norm=True, batch_balance=True
  Loss 1 (Regression): ConfidenceAware(scale=1.0)
  Loss 2 (Ranking): SoftProbabilistic(scale=0.05, τ=1.0, pairs=128)
  Loss 3 (DistAlign): scale=0.02
  Loss 4 (Anchor): scale=0.01
  Early stopping: composite = 0.500*C-index + 0.500*Balanced Accuracy (min_delta=0.0001, patience=25)
  [DEBUG] Grad norms:
    backbone: 0.0432
    pose_local: 0.0562
    pose_geometry: 0.0345
    pose_local_proj: 0.0459
    pose_norm: 0.0039
    pose_fusion: 0.0805
    pose_head: 0.0904
>>> Train Results - Epoch[2] <<<
    Balanced Accuracy: 0.50000
    Accuracy: 0.12446
    Pose Loss: 1.85532
    Pose Recall Neg: 0.00000
    Pose Recall Pos: 1.00000
    MCC: 0.00000
    PR AUC: 0.17621
    MAE: 1.87977
    RMSE: 2.27282
    Pearson R: -0.19252
    Spearman Rho: -0.20373
    C-index: 0.43446
    EF_1pct: 1.37778
    EF_5pct: 1.21156
    Success_at_1: 0.00000
    Success_at_5: 0.00000
    Success_at_10: 1.00000
    Affinity Loss: 1.51663
    Loss: 3.37196
    Epoch Time: 51.48796
    Elapsed Time: 103.92575
    lr: 0.001000
    train_ema: Pose=1.8553, BalAcc=0.5000, PR=0.1762, Rneg=0.0000, Rpos=1.0000, MAE=1.8798, RMSE=2.2728, r=-0.1925, Cidx=0.4345
>>> Test Results - Epoch[2] <<<
    Balanced Accuracy: 0.50000
    Accuracy: 0.13491
    Pose Loss: 1.82962
    Pose Recall Neg: 0.00000
    Pose Recall Pos: 1.00000
    MCC: 0.00000
    PR AUC: 0.17897
    MAE: 1.89014
    RMSE: 2.33243
    Pearson R: -0.04374
    Spearman Rho: -0.05414
    C-index: 0.48176
    EF_1pct: 1.89256
    EF_5pct: 1.09102
    Success_at_1: 0.00000
    Success_at_5: 1.00000
    Success_at_10: 1.00000
    Affinity Loss: 1.52407
    Loss: 3.35369
    test_ema: Pose=1.8296, BalAcc=0.5000, PR=0.1790, Rneg=0.0000, Rpos=1.0000, MAE=1.8901, RMSE=2.3324, r=-0.0437, Cidx=0.4818
>>> Train Results - Epoch[4] <<<
    Balanced Accuracy: 0.57138
    Accuracy: 0.44947
    Pose Loss: 0.75256
    Pose Recall Neg: 0.40907
    Pose Recall Pos: 0.73369
    MCC: 0.09657
    PR AUC: 0.15563
    MAE: 2.06051
    RMSE: 2.51532
    Pearson R: -0.19716
    Spearman Rho: -0.20087
    C-index: 0.43540
    EF_1pct: 0.91423
    EF_5pct: 1.05173
    Success_at_1: 0.00000
    Success_at_5: 0.00000
    Success_at_10: 0.00000
    Affinity Loss: 1.71682
    Loss: 2.46938
    Epoch Time: 51.65313
    Elapsed Time: 207.24040
    lr: 0.001000
    train_ema: Pose=1.5245, BalAcc=0.5214, PR=0.1700, Rneg=0.1227, Rpos=0.9201, MAE=1.9340, RMSE=2.3456, r=-0.1939, Cidx=0.4347
>>> Test Results - Epoch[4] <<<
    Balanced Accuracy: 0.53925
    Accuracy: 0.37159
    Pose Loss: 0.77571
    Pose Recall Neg: 0.30964
    Pose Recall Pos: 0.76886
    MCC: 0.05857
    PR AUC: 0.16859
    MAE: 2.11205
    RMSE: 2.58536
    Pearson R: -0.10865
    Spearman Rho: -0.14790
    C-index: 0.44994
    EF_1pct: 1.10399
    EF_5pct: 1.12311
    Success_at_1: 1.00000
    Success_at_5: 1.00000
    Success_at_10: 1.00000
    Affinity Loss: 1.74996
    Loss: 2.52567
    test_ema: Pose=1.5134, BalAcc=0.5118, PR=0.1759, Rneg=0.0929, Rpos=0.9307, MAE=1.9567, RMSE=2.4083, r=-0.0632, Cidx=0.4722
>>> Train Results - Epoch[6] <<<
    Balanced Accuracy: 0.59387
    Accuracy: 0.72489
    Pose Loss: 0.64460
    Pose Recall Neg: 0.76831
    Pose Recall Pos: 0.41944
    MCC: 0.14218
    PR AUC: 0.20691
    MAE: 1.34911
    RMSE: 1.68597
    Pearson R: 0.62820
    Spearman Rho: 0.63588
    C-index: 0.72866
    EF_1pct: 1.10738
    EF_5pct: 1.03111
    Success_at_1: 0.00000
    Success_at_5: 1.00000
    Success_at_10: 1.00000
    Affinity Loss: 0.99126
    Loss: 1.63587
    Epoch Time: 54.78076
    Elapsed Time: 317.12507
    lr: 0.001000
    train_ema: Pose=1.2605, BalAcc=0.5432, PR=0.1811, Rneg=0.3164, Rpos=0.7699, MAE=1.7585, RMSE=2.1477, r=0.0527, Cidx=0.5229
>>> Test Results - Epoch[6] <<<
    Balanced Accuracy: 0.61881
    Accuracy: 0.66631
    Pose Loss: 0.65959
    Pose Recall Neg: 0.68385
    Pose Recall Pos: 0.55377
    MCC: 0.17040
    PR AUC: 0.23408
    MAE: 1.41659
    RMSE: 1.74312
    Pearson R: 0.67332
    Spearman Rho: 0.69707
    C-index: 0.75162
    EF_1pct: 0.63085
    EF_5pct: 0.96266
    Success_at_1: 0.00000
    Success_at_5: 0.00000
    Success_at_10: 0.00000
    Affinity Loss: 1.03913
    Loss: 1.69872
    test_ema: Pose=1.2573, BalAcc=0.5439, PR=0.1933, Rneg=0.2702, Rpos=0.8176, MAE=1.7947, RMSE=2.2088, r=0.1577, Cidx=0.5560
>>> Train Results - Epoch[8] <<<
    Balanced Accuracy: 0.57406
    Accuracy: 0.72126
    Pose Loss: 0.64956
    Pose Recall Neg: 0.77005
    Pose Recall Pos: 0.37806
    MCC: 0.11316
    PR AUC: 0.18387
    MAE: 1.23704
    RMSE: 1.55316
    Pearson R: 0.65157
    Spearman Rho: 0.66021
    C-index: 0.73842
    EF_1pct: 1.37778
    EF_5pct: 1.21413
    Success_at_1: 0.00000
    Success_at_5: 0.00000
    Success_at_10: 0.00000
    Affinity Loss: 0.87519
    Loss: 1.52474
    Epoch Time: 54.94555
    Elapsed Time: 427.05196
    lr: 0.000999
    train_ema: Pose=1.0772, BalAcc=0.5524, PR=0.1819, Rneg=0.4525, Rpos=0.6524, MAE=1.6021, RMSE=1.9693, r=0.2324, Cidx=0.5876
>>> Test Results - Epoch[8] <<<
    Balanced Accuracy: 0.55099
    Accuracy: 0.73062
    Pose Loss: 0.59388
    Pose Recall Neg: 0.79700
    Pose Recall Pos: 0.30498
    MCC: 0.08455
    PR AUC: 0.18971
    MAE: 1.36041
    RMSE: 1.68558
    Pearson R: 0.67341
    Spearman Rho: 0.67756
    C-index: 0.74322
    EF_1pct: 1.41942
    EF_5pct: 1.21938
    Success_at_1: 0.00000
    Success_at_5: 0.00000
    Success_at_10: 1.00000
    Affinity Loss: 0.98311
    Loss: 1.57700
    test_ema: Pose=1.0583, BalAcc=0.5460, PR=0.1922, Rneg=0.4282, Rpos=0.6638, MAE=1.6644, RMSE=2.0518, r=0.3124, Cidx=0.6122
  [DEBUG] Grad norms:
    backbone: 0.0407
    pose_local: 0.0199
    pose_geometry: 0.0110
    pose_local_proj: 0.0081
    pose_norm: 0.0016
    pose_fusion: 0.0203
    pose_head: 0.0605
    aff_local: 0.0286
    tokenizer: 0.0010
    transformer_layers: 0.0076
    transformer_norm: 0.0018
    aff_global_proj: 0.0561
    aff_token_proj: 0.0124
    aff_fusion: 0.0899
    affinity_head: 0.2728
>>> Train Results - Epoch[10] <<<
    Balanced Accuracy: 0.52042
    Accuracy: 0.16487
    Pose Loss: 1.13496
    Pose Recall Neg: 0.04703
    Pose Recall Pos: 0.99381
    MCC: 0.06726
    PR AUC: 0.29782
    MAE: 1.50837
    RMSE: 1.87282
    Pearson R: 0.63983
    Spearman Rho: 0.64976
    C-index: 0.73200
    EF_1pct: 1.73833
    EF_5pct: 1.45902
    Success_at_1: 0.00000
    Success_at_5: 0.00000
    Success_at_10: 1.00000
    Affinity Loss: 1.15304
    Loss: 2.28799
    Epoch Time: 54.74216
    Elapsed Time: 536.71234
    lr: 0.000998
    train_ema: Pose=1.0946, BalAcc=0.5428, PR=0.2167, Rneg=0.3309, Rpos=0.7548, MAE=1.5740, RMSE=1.9404, r=0.3546, Cidx=0.6309
>>> Test Results - Epoch[10] <<<
    Balanced Accuracy: 0.53331
    Accuracy: 0.19489
    Pose Loss: 1.09743
    Pose Recall Neg: 0.06984
    Pose Recall Pos: 0.99679
    MCC: 0.09521
    PR AUC: 0.37269
    MAE: 1.62004
    RMSE: 1.98852
    Pearson R: 0.68726
    Spearman Rho: 0.67257
    C-index: 0.74514
    EF_1pct: 2.52341
    EF_5pct: 1.92533
    Success_at_1: 0.00000
    Success_at_5: 0.00000
    Success_at_10: 1.00000
    Affinity Loss: 1.27131
    Loss: 2.36874
    test_ema: Pose=1.0700, BalAcc=0.5422, PR=0.2464, Rneg=0.3207, Rpos=0.7637, MAE=1.6511, RMSE=2.0328, r=0.4249, Cidx=0.6521
>>> Train Results - Epoch[12] <<<
    Balanced Accuracy: 0.62696
    Accuracy: 0.37882
    Pose Loss: 0.79103
    Pose Recall Neg: 0.29659
    Pose Recall Pos: 0.95733
    MCC: 0.18993
    PR AUC: 0.32614
    MAE: 1.36230
    RMSE: 1.70646
    Pearson R: 0.65990
    Spearman Rho: 0.67594
    C-index: 0.74202
    EF_1pct: 1.98298
    EF_5pct: 1.46676
    Success_at_1: 1.00000
    Success_at_5: 1.00000
    Success_at_10: 1.00000
    Affinity Loss: 1.00895
    Loss: 1.79999
    Epoch Time: 54.86444
    Elapsed Time: 646.47092
    lr: 0.000996
    train_ema: Pose=1.0035, BalAcc=0.5681, PR=0.2495, Rneg=0.3206, Rpos=0.8156, MAE=1.5105, RMSE=1.8702, r=0.4462, Cidx=0.6642
>>> Test Results - Epoch[12] <<<
    Balanced Accuracy: 0.64243
    Accuracy: 0.39541
    Pose Loss: 0.78015
    Pose Recall Neg: 0.30413
    Pose Recall Pos: 0.98074
    MCC: 0.22032
    PR AUC: 0.40212
    MAE: 1.55218
    RMSE: 1.91189
    Pearson R: 0.70544
    Spearman Rho: 0.69870
    C-index: 0.75346
    EF_1pct: 2.20798
    EF_5pct: 2.11786
    Success_at_1: 1.00000
    Success_at_5: 1.00000
    Success_at_10: 1.00000
    Affinity Loss: 1.19368
    Loss: 1.97383
    test_ema: Pose=0.9831, BalAcc=0.5723, PR=0.2931, Rneg=0.3157, Rpos=0.8288, MAE=1.6214, RMSE=1.9965, r=0.5091, Cidx=0.6825
>>> Train Results - Epoch[14] <<<
    Balanced Accuracy: 0.66239
    Accuracy: 0.45326
    Pose Loss: 0.73513
    Pose Recall Neg: 0.38395
    Pose Recall Pos: 0.94084
    MCC: 0.22577
    PR AUC: 0.35557
    MAE: 1.21625
    RMSE: 1.54283
    Pearson R: 0.68747
    Spearman Rho: 0.69741
    C-index: 0.75244
    EF_1pct: 1.95723
    EF_5pct: 1.72196
    Success_at_1: 0.00000
    Success_at_5: 1.00000
    Success_at_10: 1.00000
    Affinity Loss: 0.86136
    Loss: 1.59649
    Epoch Time: 55.02101
    Elapsed Time: 756.41281
    lr: 0.000994
    train_ema: Pose=0.9230, BalAcc=0.5964, PR=0.2813, Rneg=0.3396, Rpos=0.8531, MAE=1.4222, RMSE=1.7720, r=0.5186, Cidx=0.6907
>>> Test Results - Epoch[14] <<<
    Balanced Accuracy: 0.67408
    Accuracy: 0.46773
    Pose Loss: 0.72453
    Pose Recall Neg: 0.39149
    Pose Recall Pos: 0.95666
    MCC: 0.25028
    PR AUC: 0.41574
    MAE: 1.31227
    RMSE: 1.64345
    Pearson R: 0.70736
    Spearman Rho: 0.70530
    C-index: 0.75490
    EF_1pct: 2.36570
    EF_5pct: 1.73280
    Success_at_1: 0.00000
    Success_at_5: 1.00000
    Success_at_10: 1.00000
    Affinity Loss: 0.95040
    Loss: 1.67493
    test_ema: Pose=0.9055, BalAcc=0.6028, PR=0.3299, Rneg=0.3385, Rpos=0.8672, MAE=1.5287, RMSE=1.8906, r=0.5685, Cidx=0.7042
>>> Train Results - Epoch[16] <<<
    Balanced Accuracy: 0.70379
    Accuracy: 0.79538
    Pose Loss: 0.52796
    Pose Recall Neg: 0.82573
    Pose Recall Pos: 0.58185
    MCC: 0.32220
    PR AUC: 0.34160
    MAE: 1.37983
    RMSE: 1.72791
    Pearson R: 0.67550
    Spearman Rho: 0.68120
    C-index: 0.74200
    EF_1pct: 2.42078
    EF_5pct: 1.92560
    Success_at_1: 1.00000
    Success_at_5: 1.00000
    Success_at_10: 1.00000
    Affinity Loss: 1.02501
    Loss: 1.55297
    Epoch Time: 54.74906
    Elapsed Time: 866.18427
    lr: 0.000991
    train_ema: Pose=0.8045, BalAcc=0.6286, PR=0.2994, Rneg=0.4854, Rpos=0.7718, MAE=1.4095, RMSE=1.7588, r=0.5657, Cidx=0.7061
>>> Test Results - Epoch[16] <<<
    Balanced Accuracy: 0.71871
    Accuracy: 0.82157
    Pose Loss: 0.50846
    Pose Recall Neg: 0.85957
    Pose Recall Pos: 0.57785
    MCC: 0.37398
    PR AUC: 0.40469
    MAE: 1.51537
    RMSE: 1.83185
    Pearson R: 0.67011
    Spearman Rho: 0.67029
    C-index: 0.74092
    EF_1pct: 1.73485
    EF_5pct: 1.98951
    Success_at_1: 0.00000
    Success_at_5: 1.00000
    Success_at_10: 1.00000
    Affinity Loss: 1.13632
    Loss: 1.64478
    test_ema: Pose=0.7864, BalAcc=0.6376, PR=0.3523, Rneg=0.4948, Rpos=0.7804, MAE=1.5247, RMSE=1.8730, r=0.5990, Cidx=0.7152
>>> Train Results - Epoch[18] <<<
    Balanced Accuracy: 0.71787
    Accuracy: 0.62369
    Pose Loss: 0.68840
    Pose Recall Neg: 0.59248
    Pose Recall Pos: 0.84326
    MCC: 0.28852
    PR AUC: 0.36690
    MAE: 1.20834
    RMSE: 1.53498
    Pearson R: 0.70438
    Spearman Rho: 0.71534
    C-index: 0.75808
    EF_1pct: 2.22763
    EF_5pct: 1.50284
    Success_at_1: 0.00000
    Success_at_5: 1.00000
    Success_at_10: 1.00000
    Affinity Loss: 0.85691
    Loss: 1.54531
    Epoch Time: 54.92516
    Elapsed Time: 975.93193
    lr: 0.000987
    train_ema: Pose=0.7697, BalAcc=0.6554, PR=0.3197, Rneg=0.5175, Rpos=0.7932, MAE=1.3491, RMSE=1.6916, r=0.6073, Cidx=0.7217
>>> Test Results - Epoch[18] <<<
    Balanced Accuracy: 0.72152
    Accuracy: 0.59788
    Pose Loss: 0.69820
    Pose Recall Neg: 0.55219
    Pose Recall Pos: 0.89085
    MCC: 0.30274
    PR AUC: 0.42581
    MAE: 1.33895
    RMSE: 1.67693
    Pearson R: 0.72871
    Spearman Rho: 0.72185
    C-index: 0.76582
    EF_1pct: 2.20798
    EF_5pct: 2.31040
    Success_at_1: 1.00000
    Success_at_5: 1.00000
    Success_at_10: 1.00000
    Affinity Loss: 0.97954
    Loss: 1.67774
    test_ema: Pose=0.7599, BalAcc=0.6628, PR=0.3744, Rneg=0.5120, Rpos=0.8135, MAE=1.4690, RMSE=1.8142, r=0.6379, Cidx=0.7304
  [DEBUG] Grad norms:
    backbone: 0.0559
    pose_local: 0.0185
    pose_geometry: 0.0040
    pose_local_proj: 0.0092
    pose_norm: 0.0013
    pose_fusion: 0.0084
    pose_head: 0.0249
    aff_local: 0.0114
    tokenizer: 0.0009
    transformer_layers: 0.0053
    transformer_norm: 0.0016
    aff_global_proj: 0.0246
    aff_token_proj: 0.0088
    aff_fusion: 0.0336
    affinity_head: 0.1241
>>> Train Results - Epoch[20] <<<
    Balanced Accuracy: 0.59329
    Accuracy: 0.30185
    Pose Loss: 0.87301
    Pose Recall Neg: 0.20527
    Pose Recall Pos: 0.98131
    MCC: 0.15961
    PR AUC: 0.36832
    MAE: 1.17123
    RMSE: 1.48494
    Pearson R: 0.71285
    Spearman Rho: 0.72314
    C-index: 0.76502
    EF_1pct: 2.54955
    EF_5pct: 1.43840
    Success_at_1: 0.00000
    Success_at_5: 1.00000
    Success_at_10: 1.00000
    Affinity Loss: 0.82216
    Loss: 1.69517
    Epoch Time: 55.17131
    Elapsed Time: 1086.05395
    lr: 0.000984
    train_ema: Pose=0.8007, BalAcc=0.6368, PR=0.3343, Rneg=0.4239, Rpos=0.8496, MAE=1.2958, RMSE=1.6296, r=0.6389, Cidx=0.7347
>>> Test Results - Epoch[20] <<<
    Balanced Accuracy: 0.60290
    Accuracy: 0.31529
    Pose Loss: 0.86906
    Pose Recall Neg: 0.20901
    Pose Recall Pos: 0.99679
    MCC: 0.18251
    PR AUC: 0.40933
    MAE: 1.28783
    RMSE: 1.58277
    Pearson R: 0.73717
    Spearman Rho: 0.73692
    C-index: 0.77234
    EF_1pct: 2.20798
    EF_5pct: 2.34248
    Success_at_1: 1.00000
    Success_at_5: 1.00000
    Success_at_10: 1.00000
    Affinity Loss: 0.91037
    Loss: 1.77942
    test_ema: Pose=0.7927, BalAcc=0.6448, PR=0.3849, Rneg=0.4211, Rpos=0.8685, MAE=1.4146, RMSE=1.7447, r=0.6677, Cidx=0.7430
>>> Train Results - Epoch[22] <<<
    Balanced Accuracy: 0.71493
    Accuracy: 0.80385
    Pose Loss: 0.54090
    Pose Recall Neg: 0.83332
    Pose Recall Pos: 0.59655
    MCC: 0.34245
    PR AUC: 0.37077
    MAE: 1.18301
    RMSE: 1.49540
    Pearson R: 0.71404
    Spearman Rho: 0.71949
    C-index: 0.76002
    EF_1pct: 3.09036
    EF_5pct: 1.88693
    Success_at_1: 0.00000
    Success_at_5: 0.00000
    Success_at_10: 1.00000
    Affinity Loss: 0.82803
    Loss: 1.36893
    Epoch Time: 54.86386
    Elapsed Time: 1195.93191
    lr: 0.000979
    train_ema: Pose=0.7227, BalAcc=0.6602, PR=0.3452, Rneg=0.5467, Rpos=0.7737, MAE=1.2619, RMSE=1.5894, r=0.6615, Cidx=0.7423
>>> Test Results - Epoch[22] <<<
    Balanced Accuracy: 0.71963
    Accuracy: 0.80793
    Pose Loss: 0.53509
    Pose Recall Neg: 0.84055
    Pose Recall Pos: 0.59872
    MCC: 0.36303
    PR AUC: 0.43663
    MAE: 1.31905
    RMSE: 1.61188
    Pearson R: 0.69996
    Spearman Rho: 0.69280
    C-index: 0.75250
    EF_1pct: 3.46969
    EF_5pct: 2.11786
    Success_at_1: 1.00000
    Success_at_5: 1.00000
    Success_at_10: 1.00000
    Affinity Loss: 0.94284
    Loss: 1.47793
    test_ema: Pose=0.7154, BalAcc=0.6673, PR=0.4004, Rneg=0.5469, Rpos=0.7876, MAE=1.3860, RMSE=1.7049, r=0.6774, Cidx=0.7458
>>> Train Results - Epoch[24] <<<
    Balanced Accuracy: 0.50444
    Accuracy: 0.13233
    Pose Loss: 1.12182
    Pose Recall Neg: 0.00901
    Pose Recall Pos: 0.99987
    MCC: 0.03311
    PR AUC: 0.34373
    MAE: 1.40639
    RMSE: 1.73788
    Pearson R: 0.57987
    Spearman Rho: 0.55898
    C-index: 0.69542
    EF_1pct: 2.40790
    EF_5pct: 1.67298
    Success_at_1: 1.00000
    Success_at_5: 1.00000
    Success_at_10: 1.00000
    Affinity Loss: 1.04547
    Loss: 2.16730
    Epoch Time: 54.94300
    Elapsed Time: 1305.74625
    lr: 0.000975
    train_ema: Pose=0.8425, BalAcc=0.6135, PR=0.3448, Rneg=0.3854, Rpos=0.8416, MAE=1.3053, RMSE=1.6339, r=0.6370, Cidx=0.7282
>>> Test Results - Epoch[24] <<<
    Balanced Accuracy: 0.50388
    Accuracy: 0.14162
    Pose Loss: 1.09423
    Pose Recall Neg: 0.00776
    Pose Recall Pos: 1.00000
    MCC: 0.03246
    PR AUC: 0.36098
    MAE: 1.65387
    RMSE: 2.02231
    Pearson R: 0.51840
    Spearman Rho: 0.50020
    C-index: 0.67150
    EF_1pct: 1.57713
    EF_5pct: 1.41191
    Success_at_1: 1.00000
    Success_at_5: 1.00000
    Success_at_10: 1.00000
    Affinity Loss: 1.27431
    Loss: 2.36854
    test_ema: Pose=0.8290, BalAcc=0.6182, PR=0.3886, Rneg=0.3852, Rpos=0.8513, MAE=1.4663, RMSE=1.8001, r=0.6297, Cidx=0.7235
>>> Train Results - Epoch[26] <<<
    Balanced Accuracy: 0.67883
    Accuracy: 0.84084
    Pose Loss: 0.52595
    Pose Recall Neg: 0.89453
    Pose Recall Pos: 0.46313
    MCC: 0.33067
    PR AUC: 0.37196
    MAE: 1.34805
    RMSE: 1.68413
    Pearson R: 0.70420
    Spearman Rho: 0.71249
    C-index: 0.76238
    EF_1pct: 3.39939
    EF_5pct: 2.10862
    Success_at_1: 1.00000
    Success_at_5: 1.00000
    Success_at_10: 1.00000
    Affinity Loss: 0.99337
    Loss: 1.51932
    Epoch Time: 54.85229
    Elapsed Time: 1415.38411
    lr: 0.000969
    train_ema: Pose=0.7475, BalAcc=0.6331, PR=0.3529, Rneg=0.5381, Rpos=0.7280, MAE=1.3181, RMSE=1.6490, r=0.6572, Cidx=0.7385
>>> Test Results - Epoch[26] <<<
    Balanced Accuracy: 0.68853
    Accuracy: 0.84084
    Pose Loss: 0.53038
    Pose Recall Neg: 0.89712
    Pose Recall Pos: 0.47994
    MCC: 0.35711
    PR AUC: 0.41691
    MAE: 1.47707
    RMSE: 1.78337
    Pearson R: 0.68542
    Spearman Rho: 0.68022
    C-index: 0.74750
    EF_1pct: 4.25826
    EF_5pct: 2.37457
    Success_at_1: 1.00000
    Success_at_5: 1.00000
    Success_at_10: 1.00000
    Affinity Loss: 1.09954
    Loss: 1.62993
    test_ema: Pose=0.7394, BalAcc=0.6393, PR=0.3971, Rneg=0.5388, Rpos=0.7399, MAE=1.4696, RMSE=1.7951, r=0.6464, Cidx=0.7307
>>> Train Results - Epoch[28] <<<
    Balanced Accuracy: 0.69657
    Accuracy: 0.51794
    Pose Loss: 0.74013
    Pose Recall Neg: 0.45875
    Pose Recall Pos: 0.93439
    MCC: 0.26388
    PR AUC: 0.39114
    MAE: 1.10537
    RMSE: 1.40628
    Pearson R: 0.74202
    Spearman Rho: 0.74580
    C-index: 0.77470
    EF_1pct: 2.85858
    EF_5pct: 2.00036
    Success_at_1: 1.00000
    Success_at_5: 1.00000
    Success_at_10: 1.00000
    Affinity Loss: 0.75158
    Loss: 1.49170
    Epoch Time: 54.93351
    Elapsed Time: 1525.52755
    lr: 0.000963
    train_ema: Pose=0.7453, BalAcc=0.6521, PR=0.3644, Rneg=0.5143, Rpos=0.7899, MAE=1.2543, RMSE=1.5762, r=0.6826, Cidx=0.7493
>>> Test Results - Epoch[28] <<<
    Balanced Accuracy: 0.73215
    Accuracy: 0.56821
    Pose Loss: 0.71309
    Pose Recall Neg: 0.50763
    Pose Recall Pos: 0.95666
    MCC: 0.31917
    PR AUC: 0.46133
    MAE: 1.22469
    RMSE: 1.51282
    Pearson R: 0.72767
    Spearman Rho: 0.72048
    C-index: 0.76398
    EF_1pct: 3.15426
    EF_5pct: 2.98426
    Success_at_1: 0.00000
    Success_at_5: 1.00000
    Success_at_10: 1.00000
    Affinity Loss: 0.84964
    Loss: 1.56272
    test_ema: Pose=0.7315, BalAcc=0.6672, PR=0.4163, Rneg=0.5294, Rpos=0.8049, MAE=1.3961, RMSE=1.7104, r=0.6708, Cidx=0.7407
  [DEBUG] Grad norms:
    backbone: 0.0654
    pose_local: 0.0194
    pose_geometry: 0.0079
    pose_local_proj: 0.0157
    pose_norm: 0.0019
    pose_fusion: 0.0131
    pose_head: 0.0601
    aff_local: 0.0250
    tokenizer: 0.0008
    transformer_layers: 0.0058
    transformer_norm: 0.0024
    aff_global_proj: 0.0502
    aff_token_proj: 0.0113
    aff_fusion: 0.0343
    affinity_head: 0.1445
>>> Train Results - Epoch[30] <<<
    Balanced Accuracy: 0.50628
    Accuracy: 0.13614
    Pose Loss: 1.15466
    Pose Recall Neg: 0.01347
    Pose Recall Pos: 0.99910
    MCC: 0.03824
    PR AUC: 0.32734
    MAE: 1.17462
    RMSE: 1.48090
    Pearson R: 0.71704
    Spearman Rho: 0.72586
    C-index: 0.76690
    EF_1pct: 2.83283
    EF_5pct: 1.71164
    Success_at_1: 1.00000
    Success_at_5: 1.00000
    Success_at_10: 1.00000
    Affinity Loss: 0.82083
    Loss: 1.97550
    Epoch Time: 54.81694
    Elapsed Time: 1635.34989
    lr: 0.000957
    train_ema: Pose=0.8681, BalAcc=0.6084, PR=0.3533, Rneg=0.3641, Rpos=0.8527, MAE=1.2304, RMSE=1.5476, r=0.6929, Cidx=0.7546
>>> Test Results - Epoch[30] <<<
    Balanced Accuracy: 0.50964
    Accuracy: 0.15158
    Pose Loss: 1.14697
    Pose Recall Neg: 0.01927
    Pose Recall Pos: 1.00000
    MCC: 0.05142
    PR AUC: 0.38355
    MAE: 1.30811
    RMSE: 1.60703
    Pearson R: 0.70929
    Spearman Rho: 0.71153
    C-index: 0.76150
    EF_1pct: 2.83884
    EF_5pct: 1.98951
    Success_at_1: 1.00000
    Success_at_5: 1.00000
    Success_at_10: 1.00000
    Affinity Loss: 0.93199
    Loss: 2.07896
    test_ema: Pose=0.8562, BalAcc=0.6199, PR=0.4065, Rneg=0.3764, Rpos=0.8634, MAE=1.3697, RMSE=1.6794, r=0.6823, Cidx=0.7469
>>> Train Results - Epoch[32] <<<
    Balanced Accuracy: 0.71589
    Accuracy: 0.55816
    Pose Loss: 0.68912
    Pose Recall Neg: 0.50589
    Pose Recall Pos: 0.92588
    MCC: 0.28637
    PR AUC: 0.41573
    MAE: 1.28828
    RMSE: 1.61287
    Pearson R: 0.69213
    Spearman Rho: 0.69585
    C-index: 0.74966
    EF_1pct: 2.53667
    EF_5pct: 1.81733
    Success_at_1: 0.00000
    Success_at_5: 1.00000
    Success_at_10: 1.00000
    Affinity Loss: 0.92769
    Loss: 1.61681
    Epoch Time: 55.00114
    Elapsed Time: 1745.22179
    lr: 0.000950
    train_ema: Pose=0.8144, BalAcc=0.6406, PR=0.3720, Rneg=0.4066, Rpos=0.8746, MAE=1.2478, RMSE=1.5672, r=0.6927, Cidx=0.7531
>>> Test Results - Epoch[32] <<<
    Balanced Accuracy: 0.74989
    Accuracy: 0.62235
    Pose Loss: 0.66444
    Pose Recall Neg: 0.57522
    Pose Recall Pos: 0.92456
    MCC: 0.34151
    PR AUC: 0.46469
    MAE: 1.44653
    RMSE: 1.76781
    Pearson R: 0.65367
    Spearman Rho: 0.64664
    C-index: 0.72906
    EF_1pct: 3.15426
    EF_5pct: 2.05369
    Success_at_1: 1.00000
    Success_at_5: 1.00000
    Success_at_10: 1.00000
    Affinity Loss: 1.07143
    Loss: 1.73588
    test_ema: Pose=0.7987, BalAcc=0.6589, PR=0.4240, Rneg=0.4360, Rpos=0.8818, MAE=1.3927, RMSE=1.7059, r=0.6737, Cidx=0.7416
>>> Train Results - Epoch[34] <<<
    Balanced Accuracy: 0.56108
    Accuracy: 0.23577
    Pose Loss: 1.03205
    Pose Recall Neg: 0.12797
    Pose Recall Pos: 0.99420
    MCC: 0.12750
    PR AUC: 0.33188
    MAE: 1.06976
    RMSE: 1.36593
    Pearson R: 0.74881
    Spearman Rho: 0.75477
    C-index: 0.77796
    EF_1pct: 2.83283
    EF_5pct: 1.36880
    Success_at_1: 1.00000
    Success_at_5: 1.00000
    Success_at_10: 1.00000
    Affinity Loss: 0.71693
    Loss: 1.74898
    Epoch Time: 55.00226
    Elapsed Time: 1855.25998
    lr: 0.000943
    train_ema: Pose=0.8797, BalAcc=0.6168, PR=0.3600, Rneg=0.3230, Rpos=0.9105, MAE=1.1944, RMSE=1.5068, r=0.7095, Cidx=0.7606
>>> Test Results - Epoch[34] <<<
    Balanced Accuracy: 0.55592
    Accuracy: 0.23517
    Pose Loss: 1.03076
    Pose Recall Neg: 0.11665
    Pose Recall Pos: 0.99518
    MCC: 0.12647
    PR AUC: 0.40968
    MAE: 1.15970
    RMSE: 1.43573
    Pearson R: 0.76394
    Spearman Rho: 0.76217
    C-index: 0.78486
    EF_1pct: 2.83884
    EF_5pct: 2.05369
    Success_at_1: 1.00000
    Success_at_5: 1.00000
    Success_at_10: 1.00000
    Affinity Loss: 0.78038
    Loss: 1.81115
    test_ema: Pose=0.8683, BalAcc=0.6280, PR=0.4197, Rneg=0.3402, Rpos=0.9158, MAE=1.3228, RMSE=1.6249, r=0.7008, Cidx=0.7546
>>> Train Results - Epoch[36] <<<
    Balanced Accuracy: 0.68921
    Accuracy: 0.84285
    Pose Loss: 0.51213
    Pose Recall Neg: 0.89376
    Pose Recall Pos: 0.48466
    MCC: 0.34670
    PR AUC: 0.39468
    MAE: 1.55858
    RMSE: 1.91476
    Pearson R: 0.68074
    Spearman Rho: 0.68005
    C-index: 0.74404
    EF_1pct: 2.43366
    EF_5pct: 2.01067
    Success_at_1: 1.00000
    Success_at_5: 1.00000
    Success_at_10: 1.00000
    Affinity Loss: 1.20042
    Loss: 1.71255
    Epoch Time: 54.79420
    Elapsed Time: 1964.95500
    lr: 0.000936
    train_ema: Pose=0.7694, BalAcc=0.6385, PR=0.3704, Rneg=0.4942, Rpos=0.7828, MAE=1.3036, RMSE=1.6292, r=0.7009, Cidx=0.7556
>>> Test Results - Epoch[36] <<<
    Balanced Accuracy: 0.70319
    Accuracy: 0.85448
    Pose Loss: 0.52481
    Pose Recall Neg: 0.91039
    Pose Recall Pos: 0.49599
    MCC: 0.39492
    PR AUC: 0.46291
    MAE: 1.67016
    RMSE: 2.03248
    Pearson R: 0.63420
    Spearman Rho: 0.61289
    C-index: 0.72352
    EF_1pct: 4.57368
    EF_5pct: 2.40666
    Success_at_1: 1.00000
    Success_at_5: 1.00000
    Success_at_10: 1.00000
    Affinity Loss: 1.29698
    Loss: 1.82179
    test_ema: Pose=0.7652, BalAcc=0.6506, PR=0.4326, Rneg=0.5113, Rpos=0.7899, MAE=1.4270, RMSE=1.7471, r=0.6808, Cidx=0.7452
>>> Train Results - Epoch[38] <<<
    Balanced Accuracy: 0.57073
    Accuracy: 0.25296
    Pose Loss: 1.05057
    Pose Recall Neg: 0.14764
    Pose Recall Pos: 0.99381
    MCC: 0.13883
    PR AUC: 0.36880
    MAE: 1.22469
    RMSE: 1.54192
    Pearson R: 0.71474
    Spearman Rho: 0.72467
    C-index: 0.76438
    EF_1pct: 3.47665
    EF_5pct: 2.05191
    Success_at_1: 1.00000
    Success_at_5: 1.00000
    Success_at_10: 1.00000
    Affinity Loss: 0.87131
    Loss: 1.92188
    Epoch Time: 54.98377
    Elapsed Time: 2074.79047
    lr: 0.000928
    train_ema: Pose=0.8538, BalAcc=0.6182, PR=0.3699, Rneg=0.3903, Rpos=0.8461, MAE=1.2799, RMSE=1.6030, r=0.7050, Cidx=0.7582
>>> Test Results - Epoch[38] <<<
    Balanced Accuracy: 0.57762
    Accuracy: 0.27155
    Pose Loss: 1.03002
    Pose Recall Neg: 0.15845
    Pose Recall Pos: 0.99679
    MCC: 0.15400
    PR AUC: 0.46082
    MAE: 1.40516
    RMSE: 1.72926
    Pearson R: 0.68809
    Spearman Rho: 0.66906
    C-index: 0.74544
    EF_1pct: 2.20798
    EF_5pct: 1.82906
    Success_at_1: 0.00000
    Success_at_5: 1.00000
    Success_at_10: 1.00000
    Affinity Loss: 1.02300
    Loss: 2.05301
    test_ema: Pose=0.8447, BalAcc=0.6287, PR=0.4411, Rneg=0.4054, Rpos=0.8519, MAE=1.4205, RMSE=1.7418, r=0.6830, Cidx=0.7453
  [DEBUG] Grad norms:
    backbone: 0.0560
    pose_local: 0.0158
    pose_geometry: 0.0065
    pose_local_proj: 0.0117
    pose_norm: 0.0017
    pose_fusion: 0.0093
    pose_head: 0.0305
    aff_local: 0.0172
    tokenizer: 0.0003
    transformer_layers: 0.0023
    transformer_norm: 0.0009
    aff_global_proj: 0.0450
    aff_token_proj: 0.0053
    aff_fusion: 0.0204
    affinity_head: 0.0723
>>> Train Results - Epoch[40] <<<
    Balanced Accuracy: 0.60049
    Accuracy: 0.86127
    Pose Loss: 0.43038
    Pose Recall Neg: 0.94769
    Pose Recall Pos: 0.25329
    MCC: 0.24838
    PR AUC: 0.32478
    MAE: 1.82417
    RMSE: 2.23077
    Pearson R: 0.65952
    Spearman Rho: 0.66624
    C-index: 0.73814
    EF_1pct: 2.26626
    EF_5pct: 2.24267
    Success_at_1: 1.00000
    Success_at_5: 1.00000
    Success_at_10: 1.00000
    Affinity Loss: 1.47264
    Loss: 1.90302
    Epoch Time: 54.79792
    Elapsed Time: 2184.43996
    lr: 0.000919
    train_ema: Pose=0.7268, BalAcc=0.6129, PR=0.3564, Rneg=0.5575, Rpos=0.6682, MAE=1.4432, RMSE=1.7913, r=0.6914, Cidx=0.7522
>>> Test Results - Epoch[40] <<<
    Balanced Accuracy: 0.60288
    Accuracy: 0.83564
    Pose Loss: 0.45250
    Pose Recall Neg: 0.92165
    Pose Recall Pos: 0.28411
    MCC: 0.22824
    PR AUC: 0.30889
    MAE: 1.97917
    RMSE: 2.38116
    Pearson R: 0.64154
    Spearman Rho: 0.62835
    C-index: 0.72970
    EF_1pct: 1.89256
    EF_5pct: 2.02160
    Success_at_1: 1.00000
    Success_at_5: 1.00000
    Success_at_10: 1.00000
    Affinity Loss: 1.62332
    Loss: 2.07582
    test_ema: Pose=0.7270, BalAcc=0.6209, PR=0.4014, Rneg=0.5603, Rpos=0.6816, MAE=1.5881, RMSE=1.9336, r=0.6706, Cidx=0.7406
>>> Train Results - Epoch[42] <<<
    Balanced Accuracy: 0.73052
    Accuracy: 0.56820
    Pose Loss: 0.71471
    Pose Recall Neg: 0.51441
    Pose Recall Pos: 0.94664
    MCC: 0.30551
    PR AUC: 0.49264
    MAE: 1.12213
    RMSE: 1.42384
    Pearson R: 0.74338
    Spearman Rho: 0.75189
    C-index: 0.77784
    EF_1pct: 3.14186
    EF_5pct: 2.38702
    Success_at_1: 1.00000
    Success_at_5: 1.00000
    Success_at_10: 1.00000
    Affinity Loss: 0.76851
    Loss: 1.48323
    Epoch Time: 54.90168
    Elapsed Time: 2294.30840
    lr: 0.000910
    train_ema: Pose=0.7231, BalAcc=0.6482, PR=0.3972, Rneg=0.5446, Rpos=0.7518, MAE=1.3469, RMSE=1.6811, r=0.7070, Cidx=0.7599
>>> Test Results - Epoch[42] <<<
    Balanced Accuracy: 0.74168
    Accuracy: 0.58705
    Pose Loss: 0.70029
    Pose Recall Neg: 0.52991
    Pose Recall Pos: 0.95345
    MCC: 0.33108
    PR AUC: 0.54754
    MAE: 1.19462
    RMSE: 1.51755
    Pearson R: 0.72385
    Spearman Rho: 0.71452
    C-index: 0.76344
    EF_1pct: 4.25826
    EF_5pct: 3.59395
    Success_at_1: 1.00000
    Success_at_5: 1.00000
    Success_at_10: 1.00000
    Affinity Loss: 0.82436
    Loss: 1.52465
    test_ema: Pose=0.7190, BalAcc=0.6572, PR=0.4453, Rneg=0.5512, Rpos=0.7631, MAE=1.4700, RMSE=1.8088, r=0.6865, Cidx=0.7475
>>> Train Results - Epoch[44] <<<
    Balanced Accuracy: 0.76941
    Accuracy: 0.69051
    Pose Loss: 0.60981
    Pose Recall Neg: 0.66436
    Pose Recall Pos: 0.87445
    MCC: 0.36266
    PR AUC: 0.50164
    MAE: 1.42543
    RMSE: 1.77434
    Pearson R: 0.66633
    Spearman Rho: 0.67240
    C-index: 0.74178
    EF_1pct: 2.45941
    EF_5pct: 2.12667
    Success_at_1: 0.00000
    Success_at_5: 1.00000
    Success_at_10: 1.00000
    Affinity Loss: 1.06774
    Loss: 1.67755
    Epoch Time: 55.32465
    Elapsed Time: 2404.53914
    lr: 0.000901
    train_ema: Pose=0.6891, BalAcc=0.6845, PR=0.4286, Rneg=0.5805, Rpos=0.7886, MAE=1.3705, RMSE=1.7091, r=0.6948, Cidx=0.7545
>>> Test Results - Epoch[44] <<<
    Balanced Accuracy: 0.78547
    Accuracy: 0.69446
    Pose Loss: 0.62519
    Pose Recall Neg: 0.66083
    Pose Recall Pos: 0.91011
    MCC: 0.39569
    PR AUC: 0.55306
    MAE: 1.55018
    RMSE: 1.90274
    Pearson R: 0.61139
    Spearman Rho: 0.60654
    C-index: 0.71928
    EF_1pct: 3.78512
    EF_5pct: 3.11262
    Success_at_1: 1.00000
    Success_at_5: 1.00000
    Success_at_10: 1.00000
    Affinity Loss: 1.18126
    Loss: 1.80646
    test_ema: Pose=0.6909, BalAcc=0.6957, PR=0.4776, Rneg=0.5841, Rpos=0.8072, MAE=1.4941, RMSE=1.8370, r=0.6640, Cidx=0.7390
>>> Train Results - Epoch[46] <<<
    Balanced Accuracy: 0.73088
    Accuracy: 0.56225
    Pose Loss: 0.70048
    Pose Recall Neg: 0.50637
    Pose Recall Pos: 0.95540
    MCC: 0.30647
    PR AUC: 0.51007
    MAE: 1.07498
    RMSE: 1.36332
    Pearson R: 0.76359
    Spearman Rho: 0.76708
    C-index: 0.78628
    EF_1pct: 2.85858
    EF_5pct: 2.12924
    Success_at_1: 1.00000
    Success_at_5: 1.00000
    Success_at_10: 1.00000
    Affinity Loss: 0.72156
    Loss: 1.42204
    Epoch Time: 54.89304
    Elapsed Time: 2514.46165
    lr: 0.000891
    train_ema: Pose=0.6925, BalAcc=0.6984, PR=0.4530, Rneg=0.5583, Rpos=0.8386, MAE=1.2818, RMSE=1.6053, r=0.7154, Cidx=0.7640
>>> Test Results - Epoch[46] <<<
    Balanced Accuracy: 0.74152
    Accuracy: 0.57622
    Pose Loss: 0.68575
    Pose Recall Neg: 0.51514
    Pose Recall Pos: 0.96790
    MCC: 0.33170
    PR AUC: 0.57111
    MAE: 1.20862
    RMSE: 1.52601
    Pearson R: 0.71676
    Spearman Rho: 0.70303
    C-index: 0.75832
    EF_1pct: 2.99655
    EF_5pct: 2.95217
    Success_at_1: 1.00000
    Success_at_5: 1.00000
    Success_at_10: 1.00000
    Affinity Loss: 0.83783
    Loss: 1.52358
    test_ema: Pose=0.6893, BalAcc=0.7094, PR=0.5057, Rneg=0.5634, Rpos=0.8554, MAE=1.4084, RMSE=1.7437, r=0.6798, Cidx=0.7448
>>> Train Results - Epoch[48] <<<
    Balanced Accuracy: 0.76700
    Accuracy: 0.64408
    Pose Loss: 0.62710
    Pose Recall Neg: 0.60335
    Pose Recall Pos: 0.93065
    MCC: 0.35351
    PR AUC: 0.54463
    MAE: 1.06981
    RMSE: 1.36521
    Pearson R: 0.76789
    Spearman Rho: 0.77858
    C-index: 0.78928
    EF_1pct: 2.52379
    EF_5pct: 1.86373
    Success_at_1: 1.00000
    Success_at_5: 1.00000
    Success_at_10: 1.00000
    Affinity Loss: 0.72445
    Loss: 1.35155
    Epoch Time: 55.13311
    Elapsed Time: 2624.78577
    lr: 0.000881
    train_ema: Pose=0.6729, BalAcc=0.7190, PR=0.4805, Rneg=0.5718, Rpos=0.8662, MAE=1.2182, RMSE=1.5333, r=0.7312, Cidx=0.7716
>>> Test Results - Epoch[48] <<<
    Balanced Accuracy: 0.77941
    Accuracy: 0.66522
    Pose Loss: 0.61488
    Pose Recall Neg: 0.62303
    Pose Recall Pos: 0.93579
    MCC: 0.38356
    PR AUC: 0.57694
    MAE: 1.18403
    RMSE: 1.48675
    Pearson R: 0.77876
    Spearman Rho: 0.77256
    C-index: 0.78898
    EF_1pct: 2.20798
    EF_5pct: 2.37457
    Success_at_1: 1.00000
    Success_at_5: 1.00000
    Success_at_10: 1.00000
    Affinity Loss: 0.81613
    Loss: 1.43101
    test_ema: Pose=0.6670, BalAcc=0.7304, PR=0.5270, Rneg=0.5813, Rpos=0.8795, MAE=1.3411, RMSE=1.6666, r=0.7095, Cidx=0.7581
  [DEBUG] Grad norms:
    backbone: 0.0540
    pose_local: 0.0081
    pose_geometry: 0.0037
    pose_local_proj: 0.0073
    pose_norm: 0.0016
    pose_fusion: 0.0072
    pose_head: 0.0415
    aff_local: 0.0245
    tokenizer: 0.0004
    transformer_layers: 0.0030
    transformer_norm: 0.0014
    aff_global_proj: 0.0624
    aff_token_proj: 0.0086
    aff_fusion: 0.0311
    affinity_head: 0.0915
>>> Train Results - Epoch[50] <<<
    Balanced Accuracy: 0.70233
    Accuracy: 0.50440
    Pose Loss: 0.73074
    Pose Recall Neg: 0.43881
    Pose Recall Pos: 0.96584
    MCC: 0.27406
    PR AUC: 0.51921
    MAE: 1.02516
    RMSE: 1.31222
    Pearson R: 0.76827
    Spearman Rho: 0.77527
    C-index: 0.78952
    EF_1pct: 2.92296
    EF_5pct: 1.70391
    Success_at_1: 1.00000
    Success_at_5: 1.00000
    Success_at_10: 1.00000
    Affinity Loss: 0.67600
    Loss: 1.40675
    Epoch Time: 55.05143
    Elapsed Time: 2734.88543
    lr: 0.000870
    train_ema: Pose=0.6903, BalAcc=0.7140, PR=0.4921, Rneg=0.5319, Rpos=0.8961, MAE=1.1603, RMSE=1.4670, r=0.7423, Cidx=0.7770
>>> Test Results - Epoch[50] <<<
    Balanced Accuracy: 0.68573
    Accuracy: 0.47618
    Pose Loss: 0.74753
    Pose Recall Neg: 0.39875
    Pose Recall Pos: 0.97271
    MCC: 0.26630
    PR AUC: 0.56703
    MAE: 1.17028
    RMSE: 1.48746
    Pearson R: 0.74138
    Spearman Rho: 0.74237
    C-index: 0.77546
    EF_1pct: 2.52341
    EF_5pct: 2.85591
    Success_at_1: 1.00000
    Success_at_5: 1.00000
    Success_at_10: 1.00000
    Affinity Loss: 0.79769
    Loss: 1.54522
    test_ema: Pose=0.6912, BalAcc=0.7170, PR=0.5390, Rneg=0.5265, Rpos=0.9075, MAE=1.2899, RMSE=1.6129, r=0.7191, Cidx=0.7633
>>> Train Results - Epoch[52] <<<
    Balanced Accuracy: 0.65084
    Accuracy: 0.39992
    Pose Loss: 0.80070
    Pose Recall Neg: 0.31676
    Pose Recall Pos: 0.98492
    MCC: 0.22199
    PR AUC: 0.52926
    MAE: 1.07383
    RMSE: 1.36726
    Pearson R: 0.76359
    Spearman Rho: 0.77036
    C-index: 0.78840
    EF_1pct: 2.54955
    EF_5pct: 2.04933
    Success_at_1: 1.00000
    Success_at_5: 1.00000
    Success_at_10: 1.00000
    Affinity Loss: 0.72255
    Loss: 1.52325
    Epoch Time: 54.84332
    Elapsed Time: 2844.59315
    lr: 0.000859
    train_ema: Pose=0.7234, BalAcc=0.6951, PR=0.5033, Rneg=0.4674, Rpos=0.9228, MAE=1.1344, RMSE=1.4371, r=0.7487, Cidx=0.7804
>>> Test Results - Epoch[52] <<<
    Balanced Accuracy: 0.63498
    Accuracy: 0.38133
    Pose Loss: 0.81424
    Pose Recall Neg: 0.28761
    Pose Recall Pos: 0.98234
    MCC: 0.21264
    PR AUC: 0.58291
    MAE: 1.18542
    RMSE: 1.47979
    Pearson R: 0.73851
    Spearman Rho: 0.73993
    C-index: 0.77318
    EF_1pct: 3.15426
    EF_5pct: 2.79173
    Success_at_1: 1.00000
    Success_at_5: 1.00000
    Success_at_10: 1.00000
    Affinity Loss: 0.81114
    Loss: 1.62537
    test_ema: Pose=0.7281, BalAcc=0.6924, PR=0.5522, Rneg=0.4548, Rpos=0.9299, MAE=1.2585, RMSE=1.5729, r=0.7249, Cidx=0.7662
>>> Train Results - Epoch[54] <<<
    Balanced Accuracy: 0.76248
    Accuracy: 0.84665
    Pose Loss: 0.46050
    Pose Recall Neg: 0.87454
    Pose Recall Pos: 0.65043
    MCC: 0.44103
    PR AUC: 0.50339
    MAE: 1.12455
    RMSE: 1.43861
    Pearson R: 0.74247
    Spearman Rho: 0.74172
    C-index: 0.76872
    EF_1pct: 3.02598
    EF_5pct: 1.29920
    Success_at_1: 1.00000
    Success_at_5: 1.00000
    Success_at_10: 1.00000
    Affinity Loss: 0.76965
    Loss: 1.23015
    Epoch Time: 54.88899
    Elapsed Time: 2954.58262
    lr: 0.000848
    train_ema: Pose=0.6445, BalAcc=0.7153, PR=0.5033, Rneg=0.5895, Rpos=0.8411, MAE=1.1314, RMSE=1.4375, r=0.7468, Cidx=0.7769
>>> Test Results - Epoch[54] <<<
    Balanced Accuracy: 0.77370
    Accuracy: 0.84755
    Pose Loss: 0.45910
    Pose Recall Neg: 0.87484
    Pose Recall Pos: 0.67255
    MCC: 0.46839
    PR AUC: 0.56224
    MAE: 1.29092
    RMSE: 1.62307
    Pearson R: 0.72776
    Spearman Rho: 0.71993
    C-index: 0.76512
    EF_1pct: 2.68112
    EF_5pct: 2.98426
    Success_at_1: 1.00000
    Success_at_5: 1.00000
    Success_at_10: 1.00000
    Affinity Loss: 0.91460
    Loss: 1.37369
    test_ema: Pose=0.6474, BalAcc=0.7168, PR=0.5552, Rneg=0.5808, Rpos=0.8527, MAE=1.2682, RMSE=1.5880, r=0.7258, Cidx=0.7659
>>> Train Results - Epoch[56] <<<
    Balanced Accuracy: 0.71182
    Accuracy: 0.51891
    Pose Loss: 0.69351
    Pose Recall Neg: 0.45497
    Pose Recall Pos: 0.96868
    MCC: 0.28520
    PR AUC: 0.53353
    MAE: 1.21313
    RMSE: 1.53246
    Pearson R: 0.74597
    Spearman Rho: 0.75118
    C-index: 0.77981
    EF_1pct: 3.85007
    EF_5pct: 2.49529
    Success_at_1: 1.00000
    Success_at_5: 1.00000
    Success_at_10: 1.00000
    Affinity Loss: 0.86191
    Loss: 1.55542
    Epoch Time: 54.86692
    Elapsed Time: 3064.49622
    lr: 0.000836
    train_ema: Pose=0.6592, BalAcc=0.7142, PR=0.5124, Rneg=0.5492, Rpos=0.8793, MAE=1.1559, RMSE=1.4660, r=0.7466, Cidx=0.7778
>>> Test Results - Epoch[56] <<<
    Balanced Accuracy: 0.68932
    Accuracy: 0.47770
    Pose Loss: 0.71767
    Pose Recall Neg: 0.39950
    Pose Recall Pos: 0.97913
    MCC: 0.27148
    PR AUC: 0.59118
    MAE: 1.37236
    RMSE: 1.69417
    Pearson R: 0.69974
    Spearman Rho: 0.69137
    C-index: 0.75280
    EF_1pct: 2.36570
    EF_5pct: 2.72755
    Success_at_1: 1.00000
    Success_at_5: 1.00000
    Success_at_10: 1.00000
    Affinity Loss: 1.00298
    Loss: 1.72065
    test_ema: Pose=0.6685, BalAcc=0.7085, PR=0.5660, Rneg=0.5264, Rpos=0.8907, MAE=1.2995, RMSE=1.6198, r=0.7180, Cidx=0.7620
>>> Train Results - Epoch[58] <<<
    Balanced Accuracy: 0.77849
    Accuracy: 0.71948
    Pose Loss: 0.55772
    Pose Recall Neg: 0.69993
    Pose Recall Pos: 0.85705
    MCC: 0.38095
    PR AUC: 0.51624
    MAE: 0.97989
    RMSE: 1.26287
    Pearson R: 0.79421
    Spearman Rho: 0.79644
    C-index: 0.80428
    EF_1pct: 2.92296
    EF_5pct: 1.49511
    Success_at_1: 1.00000
    Success_at_5: 1.00000
    Success_at_10: 1.00000
    Affinity Loss: 0.63397
    Loss: 1.19169
    Epoch Time: 55.00917
    Elapsed Time: 3174.56748
    lr: 0.000824
    train_ema: Pose=0.6288, BalAcc=0.7335, PR=0.5135, Rneg=0.5944, Rpos=0.8727, MAE=1.1031, RMSE=1.4051, r=0.7609, Cidx=0.7857
>>> Test Results - Epoch[58] <<<
    Balanced Accuracy: 0.76909
    Accuracy: 0.65440
    Pose Loss: 0.59548
    Pose Recall Neg: 0.61202
    Pose Recall Pos: 0.92616
    MCC: 0.36886
    PR AUC: 0.57580
    MAE: 1.13432
    RMSE: 1.42923
    Pearson R: 0.76301
    Spearman Rho: 0.74909
    C-index: 0.77908
    EF_1pct: 2.05027
    EF_5pct: 2.47084
    Success_at_1: 1.00000
    Success_at_5: 1.00000
    Success_at_10: 1.00000
    Affinity Loss: 0.77462
    Loss: 1.37010
    test_ema: Pose=0.6466, BalAcc=0.7267, PR=0.5689, Rneg=0.5521, Rpos=0.9013, MAE=1.2499, RMSE=1.5627, r=0.7315, Cidx=0.7671
  [DEBUG] Grad norms:
    backbone: 0.0745
    pose_local: 0.0161
    pose_geometry: 0.0102
    pose_local_proj: 0.0251
    pose_norm: 0.0026
    pose_fusion: 0.0120
    pose_head: 0.0870
    aff_local: 0.0240
    tokenizer: 0.0004
    transformer_layers: 0.0027
    transformer_norm: 0.0017
    aff_global_proj: 0.0632
    aff_token_proj: 0.0076
    aff_fusion: 0.0264
    affinity_head: 0.0841
>>> Train Results - Epoch[60] <<<
    Balanced Accuracy: 0.74231
    Accuracy: 0.58720
    Pose Loss: 0.67014
    Pose Recall Neg: 0.53579
    Pose Recall Pos: 0.94883
    MCC: 0.32033
    PR AUC: 0.52344
    MAE: 1.08497
    RMSE: 1.38715
    Pearson R: 0.77727
    Spearman Rho: 0.78172
    C-index: 0.79682
    EF_1pct: 3.10323
    EF_5pct: 1.51831
    Success_at_1: 1.00000
    Success_at_5: 1.00000
    Success_at_10: 1.00000
    Affinity Loss: 0.73943
    Loss: 1.40958
    Epoch Time: 54.83370
    Elapsed Time: 3284.32243
    lr: 0.000812
    train_ema: Pose=0.6412, BalAcc=0.7362, PR=0.5165, Rneg=0.5768, Rpos=0.8955, MAE=1.0977, RMSE=1.3997, r=0.7658, Cidx=0.7891
>>> Test Results - Epoch[60] <<<
    Balanced Accuracy: 0.74979
    Accuracy: 0.58467
    Pose Loss: 0.67422
    Pose Recall Neg: 0.52365
    Pose Recall Pos: 0.97592
    MCC: 0.34265
    PR AUC: 0.56299
    MAE: 1.34126
    RMSE: 1.70853
    Pearson R: 0.70203
    Spearman Rho: 0.69028
    C-index: 0.75882
    EF_1pct: 2.36570
    EF_5pct: 2.69546
    Success_at_1: 1.00000
    Success_at_5: 1.00000
    Success_at_10: 1.00000
    Affinity Loss: 0.97816
    Loss: 1.65238
    test_ema: Pose=0.6549, BalAcc=0.7336, PR=0.5672, Rneg=0.5436, Rpos=0.9237, MAE=1.2773, RMSE=1.6064, r=0.7226, Cidx=0.7646
>>> Train Results - Epoch[62] <<<
    Balanced Accuracy: 0.79797
    Accuracy: 0.76463
    Pose Loss: 0.54091
    Pose Recall Neg: 0.75358
    Pose Recall Pos: 0.84236
    MCC: 0.42151
    PR AUC: 0.54330
    MAE: 1.00235
    RMSE: 1.30476
    Pearson R: 0.79859
    Spearman Rho: 0.80211
    C-index: 0.80470
    EF_1pct: 2.80708
    EF_5pct: 1.53636
    Success_at_1: 0.00000
    Success_at_5: 1.00000
    Success_at_10: 1.00000
    Affinity Loss: 0.65660
    Loss: 1.19751
    Epoch Time: 54.90586
    Elapsed Time: 3394.10850
    lr: 0.000799
    train_ema: Pose=0.6111, BalAcc=0.7547, PR=0.5245, Rneg=0.6298, Rpos=0.8796, MAE=1.0691, RMSE=1.3712, r=0.7756, Cidx=0.7937
>>> Test Results - Epoch[62] <<<
    Balanced Accuracy: 0.80934
    Accuracy: 0.73928
    Pose Loss: 0.56628
    Pose Recall Neg: 0.71339
    Pose Recall Pos: 0.90530
    MCC: 0.43776
    PR AUC: 0.60620
    MAE: 1.15070
    RMSE: 1.46209
    Pearson R: 0.75909
    Spearman Rho: 0.75573
    C-index: 0.78194
    EF_1pct: 2.83884
    EF_5pct: 2.79173
    Success_at_1: 1.00000
    Success_at_5: 1.00000
    Success_at_10: 1.00000
    Affinity Loss: 0.78724
    Loss: 1.35352
    test_ema: Pose=0.6283, BalAcc=0.7563, PR=0.5789, Rneg=0.5945, Rpos=0.9182, MAE=1.2393, RMSE=1.5631, r=0.7336, Cidx=0.7698
>>> Train Results - Epoch[64] <<<
    Balanced Accuracy: 0.78989
    Accuracy: 0.69171
    Pose Loss: 0.59440
    Pose Recall Neg: 0.65918
    Pose Recall Pos: 0.92060
    MCC: 0.38870
    PR AUC: 0.55799
    MAE: 1.15940
    RMSE: 1.45539
    Pearson R: 0.78697
    Spearman Rho: 0.79653
    C-index: 0.79832
    EF_1pct: 2.48516
    EF_5pct: 1.47964
    Success_at_1: 1.00000
    Success_at_5: 1.00000
    Success_at_10: 1.00000
    Affinity Loss: 0.80977
    Loss: 1.40417
    Epoch Time: 54.94735
    Elapsed Time: 3504.06299
    lr: 0.000786
    train_ema: Pose=0.6061, BalAcc=0.7653, PR=0.5346, Rneg=0.6386, Rpos=0.8919, MAE=1.0962, RMSE=1.3965, r=0.7790, Cidx=0.7951
>>> Test Results - Epoch[64] <<<
    Balanced Accuracy: 0.79911
    Accuracy: 0.70398
    Pose Loss: 0.58516
    Pose Recall Neg: 0.66884
    Pose Recall Pos: 0.92937
    MCC: 0.41523
    PR AUC: 0.61968
    MAE: 1.43624
    RMSE: 1.76825
    Pearson R: 0.72834
    Spearman Rho: 0.71900
    C-index: 0.76342
    EF_1pct: 2.99655
    EF_5pct: 2.37457
    Success_at_1: 1.00000
    Success_at_5: 1.00000
    Success_at_10: 1.00000
    Affinity Loss: 1.07011
    Loss: 1.65527
    test_ema: Pose=0.6154, BalAcc=0.7692, PR=0.5911, Rneg=0.6168, Rpos=0.9215, MAE=1.2984, RMSE=1.6247, r=0.7320, Cidx=0.7679
>>> Train Results - Epoch[66] <<<
    Balanced Accuracy: 0.63246
    Accuracy: 0.36232
    Pose Loss: 0.78343
    Pose Recall Neg: 0.27279
    Pose Recall Pos: 0.99214
    MCC: 0.20482
    PR AUC: 0.54494
    MAE: 1.11404
    RMSE: 1.41217
    Pearson R: 0.80908
    Spearman Rho: 0.81363
    C-index: 0.80850
    EF_1pct: 2.58818
    EF_5pct: 1.83280
    Success_at_1: 1.00000
    Success_at_5: 1.00000
    Success_at_10: 1.00000
    Affinity Loss: 0.76519
    Loss: 1.54863
    Epoch Time: 55.11618
    Elapsed Time: 3614.32115
    lr: 0.000773
    train_ema: Pose=0.6593, BalAcc=0.7254, PR=0.5377, Rneg=0.5289, Rpos=0.9220, MAE=1.1015, RMSE=1.4012, r=0.7880, Cidx=0.7991
>>> Test Results - Epoch[66] <<<
    Balanced Accuracy: 0.62575
    Accuracy: 0.35600
    Pose Loss: 0.78323
    Pose Recall Neg: 0.25632
    Pose Recall Pos: 0.99518
    MCC: 0.20661
    PR AUC: 0.58858
    MAE: 1.33050
    RMSE: 1.64832
    Pearson R: 0.71298
    Spearman Rho: 0.70207
    C-index: 0.76512
    EF_1pct: 2.05027
    EF_5pct: 2.79173
    Success_at_1: 1.00000
    Success_at_5: 1.00000
    Success_at_10: 1.00000
    Affinity Loss: 0.96053
    Loss: 1.74376
    test_ema: Pose=0.6657, BalAcc=0.7261, PR=0.5904, Rneg=0.5087, Rpos=0.9436, MAE=1.3080, RMSE=1.6318, r=0.7263, Cidx=0.7671
>>> Train Results - Epoch[68] <<<
    Balanced Accuracy: 0.79113
    Accuracy: 0.75314
    Pose Loss: 0.56990
    Pose Recall Neg: 0.74055
    Pose Recall Pos: 0.84171
    MCC: 0.40817
    PR AUC: 0.53438
    MAE: 0.98915
    RMSE: 1.26556
    Pearson R: 0.81162
    Spearman Rho: 0.81560
    C-index: 0.81034
    EF_1pct: 3.07748
    EF_5pct: 1.47964
    Success_at_1: 1.00000
    Success_at_5: 1.00000
    Success_at_10: 1.00000
    Affinity Loss: 0.64649
    Loss: 1.21640
    Epoch Time: 54.93344
    Elapsed Time: 3724.17501
    lr: 0.000759
    train_ema: Pose=0.6325, BalAcc=0.7451, PR=0.5367, Rneg=0.5924, Rpos=0.8979, MAE=1.0678, RMSE=1.3605, r=0.7951, Cidx=0.8025
>>> Test Results - Epoch[68] <<<
    Balanced Accuracy: 0.79892
    Accuracy: 0.75054
    Pose Loss: 0.57029
    Pose Recall Neg: 0.73267
    Pose Recall Pos: 0.86517
    MCC: 0.42877
    PR AUC: 0.58096
    MAE: 1.31877
    RMSE: 1.64059
    Pearson R: 0.73014
    Spearman Rho: 0.71411
    C-index: 0.76178
    EF_1pct: 2.05027
    EF_5pct: 2.24622
    Success_at_1: 1.00000
    Success_at_5: 1.00000
    Success_at_10: 1.00000
    Affinity Loss: 0.95255
    Loss: 1.52284
    test_ema: Pose=0.6371, BalAcc=0.7480, PR=0.5875, Rneg=0.5759, Rpos=0.9201, MAE=1.3113, RMSE=1.6344, r=0.7274, Cidx=0.7655
  [DEBUG] Grad norms:
    backbone: 0.0445
    pose_local: 0.0077
    pose_geometry: 0.0046
    pose_local_proj: 0.0078
    pose_norm: 0.0018
    pose_fusion: 0.0064
    pose_head: 0.0455
    aff_local: 0.0287
    tokenizer: 0.0002
    transformer_layers: 0.0019
    transformer_norm: 0.0010
    aff_global_proj: 0.0799
    aff_token_proj: 0.0062
    aff_fusion: 0.0255
    affinity_head: 0.0947
>>> Train Results - Epoch[70] <<<
    Balanced Accuracy: 0.78938
    Accuracy: 0.69122
    Pose Loss: 0.59408
    Pose Recall Neg: 0.65868
    Pose Recall Pos: 0.92008
    MCC: 0.38797
    PR AUC: 0.55688
    MAE: 1.06673
    RMSE: 1.35337
    Pearson R: 0.75028
    Spearman Rho: 0.75682
    C-index: 0.77822
    EF_1pct: 3.10323
    EF_5pct: 2.04933
    Success_at_1: 1.00000
    Success_at_5: 1.00000
    Success_at_10: 1.00000
    Affinity Loss: 0.71418
    Loss: 1.30826
    Epoch Time: 54.96200
    Elapsed Time: 3834.15614
    lr: 0.000745
    train_ema: Pose=0.6210, BalAcc=0.7584, PR=0.5428, Rneg=0.6123, Rpos=0.9045, MAE=1.0675, RMSE=1.3584, r=0.7817, Cidx=0.7952
>>> Test Results - Epoch[70] <<<
    Balanced Accuracy: 0.79662
    Accuracy: 0.70204
    Pose Loss: 0.57671
    Pose Recall Neg: 0.66708
    Pose Recall Pos: 0.92616
    MCC: 0.41162
    PR AUC: 0.60121
    MAE: 1.24015
    RMSE: 1.55332
    Pearson R: 0.70662
    Spearman Rho: 0.69766
    C-index: 0.75692
    EF_1pct: 2.36570
    EF_5pct: 2.24622
    Success_at_1: 1.00000
    Success_at_5: 1.00000
    Success_at_10: 1.00000
    Affinity Loss: 0.86941
    Loss: 1.44612
    test_ema: Pose=0.6190, BalAcc=0.7626, PR=0.5916, Rneg=0.6032, Rpos=0.9219, MAE=1.2899, RMSE=1.6101, r=0.7212, Cidx=0.7629
>>> Train Results - Epoch[72] <<<
    Balanced Accuracy: 0.81784
    Accuracy: 0.80079
    Pose Loss: 0.48924
    Pose Recall Neg: 0.79513
    Pose Recall Pos: 0.84055
    MCC: 0.46535
    PR AUC: 0.58402
    MAE: 1.02493
    RMSE: 1.31523
    Pearson R: 0.78673
    Spearman Rho: 0.79194
    C-index: 0.79964
    EF_1pct: 2.62680
    EF_5pct: 1.67040
    Success_at_1: 0.00000
    Success_at_5: 0.00000
    Success_at_10: 0.00000
    Affinity Loss: 0.67713
    Loss: 1.16636
    Epoch Time: 55.01217
    Elapsed Time: 3944.02430
    lr: 0.000731
    train_ema: Pose=0.5814, BalAcc=0.7762, PR=0.5551, Rneg=0.6671, Rpos=0.8853, MAE=1.0547, RMSE=1.3454, r=0.7832, Cidx=0.7965
>>> Test Results - Epoch[72] <<<
    Balanced Accuracy: 0.82766
    Accuracy: 0.77566
    Pose Loss: 0.50861
    Pose Recall Neg: 0.75645
    Pose Recall Pos: 0.89888
    MCC: 0.47540
    PR AUC: 0.64278
    MAE: 1.23456
    RMSE: 1.55781
    Pearson R: 0.71106
    Spearman Rho: 0.70845
    C-index: 0.75844
    EF_1pct: 1.73485
    EF_5pct: 1.82906
    Success_at_1: 0.00000
    Success_at_5: 0.00000
    Success_at_10: 1.00000
    Affinity Loss: 0.86287
    Loss: 1.37148
    test_ema: Pose=0.5859, BalAcc=0.7821, PR=0.6070, Rneg=0.6492, Rpos=0.9150, MAE=1.2733, RMSE=1.5944, r=0.7182, Cidx=0.7616
>>> Train Results - Epoch[74] <<<
    Balanced Accuracy: 0.77656
    Accuracy: 0.65308
    Pose Loss: 0.60065
    Pose Recall Neg: 0.61216
    Pose Recall Pos: 0.94096
    MCC: 0.36655
    PR AUC: 0.57342
    MAE: 0.92658
    RMSE: 1.20790
    Pearson R: 0.82661
    Spearman Rho: 0.83079
    C-index: 0.81998
    EF_1pct: 2.29202
    EF_5pct: 1.94107
    Success_at_1: 1.00000
    Success_at_5: 1.00000
    Success_at_10: 1.00000
    Affinity Loss: 0.59339
    Loss: 1.19404
    Epoch Time: 54.81944
    Elapsed Time: 4053.73048
    lr: 0.000717
    train_ema: Pose=0.5872, BalAcc=0.7763, PR=0.5606, Rneg=0.6506, Rpos=0.9020, MAE=1.0163, RMSE=1.3042, r=0.7962, Cidx=0.8036
>>> Test Results - Epoch[74] <<<
    Balanced Accuracy: 0.79622
    Accuracy: 0.68493
    Pose Loss: 0.58209
    Pose Recall Neg: 0.64380
    Pose Recall Pos: 0.94864
    MCC: 0.40813
    PR AUC: 0.61393
    MAE: 1.24343
    RMSE: 1.61341
    Pearson R: 0.74190
    Spearman Rho: 0.73435
    C-index: 0.77090
    EF_1pct: 2.99655
    EF_5pct: 2.92008
    Success_at_1: 1.00000
    Success_at_5: 1.00000
    Success_at_10: 1.00000
    Affinity Loss: 0.89520
    Loss: 1.47728
    test_ema: Pose=0.5847, BalAcc=0.7863, PR=0.6091, Rneg=0.6476, Rpos=0.9251, MAE=1.2643, RMSE=1.6001, r=0.7253, Cidx=0.7644
>>> Train Results - Epoch[76] <<<
    Balanced Accuracy: 0.80357
    Accuracy: 0.81627
    Pose Loss: 0.46196
    Pose Recall Neg: 0.82047
    Pose Recall Pos: 0.78667
    MCC: 0.45977
    PR AUC: 0.54044
    MAE: 1.19923
    RMSE: 1.51212
    Pearson R: 0.75185
    Spearman Rho: 0.75449
    C-index: 0.77682
    EF_1pct: 2.38215
    EF_5pct: 1.87147
    Success_at_1: 1.00000
    Success_at_5: 1.00000
    Success_at_10: 1.00000
    Affinity Loss: 0.84678
    Loss: 1.30874
    Epoch Time: 54.88114
    Elapsed Time: 4163.52967
    lr: 0.000702
    train_ema: Pose=0.5496, BalAcc=0.7845, PR=0.5546, Rneg=0.7016, Rpos=0.8674, MAE=1.0712, RMSE=1.3665, r=0.7829, Cidx=0.7955
>>> Test Results - Epoch[76] <<<
    Balanced Accuracy: 0.80486
    Accuracy: 0.78779
    Pose Loss: 0.49164
    Pose Recall Neg: 0.78148
    Pose Recall Pos: 0.82825
    MCC: 0.45421
    PR AUC: 0.58776
    MAE: 1.39595
    RMSE: 1.73055
    Pearson R: 0.66661
    Spearman Rho: 0.66896
    C-index: 0.74234
    EF_1pct: 3.62740
    EF_5pct: 2.59920
    Success_at_1: 1.00000
    Success_at_5: 1.00000
    Success_at_10: 1.00000
    Affinity Loss: 1.01754
    Loss: 1.50919
    test_ema: Pose=0.5568, BalAcc=0.7919, PR=0.6027, Rneg=0.6877, Rpos=0.8960, MAE=1.3038, RMSE=1.6392, r=0.7077, Cidx=0.7578
>>> Train Results - Epoch[78] <<<
    Balanced Accuracy: 0.73253
    Accuracy: 0.87397
    Pose Loss: 0.39588
    Pose Recall Neg: 0.92085
    Pose Recall Pos: 0.54421
    MCC: 0.44642
    PR AUC: 0.54335
    MAE: 0.98252
    RMSE: 1.26677
    Pearson R: 0.81772
    Spearman Rho: 0.82477
    C-index: 0.81356
    EF_1pct: 2.52379
    EF_5pct: 2.02098
    Success_at_1: 0.00000
    Success_at_5: 0.00000
    Success_at_10: 0.00000
    Affinity Loss: 0.64101
    Loss: 1.03688
    Epoch Time: 54.85713
    Elapsed Time: 4273.30749
    lr: 0.000688
    train_ema: Pose=0.5035, BalAcc=0.7689, PR=0.5512, Rneg=0.7674, Rpos=0.7705, MAE=1.0446, RMSE=1.3366, r=0.7933, Cidx=0.8010
>>> Test Results - Epoch[78] <<<
    Balanced Accuracy: 0.72813
    Accuracy: 0.88826
    Pose Loss: 0.38951
    Pose Recall Neg: 0.94743
    Pose Recall Pos: 0.50883
    MCC: 0.49023
    PR AUC: 0.59278
    MAE: 1.19890
    RMSE: 1.49889
    Pearson R: 0.73863
    Spearman Rho: 0.72095
    C-index: 0.76606
    EF_1pct: 2.20798
    EF_5pct: 1.82906
    Success_at_1: 0.00000
    Success_at_5: 1.00000
    Success_at_10: 1.00000
    Affinity Loss: 0.82274
    Loss: 1.21225
    test_ema: Pose=0.5066, BalAcc=0.7728, PR=0.5997, Rneg=0.7657, Rpos=0.7799, MAE=1.2723, RMSE=1.5971, r=0.7170, Cidx=0.7603
  [DEBUG] Grad norms:
    backbone: 0.0673
    pose_local: 0.0122
    pose_geometry: 0.0048
    pose_local_proj: 0.0152
    pose_norm: 0.0018
    pose_fusion: 0.0073
    pose_head: 0.0329
    aff_local: 0.0248
    tokenizer: 0.0002
    transformer_layers: 0.0014
    transformer_norm: 0.0011
    aff_global_proj: 0.0586
    aff_token_proj: 0.0059
    aff_fusion: 0.0231
    affinity_head: 0.0437
>>> Train Results - Epoch[80] <<<
    Balanced Accuracy: 0.77303
    Accuracy: 0.64157
    Pose Loss: 0.59404
    Pose Recall Neg: 0.59800
    Pose Recall Pos: 0.94805
    MCC: 0.36116
    PR AUC: 0.57500
    MAE: 1.02397
    RMSE: 1.31377
    Pearson R: 0.80397
    Spearman Rho: 0.80787
    C-index: 0.80546
    EF_1pct: 3.42515
    EF_5pct: 2.00293
    Success_at_1: 1.00000
    Success_at_5: 1.00000
    Success_at_10: 1.00000
    Affinity Loss: 0.68420
    Loss: 1.27824
    Epoch Time: 54.87270
    Elapsed Time: 4383.19243
    lr: 0.000673
    train_ema: Pose=0.5307, BalAcc=0.7701, PR=0.5583, Rneg=0.7166, Rpos=0.8237, MAE=1.0384, RMSE=1.3298, r=0.7965, Cidx=0.8023
>>> Test Results - Epoch[80] <<<
    Balanced Accuracy: 0.78466
    Accuracy: 0.66024
    Pose Loss: 0.57515
    Pose Recall Neg: 0.61427
    Pose Recall Pos: 0.95506
    MCC: 0.39009
    PR AUC: 0.61520
    MAE: 1.34940
    RMSE: 1.69350
    Pearson R: 0.72831
    Spearman Rho: 0.71822
    C-index: 0.77056
    EF_1pct: 3.46969
    EF_5pct: 2.69546
    Success_at_1: 1.00000
    Success_at_5: 1.00000
    Success_at_10: 1.00000
    Affinity Loss: 0.97905
    Loss: 1.55420
    test_ema: Pose=0.5272, BalAcc=0.7763, PR=0.6044, Rneg=0.7202, Rpos=0.8324, MAE=1.2955, RMSE=1.6260, r=0.7204, Cidx=0.7633
>>> Train Results - Epoch[82] <<<
    Balanced Accuracy: 0.80010
    Accuracy: 0.79576
    Pose Loss: 0.48854
    Pose Recall Neg: 0.79433
    Pose Recall Pos: 0.80588
    MCC: 0.44109
    PR AUC: 0.56234
    MAE: 1.14123
    RMSE: 1.45157
    Pearson R: 0.73874
    Spearman Rho: 0.72642
    C-index: 0.76956
    EF_1pct: 3.10323
    EF_5pct: 1.59822
    Success_at_1: 1.00000
    Success_at_5: 1.00000
    Success_at_10: 1.00000
    Affinity Loss: 0.79310
    Loss: 1.28164
    Epoch Time: 54.90905
    Elapsed Time: 4493.07291
    lr: 0.000658
    train_ema: Pose=0.5180, BalAcc=0.7791, PR=0.5595, Rneg=0.7399, Rpos=0.8184, MAE=1.0692, RMSE=1.3663, r=0.7792, Cidx=0.7925
>>> Test Results - Epoch[82] <<<
    Balanced Accuracy: 0.81896
    Accuracy: 0.78757
    Pose Loss: 0.50556
    Pose Recall Neg: 0.77597
    Pose Recall Pos: 0.86196
    MCC: 0.47117
    PR AUC: 0.64088
    MAE: 1.33733
    RMSE: 1.64351
    Pearson R: 0.69592
    Spearman Rho: 0.66832
    C-index: 0.74476
    EF_1pct: 1.73485
    EF_5pct: 2.02160
    Success_at_1: 1.00000
    Success_at_5: 1.00000
    Success_at_10: 1.00000
    Affinity Loss: 0.94987
    Loss: 1.45543
    test_ema: Pose=0.5207, BalAcc=0.7891, PR=0.6153, Rneg=0.7370, Rpos=0.8413, MAE=1.3080, RMSE=1.6313, r=0.7130, Cidx=0.7578
>>> Train Results - Epoch[84] <<<
    Balanced Accuracy: 0.79672
    Accuracy: 0.69613
    Pose Loss: 0.56351
    Pose Recall Neg: 0.66279
    Pose Recall Pos: 0.93065
    MCC: 0.39814
    PR AUC: 0.59627
    MAE: 0.85352
    RMSE: 1.10247
    Pearson R: 0.84359
    Spearman Rho: 0.84688
    C-index: 0.82640
    EF_1pct: 3.11611
    EF_5pct: 1.83538
    Success_at_1: 0.00000
    Success_at_5: 1.00000
    Success_at_10: 1.00000
    Affinity Loss: 0.52004
    Loss: 1.08355
    Epoch Time: 54.97138
    Elapsed Time: 4602.93861
    lr: 0.000642
    train_ema: Pose=0.5317, BalAcc=0.7844, PR=0.5706, Rneg=0.7168, Rpos=0.8521, MAE=1.0045, RMSE=1.2872, r=0.7985, Cidx=0.8027
>>> Test Results - Epoch[84] <<<
    Balanced Accuracy: 0.80410
    Accuracy: 0.70442
    Pose Loss: 0.55443
    Pose Recall Neg: 0.66758
    Pose Recall Pos: 0.94061
    MCC: 0.42177
    PR AUC: 0.61904
    MAE: 1.20001
    RMSE: 1.53287
    Pearson R: 0.71244
    Spearman Rho: 0.70193
    C-index: 0.75476
    EF_1pct: 2.05027
    EF_5pct: 2.47084
    Success_at_1: 1.00000
    Success_at_5: 1.00000
    Success_at_10: 1.00000
    Affinity Loss: 0.82805
    Loss: 1.38248
    test_ema: Pose=0.5308, BalAcc=0.7936, PR=0.6164, Rneg=0.7161, Rpos=0.8711, MAE=1.2756, RMSE=1.6018, r=0.7129, Cidx=0.7569
>>> Train Results - Epoch[86] <<<
    Balanced Accuracy: 0.78845
    Accuracy: 0.70575
    Pose Loss: 0.53387
    Pose Recall Neg: 0.67834
    Pose Recall Pos: 0.89856
    MCC: 0.38983
    PR AUC: 0.59505
    MAE: 0.86645
    RMSE: 1.12072
    Pearson R: 0.83885
    Spearman Rho: 0.84159
    C-index: 0.82828
    EF_1pct: 3.18049
    EF_5pct: 2.20142
    Success_at_1: 1.00000
    Success_at_5: 1.00000
    Success_at_10: 1.00000
    Affinity Loss: 0.53237
    Loss: 1.06624
    Epoch Time: 54.88921
    Elapsed Time: 4712.66723
    lr: 0.000627
    train_ema: Pose=0.5323, BalAcc=0.7856, PR=0.5779, Rneg=0.7052, Rpos=0.8660, MAE=0.9631, RMSE=1.2372, r=0.8106, Cidx=0.8103
>>> Test Results - Epoch[86] <<<
    Balanced Accuracy: 0.78512
    Accuracy: 0.69034
    Pose Loss: 0.54316
    Pose Recall Neg: 0.65532
    Pose Recall Pos: 0.91493
    MCC: 0.39450
    PR AUC: 0.63974
    MAE: 1.20549
    RMSE: 1.52967
    Pearson R: 0.71528
    Spearman Rho: 0.69730
    C-index: 0.75420
    EF_1pct: 2.36570
    EF_5pct: 2.79173
    Success_at_1: 1.00000
    Success_at_5: 1.00000
    Success_at_10: 1.00000
    Affinity Loss: 0.83128
    Loss: 1.37443
    test_ema: Pose=0.5345, BalAcc=0.7911, PR=0.6234, Rneg=0.6979, Rpos=0.8842, MAE=1.2546, RMSE=1.5801, r=0.7136, Cidx=0.7561
>>> Train Results - Epoch[88] <<<
    Balanced Accuracy: 0.70294
    Accuracy: 0.49435
    Pose Loss: 0.75727
    Pose Recall Neg: 0.42522
    Pose Recall Pos: 0.98067
    MCC: 0.27680
    PR AUC: 0.50630
    MAE: 1.00119
    RMSE: 1.28016
    Pearson R: 0.81537
    Spearman Rho: 0.82281
    C-index: 0.81108
    EF_1pct: 2.39503
    EF_5pct: 1.66267
    Success_at_1: 1.00000
    Success_at_5: 1.00000
    Success_at_10: 1.00000
    Affinity Loss: 0.65654
    Loss: 1.41380
    Epoch Time: 54.99381
    Elapsed Time: 4822.63871
    lr: 0.000611
    train_ema: Pose=0.5998, BalAcc=0.7608, PR=0.5564, Rneg=0.6212, Rpos=0.9004, MAE=0.9745, RMSE=1.2501, r=0.8120, Cidx=0.8106
>>> Test Results - Epoch[88] <<<
    Balanced Accuracy: 0.70035
    Accuracy: 0.49913
    Pose Loss: 0.75057
    Pose Recall Neg: 0.42478
    Pose Recall Pos: 0.97592
    MCC: 0.28342
    PR AUC: 0.58576
    MAE: 1.25577
    RMSE: 1.59700
    Pearson R: 0.70600
    Spearman Rho: 0.71913
    C-index: 0.77034
    EF_1pct: 3.78512
    EF_5pct: 2.82382
    Success_at_1: 1.00000
    Success_at_5: 1.00000
    Success_at_10: 1.00000
    Affinity Loss: 0.89142
    Loss: 1.64199
    test_ema: Pose=0.5993, BalAcc=0.7639, PR=0.6121, Rneg=0.6160, Rpos=0.9117, MAE=1.2549, RMSE=1.5852, r=0.7113, Cidx=0.7603
  [DEBUG] Grad norms:
    backbone: 0.0628
    pose_local: 0.0088
    pose_geometry: 0.0032
    pose_local_proj: 0.0095
    pose_norm: 0.0008
    pose_fusion: 0.0056
    pose_head: 0.0231
    aff_local: 0.0389
    tokenizer: 0.0003
    transformer_layers: 0.0023
    transformer_norm: 0.0021
    aff_global_proj: 0.0965
    aff_token_proj: 0.0119
    aff_fusion: 0.0295
    affinity_head: 0.0928
>>> Train Results - Epoch[90] <<<
    Balanced Accuracy: 0.79028
    Accuracy: 0.66954
    Pose Loss: 0.60056
    Pose Recall Neg: 0.62953
    Pose Recall Pos: 0.95102
    MCC: 0.38582
    PR AUC: 0.60531
    MAE: 0.91406
    RMSE: 1.17906
    Pearson R: 0.82530
    Spearman Rho: 0.83051
    C-index: 0.82040
    EF_1pct: 3.10323
    EF_5pct: 1.36364
    Success_at_1: 1.00000
    Success_at_5: 1.00000
    Success_at_10: 1.00000
    Affinity Loss: 0.57193
    Loss: 1.17249
    Epoch Time: 55.19547
    Elapsed Time: 4932.99043
    lr: 0.000596
    train_ema: Pose=0.6000, BalAcc=0.7697, PR=0.5711, Rneg=0.6237, Rpos=0.9156, MAE=0.9564, RMSE=1.2288, r=0.8160, Cidx=0.8135
>>> Test Results - Epoch[90] <<<
    Balanced Accuracy: 0.79808
    Accuracy: 0.68579
    Pose Loss: 0.59269
    Pose Recall Neg: 0.64431
    Pose Recall Pos: 0.95185
    MCC: 0.41068
    PR AUC: 0.64508
    MAE: 1.17075
    RMSE: 1.47893
    Pearson R: 0.75260
    Spearman Rho: 0.73813
    C-index: 0.77334
    EF_1pct: 2.83884
    EF_5pct: 2.05369
    Success_at_1: 1.00000
    Success_at_5: 1.00000
    Success_at_10: 1.00000
    Affinity Loss: 0.81117
    Loss: 1.40387
    test_ema: Pose=0.5973, BalAcc=0.7741, PR=0.6220, Rneg=0.6245, Rpos=0.9238, MAE=1.2297, RMSE=1.5533, r=0.7237, Cidx=0.7642
>>> Train Results - Epoch[92] <<<
    Balanced Accuracy: 0.70129
    Accuracy: 0.48981
    Pose Loss: 0.74909
    Pose Recall Neg: 0.41972
    Pose Recall Pos: 0.98286
    MCC: 0.27531
    PR AUC: 0.58927
    MAE: 1.01223
    RMSE: 1.29665
    Pearson R: 0.79063
    Spearman Rho: 0.79418
    C-index: 0.80122
    EF_1pct: 3.23200
    EF_5pct: 2.20916
    Success_at_1: 1.00000
    Success_at_5: 1.00000
    Success_at_10: 1.00000
    Affinity Loss: 0.66736
    Loss: 1.41646
    Epoch Time: 55.20516
    Elapsed Time: 5043.13955
    lr: 0.000580
    train_ema: Pose=0.6448, BalAcc=0.7491, PR=0.5765, Rneg=0.5625, Rpos=0.9358, MAE=0.9731, RMSE=1.2491, r=0.8084, Cidx=0.8098
>>> Test Results - Epoch[92] <<<
    Balanced Accuracy: 0.70634
    Accuracy: 0.50715
    Pose Loss: 0.72858
    Pose Recall Neg: 0.43354
    Pose Recall Pos: 0.97913
    MCC: 0.29077
    PR AUC: 0.64586
    MAE: 1.35354
    RMSE: 1.69183
    Pearson R: 0.64979
    Spearman Rho: 0.63920
    C-index: 0.72974
    EF_1pct: 2.83884
    EF_5pct: 2.14995
    Success_at_1: 1.00000
    Success_at_5: 1.00000
    Success_at_10: 1.00000
    Affinity Loss: 0.97260
    Loss: 1.70119
    test_ema: Pose=0.6367, BalAcc=0.7538, PR=0.6292, Rneg=0.5672, Rpos=0.9404, MAE=1.2668, RMSE=1.5949, r=0.7015, Cidx=0.7539
>>> Train Results - Epoch[94] <<<
    Balanced Accuracy: 0.81155
    Accuracy: 0.80526
    Pose Loss: 0.44802
    Pose Recall Neg: 0.80318
    Pose Recall Pos: 0.81993
    MCC: 0.46098
    PR AUC: 0.58169
    MAE: 0.86498
    RMSE: 1.12159
    Pearson R: 0.84865
    Spearman Rho: 0.85321
    C-index: 0.82838
    EF_1pct: 2.18900
    EF_5pct: 1.63173
    Success_at_1: 1.00000
    Success_at_5: 1.00000
    Success_at_10: 1.00000
    Affinity Loss: 0.53351
    Loss: 0.98152
    Epoch Time: 55.09951
    Elapsed Time: 5153.23722
    lr: 0.000564
    train_ema: Pose=0.5857, BalAcc=0.7679, PR=0.5781, Rneg=0.6347, Rpos=0.9010, MAE=0.9407, RMSE=1.2109, r=0.8205, Cidx=0.8154
>>> Test Results - Epoch[94] <<<
    Balanced Accuracy: 0.82949
    Accuracy: 0.81399
    Pose Loss: 0.44615
    Pose Recall Neg: 0.80826
    Pose Recall Pos: 0.85072
    MCC: 0.50104
    PR AUC: 0.63060
    MAE: 1.22104
    RMSE: 1.52474
    Pearson R: 0.75216
    Spearman Rho: 0.73224
    C-index: 0.77068
    EF_1pct: 1.73485
    EF_5pct: 1.89324
    Success_at_1: 1.00000
    Success_at_5: 1.00000
    Success_at_10: 1.00000
    Affinity Loss: 0.85067
    Loss: 1.29682
    test_ema: Pose=0.5795, BalAcc=0.7765, PR=0.6296, Rneg=0.6395, Rpos=0.9135, MAE=1.2531, RMSE=1.5738, r=0.7167, Cidx=0.7589
>>> Train Results - Epoch[96] <<<
    Balanced Accuracy: 0.76193
    Accuracy: 0.60712
    Pose Loss: 0.62253
    Pose Recall Neg: 0.55582
    Pose Recall Pos: 0.96803
    MCC: 0.34591
    PR AUC: 0.61098
    MAE: 0.80255
    RMSE: 1.04271
    Pearson R: 0.87029
    Spearman Rho: 0.87343
    C-index: 0.84348
    EF_1pct: 2.51092
    EF_5pct: 1.81733
    Success_at_1: 1.00000
    Success_at_5: 1.00000
    Success_at_10: 1.00000
    Affinity Loss: 0.47885
    Loss: 1.10138
    Epoch Time: 55.09681
    Elapsed Time: 5263.41507
    lr: 0.000548
    train_ema: Pose=0.5968, BalAcc=0.7661, PR=0.5880, Rneg=0.6110, Rpos=0.9211, MAE=0.8992, RMSE=1.1604, r=0.8354, Cidx=0.8238
>>> Test Results - Epoch[96] <<<
    Balanced Accuracy: 0.76180
    Accuracy: 0.61130
    Pose Loss: 0.62256
    Pose Recall Neg: 0.55569
    Pose Recall Pos: 0.96790
    MCC: 0.35790
    PR AUC: 0.63693
    MAE: 1.13556
    RMSE: 1.42963
    Pearson R: 0.75745
    Spearman Rho: 0.73851
    C-index: 0.77524
    EF_1pct: 2.05027
    EF_5pct: 2.72755
    Success_at_1: 1.00000
    Success_at_5: 1.00000
    Success_at_10: 1.00000
    Affinity Loss: 0.76739
    Loss: 1.38995
    test_ema: Pose=0.5924, BalAcc=0.7721, PR=0.6318, Rneg=0.6144, Rpos=0.9298, MAE=1.2178, RMSE=1.5306, r=0.7289, Cidx=0.7638
>>> Train Results - Epoch[98] <<<
    Balanced Accuracy: 0.81647
    Accuracy: 0.75723
    Pose Loss: 0.52750
    Pose Recall Neg: 0.73760
    Pose Recall Pos: 0.89533
    MCC: 0.44069
    PR AUC: 0.60423
    MAE: 0.82171
    RMSE: 1.06992
    Pearson R: 0.85591
    Spearman Rho: 0.85739
    C-index: 0.83512
    EF_1pct: 2.76845
    EF_5pct: 1.44356
    Success_at_1: 1.00000
    Success_at_5: 1.00000
    Success_at_10: 1.00000
    Affinity Loss: 0.49007
    Loss: 1.01757
    Epoch Time: 54.85332
    Elapsed Time: 5373.33334
    lr: 0.000532
    train_ema: Pose=0.5760, BalAcc=0.7812, PR=0.5928, Rneg=0.6490, Rpos=0.9134, MAE=0.8760, RMSE=1.1333, r=0.8416, Cidx=0.8272
>>> Test Results - Epoch[98] <<<
    Balanced Accuracy: 0.80550
    Accuracy: 0.72326
    Pose Loss: 0.54973
    Pose Recall Neg: 0.69287
    Pose Recall Pos: 0.91814
    MCC: 0.42804
    PR AUC: 0.64314
    MAE: 1.20187
    RMSE: 1.53287
    Pearson R: 0.72031
    Spearman Rho: 0.71649
    C-index: 0.76046
    EF_1pct: 2.52341
    EF_5pct: 2.47084
    Success_at_1: 1.00000
    Success_at_5: 1.00000
    Success_at_10: 1.00000
    Affinity Loss: 0.83963
    Loss: 1.38936
    test_ema: Pose=0.5796, BalAcc=0.7821, PR=0.6352, Rneg=0.6379, Rpos=0.9263, MAE=1.2130, RMSE=1.5313, r=0.7263, Cidx=0.7628
  [DEBUG] Grad norms:
    backbone: 0.0595
    pose_local: 0.0082
    pose_geometry: 0.0044
    pose_local_proj: 0.0108
    pose_norm: 0.0027
    pose_fusion: 0.0070
    pose_head: 0.0673
    aff_local: 0.0374
    tokenizer: 0.0003
    transformer_layers: 0.0023
    transformer_norm: 0.0022
    aff_global_proj: 0.1037
    aff_token_proj: 0.0124
    aff_fusion: 0.0360
    affinity_head: 0.1121
>>> Train Results - Epoch[100] <<<
    Balanced Accuracy: 0.62782
    Accuracy: 0.35147
    Pose Loss: 0.89339
    Pose Recall Neg: 0.25989
    Pose Recall Pos: 0.99575
    MCC: 0.20111
    PR AUC: 0.57516
    MAE: 0.93598
    RMSE: 1.21165
    Pearson R: 0.83715
    Spearman Rho: 0.83974
    C-index: 0.82582
    EF_1pct: 2.65256
    EF_5pct: 1.41520
    Success_at_1: 1.00000
    Success_at_5: 1.00000
    Success_at_10: 1.00000
    Affinity Loss: 0.59788
    Loss: 1.49127
    Epoch Time: 54.79437
    Elapsed Time: 5483.12557
    lr: 0.000516
    train_ema: Pose=0.6712, BalAcc=0.7352, PR=0.5875, Rneg=0.5323, Rpos=0.9381, MAE=0.8940, RMSE=1.1568, r=0.8402, Cidx=0.8268
>>> Test Results - Epoch[100] <<<
    Balanced Accuracy: 0.64280
    Accuracy: 0.38783
    Pose Loss: 0.87433
    Pose Recall Neg: 0.29362
    Pose Recall Pos: 0.99197
    MCC: 0.22382
    PR AUC: 0.63208
    MAE: 1.20103
    RMSE: 1.49124
    Pearson R: 0.73846
    Spearman Rho: 0.72349
    C-index: 0.76432
    EF_1pct: 2.05027
    EF_5pct: 1.92533
    Success_at_1: 1.00000
    Success_at_5: 1.00000
    Success_at_10: 1.00000
    Affinity Loss: 0.82392
    Loss: 1.69825
    test_ema: Pose=0.6680, BalAcc=0.7403, PR=0.6343, Rneg=0.5346, Rpos=0.9460, MAE=1.2094, RMSE=1.5193, r=0.7300, Cidx=0.7633
