--- GNINA TRAINING (5-Loss Pipeline) ---
trainfile = 'data/types/ref_uff_train0.types'
testfile = 'data/types/ref_uff_test0.types'
data_root = 'data'
shuffle = True
label_pos = 0
affinity_pos = 1
rmsd_pos = None
flexlabel_pos = None
stratify_receptor = False
stratify_pos = 1
stratify_max = 0
stratify_min = 0
stratify_step = 0
ligmolcache = ''
recmolcache = ''
out_dir = 'results/models/equibind'
log_file = 'training.log'
model = 'equibind'
dimension: 2.35000E+01
resolution: 5.00000E-01
base_lr: 1.00000E-03
momentum: 9.00000E-01
weight_decay: 1.00000E-02
batch_size = 1024
random_rotation = True
random_translation: 1.00000E+00
iterations = 100
iteration_scheme = 'small'
lr_dynamic = True
lr_patience = 5
lr_reduce: 1.00000E-01
lr_min: 1.00000E-06
warmup_epochs = 2
clip_gradients: 5.00000E+00
use_sam = False
sam_rho: 5.00000E-02
use_amp = False
use_pose_to_affinity_gate = False
stop_grad_pose_to_affinity = False
metric_ema_alpha: 3.00000E-01
early_stop_metric = 'composite_cidx_balacc'
early_stop_composite_w_cidx: 5.00000E-01
early_stop_patience = 25
early_stop_min_delta: 1.00000E-04
scale_affinity_loss: 1.00000E+00
delta_affinity_loss: 1.00000E+00
scale_ranking: 5.00000E-02
ranking_num_pairs = 128
ranking_temperature: 1.00000E+00
hard_neg_fraction: 3.00000E-01
rank_warmup_epochs = 10
rank_rampup_epochs = 15
scale_pose_coupling: 0.00000E+00
lambda_pose: 1.20000E+00
pose_total_weight: 8.50000E-01
aff_total_weight: 1.50000E-01
pose_warmup_epochs = 0
pose_only_epochs = 4
pose_loss_scale: 5.00000E-01
pose_focal_gamma: 2.00000E+00
pose_focal_alpha: 7.50000E-01
pose_class_normalize = True
pose_balance_batch = True
pose_balance_target_per_class = 32
pose_prior_logit_scale: 2.50000E-01
disable_pose_prior_init = True
pose_loss_type = 'focal'
rmsd_good_max: 1.50000E+00
rmsd_bad_min: 3.00000E+00
use_gradient_alignment = False
scale_align: 1.00000E-01
full_loss_epoch = 15
scale_dist_constraint: 2.00000E-02
scale_anchor_loss: 1.00000E-02
normalize_targets = True
max_pseudo_atoms = 12
num_transformer_layers = 2
geoformer_uncertainty = False
scale_flexpose_loss: 1.00000E+00
test_every = 2
checkpoint_every = 100
num_checkpoints = 1
checkpoint_prefix = ''
checkpoint_dir = ''
progress_bar = False
gpu = 'cuda:0'
roc_auc = False
cache_structures = True
seed = 2026
silent = False
pytorch = '2.2.2+cu121'
ignite = '0.5.4'
cuda = '12.1'

=== TARGET STATISTICS ===
  [DEBUG] Affinity target stats (N=7758):
    mean=6.318  std=2.047
    p01=2.310      p05=3.020      p25=4.712      p50=6.400      p75=7.800      p95=9.700      p99=11.200  
  [DEBUG] Pose sample stats: total=62335, valid=62335, ignored=0, bad=54577, good=7758
          valid ratio: bad=0.8755, good=0.1245
  [NORM] pK mean=6.318, std=2.047
  Pose prior init: disabled by --disable_pose_prior_init
  Pose prior init: skipped (no final 2-logit pose layer found)
  Using eager mode for equibind
  Model parameters: 532,009
  Optimizer: AdamW(lr=0.001, wd=0.01)
  Loss (Pose): Focal(γ=2.0, α_good=0.75, α_bad=0.25); λ_pose=1.2, pose_scale=0.5, w_pose=0.85, w_aff=0.15, warmup_epochs=0, pose_only_epochs=4, class_norm=True, batch_balance=True
  Loss 1 (Regression): ConfidenceAware(scale=1.0)
  Loss 2 (Ranking): SoftProbabilistic(scale=0.05, τ=1.0, pairs=128)
  Loss 3 (DistAlign): scale=0.02
  Loss 4 (Anchor): scale=0.01
  Early stopping: composite = 0.500*C-index + 0.500*Balanced Accuracy (min_delta=0.0001, patience=25)

>>> Train Results - Epoch[2] <<<
    Balanced Accuracy: 0.50950
    Accuracy: 0.21980
    Pose Loss: 1.06240
    Pose Recall Neg: 0.12380
    Pose Recall Pos: 0.89530
    MCC: 0.00000
    PR AUC: 0.12640
    MAE: 12.06690
    RMSE: 12.33550
    Pearson R: -0.01690
    Spearman Rho: -0.00280
    C-index: 0.50430
    EF_1pct: 0.00000
    EF_5pct: 0.00000
    Success_at_1: 0.00000
    Success_at_5: 0.00000
    Success_at_10: 0.00000
    Affinity Loss: 12.00000
    Loss: 0.00000
    Epoch Time: 62.91000
    Elapsed Time: 127.00000
    lr: 0.000100
    train_ema: Pose=1.0624, BalAcc=0.5095, PR=0.1264, Rneg=0.1238, Rpos=0.8953, MAE=12.0669, RMSE=12.3355, r=-0.0169, Cidx=0.5043

>>> Test Results - Epoch[2] <<<
    Balanced Accuracy: 0.51110
    Accuracy: 0.21500
    Pose Loss: 1.19300
    Pose Recall Neg: 0.10560
    Pose Recall Pos: 0.91650
    MCC: 0.00000
    PR AUC: 0.13430
    MAE: 11.86760
    RMSE: 12.14790
    Pearson R: 0.06240
    Spearman Rho: 0.07600
    C-index: 0.52350
    EF_1pct: 0.00000
    EF_5pct: 0.00000
    Success_at_1: 0.00000
    Success_at_5: 0.00000
    Success_at_10: 0.00000
    Affinity Loss: 11.76820
    Loss: 0.00000
    test_ema: Pose=1.1930, BalAcc=0.5111, PR=0.1343, Rneg=0.1056, Rpos=0.9165, MAE=11.8676, RMSE=12.1479, r=0.0624, Cidx=0.5235

>>> Train Results - Epoch[4] <<<
    Balanced Accuracy: 0.50150
    Accuracy: 0.13820
    Pose Loss: 0.83970
    Pose Recall Neg: 0.01780
    Pose Recall Pos: 0.98530
    MCC: 0.00000
    PR AUC: 0.13550
    MAE: 12.34500
    RMSE: 12.70170
    Pearson R: -0.16020
    Spearman Rho: -0.14530
    C-index: 0.45120
    EF_1pct: 0.00000
    EF_5pct: 0.00000
    Success_at_1: 0.00000
    Success_at_5: 0.00000
    Success_at_10: 0.00000
    Affinity Loss: 12.28740
    Loss: 0.00000
    Epoch Time: 63.52000
    Elapsed Time: 253.00000
    lr: 0.000100
    train_ema: Pose=0.9956, BalAcc=0.5071, PR=0.1291, Rneg=0.0920, Rpos=0.9223, MAE=12.1504, RMSE=12.4454, r=-0.0599, Cidx=0.4884

>>> Test Results - Epoch[4] <<<
    Balanced Accuracy: 0.50400
    Accuracy: 0.14290
    Pose Loss: 0.83990
    Pose Recall Neg: 0.00950
    Pose Recall Pos: 0.99840
    MCC: 0.00000
    PR AUC: 0.13840
    MAE: 12.09170
    RMSE: 12.49700
    Pearson R: -0.20940
    Spearman Rho: -0.21620
    C-index: 0.42640
    EF_1pct: 0.00000
    EF_5pct: 0.00000
    Success_at_1: 0.00000
    Success_at_5: 0.00000
    Success_at_10: 0.00000
    Affinity Loss: 11.96680
    Loss: 0.00000
    test_ema: Pose=1.0871, BalAcc=0.5089, PR=0.1355, Rneg=0.0768, Rpos=0.9411, MAE=11.9349, RMSE=12.2526, r=-0.0191, Cidx=0.4944

>>> Train Results - Epoch[6] <<<
    Balanced Accuracy: 0.50330
    Accuracy: 0.14440
    Pose Loss: 0.83940
    Pose Recall Neg: 0.02540
    Pose Recall Pos: 0.98120
    MCC: 0.00000
    PR AUC: 0.14110
    MAE: 1.58200
    RMSE: 1.93780
    Pearson R: 0.38280
    Spearman Rho: 0.34700
    C-index: 0.62050
    EF_1pct: 0.00000
    EF_5pct: 0.00000
    Success_at_1: 0.00000
    Success_at_5: 0.00000
    Success_at_10: 0.00000
    Affinity Loss: 1.21050
    Loss: 0.00000
    Epoch Time: 63.22000
    Elapsed Time: 380.00000
    lr: 0.000100
    train_ema: Pose=0.9487, BalAcc=0.5060, PR=0.1327, Rneg=0.0720, Rpos=0.9400, MAE=8.9798, RMSE=9.2931, r=0.0729, Cidx=0.5280

>>> Test Results - Epoch[6] <<<
    Balanced Accuracy: 0.50210
    Accuracy: 0.14550
    Pose Loss: 0.84650
    Pose Recall Neg: 0.01380
    Pose Recall Pos: 0.99040
    MCC: 0.00000
    PR AUC: 0.15640
    MAE: 1.78120
    RMSE: 2.18990
    Pearson R: 0.21920
    Spearman Rho: 0.23350
    C-index: 0.57590
    EF_1pct: 0.00000
    EF_5pct: 0.00000
    Success_at_1: 0.00000
    Success_at_5: 0.00000
    Success_at_10: 0.00000
    Affinity Loss: 1.38970
    Loss: 0.00000
    test_ema: Pose=1.0149, BalAcc=0.5069, PR=0.1418, Rneg=0.0579, Rpos=0.9559, MAE=8.8888, RMSE=9.2338, r=0.0524, Cidx=0.5188

>>> Train Results - Epoch[8] <<<
    Balanced Accuracy: 0.50020
    Accuracy: 0.12530
    Pose Loss: 0.88980
    Pose Recall Neg: 0.00100
    Pose Recall Pos: 0.99940
    MCC: 0.00000
    PR AUC: 0.12720
    MAE: 1.52940
    RMSE: 1.88170
    Pearson R: 0.42360
    Spearman Rho: 0.40640
    C-index: 0.63730
    EF_1pct: 0.00000
    EF_5pct: 0.00000
    Success_at_1: 0.00000
    Success_at_5: 0.00000
    Success_at_10: 0.00000
    Affinity Loss: 1.16100
    Loss: 0.00000
    Epoch Time: 63.28000
    Elapsed Time: 507.00000
    lr: 0.000100
    train_ema: Pose=0.9310, BalAcc=0.5043, PR=0.1311, Rneg=0.0507, Rpos=0.9578, MAE=6.7447, RMSE=7.0697, r=0.1781, Cidx=0.5608

>>> Test Results - Epoch[8] <<<
    Balanced Accuracy: 0.50060
    Accuracy: 0.13600
    Pose Loss: 0.88740
    Pose Recall Neg: 0.00130
    Pose Recall Pos: 1.00000
    MCC: 0.00000
    PR AUC: 0.13960
    MAE: 1.78400
    RMSE: 2.21030
    Pearson R: 0.21460
    Spearman Rho: 0.22730
    C-index: 0.57780
    EF_1pct: 0.00000
    EF_5pct: 0.00000
    Success_at_1: 0.00000
    Success_at_5: 0.00000
    Success_at_10: 0.00000
    Affinity Loss: 1.38490
    Loss: 0.00000
    test_ema: Pose=0.9766, BalAcc=0.5050, PR=0.1411, Rneg=0.0409, Rpos=0.9691, MAE=6.7573, RMSE=7.1268, r=0.1011, Cidx=0.5365

>>> Train Results - Epoch[10] <<<
    Balanced Accuracy: 0.49990
    Accuracy: 0.12630
    Pose Loss: 0.86480
    Pose Recall Neg: 0.00250
    Pose Recall Pos: 0.99730
    MCC: 0.00000
    PR AUC: 0.14690
    MAE: 1.57520
    RMSE: 1.92830
    Pearson R: 0.43210
    Spearman Rho: 0.39450
    C-index: 0.63570
    EF_1pct: 0.00000
    EF_5pct: 0.00000
    Success_at_1: 0.00000
    Success_at_5: 0.00000
    Success_at_10: 0.00000
    Affinity Loss: 1.20910
    Loss: 0.00000
    Epoch Time: 63.34000
    Elapsed Time: 634.00000
    lr: 0.000100
    train_ema: Pose=0.9112, BalAcc=0.5029, PR=0.1358, Rneg=0.0362, Rpos=0.9696, MAE=5.1939, RMSE=5.5272, r=0.2543, Cidx=0.5833

>>> Test Results - Epoch[10] <<<
    Balanced Accuracy: 0.50050
    Accuracy: 0.13580
    Pose Loss: 0.87000
    Pose Recall Neg: 0.00100
    Pose Recall Pos: 1.00000
    MCC: 0.00000
    PR AUC: 0.16160
    MAE: 1.82010
    RMSE: 2.26260
    Pearson R: 0.21320
    Spearman Rho: 0.21540
    C-index: 0.57590
    EF_1pct: 0.00000
    EF_5pct: 0.00000
    Success_at_1: 0.00000
    Success_at_5: 0.00000
    Success_at_10: 0.00000
    Affinity Loss: 1.43280
    Loss: 0.00000
    test_ema: Pose=0.9447, BalAcc=0.5037, PR=0.1473, Rneg=0.0289, Rpos=0.9784, MAE=5.2762, RMSE=5.6675, r=0.1347, Cidx=0.5483

>>> Train Results - Epoch[12] <<<
    Balanced Accuracy: 0.50000
    Accuracy: 0.12510
    Pose Loss: 0.86700
    Pose Recall Neg: 0.00090
    Pose Recall Pos: 0.99910
    MCC: 0.00000
    PR AUC: 0.13920
    MAE: 1.56410
    RMSE: 1.92000
    Pearson R: 0.46140
    Spearman Rho: 0.43390
    C-index: 0.64880
    EF_1pct: 0.00000
    EF_5pct: 0.00000
    Success_at_1: 0.00000
    Success_at_5: 0.00000
    Success_at_10: 0.00000
    Affinity Loss: 1.19510
    Loss: 0.00000
    Epoch Time: 63.35000
    Elapsed Time: 761.00000
    lr: 0.000100
    train_ema: Pose=0.8979, BalAcc=0.5021, PR=0.1368, Rneg=0.0256, Rpos=0.9785, MAE=4.1049, RMSE=4.4451, r=0.3164, Cidx=0.6029

>>> Test Results - Epoch[12] <<<
    Balanced Accuracy: 0.49990
    Accuracy: 0.13600
    Pose Loss: 0.87040
    Pose Recall Neg: 0.00150
    Pose Recall Pos: 0.99840
    MCC: 0.00000
    PR AUC: 0.14770
    MAE: 1.73900
    RMSE: 2.19120
    Pearson R: 0.28950
    Spearman Rho: 0.30460
    C-index: 0.60090
    EF_1pct: 0.00000
    EF_5pct: 0.00000
    Success_at_1: 0.00000
    Success_at_5: 0.00000
    Success_at_10: 0.00000
    Affinity Loss: 1.36730
    Loss: 0.00000
    test_ema: Pose=0.9224, BalAcc=0.5025, PR=0.1474, Rneg=0.0207, Rpos=0.9844, MAE=4.2150, RMSE=4.6246, r=0.1811, Cidx=0.5641

>>> Train Results - Epoch[14] <<<
    Balanced Accuracy: 0.50000
    Accuracy: 0.12460
    Pose Loss: 0.87890
    Pose Recall Neg: 0.00020
    Pose Recall Pos: 0.99970
    MCC: 0.00000
    PR AUC: 0.12770
    MAE: 1.51600
    RMSE: 1.85990
    Pearson R: 0.45500
    Spearman Rho: 0.42520
    C-index: 0.64590
    EF_1pct: 0.00000
    EF_5pct: 0.00000
    Success_at_1: 0.00000
    Success_at_5: 0.00000
    Success_at_10: 0.00000
    Affinity Loss: 1.14570
    Loss: 0.00000
    Epoch Time: 63.80000
    Elapsed Time: 888.00000
    lr: 0.000099
    train_ema: Pose=0.8922, BalAcc=0.5014, PR=0.1341, Rneg=0.0180, Rpos=0.9849, MAE=3.3283, RMSE=3.6695, r=0.3580, Cidx=0.6158

>>> Test Results - Epoch[14] <<<
    Balanced Accuracy: 0.50150
    Accuracy: 0.13750
    Pose Loss: 0.88150
    Pose Recall Neg: 0.00300
    Pose Recall Pos: 1.00000
    MCC: 0.00000
    PR AUC: 0.13490
    MAE: 1.68450
    RMSE: 2.09410
    Pearson R: 0.32510
    Spearman Rho: 0.35530
    C-index: 0.62100
    EF_1pct: 0.00000
    EF_5pct: 0.00000
    Success_at_1: 0.00000
    Success_at_5: 0.00000
    Success_at_10: 0.00000
    Affinity Loss: 1.29180
    Loss: 0.00000
    test_ema: Pose=0.9101, BalAcc=0.5022, PR=0.1437, Rneg=0.0154, Rpos=0.9891, MAE=3.4559, RMSE=3.8655, r=0.2243, Cidx=0.5812

>>> Train Results - Epoch[16] <<<
    Balanced Accuracy: 0.50000
    Accuracy: 0.12450
    Pose Loss: 0.86800
    Pose Recall Neg: 0.00010
    Pose Recall Pos: 1.00000
    MCC: 0.00000
    PR AUC: 0.13730
    MAE: 1.47560
    RMSE: 1.83130
    Pearson R: 0.46680
    Spearman Rho: 0.45900
    C-index: 0.65310
    EF_1pct: 0.00000
    EF_5pct: 0.00000
    Success_at_1: 0.00000
    Success_at_5: 0.00000
    Success_at_10: 0.00000
    Affinity Loss: 1.10550
    Loss: 0.00000
    Epoch Time: 63.58000
    Elapsed Time: 1015.00000
    lr: 0.000099
    train_ema: Pose=0.8849, BalAcc=0.5010, PR=0.1351, Rneg=0.0126, Rpos=0.9894, MAE=2.7724, RMSE=3.1181, r=0.3907, Cidx=0.6270

>>> Test Results - Epoch[16] <<<
    Balanced Accuracy: 0.50000
    Accuracy: 0.13490
    Pose Loss: 0.86800
    Pose Recall Neg: 0.00000
    Pose Recall Pos: 1.00000
    MCC: 0.00000
    PR AUC: 0.15120
    MAE: 1.62590
    RMSE: 2.06910
    Pearson R: 0.33960
    Spearman Rho: 0.36080
    C-index: 0.62550
    EF_1pct: 0.00000
    EF_5pct: 0.00000
    Success_at_1: 0.00000
    Success_at_5: 0.00000
    Success_at_10: 0.00000
    Affinity Loss: 1.23790
    Loss: 0.00000
    test_ema: Pose=0.8975, BalAcc=0.5016, PR=0.1459, Rneg=0.0108, Rpos=0.9923, MAE=2.9069, RMSE=3.3265, r=0.2589, Cidx=0.5945

>>> Train Results - Epoch[18] <<<
    Balanced Accuracy: 0.50060
    Accuracy: 0.12610
    Pose Loss: 0.86670
    Pose Recall Neg: 0.00200
    Pose Recall Pos: 0.99920
    MCC: 0.00000
    PR AUC: 0.14320
    MAE: 1.42060
    RMSE: 1.76210
    Pearson R: 0.52370
    Spearman Rho: 0.51600
    C-index: 0.67710
    EF_1pct: 0.00000
    EF_5pct: 0.00000
    Success_at_1: 0.00000
    Success_at_5: 0.00000
    Success_at_10: 0.00000
    Affinity Loss: 1.05460
    Loss: 0.00000
    Epoch Time: 63.49000
    Elapsed Time: 1142.00000
    lr: 0.000099
    train_ema: Pose=0.8795, BalAcc=0.5009, PR=0.1375, Rneg=0.0094, Rpos=0.9923, MAE=2.3669, RMSE=2.7113, r=0.4306, Cidx=0.6420

>>> Test Results - Epoch[18] <<<
    Balanced Accuracy: 0.50010
    Accuracy: 0.13510
    Pose Loss: 0.86770
    Pose Recall Neg: 0.00030
    Pose Recall Pos: 1.00000
    MCC: 0.00000
    PR AUC: 0.14480
    MAE: 1.63030
    RMSE: 2.01490
    Pearson R: 0.42700
    Spearman Rho: 0.44910
    C-index: 0.65540
    EF_1pct: 0.00000
    EF_5pct: 0.00000
    Success_at_1: 0.00000
    Success_at_5: 0.00000
    Success_at_10: 0.00000
    Affinity Loss: 1.24630
    Loss: 0.00000
    test_ema: Pose=0.8886, BalAcc=0.5011, PR=0.1456, Rneg=0.0076, Rpos=0.9946, MAE=2.5239, RMSE=2.9330, r=0.3093, Cidx=0.6127

>>> Train Results - Epoch[20] <<<
    Balanced Accuracy: 0.50090
    Accuracy: 0.12730
    Pose Loss: 0.86350
    Pose Recall Neg: 0.00340
    Pose Recall Pos: 0.99850
    MCC: 0.00000
    PR AUC: 0.14890
    MAE: 1.41260
    RMSE: 1.75850
    Pearson R: 0.52340
    Spearman Rho: 0.52070
    C-index: 0.68140
    EF_1pct: 0.00000
    EF_5pct: 0.00000
    Success_at_1: 0.00000
    Success_at_5: 0.00000
    Success_at_10: 0.00000
    Affinity Loss: 1.04650
    Loss: 0.00000
    Epoch Time: 63.00000
    Elapsed Time: 1269.00000
    lr: 0.000098
    train_ema: Pose=0.8747, BalAcc=0.5009, PR=0.1409, Rneg=0.0076, Rpos=0.9942, MAE=2.0806, RMSE=2.4254, r=0.4584, Cidx=0.6538

>>> Test Results - Epoch[20] <<<
    Balanced Accuracy: 0.50000
    Accuracy: 0.13490
    Pose Loss: 0.86220
    Pose Recall Neg: 0.00000
    Pose Recall Pos: 1.00000
    MCC: 0.00000
    PR AUC: 0.14700
    MAE: 1.60730
    RMSE: 2.02000
    Pearson R: 0.38640
    Spearman Rho: 0.40730
    C-index: 0.64150
    EF_1pct: 0.00000
    EF_5pct: 0.00000
    Success_at_1: 0.00000
    Success_at_5: 0.00000
    Success_at_10: 0.00000
    Affinity Loss: 1.22030
    Loss: 0.00000
    test_ema: Pose=0.8807, BalAcc=0.5008, PR=0.1460, Rneg=0.0053, Rpos=0.9963, MAE=2.2489, RMSE=2.6591, r=0.3324, Cidx=0.6214

>>> Train Results - Epoch[22] <<<
    Balanced Accuracy: 0.49980
    Accuracy: 0.12440
    Pose Loss: 0.85890
    Pose Recall Neg: 0.00000
    Pose Recall Pos: 0.99950
    MCC: 0.00000
    PR AUC: 0.14330
    MAE: 1.42970
    RMSE: 1.78260
    Pearson R: 0.51470
    Spearman Rho: 0.50710
    C-index: 0.67350
    EF_1pct: 0.00000
    EF_5pct: 0.00000
    Success_at_1: 0.00000
    Success_at_5: 0.00000
    Success_at_10: 0.00000
    Affinity Loss: 1.06840
    Loss: 0.00000
    Epoch Time: 63.02000
    Elapsed Time: 1395.00000
    lr: 0.000098
    train_ema: Pose=0.8700, BalAcc=0.5006, PR=0.1416, Rneg=0.0054, Rpos=0.9958, MAE=1.8853, RMSE=2.2326, r=0.4753, Cidx=0.6597

>>> Test Results - Epoch[22] <<<
    Balanced Accuracy: 0.50000
    Accuracy: 0.13490
    Pose Loss: 0.85700
    Pose Recall Neg: 0.00000
    Pose Recall Pos: 1.00000
    MCC: 0.00000
    PR AUC: 0.14840
    MAE: 1.69870
    RMSE: 2.10960
    Pearson R: 0.34820
    Spearman Rho: 0.36760
    C-index: 0.62830
    EF_1pct: 0.00000
    EF_5pct: 0.00000
    Success_at_1: 0.00000
    Success_at_5: 0.00000
    Success_at_10: 0.00000
    Affinity Loss: 1.32040
    Loss: 0.00000
    test_ema: Pose=0.8735, BalAcc=0.5006, PR=0.1467, Rneg=0.0037, Rpos=0.9974, MAE=2.0839, RMSE=2.4943, r=0.3372, Cidx=0.6234

>>> Train Results - Epoch[24] <<<
    Balanced Accuracy: 0.49990
    Accuracy: 0.12450
    Pose Loss: 0.86280
    Pose Recall Neg: 0.00010
    Pose Recall Pos: 0.99960
    MCC: 0.00000
    PR AUC: 0.14930
    MAE: 1.38790
    RMSE: 1.75930
    Pearson R: 0.54850
    Spearman Rho: 0.54470
    C-index: 0.69070
    EF_1pct: 0.00000
    EF_5pct: 0.00000
    Success_at_1: 0.00000
    Success_at_5: 0.00000
    Success_at_10: 0.00000
    Affinity Loss: 1.02660
    Loss: 0.00000
    Epoch Time: 63.75000
    Elapsed Time: 1522.00000
    lr: 0.000097
    train_ema: Pose=0.8678, BalAcc=0.5004, PR=0.1439, Rneg=0.0038, Rpos=0.9969, MAE=1.7361, RMSE=2.0906, r=0.4973, Cidx=0.6690

>>> Test Results - Epoch[24] <<<
    Balanced Accuracy: 0.50000
    Accuracy: 0.13490
    Pose Loss: 0.86510
    Pose Recall Neg: 0.00000
    Pose Recall Pos: 1.00000
    MCC: 0.00000
    PR AUC: 0.15360
    MAE: 1.72550
    RMSE: 2.13620
    Pearson R: 0.36640
    Spearman Rho: 0.36450
    C-index: 0.62370
    EF_1pct: 0.00000
    EF_5pct: 0.00000
    Success_at_1: 0.00000
    Success_at_5: 0.00000
    Success_at_10: 0.00000
    Affinity Loss: 1.34340
    Loss: 0.00000
    test_ema: Pose=0.8710, BalAcc=0.5004, PR=0.1488, Rneg=0.0026, Rpos=0.9982, MAE=1.9764, RMSE=2.3868, r=0.3459, Cidx=0.6235

>>> Train Results - Epoch[26] <<<
    Balanced Accuracy: 0.50000
    Accuracy: 0.12460
    Pose Loss: 0.86400
    Pose Recall Neg: 0.00020
    Pose Recall Pos: 0.99990
    MCC: 0.00000
    PR AUC: 0.14740
    MAE: 1.39940
    RMSE: 1.76800
    Pearson R: 0.56870
    Spearman Rho: 0.56170
    C-index: 0.69490
    EF_1pct: 0.00000
    EF_5pct: 0.00000
    Success_at_1: 0.00000
    Success_at_5: 0.00000
    Success_at_10: 0.00000
    Affinity Loss: 1.03480
    Loss: 0.00000
    Epoch Time: 63.54000
    Elapsed Time: 1649.00000
    lr: 0.000097
    train_ema: Pose=0.8667, BalAcc=0.5003, PR=0.1450, Rneg=0.0027, Rpos=0.9978, MAE=1.6351, RMSE=1.9938, r=0.5187, Cidx=0.6768

>>> Test Results - Epoch[26] <<<
    Balanced Accuracy: 0.50040
    Accuracy: 0.13560
    Pose Loss: 0.86120
    Pose Recall Neg: 0.00080
    Pose Recall Pos: 1.00000
    MCC: 0.00000
    PR AUC: 0.15620
    MAE: 1.53870
    RMSE: 1.99310
    Pearson R: 0.44480
    Spearman Rho: 0.44630
    C-index: 0.65640
    EF_1pct: 0.00000
    EF_5pct: 0.00000
    Success_at_1: 0.00000
    Success_at_5: 0.00000
    Success_at_10: 0.00000
    Affinity Loss: 1.17340
    Loss: 0.00000
    test_ema: Pose=0.8681, BalAcc=0.5004, PR=0.1510, Rneg=0.0021, Rpos=0.9987, MAE=1.8451, RMSE=2.2687, r=0.3756, Cidx=0.6334

>>> Train Results - Epoch[28] <<<
    Balanced Accuracy: 0.50000
    Accuracy: 0.12460
    Pose Loss: 0.86260
    Pose Recall Neg: 0.00020
    Pose Recall Pos: 0.99970
    MCC: 0.00000
    PR AUC: 0.15010
    MAE: 1.31800
    RMSE: 1.65890
    Pearson R: 0.58630
    Spearman Rho: 0.57810
    C-index: 0.70490
    EF_1pct: 0.00000
    EF_5pct: 0.00000
    Success_at_1: 0.00000
    Success_at_5: 0.00000
    Success_at_10: 0.00000
    Affinity Loss: 0.95540
    Loss: 0.00000
    Epoch Time: 63.44000
    Elapsed Time: 1776.00000
    lr: 0.000096
    train_ema: Pose=0.8654, BalAcc=0.5002, PR=0.1465, Rneg=0.0020, Rpos=0.9984, MAE=1.5400, RMSE=1.8933, r=0.5390, Cidx=0.6852

>>> Test Results - Epoch[28] <<<
    Balanced Accuracy: 0.50010
    Accuracy: 0.13510
    Pose Loss: 0.86080
    Pose Recall Neg: 0.00030
    Pose Recall Pos: 1.00000
    MCC: 0.00000
    PR AUC: 0.17050
    MAE: 1.56120
    RMSE: 1.95360
    Pearson R: 0.44850
    Spearman Rho: 0.44840
    C-index: 0.64910
    EF_1pct: 0.00000
    EF_5pct: 0.00000
    Success_at_1: 0.00000
    Success_at_5: 0.00000
    Success_at_10: 0.00000
    Affinity Loss: 1.17990
    Loss: 0.00000
    test_ema: Pose=0.8659, BalAcc=0.5003, PR=0.1569, Rneg=0.0015, Rpos=0.9991, MAE=1.7599, RMSE=2.1742, r=0.3975, Cidx=0.6381

>>> Train Results - Epoch[30] <<<
    Balanced Accuracy: 0.49990
    Accuracy: 0.12450
    Pose Loss: 0.86240
    Pose Recall Neg: 0.00010
    Pose Recall Pos: 0.99970
    MCC: 0.00000
    PR AUC: 0.14470
    MAE: 1.37860
    RMSE: 1.72080
    Pearson R: 0.54590
    Spearman Rho: 0.53270
    C-index: 0.68330
    EF_1pct: 0.00000
    EF_5pct: 0.00000
    Success_at_1: 0.00000
    Success_at_5: 0.00000
    Success_at_10: 0.00000
    Affinity Loss: 1.01500
    Loss: 0.00000
    Epoch Time: 63.27000
    Elapsed Time: 1903.00000
    lr: 0.000096
    train_ema: Pose=0.8645, BalAcc=0.5001, PR=0.1460, Rneg=0.0014, Rpos=0.9988, MAE=1.4915, RMSE=1.8416, r=0.5410, Cidx=0.6846

>>> Test Results - Epoch[30] <<<
    Balanced Accuracy: 0.50000
    Accuracy: 0.13490
    Pose Loss: 0.85670
    Pose Recall Neg: 0.00000
    Pose Recall Pos: 1.00000
    MCC: 0.00000
    PR AUC: 0.16490
    MAE: 1.54870
    RMSE: 1.95760
    Pearson R: 0.44970
    Spearman Rho: 0.46880
    C-index: 0.66710
    EF_1pct: 0.00000
    EF_5pct: 0.00000
    Success_at_1: 0.00000
    Success_at_5: 0.00000
    Success_at_10: 0.00000
    Affinity Loss: 1.17460
    Loss: 0.00000
    test_ema: Pose=0.8631, BalAcc=0.5002, PR=0.1593, Rneg=0.0011, Rpos=0.9994, MAE=1.6965, RMSE=2.1092, r=0.4132, Cidx=0.6468

>>> Train Results - Epoch[32] <<<
    Balanced Accuracy: 0.50080
    Accuracy: 0.12620
    Pose Loss: 0.86330
    Pose Recall Neg: 0.00210
    Pose Recall Pos: 0.99960
    MCC: 0.00000
    PR AUC: 0.14640
    MAE: 1.34910
    RMSE: 1.70330
    Pearson R: 0.57370
    Spearman Rho: 0.56330
    C-index: 0.70000
    EF_1pct: 0.00000
    EF_5pct: 0.00000
    Success_at_1: 0.00000
    Success_at_5: 0.00000
    Success_at_10: 0.00000
    Affinity Loss: 0.98440
    Loss: 0.00000
    Epoch Time: 63.51000
    Elapsed Time: 2031.00000
    lr: 0.000095
    train_ema: Pose=0.8641, BalAcc=0.5003, PR=0.1461, Rneg=0.0016, Rpos=0.9990, MAE=1.4488, RMSE=1.8001, r=0.5508, Cidx=0.6893

>>> Test Results - Epoch[32] <<<
    Balanced Accuracy: 0.50030
    Accuracy: 0.13530
    Pose Loss: 0.86340
    Pose Recall Neg: 0.00050
    Pose Recall Pos: 1.00000
    MCC: 0.00000
    PR AUC: 0.15130
    MAE: 1.64160
    RMSE: 2.06300
    Pearson R: 0.37850
    Spearman Rho: 0.38320
    C-index: 0.63070
    EF_1pct: 0.00000
    EF_5pct: 0.00000
    Success_at_1: 0.00000
    Success_at_5: 0.00000
    Success_at_10: 0.00000
    Affinity Loss: 1.26460
    Loss: 0.00000
    test_ema: Pose=0.8632, BalAcc=0.5002, PR=0.1569, Rneg=0.0009, Rpos=0.9996, MAE=1.6801, RMSE=2.0954, r=0.4027, Cidx=0.6420

>>> Train Results - Epoch[34] <<<
    Balanced Accuracy: 0.49990
    Accuracy: 0.12440
    Pose Loss: 0.87250
    Pose Recall Neg: 0.00000
    Pose Recall Pos: 0.99990
    MCC: 0.00000
    PR AUC: 0.14850
    MAE: 1.32190
    RMSE: 1.67570
    Pearson R: 0.58930
    Spearman Rho: 0.57710
    C-index: 0.70470
    EF_1pct: 0.00000
    EF_5pct: 0.00000
    Success_at_1: 0.00000
    Success_at_5: 0.00000
    Success_at_10: 0.00000
    Affinity Loss: 0.96360
    Loss: 0.00000
    Epoch Time: 63.55000
    Elapsed Time: 2158.00000
    lr: 0.000094
    train_ema: Pose=0.8666, BalAcc=0.5002, PR=0.1468, Rneg=0.0011, Rpos=0.9993, MAE=1.4107, RMSE=1.7628, r=0.5624, Cidx=0.6939

>>> Test Results - Epoch[34] <<<
    Balanced Accuracy: 0.50000
    Accuracy: 0.13490
    Pose Loss: 0.86810
    Pose Recall Neg: 0.00000
    Pose Recall Pos: 1.00000
    MCC: 0.00000
    PR AUC: 0.15230
    MAE: 1.51900
    RMSE: 1.91380
    Pearson R: 0.48540
    Spearman Rho: 0.48160
    C-index: 0.66950
    EF_1pct: 0.00000
    EF_5pct: 0.00000
    Success_at_1: 0.00000
    Success_at_5: 0.00000
    Success_at_10: 0.00000
    Affinity Loss: 1.14170
    Loss: 0.00000
    test_ema: Pose=0.8647, BalAcc=0.5002, PR=0.1555, Rneg=0.0006, Rpos=0.9997, MAE=1.6317, RMSE=2.0409, r=0.4276, Cidx=0.6502

>>> Train Results - Epoch[36] <<<
    Balanced Accuracy: 0.50020
    Accuracy: 0.12480
    Pose Loss: 0.86790
    Pose Recall Neg: 0.00040
    Pose Recall Pos: 0.99990
    MCC: 0.00000
    PR AUC: 0.14480
    MAE: 1.34970
    RMSE: 1.71310
    Pearson R: 0.59450
    Spearman Rho: 0.59230
    C-index: 0.70820
    EF_1pct: 0.00000
    EF_5pct: 0.00000
    Success_at_1: 0.00000
    Success_at_5: 0.00000
    Success_at_10: 0.00000
    Affinity Loss: 0.99130
    Loss: 0.00000
    Epoch Time: 63.14000
    Elapsed Time: 2285.00000
    lr: 0.000094
    train_ema: Pose=0.8670, BalAcc=0.5002, PR=0.1462, Rneg=0.0009, Rpos=0.9995, MAE=1.3924, RMSE=1.7479, r=0.5720, Cidx=0.6982

>>> Test Results - Epoch[36] <<<
    Balanced Accuracy: 0.50000
    Accuracy: 0.13490
    Pose Loss: 0.87000
    Pose Recall Neg: 0.00000
    Pose Recall Pos: 1.00000
    MCC: 0.00000
    PR AUC: 0.15070
    MAE: 1.52220
    RMSE: 1.93820
    Pearson R: 0.48720
    Spearman Rho: 0.46870
    C-index: 0.66560
    EF_1pct: 0.00000
    EF_5pct: 0.00000
    Success_at_1: 0.00000
    Success_at_5: 0.00000
    Success_at_10: 0.00000
    Affinity Loss: 1.14740
    Loss: 0.00000
    test_ema: Pose=0.8663, BalAcc=0.5001, PR=0.1540, Rneg=0.0004, Rpos=0.9998, MAE=1.5989, RMSE=2.0101, r=0.4454, Cidx=0.6548

>>> Train Results - Epoch[38] <<<
    Balanced Accuracy: 0.50010
    Accuracy: 0.12470
    Pose Loss: 0.85990
    Pose Recall Neg: 0.00030
    Pose Recall Pos: 0.99990
    MCC: 0.00000
    PR AUC: 0.15220
    MAE: 1.30940
    RMSE: 1.66430
    Pearson R: 0.59640
    Spearman Rho: 0.59250
    C-index: 0.70960
    EF_1pct: 0.00000
    EF_5pct: 0.00000
    Success_at_1: 0.00000
    Success_at_5: 0.00000
    Success_at_10: 0.00000
    Affinity Loss: 0.95020
    Loss: 0.00000
    Epoch Time: 63.52000
    Elapsed Time: 2412.00000
    lr: 0.000093
    train_ema: Pose=0.8649, BalAcc=0.5002, PR=0.1480, Rneg=0.0007, Rpos=0.9996, MAE=1.3675, RMSE=1.7228, r=0.5793, Cidx=0.7016

>>> Test Results - Epoch[38] <<<
    Balanced Accuracy: 0.50000
    Accuracy: 0.13490
    Pose Loss: 0.86400
    Pose Recall Neg: 0.00000
    Pose Recall Pos: 1.00000
    MCC: 0.00000
    PR AUC: 0.14840
    MAE: 1.51470
    RMSE: 1.89680
    Pearson R: 0.49880
    Spearman Rho: 0.49010
    C-index: 0.66990
    EF_1pct: 0.00000
    EF_5pct: 0.00000
    Success_at_1: 0.00000
    Success_at_5: 0.00000
    Success_at_10: 0.00000
    Affinity Loss: 1.13330
    Loss: 0.00000
    test_ema: Pose=0.8656, BalAcc=0.5001, PR=0.1523, Rneg=0.0003, Rpos=0.9998, MAE=1.5736, RMSE=1.9761, r=0.4615, Cidx=0.6594

>>> Train Results - Epoch[40] <<<
    Balanced Accuracy: 0.50000
    Accuracy: 0.12450
    Pose Loss: 0.86320
    Pose Recall Neg: 0.00010
    Pose Recall Pos: 1.00000
    MCC: 0.00000
    PR AUC: 0.15110
    MAE: 1.39390
    RMSE: 1.74730
    Pearson R: 0.59390
    Spearman Rho: 0.58950
    C-index: 0.70810
    EF_1pct: 0.00000
    EF_5pct: 0.00000
    Success_at_1: 0.00000
    Success_at_5: 0.00000
    Success_at_10: 0.00000
    Affinity Loss: 1.03300
    Loss: 0.00000
    Epoch Time: 63.44000
    Elapsed Time: 2539.00000
    lr: 0.000092
    train_ema: Pose=0.8644, BalAcc=0.5001, PR=0.1489, Rneg=0.0005, Rpos=0.9997, MAE=1.3755, RMSE=1.7302, r=0.5837, Cidx=0.7036

>>> Test Results - Epoch[40] <<<
    Balanced Accuracy: 0.50000
    Accuracy: 0.13490
    Pose Loss: 0.86410
    Pose Recall Neg: 0.00000
    Pose Recall Pos: 1.00000
    MCC: 0.00000
    PR AUC: 0.15100
    MAE: 1.62740
    RMSE: 1.99040
    Pearson R: 0.50920
    Spearman Rho: 0.50090
    C-index: 0.67490
    EF_1pct: 0.00000
    EF_5pct: 0.00000
    Success_at_1: 0.00000
    Success_at_5: 0.00000
    Success_at_10: 0.00000
    Affinity Loss: 1.23820
    Loss: 0.00000
    test_ema: Pose=0.8651, BalAcc=0.5001, PR=0.1519, Rneg=0.0002, Rpos=0.9999, MAE=1.5898, RMSE=1.9804, r=0.4758, Cidx=0.6640

>>> Train Results - Epoch[42] <<<
    Balanced Accuracy: 0.50000
    Accuracy: 0.12460
    Pose Loss: 0.86280
    Pose Recall Neg: 0.00010
    Pose Recall Pos: 0.99990
    MCC: 0.00000
    PR AUC: 0.15120
    MAE: 1.32130
    RMSE: 1.66810
    Pearson R: 0.60780
    Spearman Rho: 0.60280
    C-index: 0.71370
    EF_1pct: 0.00000
    EF_5pct: 0.00000
    Success_at_1: 0.00000
    Success_at_5: 0.00000
    Success_at_10: 0.00000
    Affinity Loss: 0.96410
    Loss: 0.00000
    Epoch Time: 63.34000
    Elapsed Time: 2666.00000
    lr: 0.000091
    train_ema: Pose=0.8639, BalAcc=0.5001, PR=0.1496, Rneg=0.0004, Rpos=0.9998, MAE=1.3592, RMSE=1.7115, r=0.5909, Cidx=0.7066

>>> Test Results - Epoch[42] <<<
    Balanced Accuracy: 0.50000
    Accuracy: 0.13490
    Pose Loss: 0.86730
    Pose Recall Neg: 0.00000
    Pose Recall Pos: 1.00000
    MCC: 0.00000
    PR AUC: 0.15300
    MAE: 1.57250
    RMSE: 1.92920
    Pearson R: 0.52600
    Spearman Rho: 0.50150
    C-index: 0.67710
    EF_1pct: 0.00000
    EF_5pct: 0.00000
    Success_at_1: 0.00000
    Success_at_5: 0.00000
    Success_at_10: 0.00000
    Affinity Loss: 1.18370
    Loss: 0.00000
    test_ema: Pose=0.8658, BalAcc=0.5000, PR=0.1523, Rneg=0.0001, Rpos=0.9999, MAE=1.5846, RMSE=1.9650, r=0.4909, Cidx=0.6680

>>> Train Results - Epoch[44] <<<
    Balanced Accuracy: 0.50280
    Accuracy: 0.13220
    Pose Loss: 0.85960
    Pose Recall Neg: 0.00940
    Pose Recall Pos: 0.99610
    MCC: 0.00000
    PR AUC: 0.15100
    MAE: 1.28540
    RMSE: 1.62740
    Pearson R: 0.60800
    Spearman Rho: 0.60000
    C-index: 0.71520
    EF_1pct: 0.00000
    EF_5pct: 0.00000
    Success_at_1: 0.00000
    Success_at_5: 0.00000
    Success_at_10: 0.00000
    Affinity Loss: 0.92660
    Loss: 0.00000
    Epoch Time: 63.39000
    Elapsed Time: 2792.00000
    lr: 0.000090
    train_ema: Pose=0.8626, BalAcc=0.5009, PR=0.1501, Rneg=0.0031, Rpos=0.9987, MAE=1.3371, RMSE=1.6863, r=0.5960, Cidx=0.7092

>>> Test Results - Epoch[44] <<<
    Balanced Accuracy: 0.50010
    Accuracy: 0.13510
    Pose Loss: 0.86680
    Pose Recall Neg: 0.00030
    Pose Recall Pos: 1.00000
    MCC: 0.00000
    PR AUC: 0.14440
    MAE: 1.56540
    RMSE: 1.92610
    Pearson R: 0.47310
    Spearman Rho: 0.44850
    C-index: 0.65340
    EF_1pct: 0.00000
    EF_5pct: 0.00000
    Success_at_1: 0.00000
    Success_at_5: 0.00000
    Success_at_10: 0.00000
    Affinity Loss: 1.17420
    Loss: 0.00000
    test_ema: Pose=0.8661, BalAcc=0.5001, PR=0.1499, Rneg=0.0002, Rpos=0.9999, MAE=1.5788, RMSE=1.9534, r=0.4855, Cidx=0.6636

>>> Train Results - Epoch[46] <<<
    Balanced Accuracy: 0.50010
    Accuracy: 0.12470
    Pose Loss: 0.86430
    Pose Recall Neg: 0.00030
    Pose Recall Pos: 0.99990
    MCC: 0.00000
    PR AUC: 0.15190
    MAE: 1.25860
    RMSE: 1.60180
    Pearson R: 0.62680
    Spearman Rho: 0.62030
    C-index: 0.72030
    EF_1pct: 0.00000
    EF_5pct: 0.00000
    Success_at_1: 0.00000
    Success_at_5: 0.00000
    Success_at_10: 0.00000
    Affinity Loss: 0.90080
    Loss: 0.00000
    Epoch Time: 63.63000
    Elapsed Time: 2919.00000
    lr: 0.000089
    train_ema: Pose=0.8631, BalAcc=0.5006, PR=0.1506, Rneg=0.0023, Rpos=0.9990, MAE=1.3135, RMSE=1.6609, r=0.6053, Cidx=0.7125

>>> Test Results - Epoch[46] <<<
    Balanced Accuracy: 0.50000
    Accuracy: 0.13490
    Pose Loss: 0.87190
    Pose Recall Neg: 0.00000
    Pose Recall Pos: 1.00000
    MCC: 0.00000
    PR AUC: 0.15120
    MAE: 1.48670
    RMSE: 1.84720
    Pearson R: 0.53670
    Spearman Rho: 0.52380
    C-index: 0.68460
    EF_1pct: 0.00000
    EF_5pct: 0.00000
    Success_at_1: 0.00000
    Success_at_5: 0.00000
    Success_at_10: 0.00000
    Affinity Loss: 1.09310
    Loss: 0.00000
    test_ema: Pose=0.8678, BalAcc=0.5000, PR=0.1503, Rneg=0.0001, Rpos=1.0000, MAE=1.5512, RMSE=1.9215, r=0.5009, Cidx=0.6699

>>> Train Results - Epoch[48] <<<
    Balanced Accuracy: 0.50010
    Accuracy: 0.12470
    Pose Loss: 0.86180
    Pose Recall Neg: 0.00030
    Pose Recall Pos: 0.99990
    MCC: 0.00000
    PR AUC: 0.15360
    MAE: 1.26480
    RMSE: 1.60630
    Pearson R: 0.62210
    Spearman Rho: 0.61450
    C-index: 0.71700
    EF_1pct: 0.00000
    EF_5pct: 0.00000
    Success_at_1: 0.00000
    Success_at_5: 0.00000
    Success_at_10: 0.00000
    Affinity Loss: 0.90330
    Loss: 0.00000
    Epoch Time: 63.73000
    Elapsed Time: 3047.00000
    lr: 0.000088
    train_ema: Pose=0.8627, BalAcc=0.5005, PR=0.1515, Rneg=0.0017, Rpos=0.9993, MAE=1.2989, RMSE=1.6445, r=0.6103, Cidx=0.7139

>>> Test Results - Epoch[48] <<<
    Balanced Accuracy: 0.50000
    Accuracy: 0.13490
    Pose Loss: 0.86450
    Pose Recall Neg: 0.00000
    Pose Recall Pos: 1.00000
    MCC: 0.00000
    PR AUC: 0.15200
    MAE: 1.47770
    RMSE: 1.83720
    Pearson R: 0.54370
    Spearman Rho: 0.53120
    C-index: 0.68450
    EF_1pct: 0.00000
    EF_5pct: 0.00000
    Success_at_1: 0.00000
    Success_at_5: 0.00000
    Success_at_10: 0.00000
    Affinity Loss: 1.09590
    Loss: 0.00000
    test_ema: Pose=0.8668, BalAcc=0.5000, PR=0.1508, Rneg=0.0001, Rpos=1.0000, MAE=1.5291, RMSE=1.8962, r=0.5137, Cidx=0.6743

>>> Train Results - Epoch[50] <<<
    Balanced Accuracy: 0.50020
    Accuracy: 0.12490
    Pose Loss: 0.85760
    Pose Recall Neg: 0.00050
    Pose Recall Pos: 0.99990
    MCC: 0.00000
    PR AUC: 0.15690
    MAE: 1.28450
    RMSE: 1.63380
    Pearson R: 0.60590
    Spearman Rho: 0.60170
    C-index: 0.71350
    EF_1pct: 0.00000
    EF_5pct: 0.00000
    Success_at_1: 0.00000
    Success_at_5: 0.00000
    Success_at_10: 0.00000
    Affinity Loss: 0.92550
    Loss: 0.00000
    Epoch Time: 63.40000
    Elapsed Time: 3173.00000
    lr: 0.000087
    train_ema: Pose=0.8612, BalAcc=0.5004, PR=0.1531, Rneg=0.0013, Rpos=0.9995, MAE=1.2946, RMSE=1.6413, r=0.6090, Cidx=0.7138

>>> Test Results - Epoch[50] <<<
    Balanced Accuracy: 0.50000
    Accuracy: 0.13490
    Pose Loss: 0.86030
    Pose Recall Neg: 0.00000
    Pose Recall Pos: 1.00000
    MCC: 0.00000
    PR AUC: 0.15700
    MAE: 1.44910
    RMSE: 1.83540
    Pearson R: 0.54730
    Spearman Rho: 0.52090
    C-index: 0.68440
    EF_1pct: 0.00000
    EF_5pct: 0.00000
    Success_at_1: 0.00000
    Success_at_5: 0.00000
    Success_at_10: 0.00000
    Affinity Loss: 1.06700
    Loss: 0.00000
    test_ema: Pose=0.8649, BalAcc=0.5000, PR=0.1526, Rneg=0.0001, Rpos=1.0000, MAE=1.5051, RMSE=1.8780, r=0.5238, Cidx=0.6773

>>> Train Results - Epoch[52] <<<
    Balanced Accuracy: 0.50000
    Accuracy: 0.12450
    Pose Loss: 0.86110
    Pose Recall Neg: 0.00000
    Pose Recall Pos: 1.00000
    MCC: 0.00000
    PR AUC: 0.15500
    MAE: 1.28030
    RMSE: 1.61440
    Pearson R: 0.63150
    Spearman Rho: 0.62280
    C-index: 0.72380
    EF_1pct: 0.00000
    EF_5pct: 0.00000
    Success_at_1: 0.00000
    Success_at_5: 0.00000
    Success_at_10: 0.00000
    Affinity Loss: 0.92000
    Loss: 0.00000
    Epoch Time: 62.96000
    Elapsed Time: 3300.00000
    lr: 0.000086
    train_ema: Pose=0.8612, BalAcc=0.5003, PR=0.1537, Rneg=0.0009, Rpos=0.9996, MAE=1.2903, RMSE=1.6332, r=0.6157, Cidx=0.7168

>>> Test Results - Epoch[52] <<<
    Balanced Accuracy: 0.50000
    Accuracy: 0.13490
    Pose Loss: 0.86270
    Pose Recall Neg: 0.00000
    Pose Recall Pos: 1.00000
    MCC: 0.00000
    PR AUC: 0.16140
    MAE: 1.43040
    RMSE: 1.80900
    Pearson R: 0.58180
    Spearman Rho: 0.56020
    C-index: 0.70490
    EF_1pct: 0.00000
    EF_5pct: 0.00000
    Success_at_1: 0.00000
    Success_at_5: 0.00000
    Success_at_10: 0.00000
    Affinity Loss: 1.04700
    Loss: 0.00000
    test_ema: Pose=0.8642, BalAcc=0.5000, PR=0.1553, Rneg=0.0000, Rpos=1.0000, MAE=1.4827, RMSE=1.8573, r=0.5412, Cidx=0.6856

>>> Train Results - Epoch[54] <<<
    Balanced Accuracy: 0.50000
    Accuracy: 0.12450
    Pose Loss: 0.87370
    Pose Recall Neg: 0.00000
    Pose Recall Pos: 1.00000
    MCC: 0.00000
    PR AUC: 0.15570
    MAE: 1.25810
    RMSE: 1.61200
    Pearson R: 0.62570
    Spearman Rho: 0.61590
    C-index: 0.72280
    EF_1pct: 0.00000
    EF_5pct: 0.00000
    Success_at_1: 0.00000
    Success_at_5: 0.00000
    Success_at_10: 0.00000
    Affinity Loss: 0.89700
    Loss: 0.00000
    Epoch Time: 63.41000
    Elapsed Time: 3427.00000
    lr: 0.000085
    train_ema: Pose=0.8649, BalAcc=0.5002, PR=0.1543, Rneg=0.0007, Rpos=0.9997, MAE=1.2806, RMSE=1.6269, r=0.6187, Cidx=0.7186

>>> Test Results - Epoch[54] <<<
    Balanced Accuracy: 0.50000
    Accuracy: 0.13490
    Pose Loss: 0.87160
    Pose Recall Neg: 0.00000
    Pose Recall Pos: 1.00000
    MCC: 0.00000
    PR AUC: 0.15600
    MAE: 1.46740
    RMSE: 1.85260
    Pearson R: 0.53000
    Spearman Rho: 0.51200
    C-index: 0.67840
    EF_1pct: 0.00000
    EF_5pct: 0.00000
    Success_at_1: 0.00000
    Success_at_5: 0.00000
    Success_at_10: 0.00000
    Affinity Loss: 1.08520
    Loss: 0.00000
    test_ema: Pose=0.8664, BalAcc=0.5000, PR=0.1555, Rneg=0.0000, Rpos=1.0000, MAE=1.4781, RMSE=1.8559, r=0.5378, Cidx=0.6834

>>> Train Results - Epoch[56] <<<
    Balanced Accuracy: 0.50000
    Accuracy: 0.12450
    Pose Loss: 0.85510
    Pose Recall Neg: 0.00010
    Pose Recall Pos: 0.99990
    MCC: 0.00000
    PR AUC: 0.15650
    MAE: 1.23250
    RMSE: 1.57520
    Pearson R: 0.64270
    Spearman Rho: 0.63680
    C-index: 0.72850
    EF_1pct: 0.00000
    EF_5pct: 0.00000
    Success_at_1: 0.00000
    Success_at_5: 0.00000
    Success_at_10: 0.00000
    Affinity Loss: 0.87660
    Loss: 0.00000
    Epoch Time: 63.35000
    Elapsed Time: 3554.00000
    lr: 0.000084
    train_ema: Pose=0.8620, BalAcc=0.5001, PR=0.1550, Rneg=0.0005, Rpos=0.9998, MAE=1.2662, RMSE=1.6114, r=0.6259, Cidx=0.7215

>>> Test Results - Epoch[56] <<<
    Balanced Accuracy: 0.50000
    Accuracy: 0.13490
    Pose Loss: 0.85760
    Pose Recall Neg: 0.00000
    Pose Recall Pos: 1.00000
    MCC: 0.00000
    PR AUC: 0.14850
    MAE: 1.47010
    RMSE: 1.82850
    Pearson R: 0.57050
    Spearman Rho: 0.54920
    C-index: 0.69500
    EF_1pct: 0.00000
    EF_5pct: 0.00000
    Success_at_1: 0.00000
    Success_at_5: 0.00000
    Success_at_10: 0.00000
    Affinity Loss: 1.09000
    Loss: 0.00000
    test_ema: Pose=0.8638, BalAcc=0.5000, PR=0.1534, Rneg=0.0000, Rpos=1.0000, MAE=1.4757, RMSE=1.8477, r=0.5477, Cidx=0.6869

>>> Train Results - Epoch[58] <<<
    Balanced Accuracy: 0.50020
    Accuracy: 0.12490
    Pose Loss: 0.85880
    Pose Recall Neg: 0.00050
    Pose Recall Pos: 1.00000
    MCC: 0.00000
    PR AUC: 0.15700
    MAE: 1.30960
    RMSE: 1.65140
    Pearson R: 0.63670
    Spearman Rho: 0.63640
    C-index: 0.72790
    EF_1pct: 0.00000
    EF_5pct: 0.00000
    Success_at_1: 0.00000
    Success_at_5: 0.00000
    Success_at_10: 0.00000
    Affinity Loss: 0.95190
    Loss: 0.00000
    Epoch Time: 63.18000
    Elapsed Time: 3681.00000
    lr: 0.000082
    train_ema: Pose=0.8610, BalAcc=0.5002, PR=0.1556, Rneg=0.0005, Rpos=0.9998, MAE=1.2792, RMSE=1.6234, r=0.6292, Cidx=0.7234

>>> Test Results - Epoch[58] <<<
    Balanced Accuracy: 0.50000
    Accuracy: 0.13490
    Pose Loss: 0.85740
    Pose Recall Neg: 0.00000
    Pose Recall Pos: 1.00000
    MCC: 0.00000
    PR AUC: 0.15700
    MAE: 1.52240
    RMSE: 1.90350
    Pearson R: 0.53580
    Spearman Rho: 0.53490
    C-index: 0.68810
    EF_1pct: 0.00000
    EF_5pct: 0.00000
    Success_at_1: 0.00000
    Success_at_5: 0.00000
    Success_at_10: 0.00000
    Affinity Loss: 1.13570
    Loss: 0.00000
    test_ema: Pose=0.8619, BalAcc=0.5000, PR=0.1545, Rneg=0.0000, Rpos=1.0000, MAE=1.4897, RMSE=1.8644, r=0.5441, Cidx=0.6873

>>> Train Results - Epoch[60] <<<
    Balanced Accuracy: 0.50000
    Accuracy: 0.12450
    Pose Loss: 0.86760
    Pose Recall Neg: 0.00010
    Pose Recall Pos: 1.00000
    MCC: 0.00000
    PR AUC: 0.15640
    MAE: 1.23020
    RMSE: 1.56240
    Pearson R: 0.64680
    Spearman Rho: 0.64560
    C-index: 0.73730
    EF_1pct: 0.00000
    EF_5pct: 0.00000
    Success_at_1: 0.00000
    Success_at_5: 0.00000
    Success_at_10: 0.00000
    Affinity Loss: 0.87710
    Loss: 0.00000
    Epoch Time: 63.47000
    Elapsed Time: 3808.00000
    lr: 0.000081
    train_ema: Pose=0.8630, BalAcc=0.5001, PR=0.1558, Rneg=0.0004, Rpos=0.9999, MAE=1.2645, RMSE=1.6051, r=0.6345, Cidx=0.7276

>>> Test Results - Epoch[60] <<<
    Balanced Accuracy: 0.50000
    Accuracy: 0.13490
    Pose Loss: 0.86980
    Pose Recall Neg: 0.00000
    Pose Recall Pos: 1.00000
    MCC: 0.00000
    PR AUC: 0.15750
    MAE: 1.42210
    RMSE: 1.78490
    Pearson R: 0.58850
    Spearman Rho: 0.57520
    C-index: 0.70690
    EF_1pct: 0.00000
    EF_5pct: 0.00000
    Success_at_1: 0.00000
    Success_at_5: 0.00000
    Success_at_10: 0.00000
    Affinity Loss: 1.03570
    Loss: 0.00000
    test_ema: Pose=0.8642, BalAcc=0.5000, PR=0.1554, Rneg=0.0000, Rpos=1.0000, MAE=1.4694, RMSE=1.8406, r=0.5574, Cidx=0.6932

>>> Train Results - Epoch[62] <<<
    Balanced Accuracy: 0.49990
    Accuracy: 0.12560
    Pose Loss: 0.86240
    Pose Recall Neg: 0.00150
    Pose Recall Pos: 0.99830
    MCC: 0.00000
    PR AUC: 0.15530
    MAE: 1.21760
    RMSE: 1.54130
    Pearson R: 0.66060
    Spearman Rho: 0.65870
    C-index: 0.73580
    EF_1pct: 0.00000
    EF_5pct: 0.00000
    Success_at_1: 0.00000
    Success_at_5: 0.00000
    Success_at_10: 0.00000
    Affinity Loss: 0.85590
    Loss: 0.00000
    Epoch Time: 63.30000
    Elapsed Time: 3935.00000
    lr: 0.000080
    train_ema: Pose=0.8628, BalAcc=0.5001, PR=0.1557, Rneg=0.0007, Rpos=0.9994, MAE=1.2505, RMSE=1.5860, r=0.6423, Cidx=0.7301

>>> Test Results - Epoch[62] <<<
    Balanced Accuracy: 0.50000
    Accuracy: 0.13490
    Pose Loss: 0.86170
    Pose Recall Neg: 0.00000
    Pose Recall Pos: 1.00000
    MCC: 0.00000
    PR AUC: 0.15050
    MAE: 1.45020
    RMSE: 1.80610
    Pearson R: 0.56420
    Spearman Rho: 0.55470
    C-index: 0.69700
    EF_1pct: 0.00000
    EF_5pct: 0.00000
    Success_at_1: 0.00000
    Success_at_5: 0.00000
    Success_at_10: 0.00000
    Affinity Loss: 1.05930
    Loss: 0.00000
    test_ema: Pose=0.8635, BalAcc=0.5000, PR=0.1539, Rneg=0.0000, Rpos=1.0000, MAE=1.4637, RMSE=1.8302, r=0.5594, Cidx=0.6943

>>> Train Results - Epoch[64] <<<
    Balanced Accuracy: 0.50000
    Accuracy: 0.12450
    Pose Loss: 0.86030
    Pose Recall Neg: 0.00000
    Pose Recall Pos: 1.00000
    MCC: 0.00000
    PR AUC: 0.15770
    MAE: 1.21860
    RMSE: 1.54800
    Pearson R: 0.66610
    Spearman Rho: 0.66140
    C-index: 0.74050
    EF_1pct: 0.00000
    EF_5pct: 0.00000
    Success_at_1: 0.00000
    Success_at_5: 0.00000
    Success_at_10: 0.00000
    Affinity Loss: 0.86350
    Loss: 0.00000
    Epoch Time: 62.95000
    Elapsed Time: 4061.00000
    lr: 0.000079
    train_ema: Pose=0.8621, BalAcc=0.5000, PR=0.1563, Rneg=0.0005, Rpos=0.9996, MAE=1.2409, RMSE=1.5746, r=0.6494, Cidx=0.7332

>>> Test Results - Epoch[64] <<<
    Balanced Accuracy: 0.50000
    Accuracy: 0.13490
    Pose Loss: 0.86170
    Pose Recall Neg: 0.00000
    Pose Recall Pos: 1.00000
    MCC: 0.00000
    PR AUC: 0.15010
    MAE: 1.44960
    RMSE: 1.82610
    Pearson R: 0.57390
    Spearman Rho: 0.55100
    C-index: 0.69670
    EF_1pct: 0.00000
    EF_5pct: 0.00000
    Success_at_1: 0.00000
    Success_at_5: 0.00000
    Success_at_10: 0.00000
    Affinity Loss: 1.07280
    Loss: 0.00000
    test_ema: Pose=0.8629, BalAcc=0.5000, PR=0.1528, Rneg=0.0000, Rpos=1.0000, MAE=1.4594, RMSE=1.8290, r=0.5638, Cidx=0.6950

>>> Train Results - Epoch[66] <<<
    Balanced Accuracy: 0.50010
    Accuracy: 0.12460
    Pose Loss: 0.86650
    Pose Recall Neg: 0.00010
    Pose Recall Pos: 1.00000
    MCC: 0.00000
    PR AUC: 0.15880
    MAE: 1.18940
    RMSE: 1.50700
    Pearson R: 0.67780
    Spearman Rho: 0.67320
    C-index: 0.73820
    EF_1pct: 0.00000
    EF_5pct: 0.00000
    Success_at_1: 0.00000
    Success_at_5: 0.00000
    Success_at_10: 0.00000
    Affinity Loss: 0.83210
    Loss: 0.00000
    Epoch Time: 63.81000
    Elapsed Time: 4188.00000
    lr: 0.000077
    train_ema: Pose=0.8634, BalAcc=0.5000, PR=0.1570, Rneg=0.0004, Rpos=0.9997, MAE=1.2254, RMSE=1.5543, r=0.6579, Cidx=0.7347

>>> Test Results - Epoch[66] <<<
    Balanced Accuracy: 0.50000
    Accuracy: 0.13490
    Pose Loss: 0.87340
    Pose Recall Neg: 0.00000
    Pose Recall Pos: 1.00000
    MCC: 0.00000
    PR AUC: 0.15160
    MAE: 1.40470
    RMSE: 1.75940
    Pearson R: 0.60960
    Spearman Rho: 0.59920
    C-index: 0.71510
    EF_1pct: 0.00000
    EF_5pct: 0.00000
    Success_at_1: 0.00000
    Success_at_5: 0.00000
    Success_at_10: 0.00000
    Affinity Loss: 1.02360
    Loss: 0.00000
    test_ema: Pose=0.8661, BalAcc=0.5000, PR=0.1524, Rneg=0.0000, Rpos=1.0000, MAE=1.4430, RMSE=1.8081, r=0.5775, Cidx=0.7011

>>> Train Results - Epoch[68] <<<
    Balanced Accuracy: 0.50010
    Accuracy: 0.12480
    Pose Loss: 0.86640
    Pose Recall Neg: 0.00040
    Pose Recall Pos: 0.99990
    MCC: 0.00000
    PR AUC: 0.15640
    MAE: 1.20440
    RMSE: 1.52810
    Pearson R: 0.67230
    Spearman Rho: 0.66920
    C-index: 0.73840
    EF_1pct: 0.00000
    EF_5pct: 0.00000
    Success_at_1: 0.00000
    Success_at_5: 0.00000
    Success_at_10: 0.00000
    Affinity Loss: 0.85180
    Loss: 0.00000
    Epoch Time: 63.79000
    Elapsed Time: 4315.00000
    lr: 0.000076
    train_ema: Pose=0.8643, BalAcc=0.5001, PR=0.1569, Rneg=0.0004, Rpos=0.9998, MAE=1.2191, RMSE=1.5464, r=0.6623, Cidx=0.7358

>>> Test Results - Epoch[68] <<<
    Balanced Accuracy: 0.50000
    Accuracy: 0.13490
    Pose Loss: 0.87540
    Pose Recall Neg: 0.00000
    Pose Recall Pos: 1.00000
    MCC: 0.00000
    PR AUC: 0.15720
    MAE: 1.39460
    RMSE: 1.75040
    Pearson R: 0.61650
    Spearman Rho: 0.60280
    C-index: 0.71980
    EF_1pct: 0.00000
    EF_5pct: 0.00000
    Success_at_1: 0.00000
    Success_at_5: 0.00000
    Success_at_10: 0.00000
    Affinity Loss: 1.01700
    Loss: 0.00000
    test_ema: Pose=0.8689, BalAcc=0.5000, PR=0.1539, Rneg=0.0000, Rpos=1.0000, MAE=1.4285, RMSE=1.7908, r=0.5892, Cidx=0.7067

>>> Train Results - Epoch[70] <<<
    Balanced Accuracy: 0.50000
    Accuracy: 0.12450
    Pose Loss: 0.86450
    Pose Recall Neg: 0.00000
    Pose Recall Pos: 1.00000
    MCC: 0.00000
    PR AUC: 0.15780
    MAE: 1.18130
    RMSE: 1.49890
    Pearson R: 0.68150
    Spearman Rho: 0.68180
    C-index: 0.74910
    EF_1pct: 0.00000
    EF_5pct: 0.00000
    Success_at_1: 0.00000
    Success_at_5: 0.00000
    Success_at_10: 0.00000
    Affinity Loss: 0.82510
    Loss: 0.00000
    Epoch Time: 63.45000
    Elapsed Time: 4442.00000
    lr: 0.000075
    train_ema: Pose=0.8644, BalAcc=0.5001, PR=0.1571, Rneg=0.0003, Rpos=0.9998, MAE=1.2078, RMSE=1.5322, r=0.6680, Cidx=0.7398

>>> Test Results - Epoch[70] <<<
    Balanced Accuracy: 0.50000
    Accuracy: 0.13490
    Pose Loss: 0.86510
    Pose Recall Neg: 0.00000
    Pose Recall Pos: 1.00000
    MCC: 0.00000
    PR AUC: 0.15330
    MAE: 1.36100
    RMSE: 1.72340
    Pearson R: 0.62610
    Spearman Rho: 0.60620
    C-index: 0.71550
    EF_1pct: 0.00000
    EF_5pct: 0.00000
    Success_at_1: 0.00000
    Success_at_5: 0.00000
    Success_at_10: 0.00000
    Affinity Loss: 0.98780
    Loss: 0.00000
    test_ema: Pose=0.8677, BalAcc=0.5000, PR=0.1537, Rneg=0.0000, Rpos=1.0000, MAE=1.4083, RMSE=1.7706, r=0.6003, Cidx=0.7093

>>> Train Results - Epoch[72] <<<
    Balanced Accuracy: 0.50000
    Accuracy: 0.12450
    Pose Loss: 0.85560
    Pose Recall Neg: 0.00000
    Pose Recall Pos: 1.00000
    MCC: 0.00000
    PR AUC: 0.15610
    MAE: 1.15850
    RMSE: 1.48080
    Pearson R: 0.69280
    Spearman Rho: 0.68800
    C-index: 0.74960
    EF_1pct: 0.00000
    EF_5pct: 0.00000
    Success_at_1: 0.00000
    Success_at_5: 0.00000
    Success_at_10: 0.00000
    Affinity Loss: 0.79990
    Loss: 0.00000
    Epoch Time: 63.38000
    Elapsed Time: 4569.00000
    lr: 0.000073
    train_ema: Pose=0.8617, BalAcc=0.5000, PR=0.1568, Rneg=0.0002, Rpos=0.9999, MAE=1.1930, RMSE=1.5168, r=0.6755, Cidx=0.7427

>>> Test Results - Epoch[72] <<<
    Balanced Accuracy: 0.50000
    Accuracy: 0.13490
    Pose Loss: 0.85870
    Pose Recall Neg: 0.00000
    Pose Recall Pos: 1.00000
    MCC: 0.00000
    PR AUC: 0.15290
    MAE: 1.37050
    RMSE: 1.74070
    Pearson R: 0.60600
    Spearman Rho: 0.58300
    C-index: 0.71390
    EF_1pct: 0.00000
    EF_5pct: 0.00000
    Success_at_1: 0.00000
    Success_at_5: 0.00000
    Success_at_10: 0.00000
    Affinity Loss: 0.98930
    Loss: 0.00000
    test_ema: Pose=0.8650, BalAcc=0.5000, PR=0.1535, Rneg=0.0000, Rpos=1.0000, MAE=1.3969, RMSE=1.7616, r=0.6020, Cidx=0.7107

>>> Train Results - Epoch[74] <<<
    Balanced Accuracy: 0.50040
    Accuracy: 0.12530
    Pose Loss: 0.85950
    Pose Recall Neg: 0.00100
    Pose Recall Pos: 0.99970
    MCC: 0.00000
    PR AUC: 0.15730
    MAE: 1.16370
    RMSE: 1.48790
    Pearson R: 0.69060
    Spearman Rho: 0.68690
    C-index: 0.74920
    EF_1pct: 0.00000
    EF_5pct: 0.00000
    Success_at_1: 0.00000
    Success_at_5: 0.00000
    Success_at_10: 0.00000
    Affinity Loss: 0.80880
    Loss: 0.00000
    Epoch Time: 63.37000
    Elapsed Time: 4696.00000
    lr: 0.000072
    train_ema: Pose=0.8611, BalAcc=0.5001, PR=0.1570, Rneg=0.0004, Rpos=0.9998, MAE=1.1842, RMSE=1.5081, r=0.6800, Cidx=0.7447

>>> Test Results - Epoch[74] <<<
    Balanced Accuracy: 0.50010
    Accuracy: 0.13510
    Pose Loss: 0.86250
    Pose Recall Neg: 0.00030
    Pose Recall Pos: 1.00000
    MCC: 0.00000
    PR AUC: 0.15720
    MAE: 1.36000
    RMSE: 1.71350
    Pearson R: 0.62340
    Spearman Rho: 0.59370
    C-index: 0.71080
    EF_1pct: 0.00000
    EF_5pct: 0.00000
    Success_at_1: 0.00000
    Success_at_5: 0.00000
    Success_at_10: 0.00000
    Affinity Loss: 0.97650
    Loss: 0.00000
    test_ema: Pose=0.8642, BalAcc=0.5000, PR=0.1546, Rneg=0.0001, Rpos=1.0000, MAE=1.3859, RMSE=1.7472, r=0.6084, Cidx=0.7107

>>> Train Results - Epoch[76] <<<
    Balanced Accuracy: 0.50000
    Accuracy: 0.12450
    Pose Loss: 0.86080
    Pose Recall Neg: 0.00000
    Pose Recall Pos: 1.00000
    MCC: 0.00000
    PR AUC: 0.15690
    MAE: 1.16040
    RMSE: 1.48190
    Pearson R: 0.69140
    Spearman Rho: 0.68980
    C-index: 0.74910
    EF_1pct: 0.00000
    EF_5pct: 0.00000
    Success_at_1: 0.00000
    Success_at_5: 0.00000
    Success_at_10: 0.00000
    Affinity Loss: 0.80760
    Loss: 0.00000
    Epoch Time: 63.31000
    Elapsed Time: 4823.00000
    lr: 0.000070
    train_ema: Pose=0.8610, BalAcc=0.5001, PR=0.1570, Rneg=0.0003, Rpos=0.9999, MAE=1.1771, RMSE=1.5003, r=0.6834, Cidx=0.7460

>>> Test Results - Epoch[76] <<<
    Balanced Accuracy: 0.50000
    Accuracy: 0.13490
    Pose Loss: 0.86020
    Pose Recall Neg: 0.00000
    Pose Recall Pos: 1.00000
    MCC: 0.00000
    PR AUC: 0.15590
    MAE: 1.37420
    RMSE: 1.71360
    Pearson R: 0.62960
    Spearman Rho: 0.60610
    C-index: 0.71880
    EF_1pct: 0.00000
    EF_5pct: 0.00000
    Success_at_1: 0.00000
    Success_at_5: 0.00000
    Success_at_10: 0.00000
    Affinity Loss: 0.98170
    Loss: 0.00000
    test_ema: Pose=0.8630, BalAcc=0.5000, PR=0.1550, Rneg=0.0001, Rpos=1.0000, MAE=1.3824, RMSE=1.7371, r=0.6148, Cidx=0.7131

>>> Train Results - Epoch[78] <<<
    Balanced Accuracy: 0.50000
    Accuracy: 0.12450
    Pose Loss: 0.85620
    Pose Recall Neg: 0.00000
    Pose Recall Pos: 1.00000
    MCC: 0.00000
    PR AUC: 0.15660
    MAE: 1.15230
    RMSE: 1.48230
    Pearson R: 0.69440
    Spearman Rho: 0.69240
    C-index: 0.75110
    EF_1pct: 0.00000
    EF_5pct: 0.00000
    Success_at_1: 0.00000
    Success_at_5: 0.00000
    Success_at_10: 0.00000
    Affinity Loss: 0.80090
    Loss: 0.00000
    Epoch Time: 63.20000
    Elapsed Time: 4950.00000
    lr: 0.000069
    train_ema: Pose=0.8596, BalAcc=0.5001, PR=0.1569, Rneg=0.0002, Rpos=0.9999, MAE=1.1696, RMSE=1.4949, r=0.6867, Cidx=0.7475

>>> Test Results - Epoch[78] <<<
    Balanced Accuracy: 0.50000
    Accuracy: 0.13490
    Pose Loss: 0.85580
    Pose Recall Neg: 0.00000
    Pose Recall Pos: 1.00000
    MCC: 0.00000
    PR AUC: 0.15430
    MAE: 1.40320
    RMSE: 1.75100
    Pearson R: 0.60590
    Spearman Rho: 0.58140
    C-index: 0.70700
    EF_1pct: 0.00000
    EF_5pct: 0.00000
    Success_at_1: 0.00000
    Success_at_5: 0.00000
    Success_at_10: 0.00000
    Affinity Loss: 1.01120
    Loss: 0.00000
    test_ema: Pose=0.8609, BalAcc=0.5000, PR=0.1548, Rneg=0.0000, Rpos=1.0000, MAE=1.3886, RMSE=1.7413, r=0.6121, Cidx=0.7113

>>> Train Results - Epoch[80] <<<
    Balanced Accuracy: 0.50000
    Accuracy: 0.12450
    Pose Loss: 0.86020
    Pose Recall Neg: 0.00010
    Pose Recall Pos: 1.00000
    MCC: 0.00000
    PR AUC: 0.15500
    MAE: 1.14800
    RMSE: 1.47320
    Pearson R: 0.69470
    Spearman Rho: 0.69330
    C-index: 0.75290
    EF_1pct: 0.00000
    EF_5pct: 0.00000
    Success_at_1: 0.00000
    Success_at_5: 0.00000
    Success_at_10: 0.00000
    Affinity Loss: 0.79490
    Loss: 0.00000
    Epoch Time: 63.93000
    Elapsed Time: 5077.00000
    lr: 0.000067
    train_ema: Pose=0.8598, BalAcc=0.5001, PR=0.1563, Rneg=0.0002, Rpos=0.9999, MAE=1.1631, RMSE=1.4884, r=0.6891, Cidx=0.7491

>>> Test Results - Epoch[80] <<<
    Balanced Accuracy: 0.50000
    Accuracy: 0.13490
    Pose Loss: 0.86450
    Pose Recall Neg: 0.00000
    Pose Recall Pos: 1.00000
    MCC: 0.00000
    PR AUC: 0.15590
    MAE: 1.37680
    RMSE: 1.74100
    Pearson R: 0.60450
    Spearman Rho: 0.57340
    C-index: 0.70620
    EF_1pct: 0.00000
    EF_5pct: 0.00000
    Success_at_1: 0.00000
    Success_at_5: 0.00000
    Success_at_10: 0.00000
    Affinity Loss: 0.99930
    Loss: 0.00000
    test_ema: Pose=0.8620, BalAcc=0.5000, PR=0.1551, Rneg=0.0000, Rpos=1.0000, MAE=1.3851, RMSE=1.7412, r=0.6098, Cidx=0.7098

>>> Train Results - Epoch[82] <<<
    Balanced Accuracy: 0.50040
    Accuracy: 0.12620
    Pose Loss: 0.86040
    Pose Recall Neg: 0.00220
    Pose Recall Pos: 0.99860
    MCC: 0.00000
    PR AUC: 0.15600
    MAE: 1.14260
    RMSE: 1.46140
    Pearson R: 0.70170
    Spearman Rho: 0.70090
    C-index: 0.75460
    EF_1pct: 0.00000
    EF_5pct: 0.00000
    Success_at_1: 0.00000
    Success_at_5: 0.00000
    Success_at_10: 0.00000
    Affinity Loss: 0.78790
    Loss: 0.00000
    Epoch Time: 63.28000
    Elapsed Time: 5205.00000
    lr: 0.000066
    train_ema: Pose=0.8600, BalAcc=0.5002, PR=0.1562, Rneg=0.0008, Rpos=0.9995, MAE=1.1570, RMSE=1.4803, r=0.6929, Cidx=0.7508

>>> Test Results - Epoch[82] <<<
    Balanced Accuracy: 0.50090
    Accuracy: 0.13640
    Pose Loss: 0.86320
    Pose Recall Neg: 0.00180
    Pose Recall Pos: 1.00000
    MCC: 0.00000
    PR AUC: 0.15450
    MAE: 1.36860
    RMSE: 1.71690
    Pearson R: 0.62340
    Spearman Rho: 0.59270
    C-index: 0.71490
    EF_1pct: 0.00000
    EF_5pct: 0.00000
    Success_at_1: 0.00000
    Success_at_5: 0.00000
    Success_at_10: 0.00000
    Affinity Loss: 0.99420
    Loss: 0.00000
    test_ema: Pose=0.8623, BalAcc=0.5003, PR=0.1549, Rneg=0.0005, Rpos=1.0000, MAE=1.3801, RMSE=1.7339, r=0.6139, Cidx=0.7113

>>> Train Results - Epoch[84] <<<
    Balanced Accuracy: 0.50000
    Accuracy: 0.12450
    Pose Loss: 0.86090
    Pose Recall Neg: 0.00000
    Pose Recall Pos: 1.00000
    MCC: 0.00000
    PR AUC: 0.15900
    MAE: 1.12270
    RMSE: 1.44070
    Pearson R: 0.71170
    Spearman Rho: 0.70910
    C-index: 0.75930
    EF_1pct: 0.00000
    EF_5pct: 0.00000
    Success_at_1: 0.00000
    Success_at_5: 0.00000
    Success_at_10: 0.00000
    Affinity Loss: 0.76790
    Loss: 0.00000
    Epoch Time: 63.45000
    Elapsed Time: 5331.00000
    lr: 0.000064
    train_ema: Pose=0.8603, BalAcc=0.5001, PR=0.1570, Rneg=0.0005, Rpos=0.9997, MAE=1.1467, RMSE=1.4684, r=0.6985, Cidx=0.7533

>>> Test Results - Epoch[84] <<<
    Balanced Accuracy: 0.50000
    Accuracy: 0.13490
    Pose Loss: 0.86180
    Pose Recall Neg: 0.00000
    Pose Recall Pos: 1.00000
    MCC: 0.00000
    PR AUC: 0.15430
    MAE: 1.33330
    RMSE: 1.68520
    Pearson R: 0.64200
    Spearman Rho: 0.61510
    C-index: 0.72010
    EF_1pct: 0.00000
    EF_5pct: 0.00000
    Success_at_1: 0.00000
    Success_at_5: 0.00000
    Success_at_10: 0.00000
    Affinity Loss: 0.95970
    Loss: 0.00000
    test_ema: Pose=0.8622, BalAcc=0.5002, PR=0.1548, Rneg=0.0004, Rpos=1.0000, MAE=1.3661, RMSE=1.7193, r=0.6223, Cidx=0.7139

>>> Train Results - Epoch[86] <<<
    Balanced Accuracy: 0.50000
    Accuracy: 0.12450
    Pose Loss: 0.86670
    Pose Recall Neg: 0.00000
    Pose Recall Pos: 1.00000
    MCC: 0.00000
    PR AUC: 0.15790
    MAE: 1.13650
    RMSE: 1.44700
    Pearson R: 0.71000
    Spearman Rho: 0.70790
    C-index: 0.75730
    EF_1pct: 0.00000
    EF_5pct: 0.00000
    Success_at_1: 0.00000
    Success_at_5: 0.00000
    Success_at_10: 0.00000
    Affinity Loss: 0.78020
    Loss: 0.00000
    Epoch Time: 64.54000
    Elapsed Time: 5459.00000
    lr: 0.000063
    train_ema: Pose=0.8622, BalAcc=0.5001, PR=0.1573, Rneg=0.0004, Rpos=0.9998, MAE=1.1436, RMSE=1.4620, r=0.7020, Cidx=0.7545

>>> Test Results - Epoch[86] <<<
    Balanced Accuracy: 0.50000
    Accuracy: 0.13490
    Pose Loss: 0.86960
    Pose Recall Neg: 0.00000
    Pose Recall Pos: 1.00000
    MCC: 0.00000
    PR AUC: 0.15960
    MAE: 1.37370
    RMSE: 1.73390
    Pearson R: 0.61690
    Spearman Rho: 0.59800
    C-index: 0.71360
    EF_1pct: 0.00000
    EF_5pct: 0.00000
    Success_at_1: 0.00000
    Success_at_5: 0.00000
    Success_at_10: 0.00000
    Affinity Loss: 0.98810
    Loss: 0.00000
    test_ema: Pose=0.8644, BalAcc=0.5001, PR=0.1562, Rneg=0.0003, Rpos=1.0000, MAE=1.3684, RMSE=1.7237, r=0.6207, Cidx=0.7138
